Using backend: pytorch
Other supported backends: tensorflow.compat.v1, tensorflow, jax, paddle.
paddle supports more examples now and is recommended.
Compiling model...
'compile' took 0.569427 s

Training model...

Step      Train loss                                                                                                                  Test loss                                                                                                                   Test metric
0         [9.91e-02, 1.34e-01, 3.66e-02, 4.19e-01, 4.38e-02, 2.25e-03, 2.77e-04, 6.68e-02, 2.16e-02, 1.25e-02, 4.19e-02, 2.39e-01]    [9.91e-02, 1.34e-01, 3.66e-02, 4.19e-01, 4.38e-02, 2.25e-03, 2.77e-04, 6.68e-02, 2.16e-02, 1.25e-02, 4.19e-02, 2.39e-01]    []  
1000      [1.01e-03, 2.57e-03, 1.34e-04, 2.80e-04, 5.49e-04, 3.82e-05, 1.05e-05, 1.24e-05, 6.05e-05, 7.38e-05, 3.02e-05, 9.50e-07]    [1.01e-03, 2.57e-03, 1.34e-04, 2.80e-04, 5.49e-04, 3.82e-05, 1.05e-05, 1.24e-05, 6.05e-05, 7.38e-05, 3.02e-05, 9.50e-07]    []  
STEP 1000 BETA 0.98884684
2000      [8.32e-04, 7.20e-04, 1.02e-04, 2.21e-04, 2.13e-04, 1.77e-05, 1.20e-05, 6.58e-06, 5.40e-05, 1.96e-05, 2.71e-05, 5.46e-08]    [8.32e-04, 7.20e-04, 1.02e-04, 2.21e-04, 2.13e-04, 1.77e-05, 1.20e-05, 6.58e-06, 5.40e-05, 1.96e-05, 2.71e-05, 5.46e-08]    []  
STEP 2000 BETA 0.99193501
3000      [7.31e-04, 4.24e-04, 4.14e-05, 1.59e-04, 3.21e-05, 8.86e-06, 1.01e-05, 9.22e-06, 3.21e-05, 1.94e-05, 1.74e-05, 4.29e-08]    [7.31e-04, 4.24e-04, 4.14e-05, 1.59e-04, 3.21e-05, 8.86e-06, 1.01e-05, 9.22e-06, 3.21e-05, 1.94e-05, 1.74e-05, 4.29e-08]    []  
STEP 3000 BETA 1.00374961
4000      [6.71e-04, 3.54e-04, 1.53e-05, 1.04e-04, 1.79e-05, 2.83e-06, 1.03e-05, 6.21e-06, 2.12e-05, 1.15e-05, 1.18e-05, 4.40e-08]    [6.71e-04, 3.54e-04, 1.53e-05, 1.04e-04, 1.79e-05, 2.83e-06, 1.03e-05, 6.21e-06, 2.12e-05, 1.15e-05, 1.18e-05, 4.40e-08]    []  
STEP 4000 BETA 1.00302875
5000      [6.36e-04, 5.32e-04, 1.45e-05, 1.08e-04, 2.89e-05, 1.19e-06, 1.15e-05, 5.08e-06, 1.48e-05, 1.38e-05, 6.07e-06, 2.97e-05]    [6.36e-04, 5.32e-04, 1.45e-05, 1.08e-04, 2.89e-05, 1.19e-06, 1.15e-05, 5.08e-06, 1.48e-05, 1.38e-05, 6.07e-06, 2.97e-05]    []  
STEP 5000 BETA 1.00409770
6000      [5.86e-04, 2.82e-04, 1.39e-05, 6.75e-05, 1.17e-05, 9.36e-07, 9.05e-06, 1.87e-06, 5.32e-06, 7.64e-06, 2.14e-06, 5.80e-08]    [5.86e-04, 2.82e-04, 1.39e-05, 6.75e-05, 1.17e-05, 9.36e-07, 9.05e-06, 1.87e-06, 5.32e-06, 7.64e-06, 2.14e-06, 5.80e-08]    []  
STEP 6000 BETA 1.00340450
7000      [5.58e-04, 2.57e-04, 2.78e-05, 3.91e-05, 1.17e-05, 1.78e-06, 7.43e-06, 1.50e-06, 3.57e-06, 6.74e-06, 2.17e-06, 1.51e-06]    [5.58e-04, 2.57e-04, 2.78e-05, 3.91e-05, 1.17e-05, 1.78e-06, 7.43e-06, 1.50e-06, 3.57e-06, 6.74e-06, 2.17e-06, 1.51e-06]    []  
STEP 7000 BETA 1.00547135
8000      [4.91e-04, 2.03e-04, 1.71e-05, 2.92e-05, 1.66e-05, 1.35e-06, 5.58e-06, 1.28e-06, 2.45e-06, 7.97e-06, 8.36e-07, 1.25e-08]    [4.91e-04, 2.03e-04, 1.71e-05, 2.92e-05, 1.66e-05, 1.35e-06, 5.58e-06, 1.28e-06, 2.45e-06, 7.97e-06, 8.36e-07, 1.25e-08]    []  
STEP 8000 BETA 1.00495017
9000      [4.17e-04, 2.05e-04, 1.77e-05, 1.91e-05, 1.79e-05, 1.60e-06, 3.59e-06, 1.39e-06, 1.86e-06, 8.13e-06, 8.84e-07, 1.77e-06]    [4.17e-04, 2.05e-04, 1.77e-05, 1.91e-05, 1.79e-05, 1.60e-06, 3.59e-06, 1.39e-06, 1.86e-06, 8.13e-06, 8.84e-07, 1.77e-06]    []  
STEP 9000 BETA 1.00442004
10000     [2.86e-04, 1.70e-04, 1.42e-05, 1.27e-05, 1.32e-05, 1.15e-06, 1.99e-06, 1.65e-06, 1.82e-06, 7.80e-06, 9.82e-07, 1.43e-07]    [2.86e-04, 1.70e-04, 1.42e-05, 1.27e-05, 1.32e-05, 1.15e-06, 1.99e-06, 1.65e-06, 1.82e-06, 7.80e-06, 9.82e-07, 1.43e-07]    []  
STEP 10000 BETA 1.00352943
11000     [2.45e-04, 1.63e-04, 1.40e-05, 9.77e-06, 1.16e-05, 1.28e-06, 1.34e-06, 1.13e-06, 1.85e-06, 6.52e-06, 7.84e-07, 2.36e-07]    [2.45e-04, 1.63e-04, 1.40e-05, 9.77e-06, 1.16e-05, 1.28e-06, 1.34e-06, 1.13e-06, 1.85e-06, 6.52e-06, 7.84e-07, 2.36e-07]    []  
STEP 11000 BETA 1.00210595
12000     [2.36e-04, 1.50e-04, 1.55e-05, 1.77e-05, 2.25e-05, 1.42e-06, 2.73e-06, 4.77e-07, 2.53e-06, 7.64e-06, 1.05e-06, 3.12e-07]    [2.36e-04, 1.50e-04, 1.55e-05, 1.77e-05, 2.25e-05, 1.42e-06, 2.73e-06, 4.77e-07, 2.53e-06, 7.64e-06, 1.05e-06, 3.12e-07]    []  
STEP 12000 BETA 1.00233936
13000     [1.84e-04, 1.39e-04, 1.06e-05, 7.40e-06, 1.14e-05, 7.96e-07, 1.14e-06, 1.95e-07, 1.67e-06, 6.05e-06, 5.42e-07, 2.12e-07]    [1.84e-04, 1.39e-04, 1.06e-05, 7.40e-06, 1.14e-05, 7.96e-07, 1.14e-06, 1.95e-07, 1.67e-06, 6.05e-06, 5.42e-07, 2.12e-07]    []  
STEP 13000 BETA 1.00158179
14000     [1.47e-04, 1.24e-04, 9.63e-06, 6.29e-06, 1.00e-05, 6.52e-07, 1.08e-06, 4.73e-08, 1.37e-06, 5.44e-06, 5.14e-07, 5.07e-09]    [1.47e-04, 1.24e-04, 9.63e-06, 6.29e-06, 1.00e-05, 6.52e-07, 1.08e-06, 4.73e-08, 1.37e-06, 5.44e-06, 5.14e-07, 5.07e-09]    []  
STEP 14000 BETA 1.00119698
15000     [1.12e-04, 1.14e-04, 1.70e-05, 1.46e-05, 1.17e-05, 1.09e-06, 1.77e-06, 8.31e-07, 1.71e-06, 4.41e-06, 9.38e-07, 1.07e-06]    [1.12e-04, 1.14e-04, 1.70e-05, 1.46e-05, 1.17e-05, 1.09e-06, 1.77e-06, 8.31e-07, 1.71e-06, 4.41e-06, 9.38e-07, 1.07e-06]    []  
STEP 15000 BETA 1.00279486
16000     [9.32e-05, 9.93e-05, 7.54e-06, 4.68e-06, 8.13e-06, 4.18e-07, 1.26e-06, 8.40e-08, 1.16e-06, 3.98e-06, 4.79e-07, 8.69e-10]    [9.32e-05, 9.93e-05, 7.54e-06, 4.68e-06, 8.13e-06, 4.18e-07, 1.26e-06, 8.40e-08, 1.16e-06, 3.98e-06, 4.79e-07, 8.69e-10]    []  
STEP 16000 BETA 1.00168180
17000     [7.39e-05, 9.11e-05, 5.55e-06, 6.76e-06, 8.62e-06, 5.52e-07, 1.76e-06, 6.32e-07, 2.99e-06, 4.95e-06, 1.25e-06, 5.36e-08]    [7.39e-05, 9.11e-05, 5.55e-06, 6.76e-06, 8.62e-06, 5.52e-07, 1.76e-06, 6.32e-07, 2.99e-06, 4.95e-06, 1.25e-06, 5.36e-08]    []  
STEP 17000 BETA 1.00161874
18000     [6.72e-05, 8.36e-05, 4.10e-06, 3.68e-06, 6.11e-06, 2.35e-07, 1.22e-06, 5.62e-08, 7.89e-07, 3.19e-06, 3.72e-07, 6.85e-08]    [6.72e-05, 8.36e-05, 4.10e-06, 3.68e-06, 6.11e-06, 2.35e-07, 1.22e-06, 5.62e-08, 7.89e-07, 3.19e-06, 3.72e-07, 6.85e-08]    []  
STEP 18000 BETA 1.00161195
19000     [2.15e-04, 4.07e-04, 2.39e-05, 2.71e-05, 9.31e-05, 1.13e-06, 6.23e-06, 2.67e-06, 4.31e-06, 5.57e-06, 3.26e-06, 1.94e-05]    [2.15e-04, 4.07e-04, 2.39e-05, 2.71e-05, 9.31e-05, 1.13e-06, 6.23e-06, 2.67e-06, 4.31e-06, 5.57e-06, 3.26e-06, 1.94e-05]    []  
STEP 19000 BETA 1.00107539
20000     [6.13e-05, 7.31e-05, 4.77e-06, 3.69e-06, 6.17e-06, 2.28e-07, 1.38e-06, 1.32e-07, 6.22e-07, 2.71e-06, 2.50e-07, 1.96e-07]    [6.13e-05, 7.31e-05, 4.77e-06, 3.69e-06, 6.17e-06, 2.28e-07, 1.38e-06, 1.32e-07, 6.22e-07, 2.71e-06, 2.50e-07, 1.96e-07]    []  
STEP 20000 BETA 1.00100136
21000     [6.67e-05, 7.71e-05, 1.07e-05, 6.55e-06, 1.10e-05, 4.68e-07, 1.93e-06, 6.65e-07, 8.37e-07, 3.11e-06, 6.75e-07, 1.12e-06]    [6.67e-05, 7.71e-05, 1.07e-05, 6.55e-06, 1.10e-05, 4.68e-07, 1.93e-06, 6.65e-07, 8.37e-07, 3.11e-06, 6.75e-07, 1.12e-06]    []  
STEP 21000 BETA 1.00144267
22000     [5.27e-05, 6.57e-05, 1.97e-06, 2.76e-06, 6.16e-06, 2.98e-07, 1.14e-06, 8.06e-08, 4.71e-07, 2.02e-06, 1.66e-07, 1.15e-07]    [5.27e-05, 6.57e-05, 1.97e-06, 2.76e-06, 6.16e-06, 2.98e-07, 1.14e-06, 8.06e-08, 4.71e-07, 2.02e-06, 1.66e-07, 1.15e-07]    []  
STEP 22000 BETA 1.00045455
23000     [4.77e-05, 6.50e-05, 1.71e-06, 2.67e-06, 6.24e-06, 1.78e-07, 1.11e-06, 2.09e-07, 4.21e-07, 1.81e-06, 2.35e-07, 4.30e-07]    [4.77e-05, 6.50e-05, 1.71e-06, 2.67e-06, 6.24e-06, 1.78e-07, 1.11e-06, 2.09e-07, 4.21e-07, 1.81e-06, 2.35e-07, 4.30e-07]    []  
STEP 23000 BETA 1.00070274
24000     [4.35e-05, 1.08e-04, 7.11e-06, 1.58e-05, 1.89e-05, 5.76e-07, 1.48e-06, 1.29e-06, 3.00e-06, 2.35e-06, 1.62e-06, 1.10e-06]    [4.35e-05, 1.08e-04, 7.11e-06, 1.58e-05, 1.89e-05, 5.76e-07, 1.48e-06, 1.29e-06, 3.00e-06, 2.35e-06, 1.62e-06, 1.10e-06]    []  
STEP 24000 BETA 1.00220799
25000     [5.56e-05, 1.97e-04, 5.47e-05, 4.42e-05, 2.00e-05, 2.14e-06, 4.07e-06, 1.97e-06, 8.44e-07, 2.45e-06, 1.49e-06, 1.91e-05]    [5.56e-05, 1.97e-04, 5.47e-05, 4.42e-05, 2.00e-05, 2.14e-06, 4.07e-06, 1.97e-06, 8.44e-07, 2.45e-06, 1.49e-06, 1.91e-05]    []  
STEP 25000 BETA 1.00065517
26000     [3.93e-05, 4.85e-05, 1.77e-06, 2.07e-06, 4.35e-06, 4.63e-07, 8.61e-07, 5.96e-07, 3.17e-07, 1.49e-06, 3.58e-07, 2.19e-07]    [3.93e-05, 4.85e-05, 1.77e-06, 2.07e-06, 4.35e-06, 4.63e-07, 8.61e-07, 5.96e-07, 3.17e-07, 1.49e-06, 3.58e-07, 2.19e-07]    []  
STEP 26000 BETA 1.00020349
27000     [1.18e-04, 5.41e-05, 6.21e-06, 1.09e-05, 7.48e-05, 2.67e-06, 7.24e-06, 1.66e-06, 1.21e-05, 6.00e-06, 6.27e-06, 1.33e-07]    [1.18e-04, 5.41e-05, 6.21e-06, 1.09e-05, 7.48e-05, 2.67e-06, 7.24e-06, 1.66e-06, 1.21e-05, 6.00e-06, 6.27e-06, 1.33e-07]    []  
STEP 27000 BETA 1.00007546
28000     [2.87e-05, 4.00e-05, 1.83e-06, 2.89e-06, 4.86e-06, 2.11e-07, 7.81e-07, 6.79e-08, 3.96e-07, 1.26e-06, 1.87e-07, 2.70e-08]    [2.87e-05, 4.00e-05, 1.83e-06, 2.89e-06, 4.86e-06, 2.11e-07, 7.81e-07, 6.79e-08, 3.96e-07, 1.26e-06, 1.87e-07, 2.70e-08]    []  
STEP 28000 BETA 1.00025809
29000     [2.72e-05, 7.66e-05, 1.29e-06, 4.20e-06, 6.21e-06, 2.07e-07, 8.98e-07, 8.22e-08, 6.43e-07, 1.16e-06, 2.75e-07, 2.21e-06]    [2.72e-05, 7.66e-05, 1.29e-06, 4.20e-06, 6.21e-06, 2.07e-07, 8.98e-07, 8.22e-08, 6.43e-07, 1.16e-06, 2.75e-07, 2.21e-06]    []  
STEP 29000 BETA 0.99982452
30000     [7.27e-05, 3.37e-04, 8.73e-05, 1.11e-04, 1.01e-05, 5.08e-06, 4.17e-06, 1.92e-06, 2.10e-06, 3.86e-06, 2.05e-06, 5.10e-05]    [7.27e-05, 3.37e-04, 8.73e-05, 1.11e-04, 1.01e-05, 5.08e-06, 4.17e-06, 1.92e-06, 2.10e-06, 3.86e-06, 2.05e-06, 5.10e-05]    []  
STEP 30000 BETA 1.00018144
31000     [2.49e-05, 3.18e-05, 2.16e-06, 3.95e-06, 3.74e-06, 3.87e-07, 6.16e-07, 1.59e-07, 5.53e-07, 1.16e-06, 2.40e-07, 1.55e-08]    [2.49e-05, 3.18e-05, 2.16e-06, 3.95e-06, 3.74e-06, 3.87e-07, 6.16e-07, 1.59e-07, 5.53e-07, 1.16e-06, 2.40e-07, 1.55e-08]    []  
STEP 31000 BETA 0.99998945
32000     [6.14e-05, 2.80e-05, 4.26e-06, 1.50e-06, 6.59e-06, 3.53e-07, 7.46e-07, 1.00e-06, 5.39e-07, 1.38e-06, 6.85e-07, 2.04e-08]    [6.14e-05, 2.80e-05, 4.26e-06, 1.50e-06, 6.59e-06, 3.53e-07, 7.46e-07, 1.00e-06, 5.39e-07, 1.38e-06, 6.85e-07, 2.04e-08]    []  
STEP 32000 BETA 0.99990320
33000     [3.58e-05, 3.51e-05, 6.51e-06, 4.92e-06, 8.64e-05, 6.12e-06, 6.62e-06, 9.91e-07, 4.95e-06, 4.07e-06, 2.78e-06, 1.15e-07]    [3.58e-05, 3.51e-05, 6.51e-06, 4.92e-06, 8.64e-05, 6.12e-06, 6.62e-06, 9.91e-07, 4.95e-06, 4.07e-06, 2.78e-06, 1.15e-07]    []  
STEP 33000 BETA 1.00010729
34000     [2.48e-05, 4.74e-05, 3.37e-06, 5.50e-06, 1.17e-05, 5.52e-07, 6.51e-07, 5.12e-07, 7.10e-07, 1.37e-06, 5.03e-07, 4.35e-07]    [2.48e-05, 4.74e-05, 3.37e-06, 5.50e-06, 1.17e-05, 5.52e-07, 6.51e-07, 5.12e-07, 7.10e-07, 1.37e-06, 5.03e-07, 4.35e-07]    []  
STEP 34000 BETA 1.00033247
35000     [2.60e-04, 2.72e-05, 1.82e-05, 2.20e-06, 1.45e-05, 4.78e-06, 4.82e-07, 4.19e-06, 4.62e-07, 3.37e-06, 2.26e-06, 1.00e-07]    [2.60e-04, 2.72e-05, 1.82e-05, 2.20e-06, 1.45e-05, 4.78e-06, 4.82e-07, 4.19e-06, 4.62e-07, 3.37e-06, 2.26e-06, 1.00e-07]    []  
STEP 35000 BETA 0.99984300
36000     [7.64e-05, 7.25e-05, 7.81e-06, 6.69e-06, 1.56e-05, 1.59e-06, 7.92e-07, 2.70e-07, 9.59e-07, 1.30e-06, 4.83e-07, 3.75e-06]    [7.64e-05, 7.25e-05, 7.81e-06, 6.69e-06, 1.56e-05, 1.59e-06, 7.92e-07, 2.70e-07, 9.59e-07, 1.30e-06, 4.83e-07, 3.75e-06]    []  
STEP 36000 BETA 1.00012076
37000     [3.83e-05, 2.77e-05, 2.68e-06, 1.18e-06, 4.17e-06, 5.02e-07, 3.26e-07, 4.77e-07, 2.88e-07, 1.29e-06, 2.41e-07, 3.67e-07]    [3.83e-05, 2.77e-05, 2.68e-06, 1.18e-06, 4.17e-06, 5.02e-07, 3.26e-07, 4.77e-07, 2.88e-07, 1.29e-06, 2.41e-07, 3.67e-07]    []  
STEP 37000 BETA 0.99955809
38000     [2.02e-05, 2.65e-05, 1.14e-06, 1.54e-06, 3.73e-06, 1.75e-07, 8.04e-07, 6.37e-08, 8.05e-07, 1.18e-06, 2.17e-07, 6.87e-07]    [2.02e-05, 2.65e-05, 1.14e-06, 1.54e-06, 3.73e-06, 1.75e-07, 8.04e-07, 6.37e-08, 8.05e-07, 1.18e-06, 2.17e-07, 6.87e-07]    []  
STEP 38000 BETA 1.00071013
39000     [1.35e-05, 2.05e-05, 7.56e-07, 1.24e-06, 3.45e-06, 1.85e-07, 2.75e-07, 3.55e-08, 3.03e-07, 1.03e-06, 5.27e-08, 1.30e-10]    [1.35e-05, 2.05e-05, 7.56e-07, 1.24e-06, 3.45e-06, 1.85e-07, 2.75e-07, 3.55e-08, 3.03e-07, 1.03e-06, 5.27e-08, 1.30e-10]    []  
STEP 39000 BETA 0.99977547
40000     [1.36e-05, 4.17e-05, 1.61e-06, 3.73e-06, 3.57e-06, 2.40e-07, 4.87e-07, 9.23e-08, 2.49e-07, 9.59e-07, 3.64e-08, 2.24e-06]    [1.36e-05, 4.17e-05, 1.61e-06, 3.73e-06, 3.57e-06, 2.40e-07, 4.87e-07, 9.23e-08, 2.49e-07, 9.59e-07, 3.64e-08, 2.24e-06]    []  
STEP 40000 BETA 0.99964547
41000     [3.65e-05, 2.94e-05, 1.86e-05, 2.97e-05, 1.30e-05, 2.87e-06, 9.69e-07, 4.45e-07, 1.61e-06, 2.12e-06, 9.73e-07, 4.18e-06]    [3.65e-05, 2.94e-05, 1.86e-05, 2.97e-05, 1.30e-05, 2.87e-06, 9.69e-07, 4.45e-07, 1.61e-06, 2.12e-06, 9.73e-07, 4.18e-06]    []  
STEP 41000 BETA 0.99985868
42000     [1.31e-04, 2.28e-05, 1.18e-05, 9.32e-06, 8.45e-06, 6.90e-07, 4.10e-07, 1.89e-06, 1.78e-06, 2.18e-06, 1.59e-06, 5.74e-07]    [1.31e-04, 2.28e-05, 1.18e-05, 9.32e-06, 8.45e-06, 6.90e-07, 4.10e-07, 1.89e-06, 1.78e-06, 2.18e-06, 1.59e-06, 5.74e-07]    []  
STEP 42000 BETA 1.00011301
43000     [7.67e-05, 3.61e-05, 1.02e-05, 7.40e-06, 8.31e-06, 4.63e-07, 4.26e-07, 1.71e-07, 1.03e-06, 1.50e-06, 4.83e-07, 2.39e-06]    [7.67e-05, 3.61e-05, 1.02e-05, 7.40e-06, 8.31e-06, 4.63e-07, 4.26e-07, 1.71e-07, 1.03e-06, 1.50e-06, 4.83e-07, 2.39e-06]    []  
STEP 43000 BETA 0.99994206
44000     [1.47e-04, 2.88e-05, 1.99e-05, 7.52e-06, 1.37e-05, 6.39e-07, 9.70e-07, 3.90e-06, 4.84e-07, 2.47e-06, 2.11e-06, 5.79e-07]    [1.47e-04, 2.88e-05, 1.99e-05, 7.52e-06, 1.37e-05, 6.39e-07, 9.70e-07, 3.90e-06, 4.84e-07, 2.47e-06, 2.11e-06, 5.79e-07]    []  
STEP 44000 BETA 0.99998349
45000     [2.88e-05, 2.42e-05, 2.64e-06, 1.93e-06, 3.68e-06, 1.59e-07, 3.34e-07, 3.61e-07, 2.29e-07, 9.81e-07, 1.94e-07, 7.32e-07]    [2.88e-05, 2.42e-05, 2.64e-06, 1.93e-06, 3.68e-06, 1.59e-07, 3.34e-07, 3.61e-07, 2.29e-07, 9.81e-07, 1.94e-07, 7.32e-07]    []  
STEP 45000 BETA 0.99952406
46000     [1.03e-05, 1.73e-05, 8.19e-07, 1.26e-06, 3.00e-06, 2.02e-07, 2.24e-07, 7.24e-08, 2.24e-07, 9.42e-07, 3.29e-08, 2.31e-07]    [1.03e-05, 1.73e-05, 8.19e-07, 1.26e-06, 3.00e-06, 2.02e-07, 2.24e-07, 7.24e-08, 2.24e-07, 9.42e-07, 3.29e-08, 2.31e-07]    []  
STEP 46000 BETA 0.99967366
47000     [1.01e-05, 1.73e-05, 6.65e-07, 9.03e-07, 1.87e-05, 5.71e-07, 1.30e-06, 4.27e-07, 1.46e-06, 1.61e-06, 7.85e-07, 5.14e-10]    [1.01e-05, 1.73e-05, 6.65e-07, 9.03e-07, 1.87e-05, 5.71e-07, 1.30e-06, 4.27e-07, 1.46e-06, 1.61e-06, 7.85e-07, 5.14e-10]    []  
STEP 47000 BETA 0.99961513
48000     [1.19e-05, 1.78e-05, 2.41e-06, 4.79e-06, 9.07e-06, 5.73e-07, 7.25e-07, 2.13e-06, 2.13e-06, 2.08e-06, 1.84e-06, 3.09e-07]    [1.19e-05, 1.78e-05, 2.41e-06, 4.79e-06, 9.07e-06, 5.73e-07, 7.25e-07, 2.13e-06, 2.13e-06, 2.08e-06, 1.84e-06, 3.09e-07]    []  
STEP 48000 BETA 1.00023532
49000     [2.37e-05, 2.61e-05, 6.80e-06, 1.07e-05, 4.90e-06, 1.40e-06, 5.30e-07, 6.35e-07, 3.76e-07, 1.49e-06, 4.26e-07, 2.61e-06]    [2.37e-05, 2.61e-05, 6.80e-06, 1.07e-05, 4.90e-06, 1.40e-06, 5.30e-07, 6.35e-07, 3.76e-07, 1.49e-06, 4.26e-07, 2.61e-06]    []  
STEP 49000 BETA 0.99985993
50000     [1.14e-05, 2.55e-05, 1.96e-06, 2.99e-06, 5.64e-06, 2.51e-07, 2.70e-07, 1.03e-06, 5.05e-07, 1.34e-06, 6.93e-07, 1.55e-06]    [1.14e-05, 2.55e-05, 1.96e-06, 2.99e-06, 5.64e-06, 2.51e-07, 2.70e-07, 1.03e-06, 5.05e-07, 1.34e-06, 6.93e-07, 1.55e-06]    []  
STEP 50000 BETA 1.00009513
51000     [9.84e-06, 3.78e-05, 1.22e-06, 2.88e-06, 5.56e-06, 8.08e-08, 2.87e-07, 2.07e-07, 5.06e-07, 9.52e-07, 2.98e-07, 7.41e-07]    [9.84e-06, 3.78e-05, 1.22e-06, 2.88e-06, 5.56e-06, 8.08e-08, 2.87e-07, 2.07e-07, 5.06e-07, 9.52e-07, 2.98e-07, 7.41e-07]    []  
STEP 51000 BETA 1.00023806
52000     [1.35e-05, 1.37e-05, 9.16e-07, 6.80e-07, 2.70e-06, 8.81e-08, 1.43e-07, 1.04e-07, 1.73e-07, 8.58e-07, 6.18e-08, 5.07e-08]    [1.35e-05, 1.37e-05, 9.16e-07, 6.80e-07, 2.70e-06, 8.81e-08, 1.43e-07, 1.04e-07, 1.73e-07, 8.58e-07, 6.18e-08, 5.07e-08]    []  
STEP 52000 BETA 0.99973929
53000     [8.66e-05, 2.80e-05, 7.38e-06, 2.05e-06, 7.67e-06, 1.83e-06, 2.15e-07, 4.16e-06, 2.04e-07, 2.49e-06, 2.12e-06, 1.22e-06]    [8.66e-05, 2.80e-05, 7.38e-06, 2.05e-06, 7.67e-06, 1.83e-06, 2.15e-07, 4.16e-06, 2.04e-07, 2.49e-06, 2.12e-06, 1.22e-06]    []  
STEP 53000 BETA 0.99958235
54000     [3.13e-05, 1.62e-05, 2.41e-06, 7.13e-07, 3.83e-06, 7.24e-08, 1.47e-07, 4.00e-07, 1.83e-07, 9.34e-07, 2.19e-07, 1.97e-07]    [3.13e-05, 1.62e-05, 2.41e-06, 7.13e-07, 3.83e-06, 7.24e-08, 1.47e-07, 4.00e-07, 1.83e-07, 9.34e-07, 2.19e-07, 1.97e-07]    []  
STEP 54000 BETA 1.00014389
55000     [7.29e-06, 2.04e-05, 1.42e-06, 1.89e-06, 5.89e-06, 4.37e-07, 7.46e-07, 5.21e-08, 5.80e-07, 1.06e-06, 2.06e-07, 7.59e-07]    [7.29e-06, 2.04e-05, 1.42e-06, 1.89e-06, 5.89e-06, 4.37e-07, 7.46e-07, 5.21e-08, 5.80e-07, 1.06e-06, 2.06e-07, 7.59e-07]    []  
STEP 55000 BETA 1.00026453
56000     [8.05e-06, 6.88e-05, 1.38e-06, 5.26e-06, 4.12e-06, 2.04e-07, 6.92e-07, 2.31e-07, 3.68e-07, 1.13e-06, 2.61e-07, 4.87e-06]    [8.05e-06, 6.88e-05, 1.38e-06, 5.26e-06, 4.12e-06, 2.04e-07, 6.92e-07, 2.31e-07, 3.68e-07, 1.13e-06, 2.61e-07, 4.87e-06]    []  
STEP 56000 BETA 0.99956179
57000     [3.02e-05, 2.14e-05, 6.46e-06, 6.64e-06, 3.30e-06, 8.08e-08, 2.36e-07, 1.46e-07, 3.87e-07, 8.54e-07, 1.76e-07, 1.47e-06]    [3.02e-05, 2.14e-05, 6.46e-06, 6.64e-06, 3.30e-06, 8.08e-08, 2.36e-07, 1.46e-07, 3.87e-07, 8.54e-07, 1.76e-07, 1.47e-06]    []  
STEP 57000 BETA 0.99956656
58000     [6.19e-05, 1.62e-05, 6.29e-06, 1.76e-06, 1.38e-05, 8.00e-08, 7.26e-07, 2.15e-06, 1.02e-06, 1.79e-06, 1.48e-06, 3.46e-08]    [6.19e-05, 1.62e-05, 6.29e-06, 1.76e-06, 1.38e-05, 8.00e-08, 7.26e-07, 2.15e-06, 1.02e-06, 1.79e-06, 1.48e-06, 3.46e-08]    []  
STEP 58000 BETA 0.99989253
59000     [8.13e-06, 1.40e-05, 1.81e-06, 2.53e-06, 4.65e-06, 4.30e-07, 1.82e-07, 4.43e-08, 4.80e-07, 9.01e-07, 1.85e-07, 3.78e-08]    [8.13e-06, 1.40e-05, 1.81e-06, 2.53e-06, 4.65e-06, 4.30e-07, 1.82e-07, 4.43e-08, 4.80e-07, 9.01e-07, 1.85e-07, 3.78e-08]    []  
STEP 59000 BETA 0.99995875
60000     [1.04e-05, 3.40e-05, 5.84e-06, 1.13e-05, 6.30e-06, 2.39e-07, 2.03e-07, 1.36e-07, 1.59e-06, 1.04e-06, 7.94e-07, 2.45e-08]    [1.04e-05, 3.40e-05, 5.84e-06, 1.13e-05, 6.30e-06, 2.39e-07, 2.03e-07, 1.36e-07, 1.59e-06, 1.04e-06, 7.94e-07, 2.45e-08]    []  
STEP 60000 BETA 1.00004566
61000     [5.54e-06, 1.20e-05, 5.59e-07, 6.95e-07, 3.06e-06, 5.98e-09, 1.40e-07, 1.57e-07, 1.86e-07, 7.51e-07, 9.86e-08, 1.08e-07]    [5.54e-06, 1.20e-05, 5.59e-07, 6.95e-07, 3.06e-06, 5.98e-09, 1.40e-07, 1.57e-07, 1.86e-07, 7.51e-07, 9.86e-08, 1.08e-07]    []  
STEP 61000 BETA 0.99961811
62000     [5.12e-06, 1.33e-05, 8.40e-07, 1.25e-06, 5.64e-06, 1.64e-07, 2.48e-07, 7.42e-08, 2.36e-07, 7.60e-07, 9.43e-08, 1.00e-08]    [5.12e-06, 1.33e-05, 8.40e-07, 1.25e-06, 5.64e-06, 1.64e-07, 2.48e-07, 7.42e-08, 2.36e-07, 7.60e-07, 9.43e-08, 1.00e-08]    []  
STEP 62000 BETA 0.99978352
63000     [7.20e-06, 1.84e-05, 3.78e-06, 1.76e-05, 2.16e-06, 8.06e-07, 1.60e-07, 4.57e-07, 1.03e-06, 1.16e-06, 6.35e-07, 1.95e-06]    [7.20e-06, 1.84e-05, 3.78e-06, 1.76e-05, 2.16e-06, 8.06e-07, 1.60e-07, 4.57e-07, 1.03e-06, 1.16e-06, 6.35e-07, 1.95e-06]    []  
STEP 63000 BETA 0.99967885
64000     [4.23e-06, 1.33e-05, 3.56e-07, 6.04e-07, 2.08e-06, 7.78e-09, 1.33e-07, 2.41e-08, 1.27e-07, 6.41e-07, 1.23e-08, 2.27e-07]    [4.23e-06, 1.33e-05, 3.56e-07, 6.04e-07, 2.08e-06, 7.78e-09, 1.33e-07, 2.41e-08, 1.27e-07, 6.41e-07, 1.23e-08, 2.27e-07]    []  
STEP 64000 BETA 0.99967051
65000     [6.88e-06, 1.07e-05, 5.51e-07, 3.97e-07, 2.52e-06, 6.03e-08, 1.30e-07, 3.15e-08, 1.45e-07, 6.99e-07, 1.61e-08, 1.01e-08]    [6.88e-06, 1.07e-05, 5.51e-07, 3.97e-07, 2.52e-06, 6.03e-08, 1.30e-07, 3.15e-08, 1.45e-07, 6.99e-07, 1.61e-08, 1.01e-08]    []  
STEP 65000 BETA 0.99965394
66000     [6.00e-05, 1.33e-05, 5.12e-06, 8.78e-07, 4.26e-06, 1.08e-06, 1.19e-07, 1.50e-06, 1.54e-07, 1.40e-06, 7.90e-07, 9.27e-08]    [6.00e-05, 1.33e-05, 5.12e-06, 8.78e-07, 4.26e-06, 1.08e-06, 1.19e-07, 1.50e-06, 1.54e-07, 1.40e-06, 7.90e-07, 9.27e-08]    []  
STEP 66000 BETA 0.99960709
67000     [6.19e-06, 1.84e-05, 5.38e-07, 1.16e-06, 8.63e-06, 3.98e-07, 7.96e-07, 3.58e-08, 1.21e-06, 9.95e-07, 5.80e-07, 3.24e-07]    [6.19e-06, 1.84e-05, 5.38e-07, 1.16e-06, 8.63e-06, 3.98e-07, 7.96e-07, 3.58e-08, 1.21e-06, 9.95e-07, 5.80e-07, 3.24e-07]    []  
STEP 67000 BETA 0.99965107
68000     [2.34e-05, 2.61e-05, 2.21e-06, 1.79e-06, 5.27e-06, 1.43e-06, 5.63e-07, 7.63e-07, 4.23e-07, 1.22e-06, 5.63e-07, 1.36e-06]    [2.34e-05, 2.61e-05, 2.21e-06, 1.79e-06, 5.27e-06, 1.43e-06, 5.63e-07, 7.63e-07, 4.23e-07, 1.22e-06, 5.63e-07, 1.36e-06]    []  
STEP 68000 BETA 0.99961418
69000     [5.32e-06, 3.52e-05, 7.74e-07, 2.16e-06, 1.68e-05, 2.47e-07, 5.69e-07, 4.78e-07, 5.70e-07, 9.47e-07, 4.76e-07, 1.09e-06]    [5.32e-06, 3.52e-05, 7.74e-07, 2.16e-06, 1.68e-05, 2.47e-07, 5.69e-07, 4.78e-07, 5.70e-07, 9.47e-07, 4.76e-07, 1.09e-06]    []  
STEP 69000 BETA 0.99980032
70000     [6.30e-06, 9.95e-06, 6.48e-07, 5.06e-07, 2.66e-06, 1.96e-07, 1.60e-07, 6.58e-08, 1.62e-07, 5.99e-07, 6.43e-08, 5.48e-08]    [6.30e-06, 9.95e-06, 6.48e-07, 5.06e-07, 2.66e-06, 1.96e-07, 1.60e-07, 6.58e-08, 1.62e-07, 5.99e-07, 6.43e-08, 5.48e-08]    []  
STEP 70000 BETA 0.99975920
71000     [2.98e-05, 7.25e-05, 2.77e-06, 3.93e-06, 6.83e-06, 9.04e-08, 5.09e-07, 7.48e-07, 4.65e-07, 1.05e-06, 5.98e-07, 3.98e-06]    [2.98e-05, 7.25e-05, 2.77e-06, 3.93e-06, 6.83e-06, 9.04e-08, 5.09e-07, 7.48e-07, 4.65e-07, 1.05e-06, 5.98e-07, 3.98e-06]    []  
STEP 71000 BETA 0.99961382
72000     [7.77e-06, 1.11e-05, 7.62e-07, 4.55e-07, 3.95e-06, 1.37e-08, 1.96e-07, 4.36e-07, 1.85e-07, 6.45e-07, 2.52e-07, 6.27e-08]    [7.77e-06, 1.11e-05, 7.62e-07, 4.55e-07, 3.95e-06, 1.37e-08, 1.96e-07, 4.36e-07, 1.85e-07, 6.45e-07, 2.52e-07, 6.27e-08]    []  
STEP 72000 BETA 0.99971312
73000     [1.83e-05, 2.38e-05, 2.28e-06, 2.76e-06, 6.87e-06, 1.08e-08, 6.38e-07, 6.49e-07, 3.79e-07, 8.82e-07, 4.41e-07, 1.28e-06]    [1.83e-05, 2.38e-05, 2.28e-06, 2.76e-06, 6.87e-06, 1.08e-08, 6.38e-07, 6.49e-07, 3.79e-07, 8.82e-07, 4.41e-07, 1.28e-06]    []  
STEP 73000 BETA 0.99967003
74000     [3.11e-06, 9.39e-06, 3.35e-07, 4.21e-07, 2.39e-06, 3.69e-08, 1.59e-07, 2.97e-08, 2.03e-07, 5.62e-07, 4.31e-08, 4.15e-09]    [3.11e-06, 9.39e-06, 3.35e-07, 4.21e-07, 2.39e-06, 3.69e-08, 1.59e-07, 2.97e-08, 2.03e-07, 5.62e-07, 4.31e-08, 4.15e-09]    []  
STEP 74000 BETA 0.99973816
75000     [1.24e-05, 5.49e-05, 5.09e-06, 1.28e-05, 6.25e-06, 2.59e-08, 5.79e-07, 2.99e-07, 4.56e-07, 7.43e-07, 2.76e-07, 6.27e-06]    [1.24e-05, 5.49e-05, 5.09e-06, 1.28e-05, 6.25e-06, 2.59e-08, 5.79e-07, 2.99e-07, 4.56e-07, 7.43e-07, 2.76e-07, 6.27e-06]    []  
STEP 75000 BETA 0.99963588
76000     [3.61e-05, 1.37e-05, 3.25e-06, 1.34e-06, 3.35e-06, 4.07e-07, 1.68e-07, 4.29e-07, 4.05e-07, 9.32e-07, 3.10e-07, 2.11e-08]    [3.61e-05, 1.37e-05, 3.25e-06, 1.34e-06, 3.35e-06, 4.07e-07, 1.68e-07, 4.29e-07, 4.05e-07, 9.32e-07, 3.10e-07, 2.11e-08]    []  
STEP 76000 BETA 0.99954927
77000     [6.01e-06, 1.96e-05, 2.61e-06, 5.57e-06, 6.70e-06, 6.30e-08, 3.51e-07, 3.54e-07, 6.45e-07, 5.38e-07, 4.45e-07, 1.65e-06]    [6.01e-06, 1.96e-05, 2.61e-06, 5.57e-06, 6.70e-06, 6.30e-08, 3.51e-07, 3.54e-07, 6.45e-07, 5.38e-07, 4.45e-07, 1.65e-06]    []  
STEP 77000 BETA 0.99977857
78000     [4.77e-06, 1.29e-05, 1.90e-06, 4.16e-06, 4.58e-06, 2.95e-08, 1.94e-07, 1.64e-07, 6.55e-07, 6.40e-07, 3.11e-07, 9.58e-07]    [4.77e-06, 1.29e-05, 1.90e-06, 4.16e-06, 4.58e-06, 2.95e-08, 1.94e-07, 1.64e-07, 6.55e-07, 6.40e-07, 3.11e-07, 9.58e-07]    []  
STEP 78000 BETA 0.99976188
79000     [4.36e-06, 8.57e-06, 6.86e-07, 8.84e-07, 2.36e-06, 1.81e-08, 1.37e-07, 2.07e-07, 1.85e-07, 4.83e-07, 1.58e-07, 5.81e-08]    [4.36e-06, 8.57e-06, 6.86e-07, 8.84e-07, 2.36e-06, 1.81e-08, 1.37e-07, 2.07e-07, 1.85e-07, 4.83e-07, 1.58e-07, 5.81e-08]    []  
STEP 79000 BETA 0.99968952
80000     [3.46e-06, 8.66e-06, 4.16e-07, 4.27e-07, 4.04e-06, 4.05e-08, 2.06e-07, 1.51e-07, 1.82e-07, 4.38e-07, 1.28e-07, 1.03e-10]    [3.46e-06, 8.66e-06, 4.16e-07, 4.27e-07, 4.04e-06, 4.05e-08, 2.06e-07, 1.51e-07, 1.82e-07, 4.38e-07, 1.28e-07, 1.03e-10]    []  
STEP 80000 BETA 0.99973339
81000     [7.18e-06, 1.03e-05, 2.00e-06, 2.53e-06, 2.43e-06, 2.91e-07, 1.37e-07, 8.86e-07, 2.31e-07, 7.66e-07, 5.02e-07, 4.99e-07]    [7.18e-06, 1.03e-05, 2.00e-06, 2.53e-06, 2.43e-06, 2.91e-07, 1.37e-07, 8.86e-07, 2.31e-07, 7.66e-07, 5.02e-07, 4.99e-07]    []  
STEP 81000 BETA 0.99978417
82000     [1.58e-05, 1.29e-05, 3.34e-06, 4.27e-06, 2.28e-06, 1.14e-07, 1.11e-07, 3.52e-08, 3.37e-07, 4.83e-07, 1.45e-07, 7.14e-08]    [1.58e-05, 1.29e-05, 3.34e-06, 4.27e-06, 2.28e-06, 1.14e-07, 1.11e-07, 3.52e-08, 3.37e-07, 4.83e-07, 1.45e-07, 7.14e-08]    []  
STEP 82000 BETA 0.99990946
83000     [7.78e-06, 4.22e-05, 4.35e-06, 7.90e-06, 8.83e-06, 4.18e-08, 5.06e-07, 6.78e-07, 5.12e-07, 6.75e-07, 5.05e-07, 4.06e-06]    [7.78e-06, 4.22e-05, 4.35e-06, 7.90e-06, 8.83e-06, 4.18e-08, 5.06e-07, 6.78e-07, 5.12e-07, 6.75e-07, 5.05e-07, 4.06e-06]    []  
STEP 83000 BETA 0.99975276
84000     [5.15e-06, 7.42e-06, 5.10e-07, 3.43e-07, 1.30e-06, 1.19e-08, 8.94e-08, 3.59e-08, 6.07e-08, 3.39e-07, 1.49e-08, 2.87e-09]    [5.15e-06, 7.42e-06, 5.10e-07, 3.43e-07, 1.30e-06, 1.19e-08, 8.94e-08, 3.59e-08, 6.07e-08, 3.39e-07, 1.49e-08, 2.87e-09]    []  
STEP 84000 BETA 0.99975026
85000     [2.63e-05, 1.87e-05, 4.92e-06, 7.35e-06, 3.90e-06, 4.87e-07, 3.20e-07, 1.16e-06, 1.63e-06, 1.39e-06, 1.36e-06, 3.25e-08]    [2.63e-05, 1.87e-05, 4.92e-06, 7.35e-06, 3.90e-06, 4.87e-07, 3.20e-07, 1.16e-06, 1.63e-06, 1.39e-06, 1.36e-06, 3.25e-08]    []  
STEP 85000 BETA 0.99987864
86000     [1.30e-05, 1.70e-05, 1.63e-06, 2.72e-06, 3.94e-05, 8.23e-07, 2.18e-06, 8.67e-07, 3.80e-06, 1.84e-06, 2.06e-06, 1.13e-09]    [1.30e-05, 1.70e-05, 1.63e-06, 2.72e-06, 3.94e-05, 8.23e-07, 2.18e-06, 8.67e-07, 3.80e-06, 1.84e-06, 2.06e-06, 1.13e-09]    []  
STEP 86000 BETA 0.99964195
87000     [4.98e-06, 4.84e-05, 2.87e-06, 7.29e-06, 8.37e-06, 2.95e-07, 3.19e-07, 4.26e-08, 1.02e-06, 6.58e-07, 4.84e-07, 1.31e-06]    [4.98e-06, 4.84e-05, 2.87e-06, 7.29e-06, 8.37e-06, 2.95e-07, 3.19e-07, 4.26e-08, 1.02e-06, 6.58e-07, 4.84e-07, 1.31e-06]    []  
STEP 87000 BETA 0.99960762
88000     [2.86e-05, 1.55e-05, 3.28e-06, 3.15e-06, 8.30e-06, 5.67e-07, 2.92e-07, 4.36e-08, 5.87e-07, 5.14e-07, 2.91e-07, 9.88e-07]    [2.86e-05, 1.55e-05, 3.28e-06, 3.15e-06, 8.30e-06, 5.67e-07, 2.92e-07, 4.36e-08, 5.87e-07, 5.14e-07, 2.91e-07, 9.88e-07]    []  
STEP 88000 BETA 0.99982196
89000     [5.44e-06, 9.25e-06, 1.92e-06, 2.71e-06, 4.66e-06, 1.25e-07, 2.85e-07, 1.27e-07, 1.93e-07, 3.28e-07, 1.31e-07, 2.47e-07]    [5.44e-06, 9.25e-06, 1.92e-06, 2.71e-06, 4.66e-06, 1.25e-07, 2.85e-07, 1.27e-07, 1.93e-07, 3.28e-07, 1.31e-07, 2.47e-07]    []  
STEP 89000 BETA 0.99996459
90000     [3.05e-06, 6.61e-06, 3.53e-07, 3.84e-07, 1.17e-06, 2.31e-08, 8.50e-08, 1.82e-08, 6.00e-08, 2.57e-07, 1.45e-08, 1.78e-08]    [3.05e-06, 6.61e-06, 3.53e-07, 3.84e-07, 1.17e-06, 2.31e-08, 8.50e-08, 1.82e-08, 6.00e-08, 2.57e-07, 1.45e-08, 1.78e-08]    []  
STEP 90000 BETA 0.99963522
91000     [1.04e-05, 8.48e-06, 1.04e-06, 7.87e-07, 1.38e-06, 3.59e-08, 9.30e-08, 5.90e-08, 5.13e-08, 2.69e-07, 2.84e-08, 1.90e-07]    [1.04e-05, 8.48e-06, 1.04e-06, 7.87e-07, 1.38e-06, 3.59e-08, 9.30e-08, 5.90e-08, 5.13e-08, 2.69e-07, 2.84e-08, 1.90e-07]    []  
STEP 91000 BETA 0.99975705
92000     [3.36e-06, 6.37e-06, 3.83e-07, 3.26e-07, 1.75e-06, 6.53e-08, 9.91e-08, 1.34e-08, 7.90e-08, 2.65e-07, 2.42e-08, 4.48e-09]    [3.36e-06, 6.37e-06, 3.83e-07, 3.26e-07, 1.75e-06, 6.53e-08, 9.91e-08, 1.34e-08, 7.90e-08, 2.65e-07, 2.42e-08, 4.48e-09]    []  
STEP 92000 BETA 0.99970758
93000     [4.70e-06, 1.54e-05, 2.71e-06, 4.72e-06, 1.23e-05, 7.07e-08, 4.70e-07, 9.43e-07, 9.30e-07, 6.57e-07, 8.89e-07, 1.15e-06]    [4.70e-06, 1.54e-05, 2.71e-06, 4.72e-06, 1.23e-05, 7.07e-08, 4.70e-07, 9.43e-07, 9.30e-07, 6.57e-07, 8.89e-07, 1.15e-06]    []  
STEP 93000 BETA 0.99985957
94000     [1.25e-05, 8.94e-06, 2.39e-06, 2.88e-06, 5.16e-06, 3.06e-08, 3.20e-07, 5.04e-07, 1.61e-07, 3.49e-07, 3.28e-07, 3.11e-07]    [1.25e-05, 8.94e-06, 2.39e-06, 2.88e-06, 5.16e-06, 3.06e-08, 3.20e-07, 5.04e-07, 1.61e-07, 3.49e-07, 3.28e-07, 3.11e-07]    []  
STEP 94000 BETA 0.99975467
95000     [5.88e-06, 3.02e-05, 1.93e-06, 4.12e-06, 2.90e-06, 2.14e-07, 2.58e-07, 1.01e-07, 8.61e-07, 5.69e-07, 5.01e-07, 7.95e-07]    [5.88e-06, 3.02e-05, 1.93e-06, 4.12e-06, 2.90e-06, 2.14e-07, 2.58e-07, 1.01e-07, 8.61e-07, 5.69e-07, 5.01e-07, 7.95e-07]    []  
STEP 95000 BETA 0.99971998
96000     [9.12e-05, 3.31e-05, 7.87e-06, 6.30e-06, 2.42e-05, 1.11e-06, 1.35e-06, 1.63e-08, 1.07e-06, 9.43e-07, 4.87e-07, 2.73e-06]    [9.12e-05, 3.31e-05, 7.87e-06, 6.30e-06, 2.42e-05, 1.11e-06, 1.35e-06, 1.63e-08, 1.07e-06, 9.43e-07, 4.87e-07, 2.73e-06]    []  
STEP 96000 BETA 0.99970502
97000     [2.47e-06, 2.15e-05, 4.33e-07, 1.56e-06, 1.35e-06, 2.28e-08, 3.02e-07, 2.50e-08, 1.40e-07, 3.03e-07, 4.51e-08, 1.27e-06]    [2.47e-06, 2.15e-05, 4.33e-07, 1.56e-06, 1.35e-06, 2.28e-08, 3.02e-07, 2.50e-08, 1.40e-07, 3.03e-07, 4.51e-08, 1.27e-06]    []  
STEP 97000 BETA 0.99988329
98000     [1.81e-06, 5.65e-06, 2.33e-07, 3.19e-07, 8.16e-07, 8.16e-09, 6.37e-08, 1.19e-08, 6.17e-08, 2.23e-07, 1.65e-08, 9.77e-10]    [1.81e-06, 5.65e-06, 2.33e-07, 3.19e-07, 8.16e-07, 8.16e-09, 6.37e-08, 1.19e-08, 6.17e-08, 2.23e-07, 1.65e-08, 9.77e-10]    []  
STEP 98000 BETA 0.99964577
99000     [3.54e-06, 1.01e-05, 3.03e-07, 7.66e-07, 2.06e-05, 3.74e-07, 1.34e-06, 6.33e-07, 1.59e-06, 9.58e-07, 1.10e-06, 1.50e-07]    [3.54e-06, 1.01e-05, 3.03e-07, 7.66e-07, 2.06e-05, 3.74e-07, 1.34e-06, 6.33e-07, 1.59e-06, 9.58e-07, 1.10e-06, 1.50e-07]    []  
STEP 99000 BETA 0.99968135
100000    [2.01e-06, 5.20e-06, 2.41e-07, 2.59e-07, 7.82e-07, 7.23e-09, 6.59e-08, 1.28e-08, 5.32e-08, 2.18e-07, 3.87e-09, 1.81e-09]    [2.01e-06, 5.20e-06, 2.41e-07, 2.59e-07, 7.82e-07, 7.23e-09, 6.59e-08, 1.28e-08, 5.32e-08, 2.18e-07, 3.87e-09, 1.81e-09]    []  
STEP 100000 BETA 0.99955797
101000    [1.77e-06, 5.72e-06, 3.33e-07, 4.58e-07, 8.70e-07, 6.67e-09, 9.38e-08, 2.01e-08, 1.19e-07, 2.37e-07, 2.89e-08, 5.64e-09]    [1.77e-06, 5.72e-06, 3.33e-07, 4.58e-07, 8.70e-07, 6.67e-09, 9.38e-08, 2.01e-08, 1.19e-07, 2.37e-07, 2.89e-08, 5.64e-09]    []  
STEP 101000 BETA 0.99965769
102000    [2.37e-05, 4.14e-05, 2.17e-06, 3.06e-06, 2.64e-06, 1.01e-07, 3.09e-07, 3.00e-07, 1.31e-07, 4.29e-07, 2.15e-07, 3.03e-06]    [2.37e-05, 4.14e-05, 2.17e-06, 3.06e-06, 2.64e-06, 1.01e-07, 3.09e-07, 3.00e-07, 1.31e-07, 4.29e-07, 2.15e-07, 3.03e-06]    []  
STEP 102000 BETA 0.99965614
103000    [4.94e-06, 1.26e-04, 6.74e-07, 8.71e-06, 7.76e-06, 8.88e-08, 4.01e-07, 8.44e-08, 3.49e-07, 4.18e-07, 2.20e-07, 8.98e-06]    [4.94e-06, 1.26e-04, 6.74e-07, 8.71e-06, 7.76e-06, 8.88e-08, 4.01e-07, 8.44e-08, 3.49e-07, 4.18e-07, 2.20e-07, 8.98e-06]    []  
STEP 103000 BETA 0.99967855
104000    [4.98e-05, 1.14e-05, 6.99e-06, 6.16e-06, 6.12e-06, 8.49e-08, 3.57e-07, 1.09e-06, 1.28e-07, 6.01e-07, 6.06e-07, 2.23e-07]    [4.98e-05, 1.14e-05, 6.99e-06, 6.16e-06, 6.12e-06, 8.49e-08, 3.57e-07, 1.09e-06, 1.28e-07, 6.01e-07, 6.06e-07, 2.23e-07]    []  
STEP 104000 BETA 0.99983507
105000    [1.16e-05, 2.26e-05, 1.46e-06, 1.96e-06, 1.15e-05, 3.36e-08, 3.89e-07, 1.70e-06, 4.55e-07, 8.49e-07, 1.03e-06, 1.33e-06]    [1.16e-05, 2.26e-05, 1.46e-06, 1.96e-06, 1.15e-05, 3.36e-08, 3.89e-07, 1.70e-06, 4.55e-07, 8.49e-07, 1.03e-06, 1.33e-06]    []  
STEP 105000 BETA 0.99999493
106000    [2.91e-05, 7.62e-06, 3.11e-06, 1.66e-06, 2.33e-06, 3.37e-07, 9.57e-08, 3.13e-07, 2.76e-07, 5.69e-07, 2.39e-07, 2.84e-08]    [2.91e-05, 7.62e-06, 3.11e-06, 1.66e-06, 2.33e-06, 3.37e-07, 9.57e-08, 3.13e-07, 2.76e-07, 5.69e-07, 2.39e-07, 2.84e-08]    []  
STEP 106000 BETA 0.99969268
107000    [6.24e-06, 9.35e-06, 6.21e-07, 6.89e-07, 1.39e-06, 1.23e-07, 1.98e-07, 5.60e-08, 1.26e-07, 3.16e-07, 4.51e-08, 3.98e-07]    [6.24e-06, 9.35e-06, 6.21e-07, 6.89e-07, 1.39e-06, 1.23e-07, 1.98e-07, 5.60e-08, 1.26e-07, 3.16e-07, 4.51e-08, 3.98e-07]    []  
STEP 107000 BETA 0.99958098
108000    [1.64e-06, 4.87e-06, 2.26e-07, 6.53e-07, 9.05e-07, 1.92e-08, 1.06e-07, 1.08e-08, 4.90e-08, 2.38e-07, 1.60e-08, 1.56e-07]    [1.64e-06, 4.87e-06, 2.26e-07, 6.53e-07, 9.05e-07, 1.92e-08, 1.06e-07, 1.08e-08, 4.90e-08, 2.38e-07, 1.60e-08, 1.56e-07]    []  
STEP 108000 BETA 0.99959511
109000    [3.98e-06, 1.78e-05, 2.41e-06, 3.78e-06, 7.23e-06, 1.16e-07, 7.79e-07, 2.64e-07, 1.80e-06, 8.58e-07, 1.02e-06, 2.62e-07]    [3.98e-06, 1.78e-05, 2.41e-06, 3.78e-06, 7.23e-06, 1.16e-07, 7.79e-07, 2.64e-07, 1.80e-06, 8.58e-07, 1.02e-06, 2.62e-07]    []  
STEP 109000 BETA 0.99976766
110000    [1.65e-05, 3.20e-05, 6.51e-06, 8.06e-06, 4.57e-06, 8.64e-07, 6.75e-07, 2.30e-06, 2.18e-06, 1.95e-06, 2.09e-06, 6.85e-07]    [1.65e-05, 3.20e-05, 6.51e-06, 8.06e-06, 4.57e-06, 8.64e-07, 6.75e-07, 2.30e-06, 2.18e-06, 1.95e-06, 2.09e-06, 6.85e-07]    []  
STEP 110000 BETA 0.99963927
111000    [1.48e-06, 3.97e-06, 1.50e-07, 1.57e-07, 6.50e-07, 6.56e-09, 6.33e-08, 9.99e-09, 4.15e-08, 1.93e-07, 5.24e-09, 1.47e-09]    [1.48e-06, 3.97e-06, 1.50e-07, 1.57e-07, 6.50e-07, 6.56e-09, 6.33e-08, 9.99e-09, 4.15e-08, 1.93e-07, 5.24e-09, 1.47e-09]    []  
STEP 111000 BETA 0.99959624
112000    [3.44e-06, 2.18e-05, 1.93e-06, 4.39e-06, 2.13e-06, 2.40e-08, 2.23e-07, 1.52e-07, 1.11e-07, 2.13e-07, 1.14e-07, 2.23e-06]    [3.44e-06, 2.18e-05, 1.93e-06, 4.39e-06, 2.13e-06, 2.40e-08, 2.23e-07, 1.52e-07, 1.11e-07, 2.13e-07, 1.14e-07, 2.23e-06]    []  
STEP 112000 BETA 0.99963039
113000    [3.14e-06, 6.03e-06, 5.35e-07, 6.89e-07, 9.56e-06, 7.25e-08, 5.19e-07, 4.69e-07, 5.65e-07, 5.25e-07, 4.92e-07, 1.52e-07]    [3.14e-06, 6.03e-06, 5.35e-07, 6.89e-07, 9.56e-06, 7.25e-08, 5.19e-07, 4.69e-07, 5.65e-07, 5.25e-07, 4.92e-07, 1.52e-07]    []  
STEP 113000 BETA 0.99988651
114000    [1.62e-06, 3.84e-06, 3.11e-07, 3.87e-07, 8.07e-07, 7.55e-09, 7.39e-08, 2.57e-08, 9.47e-08, 2.18e-07, 2.05e-08, 1.66e-08]    [1.62e-06, 3.84e-06, 3.11e-07, 3.87e-07, 8.07e-07, 7.55e-09, 7.39e-08, 2.57e-08, 9.47e-08, 2.18e-07, 2.05e-08, 1.66e-08]    []  
STEP 114000 BETA 0.99956167
115000    [2.04e-06, 7.43e-06, 4.59e-07, 8.29e-07, 4.63e-06, 2.34e-08, 2.05e-07, 2.77e-07, 3.11e-07, 3.43e-07, 2.37e-07, 3.85e-07]    [2.04e-06, 7.43e-06, 4.59e-07, 8.29e-07, 4.63e-06, 2.34e-08, 2.05e-07, 2.77e-07, 3.11e-07, 3.43e-07, 2.37e-07, 3.85e-07]    []  
STEP 115000 BETA 0.99960899
116000    [2.86e-06, 5.10e-06, 1.11e-06, 2.67e-06, 1.12e-06, 7.08e-08, 1.21e-07, 2.26e-07, 9.21e-08, 2.14e-07, 1.55e-07, 1.50e-07]    [2.86e-06, 5.10e-06, 1.11e-06, 2.67e-06, 1.12e-06, 7.08e-08, 1.21e-07, 2.26e-07, 9.21e-08, 2.14e-07, 1.55e-07, 1.50e-07]    []  
STEP 116000 BETA 0.99962741
117000    [2.22e-06, 3.79e-06, 2.24e-07, 1.85e-07, 1.71e-06, 3.98e-08, 1.22e-07, 1.91e-08, 9.09e-08, 2.26e-07, 2.82e-08, 3.07e-09]    [2.22e-06, 3.79e-06, 2.24e-07, 1.85e-07, 1.71e-06, 3.98e-08, 1.22e-07, 1.91e-08, 9.09e-08, 2.26e-07, 2.82e-08, 3.07e-09]    []  
STEP 117000 BETA 0.99972367
118000    [1.36e-06, 3.45e-06, 1.31e-07, 1.49e-07, 5.88e-07, 6.80e-09, 6.57e-08, 9.01e-09, 4.03e-08, 1.90e-07, 5.39e-09, 6.95e-09]    [1.36e-06, 3.45e-06, 1.31e-07, 1.49e-07, 5.88e-07, 6.80e-09, 6.57e-08, 9.01e-09, 4.03e-08, 1.90e-07, 5.39e-09, 6.95e-09]    []  
STEP 118000 BETA 0.99955535
119000    [2.67e-06, 6.47e-06, 9.57e-07, 1.54e-06, 6.73e-07, 1.74e-08, 1.01e-07, 1.65e-08, 6.81e-08, 1.68e-07, 3.28e-08, 4.75e-07]    [2.67e-06, 6.47e-06, 9.57e-07, 1.54e-06, 6.73e-07, 1.74e-08, 1.01e-07, 1.65e-08, 6.81e-08, 1.68e-07, 3.28e-08, 4.75e-07]    []  
STEP 119000 BETA 0.99959123
120000    [1.32e-06, 3.32e-06, 1.20e-07, 1.26e-07, 5.52e-07, 5.45e-09, 7.42e-08, 9.31e-09, 5.22e-08, 1.84e-07, 1.04e-09, 4.71e-10]    [1.32e-06, 3.32e-06, 1.20e-07, 1.26e-07, 5.52e-07, 5.45e-09, 7.42e-08, 9.31e-09, 5.22e-08, 1.84e-07, 1.04e-09, 4.71e-10]    []  
STEP 120000 BETA 0.99956053
121000    [1.64e-05, 1.94e-05, 1.21e-06, 2.00e-06, 1.52e-06, 9.01e-07, 7.41e-08, 6.74e-07, 6.25e-08, 6.40e-07, 3.45e-07, 1.78e-06]    [1.64e-05, 1.94e-05, 1.21e-06, 2.00e-06, 1.52e-06, 9.01e-07, 7.41e-08, 6.74e-07, 6.25e-08, 6.40e-07, 3.45e-07, 1.78e-06]    []  
STEP 121000 BETA 0.99933434
122000    [5.63e-06, 4.84e-06, 6.68e-07, 4.18e-07, 5.13e-06, 1.56e-07, 1.95e-07, 3.98e-08, 2.32e-07, 2.79e-07, 1.27e-07, 3.91e-08]    [5.63e-06, 4.84e-06, 6.68e-07, 4.18e-07, 5.13e-06, 1.56e-07, 1.95e-07, 3.98e-08, 2.32e-07, 2.79e-07, 1.27e-07, 3.91e-08]    []  
STEP 122000 BETA 0.99959165
123000    [2.22e-05, 3.73e-06, 1.84e-06, 4.80e-07, 1.75e-06, 5.07e-08, 9.23e-08, 3.31e-07, 4.84e-08, 3.46e-07, 1.73e-07, 1.16e-07]    [2.22e-05, 3.73e-06, 1.84e-06, 4.80e-07, 1.75e-06, 5.07e-08, 9.23e-08, 3.31e-07, 4.84e-08, 3.46e-07, 1.73e-07, 1.16e-07]    []  
STEP 123000 BETA 0.99954051
124000    [4.26e-06, 5.10e-06, 1.52e-06, 2.23e-06, 4.16e-06, 9.57e-08, 1.88e-07, 9.68e-07, 4.01e-07, 5.97e-07, 6.12e-07, 3.46e-07]    [4.26e-06, 5.10e-06, 1.52e-06, 2.23e-06, 4.16e-06, 9.57e-08, 1.88e-07, 9.68e-07, 4.01e-07, 5.97e-07, 6.12e-07, 3.46e-07]    []  
STEP 124000 BETA 0.99961573
125000    [1.64e-06, 3.18e-06, 2.60e-07, 3.08e-07, 5.59e-07, 2.58e-08, 6.19e-08, 2.51e-08, 5.17e-08, 1.93e-07, 2.79e-08, 7.05e-10]    [1.64e-06, 3.18e-06, 2.60e-07, 3.08e-07, 5.59e-07, 2.58e-08, 6.19e-08, 2.51e-08, 5.17e-08, 1.93e-07, 2.79e-08, 7.05e-10]    []  
STEP 125000 BETA 0.99959928
126000    [9.26e-06, 1.06e-05, 1.35e-06, 1.85e-06, 1.01e-06, 4.30e-08, 2.30e-07, 1.45e-07, 5.87e-08, 2.66e-07, 7.52e-08, 9.68e-07]    [9.26e-06, 1.06e-05, 1.35e-06, 1.85e-06, 1.01e-06, 4.30e-08, 2.30e-07, 1.45e-07, 5.87e-08, 2.66e-07, 7.52e-08, 9.68e-07]    []  
STEP 126000 BETA 0.99964470
127000    [1.32e-06, 7.31e-06, 1.66e-07, 4.99e-07, 6.90e-07, 5.57e-09, 1.33e-07, 1.26e-08, 1.24e-07, 2.21e-07, 2.61e-08, 2.63e-07]    [1.32e-06, 7.31e-06, 1.66e-07, 4.99e-07, 6.90e-07, 5.57e-09, 1.33e-07, 1.26e-08, 1.24e-07, 2.21e-07, 2.61e-08, 2.63e-07]    []  
STEP 127000 BETA 0.99962646
128000    [1.19e-06, 2.94e-06, 1.00e-07, 9.69e-08, 5.07e-07, 6.77e-09, 7.08e-08, 8.74e-09, 4.79e-08, 1.77e-07, 3.88e-09, 3.04e-11]    [1.19e-06, 2.94e-06, 1.00e-07, 9.69e-08, 5.07e-07, 6.77e-09, 7.08e-08, 8.74e-09, 4.79e-08, 1.77e-07, 3.88e-09, 3.04e-11]    []  
STEP 128000 BETA 0.99958247
129000    [3.00e-05, 5.07e-06, 2.62e-06, 4.97e-07, 3.82e-06, 1.43e-08, 1.45e-07, 5.79e-07, 1.06e-07, 4.35e-07, 3.33e-07, 2.15e-09]    [3.00e-05, 5.07e-06, 2.62e-06, 4.97e-07, 3.82e-06, 1.43e-08, 1.45e-07, 5.79e-07, 1.06e-07, 4.35e-07, 3.33e-07, 2.15e-09]    []  
STEP 129000 BETA 0.99963230
130000    [2.72e-06, 3.52e-06, 2.12e-07, 1.40e-07, 2.27e-06, 4.47e-08, 1.60e-07, 3.62e-08, 1.89e-07, 2.40e-07, 6.54e-08, 4.95e-09]    [2.72e-06, 3.52e-06, 2.12e-07, 1.40e-07, 2.27e-06, 4.47e-08, 1.60e-07, 3.62e-08, 1.89e-07, 2.40e-07, 6.54e-08, 4.95e-09]    []  
STEP 130000 BETA 0.99956751
131000    [5.52e-06, 5.12e-06, 1.46e-06, 1.62e-06, 6.55e-06, 3.73e-07, 3.33e-07, 1.92e-08, 3.04e-07, 3.78e-07, 1.58e-07, 9.00e-08]    [5.52e-06, 5.12e-06, 1.46e-06, 1.62e-06, 6.55e-06, 3.73e-07, 3.33e-07, 1.92e-08, 3.04e-07, 3.78e-07, 1.58e-07, 9.00e-08]    []  
STEP 131000 BETA 0.99962211
132000    [6.01e-06, 5.43e-05, 1.48e-06, 6.26e-06, 2.82e-06, 7.64e-08, 1.23e-06, 3.31e-08, 6.09e-07, 5.99e-07, 2.34e-07, 4.52e-06]    [6.01e-06, 5.43e-05, 1.48e-06, 6.26e-06, 2.82e-06, 7.64e-08, 1.23e-06, 3.31e-08, 6.09e-07, 5.99e-07, 2.34e-07, 4.52e-06]    []  
STEP 132000 BETA 0.99961942
133000    [4.37e-06, 8.52e-06, 7.35e-07, 1.60e-06, 1.11e-05, 7.17e-08, 3.91e-07, 5.09e-07, 6.62e-07, 4.11e-07, 5.62e-07, 6.65e-07]    [4.37e-06, 8.52e-06, 7.35e-07, 1.60e-06, 1.11e-05, 7.17e-08, 3.91e-07, 5.09e-07, 6.62e-07, 4.11e-07, 5.62e-07, 6.65e-07]    []  
STEP 133000 BETA 0.99975783
134000    [5.34e-06, 7.09e-06, 1.06e-06, 1.61e-06, 4.60e-06, 8.07e-09, 3.03e-07, 5.83e-07, 1.60e-07, 3.73e-07, 3.50e-07, 4.24e-07]    [5.34e-06, 7.09e-06, 1.06e-06, 1.61e-06, 4.60e-06, 8.07e-09, 3.03e-07, 5.83e-07, 1.60e-07, 3.73e-07, 3.50e-07, 4.24e-07]    []  
STEP 134000 BETA 0.99969494
135000    [1.85e-06, 3.98e-06, 5.38e-07, 7.57e-07, 9.37e-07, 6.98e-08, 8.42e-08, 2.18e-08, 1.13e-07, 2.28e-07, 3.49e-08, 1.40e-08]    [1.85e-06, 3.98e-06, 5.38e-07, 7.57e-07, 9.37e-07, 6.98e-08, 8.42e-08, 2.18e-08, 1.13e-07, 2.28e-07, 3.49e-08, 1.40e-08]    []  
STEP 135000 BETA 0.99960625
136000    [1.09e-06, 2.72e-06, 9.06e-08, 8.42e-08, 4.96e-07, 5.87e-09, 6.73e-08, 1.17e-08, 4.03e-08, 1.69e-07, 3.95e-09, 4.73e-09]    [1.09e-06, 2.72e-06, 9.06e-08, 8.42e-08, 4.96e-07, 5.87e-09, 6.73e-08, 1.17e-08, 4.03e-08, 1.69e-07, 3.95e-09, 4.73e-09]    []  
STEP 136000 BETA 0.99960196
137000    [1.59e-06, 1.27e-05, 3.94e-07, 1.11e-06, 2.40e-06, 9.04e-09, 5.34e-07, 1.57e-07, 4.19e-07, 4.06e-07, 2.32e-07, 7.73e-07]    [1.59e-06, 1.27e-05, 3.94e-07, 1.11e-06, 2.40e-06, 9.04e-09, 5.34e-07, 1.57e-07, 4.19e-07, 4.06e-07, 2.32e-07, 7.73e-07]    []  
STEP 137000 BETA 0.99981338
138000    [2.07e-05, 7.55e-06, 2.48e-06, 2.82e-06, 6.74e-06, 3.30e-07, 2.44e-07, 1.80e-08, 6.63e-07, 4.28e-07, 2.51e-07, 3.05e-07]    [2.07e-05, 7.55e-06, 2.48e-06, 2.82e-06, 6.74e-06, 3.30e-07, 2.44e-07, 1.80e-08, 6.63e-07, 4.28e-07, 2.51e-07, 3.05e-07]    []  
STEP 138000 BETA 0.99957043
139000    [1.10e-06, 2.59e-06, 9.04e-08, 8.13e-08, 4.93e-07, 5.27e-09, 6.84e-08, 1.51e-08, 4.10e-08, 1.52e-07, 1.08e-08, 1.63e-09]    [1.10e-06, 2.59e-06, 9.04e-08, 8.13e-08, 4.93e-07, 5.27e-09, 6.84e-08, 1.51e-08, 4.10e-08, 1.52e-07, 1.08e-08, 1.63e-09]    []  
STEP 139000 BETA 0.99951017
140000    [2.36e-06, 4.67e-06, 1.76e-06, 2.82e-06, 9.12e-07, 6.33e-08, 1.01e-07, 1.78e-07, 4.17e-07, 3.61e-07, 2.26e-07, 5.17e-08]    [2.36e-06, 4.67e-06, 1.76e-06, 2.82e-06, 9.12e-07, 6.33e-08, 1.01e-07, 1.78e-07, 4.17e-07, 3.61e-07, 2.26e-07, 5.17e-08]    []  
STEP 140000 BETA 0.99960005
141000    [5.39e-06, 7.63e-06, 5.42e-06, 8.34e-06, 6.08e-06, 1.07e-07, 2.87e-07, 1.19e-06, 7.51e-07, 7.80e-07, 8.55e-07, 1.10e-06]    [5.39e-06, 7.63e-06, 5.42e-06, 8.34e-06, 6.08e-06, 1.07e-07, 2.87e-07, 1.19e-06, 7.51e-07, 7.80e-07, 8.55e-07, 1.10e-06]    []  
STEP 141000 BETA 0.99958491
142000    [2.36e-06, 2.69e-06, 2.04e-07, 9.15e-08, 4.88e-07, 8.85e-09, 6.76e-08, 1.86e-08, 3.83e-08, 1.57e-07, 1.26e-08, 3.73e-09]    [2.36e-06, 2.69e-06, 2.04e-07, 9.15e-08, 4.88e-07, 8.85e-09, 6.76e-08, 1.86e-08, 3.83e-08, 1.57e-07, 1.26e-08, 3.73e-09]    []  
STEP 142000 BETA 0.99961197
143000    [1.39e-06, 4.70e-06, 4.31e-07, 8.18e-07, 5.46e-07, 8.42e-09, 1.19e-07, 2.06e-08, 4.57e-08, 1.50e-07, 1.31e-08, 3.31e-07]    [1.39e-06, 4.70e-06, 4.31e-07, 8.18e-07, 5.46e-07, 8.42e-09, 1.19e-07, 2.06e-08, 4.57e-08, 1.50e-07, 1.31e-08, 3.31e-07]    []  
STEP 143000 BETA 0.99957919
144000    [2.54e-06, 1.03e-05, 1.14e-06, 2.84e-06, 8.36e-07, 1.22e-08, 2.54e-07, 3.77e-08, 5.14e-08, 2.60e-07, 3.14e-08, 1.30e-06]    [2.54e-06, 1.03e-05, 1.14e-06, 2.84e-06, 8.36e-07, 1.22e-08, 2.54e-07, 3.77e-08, 5.14e-08, 2.60e-07, 3.14e-08, 1.30e-06]    []  
STEP 144000 BETA 0.99957579
145000    [3.33e-05, 5.14e-06, 3.27e-06, 1.33e-06, 1.79e-06, 5.31e-07, 7.61e-08, 1.20e-06, 5.59e-08, 8.10e-07, 6.01e-07, 1.05e-10]    [3.33e-05, 5.14e-06, 3.27e-06, 1.33e-06, 1.79e-06, 5.31e-07, 7.61e-08, 1.20e-06, 5.59e-08, 8.10e-07, 6.01e-07, 1.05e-10]    []  
STEP 145000 BETA 0.99959153
146000    [2.22e-06, 5.83e-06, 7.24e-07, 1.21e-06, 7.17e-07, 1.08e-08, 8.73e-08, 1.39e-08, 8.23e-08, 2.02e-07, 1.42e-08, 4.96e-07]    [2.22e-06, 5.83e-06, 7.24e-07, 1.21e-06, 7.17e-07, 1.08e-08, 8.73e-08, 1.39e-08, 8.23e-08, 2.02e-07, 1.42e-08, 4.96e-07]    []  
STEP 146000 BETA 0.99969095
147000    [4.04e-06, 9.76e-06, 3.93e-07, 7.03e-07, 7.86e-07, 6.39e-09, 9.72e-08, 4.20e-08, 5.52e-08, 1.83e-07, 3.55e-08, 6.48e-07]    [4.04e-06, 9.76e-06, 3.93e-07, 7.03e-07, 7.86e-07, 6.39e-09, 9.72e-08, 4.20e-08, 5.52e-08, 1.83e-07, 3.55e-08, 6.48e-07]    []  
STEP 147000 BETA 0.99961287
148000    [1.11e-06, 2.91e-06, 1.82e-07, 2.68e-07, 4.53e-07, 1.22e-08, 7.86e-08, 3.20e-08, 6.07e-08, 1.77e-07, 1.59e-08, 1.15e-08]    [1.11e-06, 2.91e-06, 1.82e-07, 2.68e-07, 4.53e-07, 1.22e-08, 7.86e-08, 3.20e-08, 6.07e-08, 1.77e-07, 1.59e-08, 1.15e-08]    []  
STEP 148000 BETA 0.99956822
149000    [1.01e-06, 2.35e-06, 8.41e-08, 6.72e-08, 4.10e-07, 4.45e-09, 6.66e-08, 1.00e-08, 3.45e-08, 1.44e-07, 5.19e-09, 1.33e-10]    [1.01e-06, 2.35e-06, 8.41e-08, 6.72e-08, 4.10e-07, 4.45e-09, 6.66e-08, 1.00e-08, 3.45e-08, 1.44e-07, 5.19e-09, 1.33e-10]    []  
STEP 149000 BETA 0.99962306
150000    [7.71e-06, 1.46e-05, 2.57e-06, 3.04e-06, 3.79e-06, 7.34e-08, 1.14e-07, 1.91e-07, 4.05e-07, 2.40e-07, 2.88e-07, 1.62e-07]    [7.71e-06, 1.46e-05, 2.57e-06, 3.04e-06, 3.79e-06, 7.34e-08, 1.14e-07, 1.91e-07, 4.05e-07, 2.40e-07, 2.88e-07, 1.62e-07]    []  
STEP 150000 BETA 0.99990916

Best model at step 149000:
  train loss: 4.18e-06
  test loss: 4.18e-06
  test metric: []

'train' took 15286.508950 s

RUN_COMPLETE {'case': 'A5', 'iterations': 150000, 'elapsed_seconds': 15286.50898528099, 'final_beta': [0.9999091625213623], 'final_A_or_beta0': 0.9999091625213623, 'true_A': 1.0, 'relative_l2': {'ux': 0.0414407971866803, 'uy': 0.005783485317523564, 'sxx': 0.3851395600269065, 'syy': 0.08865201558658982, 'sxy': 0.3296677962889357, 'K': 0.255175866861023, 'mu': 0.24815348904007015, 'E': 0.15506665062815206, 'nu': 0.3804096158856773}, 'split_relative_l2': {'evaluation': {'ux': 0.0414407971866803, 'uy': 0.005783485317523564, 'sxx': 0.3851395600269065, 'syy': 0.08865201558658982, 'sxy': 0.3296677962889357, 'K': 0.255175866861023, 'mu': 0.24815348904007015, 'E': 0.15506665062815206, 'nu': 0.3804096158856773}, 'validation': {'ux': 0.03568868817347273, 'uy': 0.0054196341088232685, 'sxx': 0.3854317988379441, 'syy': 0.08728581906577063, 'sxy': 0.3079457018731952, 'K': 0.2578098921520556, 'mu': 0.2403963537237601, 'E': 0.14856086193404872, 'nu': 0.3788491376408935}, 'train': {'ux': 0.030693890106260363, 'uy': 0.005174827414463948, 'sxx': 0.3869048325601398, 'syy': 0.08638985995620703, 'sxy': 0.2852870240419601, 'K': 0.261878504774423, 'mu': 0.2316831829454648, 'E': 0.14056608976249513, 'nu': 0.3795950879123088}}, 'true_reaction_y': 0.27722135186195374, 'pred_reaction_y': 0.27681905031204224, 'pred_reaction_y_stress_branch': 0.27681905031204224, 'pred_reaction_y_constitutive': 0.2765811085700989, 'reaction_rel_error': 0.0014511925117167005, 'reaction_rel_error_stress_branch': 0.0014511925117167005, 'reaction_rel_error_constitutive': 0.002309502091207488, 'equilibrium_form': 'mixed', 'reaction_form': 'stress', 'run_note': 'PFNN_learnable_boundary_amplitude_with_anchors_and_reaction_formal150k', 'best_step': 149000, 'eval_checkpoint': 'best', 'eval_checkpoint_path': '/public/home/xinxi/wxtian/WXTIAN/PINN/deepxde/boundary_uncertainty_pinn/exp/01.FormalKeyAblation/A5/model/final_model-150000.pt', 'final_model_path': '/public/home/xinxi/wxtian/WXTIAN/PINN/deepxde/boundary_uncertainty_pinn/exp/01.FormalKeyAblation/A5/model/final_model-150000.pt', 'final_train_loss_sum': 3.3150619856314734e-05, 'final_test_loss_sum': 3.3150619856314734e-05, 'independent_test_loss_available': False, 'loss_history_interval': 1000, 'num_trainable_parameters': 34279}
