Using backend: pytorch
Other supported backends: tensorflow.compat.v1, tensorflow, jax, paddle.
paddle supports more examples now and is recommended.
Compiling model...
'compile' took 0.589545 s

Training model...

Step      Train loss                                                                                                        Test loss                                                                                                         Test metric
0         [9.91e-02, 1.34e-01, 3.66e-02, 4.19e-01, 4.38e-02, 2.25e-03, 2.77e-04, 6.68e-02, 2.16e-02, 1.25e-02, 4.19e-02]    [9.91e-02, 1.34e-01, 3.66e-02, 4.19e-01, 4.38e-02, 2.25e-03, 2.77e-04, 6.68e-02, 2.16e-02, 1.25e-02, 4.19e-02]    []  
1000      [9.26e-04, 2.63e-03, 1.78e-04, 2.38e-04, 4.57e-04, 1.01e-05, 1.94e-05, 1.59e-06, 6.58e-05, 5.01e-05, 2.94e-05]    [9.26e-04, 2.63e-03, 1.78e-04, 2.38e-04, 4.57e-04, 1.01e-05, 1.94e-05, 1.59e-06, 6.58e-05, 5.01e-05, 2.94e-05]    []  
STEP 1000 BETA 0.99078584
2000      [1.20e-03, 2.17e-03, 3.13e-04, 2.71e-04, 4.65e-04, 3.65e-05, 4.00e-05, 9.03e-05, 1.01e-04, 5.07e-05, 9.27e-05]    [1.20e-03, 2.17e-03, 3.13e-04, 2.71e-04, 4.65e-04, 3.65e-05, 4.00e-05, 9.03e-05, 1.01e-04, 5.07e-05, 9.27e-05]    []  
STEP 2000 BETA 0.99762011
3000      [6.96e-04, 4.80e-04, 7.27e-05, 1.55e-04, 5.41e-05, 1.43e-05, 1.99e-05, 5.38e-06, 4.05e-05, 1.85e-05, 2.49e-05]    [6.96e-04, 4.80e-04, 7.27e-05, 1.55e-04, 5.41e-05, 1.43e-05, 1.99e-05, 5.38e-06, 4.05e-05, 1.85e-05, 2.49e-05]    []  
STEP 3000 BETA 1.00374258
4000      [6.59e-04, 3.81e-04, 3.81e-05, 1.30e-04, 3.13e-05, 1.08e-05, 1.04e-05, 7.05e-06, 1.83e-05, 1.60e-05, 1.21e-05]    [6.59e-04, 3.81e-04, 3.81e-05, 1.30e-04, 3.13e-05, 1.08e-05, 1.04e-05, 7.05e-06, 1.83e-05, 1.60e-05, 1.21e-05]    []  
STEP 4000 BETA 1.00309396
5000      [5.97e-04, 2.91e-04, 2.39e-05, 1.04e-04, 1.73e-05, 4.13e-06, 1.13e-05, 4.30e-06, 1.22e-05, 1.02e-05, 7.08e-06]    [5.97e-04, 2.91e-04, 2.39e-05, 1.04e-04, 1.73e-05, 4.13e-06, 1.13e-05, 4.30e-06, 1.22e-05, 1.02e-05, 7.08e-06]    []  
STEP 5000 BETA 1.00288212
6000      [5.24e-04, 2.61e-04, 2.60e-05, 1.09e-04, 3.22e-05, 2.47e-06, 1.30e-05, 4.95e-06, 6.51e-06, 1.41e-05, 4.90e-06]    [5.24e-04, 2.61e-04, 2.60e-05, 1.09e-04, 3.22e-05, 2.47e-06, 1.30e-05, 4.95e-06, 6.51e-06, 1.41e-05, 4.90e-06]    []  
STEP 6000 BETA 1.00527430
7000      [4.41e-04, 2.13e-04, 2.28e-05, 7.49e-05, 8.76e-06, 1.31e-06, 6.19e-06, 2.59e-06, 4.52e-06, 1.15e-05, 2.11e-06]    [4.41e-04, 2.13e-04, 2.28e-05, 7.49e-05, 8.76e-06, 1.31e-06, 6.19e-06, 2.59e-06, 4.52e-06, 1.15e-05, 2.11e-06]    []  
STEP 7000 BETA 1.00422156
8000      [3.64e-04, 2.25e-04, 4.97e-05, 8.52e-05, 3.66e-05, 9.90e-06, 1.23e-05, 2.57e-06, 4.63e-06, 1.38e-05, 2.10e-06]    [3.64e-04, 2.25e-04, 4.97e-05, 8.52e-05, 3.66e-05, 9.90e-06, 1.23e-05, 2.57e-06, 4.63e-06, 1.38e-05, 2.10e-06]    []  
STEP 8000 BETA 1.00353384
9000      [3.05e-04, 1.88e-04, 2.99e-05, 5.14e-05, 1.02e-05, 2.27e-06, 2.06e-06, 2.19e-06, 3.47e-06, 1.18e-05, 1.09e-06]    [3.05e-04, 1.88e-04, 2.99e-05, 5.14e-05, 1.02e-05, 2.27e-06, 2.06e-06, 2.19e-06, 3.47e-06, 1.18e-05, 1.09e-06]    []  
STEP 9000 BETA 1.00502694
10000     [2.58e-04, 1.90e-04, 3.06e-05, 4.02e-05, 6.18e-06, 2.35e-06, 3.58e-07, 2.09e-06, 3.68e-06, 8.05e-06, 2.68e-06]    [2.58e-04, 1.90e-04, 3.06e-05, 4.02e-05, 6.18e-06, 2.35e-06, 3.58e-07, 2.09e-06, 3.68e-06, 8.05e-06, 2.68e-06]    []  
STEP 10000 BETA 1.00372601
11000     [2.20e-04, 4.66e-04, 2.67e-05, 4.66e-05, 1.93e-05, 1.89e-06, 4.34e-07, 6.24e-06, 3.34e-06, 7.59e-06, 4.98e-06]    [2.20e-04, 4.66e-04, 2.67e-05, 4.66e-05, 1.93e-05, 1.89e-06, 4.34e-07, 6.24e-06, 3.34e-06, 7.59e-06, 4.98e-06]    []  
STEP 11000 BETA 1.00384176
12000     [1.74e-04, 1.61e-04, 2.04e-05, 2.34e-05, 4.79e-06, 8.35e-07, 9.19e-08, 6.82e-07, 1.61e-06, 7.82e-06, 8.06e-07]    [1.74e-04, 1.61e-04, 2.04e-05, 2.34e-05, 4.79e-06, 8.35e-07, 9.19e-08, 6.82e-07, 1.61e-06, 7.82e-06, 8.06e-07]    []  
STEP 12000 BETA 1.00216246
13000     [1.42e-04, 1.80e-04, 1.74e-05, 2.08e-05, 5.13e-06, 5.86e-07, 1.40e-06, 6.04e-07, 3.01e-06, 8.01e-06, 1.67e-06]    [1.42e-04, 1.80e-04, 1.74e-05, 2.08e-05, 5.13e-06, 5.86e-07, 1.40e-06, 6.04e-07, 3.01e-06, 8.01e-06, 1.67e-06]    []  
STEP 13000 BETA 1.00131321
14000     [1.18e-04, 1.74e-04, 1.50e-05, 1.57e-05, 3.22e-06, 3.75e-07, 1.07e-06, 1.00e-06, 3.35e-06, 8.79e-06, 1.86e-06]    [1.18e-04, 1.74e-04, 1.50e-05, 1.57e-05, 3.22e-06, 3.75e-07, 1.07e-06, 1.00e-06, 3.35e-06, 8.79e-06, 1.86e-06]    []  
STEP 14000 BETA 1.00057352
15000     [9.96e-05, 1.36e-04, 9.45e-06, 1.03e-05, 2.52e-06, 9.55e-07, 6.86e-07, 1.85e-07, 1.21e-06, 6.59e-06, 4.94e-07]    [9.96e-05, 1.36e-04, 9.45e-06, 1.03e-05, 2.52e-06, 9.55e-07, 6.86e-07, 1.85e-07, 1.21e-06, 6.59e-06, 4.94e-07]    []  
STEP 15000 BETA 1.00076842
16000     [1.09e-04, 8.93e-04, 1.84e-05, 6.77e-05, 3.02e-05, 4.10e-07, 3.88e-07, 1.26e-05, 3.62e-06, 5.48e-06, 7.54e-06]    [1.09e-04, 8.93e-04, 1.84e-05, 6.77e-05, 3.02e-05, 4.10e-07, 3.88e-07, 1.26e-05, 3.62e-06, 5.48e-06, 7.54e-06]    []  
STEP 16000 BETA 1.00012028
17000     [7.46e-05, 1.45e-04, 8.84e-06, 9.93e-06, 2.15e-06, 3.32e-07, 2.24e-07, 7.77e-07, 1.20e-06, 4.07e-06, 7.38e-07]    [7.46e-05, 1.45e-04, 8.84e-06, 9.93e-06, 2.15e-06, 3.32e-07, 2.24e-07, 7.77e-07, 1.20e-06, 4.07e-06, 7.38e-07]    []  
STEP 17000 BETA 0.99993336
18000     [1.33e-04, 1.20e-04, 1.13e-05, 1.48e-05, 5.67e-06, 1.17e-06, 2.35e-06, 2.55e-07, 7.06e-07, 4.30e-06, 3.61e-07]    [1.33e-04, 1.20e-04, 1.13e-05, 1.48e-05, 5.67e-06, 1.17e-06, 2.35e-06, 2.55e-07, 7.06e-07, 4.30e-06, 3.61e-07]    []  
STEP 18000 BETA 1.00011671
19000     [7.02e-05, 1.35e-04, 6.83e-06, 7.65e-06, 2.15e-06, 4.17e-07, 4.54e-07, 1.45e-07, 1.63e-06, 4.22e-06, 6.84e-07]    [7.02e-05, 1.35e-04, 6.83e-06, 7.65e-06, 2.15e-06, 4.17e-07, 4.54e-07, 1.45e-07, 1.63e-06, 4.22e-06, 6.84e-07]    []  
STEP 19000 BETA 1.00056946
20000     [6.13e-05, 1.10e-04, 1.37e-05, 1.32e-05, 1.76e-06, 1.25e-06, 1.50e-07, 6.28e-07, 2.65e-06, 4.15e-06, 1.57e-06]    [6.13e-05, 1.10e-04, 1.37e-05, 1.32e-05, 1.76e-06, 1.25e-06, 1.50e-07, 6.28e-07, 2.65e-06, 4.15e-06, 1.57e-06]    []  
STEP 20000 BETA 1.00020111
21000     [6.84e-05, 1.09e-04, 6.06e-06, 4.11e-06, 2.13e-06, 1.10e-06, 8.20e-08, 4.12e-07, 2.87e-07, 3.70e-06, 2.72e-07]    [6.84e-05, 1.09e-04, 6.06e-06, 4.11e-06, 2.13e-06, 1.10e-06, 8.20e-08, 4.12e-07, 2.87e-07, 3.70e-06, 2.72e-07]    []  
STEP 21000 BETA 1.00144494
22000     [5.99e-05, 1.22e-04, 7.74e-06, 1.71e-05, 1.11e-05, 1.73e-06, 4.85e-06, 6.43e-07, 7.69e-07, 4.95e-06, 7.16e-07]    [5.99e-05, 1.22e-04, 7.74e-06, 1.71e-05, 1.11e-05, 1.73e-06, 4.85e-06, 6.43e-07, 7.69e-07, 4.95e-06, 7.16e-07]    []  
STEP 22000 BETA 1.00048661
23000     [4.71e-05, 9.74e-05, 4.67e-06, 3.77e-06, 1.74e-06, 2.76e-07, 5.21e-08, 3.05e-07, 4.10e-07, 3.10e-06, 2.62e-07]    [4.71e-05, 9.74e-05, 4.67e-06, 3.77e-06, 1.74e-06, 2.76e-07, 5.21e-08, 3.05e-07, 4.10e-07, 3.10e-06, 2.62e-07]    []  
STEP 23000 BETA 1.00033748
24000     [3.91e-05, 9.47e-05, 4.07e-06, 2.92e-06, 6.74e-06, 3.81e-07, 1.02e-06, 1.18e-06, 8.82e-07, 4.25e-06, 9.73e-07]    [3.91e-05, 9.47e-05, 4.07e-06, 2.92e-06, 6.74e-06, 3.81e-07, 1.02e-06, 1.18e-06, 8.82e-07, 4.25e-06, 9.73e-07]    []  
STEP 24000 BETA 1.00046778
25000     [3.54e-05, 8.67e-05, 3.63e-06, 2.65e-06, 1.59e-06, 2.11e-07, 2.71e-08, 2.23e-07, 2.05e-07, 2.87e-06, 1.07e-07]    [3.54e-05, 8.67e-05, 3.63e-06, 2.65e-06, 1.59e-06, 2.11e-07, 2.71e-08, 2.23e-07, 2.05e-07, 2.87e-06, 1.07e-07]    []  
STEP 25000 BETA 1.00014293
26000     [3.58e-05, 8.72e-05, 1.15e-05, 7.60e-06, 1.84e-06, 4.08e-07, 1.17e-07, 6.14e-07, 1.46e-06, 2.90e-06, 8.52e-07]    [3.58e-05, 8.72e-05, 1.15e-05, 7.60e-06, 1.84e-06, 4.08e-07, 1.17e-07, 6.14e-07, 1.46e-06, 2.90e-06, 8.52e-07]    []  
STEP 26000 BETA 1.00003898
27000     [3.11e-05, 7.76e-05, 3.16e-06, 2.66e-06, 1.67e-06, 2.58e-07, 4.02e-08, 1.70e-07, 1.16e-07, 2.74e-06, 9.75e-08]    [3.11e-05, 7.76e-05, 3.16e-06, 2.66e-06, 1.67e-06, 2.58e-07, 4.02e-08, 1.70e-07, 1.16e-07, 2.74e-06, 9.75e-08]    []  
STEP 27000 BETA 1.00045991
28000     [3.14e-05, 7.37e-05, 4.03e-06, 2.62e-06, 1.91e-06, 3.10e-07, 4.01e-08, 1.74e-07, 1.67e-07, 2.26e-06, 8.44e-08]    [3.14e-05, 7.37e-05, 4.03e-06, 2.62e-06, 1.91e-06, 3.10e-07, 4.01e-08, 1.74e-07, 1.67e-07, 2.26e-06, 8.44e-08]    []  
STEP 28000 BETA 1.00018060
29000     [2.99e-05, 6.91e-05, 3.69e-06, 2.85e-06, 4.71e-06, 3.92e-07, 6.02e-07, 3.36e-07, 5.75e-07, 2.88e-06, 4.02e-07]    [2.99e-05, 6.91e-05, 3.69e-06, 2.85e-06, 4.71e-06, 3.92e-07, 6.02e-07, 3.36e-07, 5.75e-07, 2.88e-06, 4.02e-07]    []  
STEP 29000 BETA 1.00031126
30000     [2.64e-05, 7.42e-05, 2.57e-06, 3.80e-06, 2.16e-06, 2.40e-07, 4.92e-07, 9.34e-08, 3.25e-07, 2.21e-06, 1.73e-07]    [2.64e-05, 7.42e-05, 2.57e-06, 3.80e-06, 2.16e-06, 2.40e-07, 4.92e-07, 9.34e-08, 3.25e-07, 2.21e-06, 1.73e-07]    []  
STEP 30000 BETA 0.99995750
31000     [2.75e-05, 5.86e-05, 6.28e-06, 3.94e-06, 4.53e-06, 4.98e-07, 3.68e-07, 2.48e-07, 1.09e-06, 2.37e-06, 5.95e-07]    [2.75e-05, 5.86e-05, 6.28e-06, 3.94e-06, 4.53e-06, 4.98e-07, 3.68e-07, 2.48e-07, 1.09e-06, 2.37e-06, 5.95e-07]    []  
STEP 31000 BETA 1.00032723
32000     [2.76e-05, 5.42e-05, 3.90e-06, 4.40e-06, 2.16e-06, 2.54e-07, 1.38e-07, 3.71e-07, 9.85e-07, 1.81e-06, 5.90e-07]    [2.76e-05, 5.42e-05, 3.90e-06, 4.40e-06, 2.16e-06, 2.54e-07, 1.38e-07, 3.71e-07, 9.85e-07, 1.81e-06, 5.90e-07]    []  
STEP 32000 BETA 1.00017798
33000     [2.25e-05, 5.04e-05, 2.19e-06, 2.15e-06, 1.43e-06, 2.27e-07, 7.41e-08, 1.38e-07, 1.06e-07, 1.56e-06, 1.06e-07]    [2.25e-05, 5.04e-05, 2.19e-06, 2.15e-06, 1.43e-06, 2.27e-07, 7.41e-08, 1.38e-07, 1.06e-07, 1.56e-06, 1.06e-07]    []  
STEP 33000 BETA 0.99991333
34000     [2.69e-05, 4.78e-05, 3.06e-06, 2.18e-06, 1.67e-06, 2.68e-07, 5.72e-08, 2.84e-07, 9.10e-08, 1.48e-06, 1.79e-07]    [2.69e-05, 4.78e-05, 3.06e-06, 2.18e-06, 1.67e-06, 2.68e-07, 5.72e-08, 2.84e-07, 9.10e-08, 1.48e-06, 1.79e-07]    []  
STEP 34000 BETA 1.00008154
35000     [4.87e-05, 8.38e-05, 7.44e-06, 2.39e-05, 1.05e-05, 3.48e-07, 1.24e-06, 2.46e-06, 1.65e-06, 2.07e-06, 2.07e-06]    [4.87e-05, 8.38e-05, 7.44e-06, 2.39e-05, 1.05e-05, 3.48e-07, 1.24e-06, 2.46e-06, 1.65e-06, 2.07e-06, 2.07e-06]    []  
STEP 35000 BETA 0.99989659
36000     [1.97e-05, 4.00e-05, 2.41e-06, 2.17e-06, 2.02e-06, 2.40e-07, 1.01e-07, 2.23e-07, 2.32e-07, 1.15e-06, 1.69e-07]    [1.97e-05, 4.00e-05, 2.41e-06, 2.17e-06, 2.02e-06, 2.40e-07, 1.01e-07, 2.23e-07, 2.32e-07, 1.15e-06, 1.69e-07]    []  
STEP 36000 BETA 0.99985433
37000     [1.93e-05, 4.40e-05, 2.11e-06, 5.08e-06, 5.16e-06, 5.57e-07, 3.39e-07, 2.34e-07, 1.59e-06, 1.42e-06, 7.84e-07]    [1.93e-05, 4.40e-05, 2.11e-06, 5.08e-06, 5.16e-06, 5.57e-07, 3.39e-07, 2.34e-07, 1.59e-06, 1.42e-06, 7.84e-07]    []  
STEP 37000 BETA 0.99994826
38000     [1.72e-05, 3.20e-05, 1.81e-06, 2.20e-06, 1.01e-06, 2.32e-07, 3.56e-08, 1.79e-08, 9.06e-08, 9.47e-07, 4.38e-08]    [1.72e-05, 3.20e-05, 1.81e-06, 2.20e-06, 1.01e-06, 2.32e-07, 3.56e-08, 1.79e-08, 9.06e-08, 9.47e-07, 4.38e-08]    []  
STEP 38000 BETA 0.99962419
39000     [1.72e-05, 3.47e-05, 3.87e-06, 8.02e-06, 3.17e-06, 1.37e-06, 3.72e-07, 1.04e-07, 4.82e-07, 1.42e-06, 2.79e-07]    [1.72e-05, 3.47e-05, 3.87e-06, 8.02e-06, 3.17e-06, 1.37e-06, 3.72e-07, 1.04e-07, 4.82e-07, 1.42e-06, 2.79e-07]    []  
STEP 39000 BETA 0.99995118
40000     [1.95e-05, 3.61e-05, 1.91e-06, 3.49e-06, 2.83e-05, 5.14e-06, 3.06e-06, 1.14e-07, 2.56e-06, 2.38e-06, 1.17e-06]    [1.95e-05, 3.61e-05, 1.91e-06, 3.49e-06, 2.83e-05, 5.14e-06, 3.06e-06, 1.14e-07, 2.56e-06, 2.38e-06, 1.17e-06]    []  
STEP 40000 BETA 0.99990922
41000     [1.95e-05, 6.83e-05, 1.99e-06, 7.06e-06, 1.79e-05, 1.96e-06, 3.59e-06, 1.13e-07, 2.90e-06, 3.05e-06, 1.42e-06]    [1.95e-05, 6.83e-05, 1.99e-06, 7.06e-06, 1.79e-05, 1.96e-06, 3.59e-06, 1.13e-07, 2.90e-06, 3.05e-06, 1.42e-06]    []  
STEP 41000 BETA 1.00006449
42000     [3.64e-05, 7.54e-05, 7.03e-06, 1.46e-05, 7.68e-06, 5.81e-07, 1.24e-07, 1.13e-06, 2.31e-06, 1.68e-06, 1.71e-06]    [3.64e-05, 7.54e-05, 7.03e-06, 1.46e-05, 7.68e-06, 5.81e-07, 1.24e-07, 1.13e-06, 2.31e-06, 1.68e-06, 1.71e-06]    []  
STEP 42000 BETA 0.99984080
43000     [3.26e-05, 7.92e-05, 3.24e-06, 7.68e-06, 1.51e-05, 5.86e-07, 3.40e-06, 9.98e-07, 2.66e-06, 2.52e-06, 1.80e-06]    [3.26e-05, 7.92e-05, 3.24e-06, 7.68e-06, 1.51e-05, 5.86e-07, 3.40e-06, 9.98e-07, 2.66e-06, 2.52e-06, 1.80e-06]    []  
STEP 43000 BETA 0.99986309
44000     [1.37e-05, 2.35e-05, 1.60e-06, 2.16e-06, 1.13e-06, 2.55e-07, 4.40e-08, 2.56e-08, 2.54e-07, 8.20e-07, 7.59e-08]    [1.37e-05, 2.35e-05, 1.60e-06, 2.16e-06, 1.13e-06, 2.55e-07, 4.40e-08, 2.56e-08, 2.54e-07, 8.20e-07, 7.59e-08]    []  
STEP 44000 BETA 0.99964678
45000     [1.49e-05, 7.67e-05, 1.20e-06, 7.43e-06, 2.24e-06, 2.35e-07, 7.04e-07, 1.35e-08, 3.53e-07, 1.03e-06, 1.11e-07]    [1.49e-05, 7.67e-05, 1.20e-06, 7.43e-06, 2.24e-06, 2.35e-07, 7.04e-07, 1.35e-08, 3.53e-07, 1.03e-06, 1.11e-07]    []  
STEP 45000 BETA 0.99980420
46000     [1.23e-05, 2.04e-05, 9.53e-07, 1.60e-06, 1.05e-06, 2.21e-07, 3.83e-08, 9.24e-09, 7.88e-08, 7.77e-07, 6.27e-09]    [1.23e-05, 2.04e-05, 9.53e-07, 1.60e-06, 1.05e-06, 2.21e-07, 3.83e-08, 9.24e-09, 7.88e-08, 7.77e-07, 6.27e-09]    []  
STEP 46000 BETA 0.99970901
47000     [1.56e-05, 2.21e-05, 4.52e-06, 3.22e-06, 3.66e-06, 9.85e-07, 2.04e-07, 8.09e-08, 2.30e-07, 8.43e-07, 1.34e-07]    [1.56e-05, 2.21e-05, 4.52e-06, 3.22e-06, 3.66e-06, 9.85e-07, 2.04e-07, 8.09e-08, 2.30e-07, 8.43e-07, 1.34e-07]    []  
STEP 47000 BETA 0.99986827
48000     [1.47e-05, 2.14e-05, 1.35e-06, 5.15e-06, 1.73e-06, 3.53e-07, 3.68e-07, 1.13e-08, 1.25e-07, 9.38e-07, 3.72e-08]    [1.47e-05, 2.14e-05, 1.35e-06, 5.15e-06, 1.73e-06, 3.53e-07, 3.68e-07, 1.13e-08, 1.25e-07, 9.38e-07, 3.72e-08]    []  
STEP 48000 BETA 0.99992490
49000     [2.23e-05, 1.21e-04, 1.29e-05, 2.40e-05, 3.14e-06, 2.95e-07, 7.41e-07, 2.05e-07, 5.79e-07, 9.72e-07, 3.74e-07]    [2.23e-05, 1.21e-04, 1.29e-05, 2.40e-05, 3.14e-06, 2.95e-07, 7.41e-07, 2.05e-07, 5.79e-07, 9.72e-07, 3.74e-07]    []  
STEP 49000 BETA 0.99982506
50000     [2.61e-05, 5.78e-05, 4.71e-06, 4.71e-06, 1.17e-05, 9.98e-07, 4.52e-07, 5.28e-07, 4.72e-07, 8.90e-07, 4.86e-07]    [2.61e-05, 5.78e-05, 4.71e-06, 4.71e-06, 1.17e-05, 9.98e-07, 4.52e-07, 5.28e-07, 4.72e-07, 8.90e-07, 4.86e-07]    []  
STEP 50000 BETA 0.99993163
51000     [1.08e-05, 2.68e-05, 9.23e-07, 2.31e-06, 5.61e-06, 1.06e-06, 1.99e-07, 4.37e-08, 4.29e-07, 9.04e-07, 1.68e-07]    [1.08e-05, 2.68e-05, 9.23e-07, 2.31e-06, 5.61e-06, 1.06e-06, 1.99e-07, 4.37e-08, 4.29e-07, 9.04e-07, 1.68e-07]    []  
STEP 51000 BETA 0.99984270
52000     [1.34e-05, 1.67e-05, 2.14e-06, 4.18e-06, 1.14e-06, 2.33e-07, 6.48e-08, 2.16e-08, 4.12e-07, 7.97e-07, 2.17e-07]    [1.34e-05, 1.67e-05, 2.14e-06, 4.18e-06, 1.14e-06, 2.33e-07, 6.48e-08, 2.16e-08, 4.12e-07, 7.97e-07, 2.17e-07]    []  
STEP 52000 BETA 0.99980634
53000     [1.52e-05, 3.69e-05, 1.63e-06, 2.80e-06, 3.89e-06, 5.91e-07, 9.06e-08, 6.25e-08, 2.15e-07, 9.40e-07, 1.01e-07]    [1.52e-05, 3.69e-05, 1.63e-06, 2.80e-06, 3.89e-06, 5.91e-07, 9.06e-08, 6.25e-08, 2.15e-07, 9.40e-07, 1.01e-07]    []  
STEP 53000 BETA 0.99978757
54000     [8.80e-06, 1.44e-05, 7.76e-07, 1.11e-06, 2.28e-06, 4.00e-07, 1.46e-07, 2.41e-08, 1.94e-07, 8.12e-07, 5.68e-08]    [8.80e-06, 1.44e-05, 7.76e-07, 1.11e-06, 2.28e-06, 4.00e-07, 1.46e-07, 2.41e-08, 1.94e-07, 8.12e-07, 5.68e-08]    []  
STEP 54000 BETA 0.99982905
55000     [8.78e-06, 1.41e-05, 8.54e-07, 1.36e-06, 1.14e-06, 2.03e-07, 2.91e-08, 1.67e-08, 1.39e-07, 7.44e-07, 6.91e-08]    [8.78e-06, 1.41e-05, 8.54e-07, 1.36e-06, 1.14e-06, 2.03e-07, 2.91e-08, 1.67e-08, 1.39e-07, 7.44e-07, 6.91e-08]    []  
STEP 55000 BETA 0.99965060
56000     [9.19e-06, 2.71e-05, 1.44e-06, 2.40e-06, 1.45e-06, 2.23e-07, 3.68e-08, 6.34e-08, 3.77e-07, 8.98e-07, 1.52e-07]    [9.19e-06, 2.71e-05, 1.44e-06, 2.40e-06, 1.45e-06, 2.23e-07, 3.68e-08, 6.34e-08, 3.77e-07, 8.98e-07, 1.52e-07]    []  
STEP 56000 BETA 0.99970400
57000     [9.37e-06, 1.45e-05, 6.89e-06, 5.24e-06, 9.82e-07, 2.66e-07, 3.18e-08, 1.54e-07, 7.70e-07, 9.91e-07, 3.62e-07]    [9.37e-06, 1.45e-05, 6.89e-06, 5.24e-06, 9.82e-07, 2.66e-07, 3.18e-08, 1.54e-07, 7.70e-07, 9.91e-07, 3.62e-07]    []  
STEP 57000 BETA 0.99958199
58000     [7.63e-06, 1.38e-05, 9.06e-07, 9.51e-07, 5.05e-06, 5.94e-07, 5.12e-07, 6.24e-08, 8.85e-07, 1.10e-06, 3.58e-07]    [7.63e-06, 1.38e-05, 9.06e-07, 9.51e-07, 5.05e-06, 5.94e-07, 5.12e-07, 6.24e-08, 8.85e-07, 1.10e-06, 3.58e-07]    []  
STEP 58000 BETA 0.99972934
59000     [8.60e-06, 6.75e-05, 1.82e-06, 5.15e-06, 3.35e-06, 4.07e-07, 9.43e-07, 1.16e-07, 1.35e-06, 1.42e-06, 7.39e-07]    [8.60e-06, 6.75e-05, 1.82e-06, 5.15e-06, 3.35e-06, 4.07e-07, 9.43e-07, 1.16e-07, 1.35e-06, 1.42e-06, 7.39e-07]    []  
STEP 59000 BETA 0.99987525
60000     [6.37e-06, 1.48e-05, 7.47e-07, 1.12e-06, 1.03e-06, 2.15e-07, 3.26e-08, 8.10e-09, 7.00e-08, 7.06e-07, 9.80e-09]    [6.37e-06, 1.48e-05, 7.47e-07, 1.12e-06, 1.03e-06, 2.15e-07, 3.26e-08, 8.10e-09, 7.00e-08, 7.06e-07, 9.80e-09]    []  
STEP 60000 BETA 0.99966484
61000     [1.01e-05, 1.07e-04, 2.01e-06, 1.11e-05, 6.01e-06, 7.00e-07, 2.63e-06, 8.75e-08, 2.00e-06, 2.22e-06, 8.40e-07]    [1.01e-05, 1.07e-04, 2.01e-06, 1.11e-05, 6.01e-06, 7.00e-07, 2.63e-06, 8.75e-08, 2.00e-06, 2.22e-06, 8.40e-07]    []  
STEP 61000 BETA 0.99966627
62000     [6.35e-06, 1.77e-05, 8.68e-07, 1.19e-06, 3.84e-06, 7.63e-07, 1.51e-07, 1.70e-08, 2.11e-07, 8.43e-07, 9.18e-08]    [6.35e-06, 1.77e-05, 8.68e-07, 1.19e-06, 3.84e-06, 7.63e-07, 1.51e-07, 1.70e-08, 2.11e-07, 8.43e-07, 9.18e-08]    []  
STEP 62000 BETA 0.99969101
63000     [6.60e-06, 5.98e-05, 1.24e-06, 6.14e-06, 1.84e-06, 1.86e-07, 5.31e-07, 2.06e-08, 2.32e-07, 8.90e-07, 5.58e-08]    [6.60e-06, 5.98e-05, 1.24e-06, 6.14e-06, 1.84e-06, 1.86e-07, 5.31e-07, 2.06e-08, 2.32e-07, 8.90e-07, 5.58e-08]    []  
STEP 63000 BETA 0.99968976
64000     [4.71e-06, 1.26e-05, 1.50e-06, 1.89e-06, 1.55e-06, 3.47e-07, 5.55e-08, 2.80e-08, 1.70e-07, 6.79e-07, 9.86e-08]    [4.71e-06, 1.26e-05, 1.50e-06, 1.89e-06, 1.55e-06, 3.47e-07, 5.55e-08, 2.80e-08, 1.70e-07, 6.79e-07, 9.86e-08]    []  
STEP 64000 BETA 0.99963760
65000     [7.65e-06, 5.19e-05, 1.23e-05, 2.48e-05, 1.18e-06, 3.83e-07, 8.59e-07, 1.58e-07, 1.20e-06, 1.10e-06, 5.54e-07]    [7.65e-06, 5.19e-05, 1.23e-05, 2.48e-05, 1.18e-06, 3.83e-07, 8.59e-07, 1.58e-07, 1.20e-06, 1.10e-06, 5.54e-07]    []  
STEP 65000 BETA 0.99962145
66000     [5.06e-06, 5.03e-05, 5.69e-06, 1.72e-05, 1.29e-06, 2.86e-07, 7.77e-07, 8.98e-08, 3.98e-07, 7.90e-07, 2.55e-07]    [5.06e-06, 5.03e-05, 5.69e-06, 1.72e-05, 1.29e-06, 2.86e-07, 7.77e-07, 8.98e-08, 3.98e-07, 7.90e-07, 2.55e-07]    []  
STEP 66000 BETA 0.99966347
67000     [1.29e-05, 3.25e-05, 2.22e-05, 2.38e-05, 1.32e-06, 3.78e-07, 3.62e-07, 2.29e-07, 2.20e-06, 9.70e-07, 1.28e-06]    [1.29e-05, 3.25e-05, 2.22e-05, 2.38e-05, 1.32e-06, 3.78e-07, 3.62e-07, 2.29e-07, 2.20e-06, 9.70e-07, 1.28e-06]    []  
STEP 67000 BETA 0.99968588
68000     [8.37e-06, 7.68e-05, 2.46e-06, 6.59e-06, 2.42e-06, 2.31e-07, 7.38e-07, 2.97e-08, 1.18e-06, 1.26e-06, 4.63e-07]    [8.37e-06, 7.68e-05, 2.46e-06, 6.59e-06, 2.42e-06, 2.31e-07, 7.38e-07, 2.97e-08, 1.18e-06, 1.26e-06, 4.63e-07]    []  
STEP 68000 BETA 0.99963278
69000     [1.46e-05, 1.29e-05, 2.90e-06, 4.52e-06, 1.24e-06, 2.43e-07, 1.29e-07, 1.63e-07, 3.85e-07, 7.42e-07, 1.86e-07]    [1.46e-05, 1.29e-05, 2.90e-06, 4.52e-06, 1.24e-06, 2.43e-07, 1.29e-07, 1.63e-07, 3.85e-07, 7.42e-07, 1.86e-07]    []  
STEP 69000 BETA 0.99963909
70000     [5.58e-06, 1.14e-04, 4.53e-06, 9.90e-06, 4.83e-06, 2.34e-07, 1.23e-06, 1.29e-06, 9.57e-07, 1.45e-06, 1.17e-06]    [5.58e-06, 1.14e-04, 4.53e-06, 9.90e-06, 4.83e-06, 2.34e-07, 1.23e-06, 1.29e-06, 9.57e-07, 1.45e-06, 1.17e-06]    []  
STEP 70000 BETA 0.99976677
71000     [4.18e-06, 2.30e-05, 2.22e-06, 5.68e-06, 3.95e-06, 1.77e-07, 3.16e-07, 4.84e-07, 3.90e-07, 7.52e-07, 3.63e-07]    [4.18e-06, 2.30e-05, 2.22e-06, 5.68e-06, 3.95e-06, 1.77e-07, 3.16e-07, 4.84e-07, 3.90e-07, 7.52e-07, 3.63e-07]    []  
STEP 71000 BETA 0.99968874
72000     [1.13e-05, 1.43e-05, 4.84e-06, 6.18e-06, 4.14e-06, 7.94e-07, 2.75e-07, 9.44e-08, 2.43e-06, 1.46e-06, 1.06e-06]    [1.13e-05, 1.43e-05, 4.84e-06, 6.18e-06, 4.14e-06, 7.94e-07, 2.75e-07, 9.44e-08, 2.43e-06, 1.46e-06, 1.06e-06]    []  
STEP 72000 BETA 0.99969220
73000     [3.32e-06, 1.34e-05, 1.42e-06, 1.75e-06, 1.03e-06, 2.06e-07, 2.82e-07, 1.79e-08, 1.39e-07, 6.65e-07, 2.19e-08]    [3.32e-06, 1.34e-05, 1.42e-06, 1.75e-06, 1.03e-06, 2.06e-07, 2.82e-07, 1.79e-08, 1.39e-07, 6.65e-07, 2.19e-08]    []  
STEP 73000 BETA 0.99967808
74000     [2.07e-05, 3.39e-05, 2.99e-06, 3.31e-06, 2.87e-06, 1.77e-07, 7.96e-07, 2.27e-07, 5.31e-07, 8.99e-07, 3.67e-07]    [2.07e-05, 3.39e-05, 2.99e-06, 3.31e-06, 2.87e-06, 1.77e-07, 7.96e-07, 2.27e-07, 5.31e-07, 8.99e-07, 3.67e-07]    []  
STEP 74000 BETA 0.99984562
75000     [3.80e-06, 1.25e-05, 1.01e-06, 1.44e-06, 8.99e-07, 1.95e-07, 1.15e-07, 1.43e-07, 8.84e-08, 5.87e-07, 8.04e-08]    [3.80e-06, 1.25e-05, 1.01e-06, 1.44e-06, 8.99e-07, 1.95e-07, 1.15e-07, 1.43e-07, 8.84e-08, 5.87e-07, 8.04e-08]    []  
STEP 75000 BETA 0.99968505
76000     [2.89e-06, 4.25e-05, 2.03e-06, 6.96e-06, 1.82e-06, 2.51e-07, 1.03e-06, 1.84e-08, 2.12e-07, 7.96e-07, 1.01e-07]    [2.89e-06, 4.25e-05, 2.03e-06, 6.96e-06, 1.82e-06, 2.51e-07, 1.03e-06, 1.84e-08, 2.12e-07, 7.96e-07, 1.01e-07]    []  
STEP 76000 BETA 0.99973106
77000     [3.07e-06, 1.86e-05, 2.42e-06, 2.73e-06, 1.40e-06, 6.64e-07, 1.90e-07, 1.56e-07, 1.17e-07, 7.32e-07, 9.31e-08]    [3.07e-06, 1.86e-05, 2.42e-06, 2.73e-06, 1.40e-06, 6.64e-07, 1.90e-07, 1.56e-07, 1.17e-07, 7.32e-07, 9.31e-08]    []  
STEP 77000 BETA 0.99979192
78000     [2.72e-06, 8.96e-06, 1.24e-06, 9.81e-07, 1.63e-06, 2.30e-07, 8.06e-08, 9.83e-09, 4.24e-07, 6.68e-07, 1.36e-07]    [2.72e-06, 8.96e-06, 1.24e-06, 9.81e-07, 1.63e-06, 2.30e-07, 8.06e-08, 9.83e-09, 4.24e-07, 6.68e-07, 1.36e-07]    []  
STEP 78000 BETA 0.99975854
79000     [4.35e-06, 5.66e-05, 2.88e-06, 7.56e-06, 2.08e-06, 2.08e-07, 1.24e-06, 4.71e-07, 3.77e-07, 9.48e-07, 4.37e-07]    [4.35e-06, 5.66e-05, 2.88e-06, 7.56e-06, 2.08e-06, 2.08e-07, 1.24e-06, 4.71e-07, 3.77e-07, 9.48e-07, 4.37e-07]    []  
STEP 79000 BETA 0.99975199
80000     [9.33e-06, 8.99e-06, 1.91e-06, 6.51e-07, 1.09e-06, 2.44e-07, 3.45e-07, 3.42e-07, 3.51e-07, 7.17e-07, 3.47e-07]    [9.33e-06, 8.99e-06, 1.91e-06, 6.51e-07, 1.09e-06, 2.44e-07, 3.45e-07, 3.42e-07, 3.51e-07, 7.17e-07, 3.47e-07]    []  
STEP 80000 BETA 0.99985081
81000     [4.69e-06, 1.68e-05, 1.49e-06, 1.87e-06, 7.12e-06, 7.69e-07, 8.75e-07, 2.78e-08, 1.94e-06, 1.12e-06, 9.63e-07]    [4.69e-06, 1.68e-05, 1.49e-06, 1.87e-06, 7.12e-06, 7.69e-07, 8.75e-07, 2.78e-08, 1.94e-06, 1.12e-06, 9.63e-07]    []  
STEP 81000 BETA 0.99980706
82000     [1.95e-06, 7.10e-06, 4.89e-07, 4.60e-07, 8.55e-07, 2.18e-07, 1.90e-08, 8.49e-09, 1.02e-07, 4.68e-07, 3.23e-08]    [1.95e-06, 7.10e-06, 4.89e-07, 4.60e-07, 8.55e-07, 2.18e-07, 1.90e-08, 8.49e-09, 1.02e-07, 4.68e-07, 3.23e-08]    []  
STEP 82000 BETA 0.99978524
83000     [2.60e-06, 7.68e-06, 2.13e-06, 2.38e-06, 1.29e-06, 2.28e-07, 3.79e-08, 1.69e-08, 6.17e-07, 6.23e-07, 2.21e-07]    [2.60e-06, 7.68e-06, 2.13e-06, 2.38e-06, 1.29e-06, 2.28e-07, 3.79e-08, 1.69e-08, 6.17e-07, 6.23e-07, 2.21e-07]    []  
STEP 83000 BETA 0.99976331
84000     [5.98e-06, 1.10e-05, 2.23e-06, 3.96e-06, 3.16e-06, 2.79e-07, 1.27e-07, 6.77e-08, 5.54e-07, 5.83e-07, 2.18e-07]    [5.98e-06, 1.10e-05, 2.23e-06, 3.96e-06, 3.16e-06, 2.79e-07, 1.27e-07, 6.77e-08, 5.54e-07, 5.83e-07, 2.18e-07]    []  
STEP 84000 BETA 0.99977243
85000     [2.09e-06, 6.65e-06, 5.92e-07, 6.09e-07, 9.93e-07, 2.29e-07, 8.99e-08, 4.53e-09, 1.08e-07, 4.42e-07, 2.06e-08]    [2.09e-06, 6.65e-06, 5.92e-07, 6.09e-07, 9.93e-07, 2.29e-07, 8.99e-08, 4.53e-09, 1.08e-07, 4.42e-07, 2.06e-08]    []  
STEP 85000 BETA 0.99977809
86000     [2.89e-06, 7.97e-06, 1.43e-06, 1.40e-06, 1.26e-06, 2.06e-07, 1.24e-07, 1.82e-08, 6.05e-07, 5.16e-07, 3.09e-07]    [2.89e-06, 7.97e-06, 1.43e-06, 1.40e-06, 1.26e-06, 2.06e-07, 1.24e-07, 1.82e-08, 6.05e-07, 5.16e-07, 3.09e-07]    []  
STEP 86000 BETA 0.99982250
87000     [3.64e-06, 3.10e-05, 7.01e-06, 5.56e-06, 3.78e-06, 6.00e-07, 1.30e-07, 1.95e-07, 1.39e-06, 9.32e-07, 6.89e-07]    [3.64e-06, 3.10e-05, 7.01e-06, 5.56e-06, 3.78e-06, 6.00e-07, 1.30e-07, 1.95e-07, 1.39e-06, 9.32e-07, 6.89e-07]    []  
STEP 87000 BETA 0.99975646
88000     [1.46e-05, 3.61e-05, 5.30e-06, 7.29e-06, 2.22e-06, 5.92e-07, 5.14e-08, 1.35e-07, 2.48e-06, 8.72e-07, 1.30e-06]    [1.46e-05, 3.61e-05, 5.30e-06, 7.29e-06, 2.22e-06, 5.92e-07, 5.14e-08, 1.35e-07, 2.48e-06, 8.72e-07, 1.30e-06]    []  
STEP 88000 BETA 1.00020480
89000     [2.09e-06, 1.01e-05, 1.10e-06, 9.55e-07, 1.79e-06, 1.89e-07, 3.50e-08, 1.16e-07, 2.15e-07, 4.22e-07, 1.65e-07]    [2.09e-06, 1.01e-05, 1.10e-06, 9.55e-07, 1.79e-06, 1.89e-07, 3.50e-08, 1.16e-07, 2.15e-07, 4.22e-07, 1.65e-07]    []  
STEP 89000 BETA 0.99980605
90000     [1.67e-06, 5.25e-06, 6.08e-07, 5.67e-07, 6.04e-07, 1.36e-07, 2.92e-08, 1.71e-08, 9.71e-08, 4.03e-07, 1.38e-08]    [1.67e-06, 5.25e-06, 6.08e-07, 5.67e-07, 6.04e-07, 1.36e-07, 2.92e-08, 1.71e-08, 9.71e-08, 4.03e-07, 1.38e-08]    []  
STEP 90000 BETA 0.99989516
91000     [3.34e-06, 1.46e-05, 3.37e-06, 6.15e-06, 9.45e-07, 1.65e-07, 2.90e-07, 1.78e-07, 2.91e-07, 5.09e-07, 1.75e-07]    [3.34e-06, 1.46e-05, 3.37e-06, 6.15e-06, 9.45e-07, 1.65e-07, 2.90e-07, 1.78e-07, 2.91e-07, 5.09e-07, 1.75e-07]    []  
STEP 91000 BETA 0.99982440
92000     [1.51e-06, 7.16e-06, 3.27e-07, 5.42e-07, 6.32e-07, 1.32e-07, 1.23e-08, 7.56e-09, 9.59e-08, 3.94e-07, 1.43e-08]    [1.51e-06, 7.16e-06, 3.27e-07, 5.42e-07, 6.32e-07, 1.32e-07, 1.23e-08, 7.56e-09, 9.59e-08, 3.94e-07, 1.43e-08]    []  
STEP 92000 BETA 0.99985802
93000     [2.29e-06, 1.43e-04, 3.19e-06, 2.52e-05, 4.12e-06, 8.25e-07, 1.52e-06, 2.46e-07, 1.87e-07, 8.88e-07, 1.93e-07]    [2.29e-06, 1.43e-04, 3.19e-06, 2.52e-05, 4.12e-06, 8.25e-07, 1.52e-06, 2.46e-07, 1.87e-07, 8.88e-07, 1.93e-07]    []  
STEP 93000 BETA 0.99987227
94000     [1.79e-06, 5.74e-06, 1.41e-06, 2.12e-06, 5.84e-07, 1.20e-07, 4.06e-08, 1.96e-08, 2.50e-07, 3.64e-07, 1.19e-07]    [1.79e-06, 5.74e-06, 1.41e-06, 2.12e-06, 5.84e-07, 1.20e-07, 4.06e-08, 1.96e-08, 2.50e-07, 3.64e-07, 1.19e-07]    []  
STEP 94000 BETA 0.99986434
95000     [1.04e-05, 6.74e-05, 7.94e-06, 6.28e-06, 5.13e-06, 2.22e-06, 2.66e-06, 1.31e-06, 3.11e-06, 2.96e-06, 1.99e-06]    [1.04e-05, 6.74e-05, 7.94e-06, 6.28e-06, 5.13e-06, 2.22e-06, 2.66e-06, 1.31e-06, 3.11e-06, 2.96e-06, 1.99e-06]    []  
STEP 95000 BETA 0.99980134
96000     [3.11e-06, 4.86e-06, 2.73e-06, 1.43e-06, 2.31e-06, 1.60e-07, 7.06e-08, 7.94e-08, 4.68e-07, 4.80e-07, 1.90e-07]    [3.11e-06, 4.86e-06, 2.73e-06, 1.43e-06, 2.31e-06, 1.60e-07, 7.06e-08, 7.94e-08, 4.68e-07, 4.80e-07, 1.90e-07]    []  
STEP 96000 BETA 0.99985695
97000     [4.17e-06, 4.40e-05, 2.78e-06, 6.00e-06, 3.66e-06, 1.35e-07, 8.02e-07, 4.36e-07, 2.17e-07, 6.48e-07, 3.20e-07]    [4.17e-06, 4.40e-05, 2.78e-06, 6.00e-06, 3.66e-06, 1.35e-07, 8.02e-07, 4.36e-07, 2.17e-07, 6.48e-07, 3.20e-07]    []  
STEP 97000 BETA 0.99991858
98000     [4.39e-06, 6.64e-06, 4.07e-06, 9.21e-07, 7.60e-07, 6.46e-07, 3.39e-07, 6.90e-07, 1.96e-07, 7.63e-07, 4.13e-07]    [4.39e-06, 6.64e-06, 4.07e-06, 9.21e-07, 7.60e-07, 6.46e-07, 3.39e-07, 6.90e-07, 1.96e-07, 7.63e-07, 4.13e-07]    []  
STEP 98000 BETA 0.99998486
99000     [1.37e-06, 3.42e-06, 2.73e-07, 2.68e-07, 5.44e-07, 1.36e-07, 3.23e-08, 1.27e-08, 9.53e-08, 3.71e-07, 1.96e-08]    [1.37e-06, 3.42e-06, 2.73e-07, 2.68e-07, 5.44e-07, 1.36e-07, 3.23e-08, 1.27e-08, 9.53e-08, 3.71e-07, 1.96e-08]    []  
STEP 99000 BETA 0.99991667
100000    [1.97e-06, 7.00e-06, 7.83e-07, 7.67e-07, 2.17e-06, 2.50e-07, 4.11e-07, 1.32e-08, 8.70e-07, 6.11e-07, 4.16e-07]    [1.97e-06, 7.00e-06, 7.83e-07, 7.67e-07, 2.17e-06, 2.50e-07, 4.11e-07, 1.32e-08, 8.70e-07, 6.11e-07, 4.16e-07]    []  
STEP 100000 BETA 0.99999124
101000    [1.50e-05, 4.33e-06, 1.81e-06, 1.30e-06, 1.39e-06, 2.72e-07, 4.00e-08, 5.18e-07, 3.53e-07, 5.52e-07, 4.09e-07]    [1.50e-05, 4.33e-06, 1.81e-06, 1.30e-06, 1.39e-06, 2.72e-07, 4.00e-08, 5.18e-07, 3.53e-07, 5.52e-07, 4.09e-07]    []  
STEP 101000 BETA 0.99995810
102000    [7.40e-06, 7.46e-06, 1.65e-06, 2.82e-06, 1.36e-06, 1.31e-07, 1.99e-07, 2.82e-07, 1.36e-07, 4.20e-07, 1.73e-07]    [7.40e-06, 7.46e-06, 1.65e-06, 2.82e-06, 1.36e-06, 1.31e-07, 1.99e-07, 2.82e-07, 1.36e-07, 4.20e-07, 1.73e-07]    []  
STEP 102000 BETA 0.99993694
103000    [3.59e-06, 5.65e-05, 1.16e-06, 5.16e-06, 2.83e-06, 2.69e-07, 2.50e-07, 5.15e-08, 2.07e-07, 4.63e-07, 7.49e-08]    [3.59e-06, 5.65e-05, 1.16e-06, 5.16e-06, 2.83e-06, 2.69e-07, 2.50e-07, 5.15e-08, 2.07e-07, 4.63e-07, 7.49e-08]    []  
STEP 103000 BETA 0.99989641
104000    [8.39e-06, 2.88e-05, 1.85e-06, 2.50e-06, 7.25e-06, 1.60e-06, 1.68e-07, 8.71e-09, 3.00e-07, 6.04e-07, 1.39e-07]    [8.39e-06, 2.88e-05, 1.85e-06, 2.50e-06, 7.25e-06, 1.60e-06, 1.68e-07, 8.71e-09, 3.00e-07, 6.04e-07, 1.39e-07]    []  
STEP 104000 BETA 0.99996924
105000    [5.41e-06, 4.09e-06, 1.58e-06, 7.70e-07, 1.02e-06, 1.84e-07, 1.44e-08, 4.08e-07, 1.41e-07, 4.85e-07, 2.69e-07]    [5.41e-06, 4.09e-06, 1.58e-06, 7.70e-07, 1.02e-06, 1.84e-07, 1.44e-08, 4.08e-07, 1.41e-07, 4.85e-07, 2.69e-07]    []  
STEP 105000 BETA 0.99991012
106000    [3.82e-06, 7.01e-06, 1.06e-06, 1.46e-06, 2.91e-06, 1.42e-07, 8.41e-08, 2.42e-07, 2.73e-07, 3.72e-07, 2.18e-07]    [3.82e-06, 7.01e-06, 1.06e-06, 1.46e-06, 2.91e-06, 1.42e-07, 8.41e-08, 2.42e-07, 2.73e-07, 3.72e-07, 2.18e-07]    []  
STEP 106000 BETA 0.99999189
107000    [1.57e-06, 3.46e-06, 3.21e-07, 6.62e-07, 4.68e-07, 1.91e-07, 2.63e-08, 1.04e-07, 1.04e-07, 3.59e-07, 7.63e-08]    [1.57e-06, 3.46e-06, 3.21e-07, 6.62e-07, 4.68e-07, 1.91e-07, 2.63e-08, 1.04e-07, 1.04e-07, 3.59e-07, 7.63e-08]    []  
STEP 107000 BETA 0.99996430
108000    [1.27e-06, 5.53e-06, 2.67e-07, 4.50e-07, 1.56e-06, 2.66e-07, 5.03e-08, 1.25e-08, 1.26e-07, 3.44e-07, 2.18e-08]    [1.27e-06, 5.53e-06, 2.67e-07, 4.50e-07, 1.56e-06, 2.66e-07, 5.03e-08, 1.25e-08, 1.26e-07, 3.44e-07, 2.18e-08]    []  
STEP 108000 BETA 0.99997723
109000    [2.56e-06, 5.29e-06, 3.13e-06, 4.11e-06, 9.82e-07, 1.75e-07, 3.09e-08, 2.87e-08, 7.30e-07, 4.83e-07, 2.88e-07]    [2.56e-06, 5.29e-06, 3.13e-06, 4.11e-06, 9.82e-07, 1.75e-07, 3.09e-08, 2.87e-08, 7.30e-07, 4.83e-07, 2.88e-07]    []  
STEP 109000 BETA 0.99995881
110000    [1.12e-06, 2.28e-06, 1.99e-07, 1.72e-07, 4.41e-07, 9.38e-08, 1.36e-08, 5.70e-09, 9.52e-08, 3.13e-07, 9.95e-09]    [1.12e-06, 2.28e-06, 1.99e-07, 1.72e-07, 4.41e-07, 9.38e-08, 1.36e-08, 5.70e-09, 9.52e-08, 3.13e-07, 9.95e-09]    []  
STEP 110000 BETA 0.99993551
111000    [1.51e-06, 7.35e-06, 1.36e-06, 1.51e-06, 6.13e-07, 1.07e-07, 2.93e-08, 3.20e-08, 3.76e-07, 3.51e-07, 1.93e-07]    [1.51e-06, 7.35e-06, 1.36e-06, 1.51e-06, 6.13e-07, 1.07e-07, 2.93e-08, 3.20e-08, 3.76e-07, 3.51e-07, 1.93e-07]    []  
STEP 111000 BETA 1.00001466
112000    [1.81e-06, 4.14e-06, 8.25e-07, 5.40e-07, 7.08e-07, 1.09e-07, 8.14e-08, 1.30e-08, 2.73e-07, 3.36e-07, 1.27e-07]    [1.81e-06, 4.14e-06, 8.25e-07, 5.40e-07, 7.08e-07, 1.09e-07, 8.14e-08, 1.30e-08, 2.73e-07, 3.36e-07, 1.27e-07]    []  
STEP 112000 BETA 0.99998176
113000    [3.03e-06, 1.59e-05, 8.49e-07, 1.44e-06, 2.42e-06, 1.99e-07, 7.32e-07, 5.80e-07, 1.15e-06, 8.48e-07, 8.35e-07]    [3.03e-06, 1.59e-05, 8.49e-07, 1.44e-06, 2.42e-06, 1.99e-07, 7.32e-07, 5.80e-07, 1.15e-06, 8.48e-07, 8.35e-07]    []  
STEP 113000 BETA 1.00005424
114000    [1.03e-05, 9.23e-06, 6.74e-06, 1.05e-05, 1.16e-06, 1.42e-07, 3.39e-07, 1.52e-07, 7.05e-07, 5.02e-07, 3.44e-07]    [1.03e-05, 9.23e-06, 6.74e-06, 1.05e-05, 1.16e-06, 1.42e-07, 3.39e-07, 1.52e-07, 7.05e-07, 5.02e-07, 3.44e-07]    []  
STEP 114000 BETA 1.00000525
115000    [2.53e-06, 1.38e-05, 3.63e-06, 5.60e-06, 5.03e-06, 1.53e-06, 9.72e-08, 5.54e-08, 7.42e-07, 5.86e-07, 4.29e-07]    [2.53e-06, 1.38e-05, 3.63e-06, 5.60e-06, 5.03e-06, 1.53e-06, 9.72e-08, 5.54e-08, 7.42e-07, 5.86e-07, 4.29e-07]    []  
STEP 115000 BETA 1.00001466
116000    [1.78e-06, 6.71e-06, 2.59e-06, 4.27e-06, 4.53e-07, 1.17e-07, 8.10e-08, 2.34e-08, 4.01e-07, 3.76e-07, 1.42e-07]    [1.78e-06, 6.71e-06, 2.59e-06, 4.27e-06, 4.53e-07, 1.17e-07, 8.10e-08, 2.34e-08, 4.01e-07, 3.76e-07, 1.42e-07]    []  
STEP 116000 BETA 0.99996084
117000    [4.75e-06, 2.89e-06, 3.20e-06, 1.47e-06, 6.53e-07, 1.30e-07, 5.48e-08, 7.68e-08, 2.47e-07, 3.01e-07, 1.35e-07]    [4.75e-06, 2.89e-06, 3.20e-06, 1.47e-06, 6.53e-07, 1.30e-07, 5.48e-08, 7.68e-08, 2.47e-07, 3.01e-07, 1.35e-07]    []  
STEP 117000 BETA 1.00007331
118000    [4.22e-06, 6.72e-06, 6.18e-06, 6.45e-06, 2.14e-06, 2.05e-07, 6.31e-08, 8.12e-08, 1.09e-06, 5.35e-07, 4.77e-07]    [4.22e-06, 6.72e-06, 6.18e-06, 6.45e-06, 2.14e-06, 2.05e-07, 6.31e-08, 8.12e-08, 1.09e-06, 5.35e-07, 4.77e-07]    []  
STEP 118000 BETA 0.99999553
119000    [2.01e-06, 3.74e-06, 1.19e-06, 1.63e-06, 1.85e-06, 9.06e-07, 7.27e-08, 1.79e-07, 3.80e-07, 5.45e-07, 2.63e-07]    [2.01e-06, 3.74e-06, 1.19e-06, 1.63e-06, 1.85e-06, 9.06e-07, 7.27e-08, 1.79e-07, 3.80e-07, 5.45e-07, 2.63e-07]    []  
STEP 119000 BETA 1.00005114
120000    [2.10e-06, 2.66e-05, 2.09e-06, 2.64e-06, 2.76e-06, 4.79e-07, 2.54e-07, 1.70e-08, 4.31e-07, 4.63e-07, 2.21e-07]    [2.10e-06, 2.66e-05, 2.09e-06, 2.64e-06, 2.76e-06, 4.79e-07, 2.54e-07, 1.70e-08, 4.31e-07, 4.63e-07, 2.21e-07]    []  
STEP 120000 BETA 1.00009108
121000    [1.16e-06, 2.90e-06, 5.01e-07, 5.42e-07, 6.23e-07, 2.32e-07, 3.20e-08, 2.82e-08, 1.05e-07, 3.22e-07, 2.39e-08]    [1.16e-06, 2.90e-06, 5.01e-07, 5.42e-07, 6.23e-07, 2.32e-07, 3.20e-08, 2.82e-08, 1.05e-07, 3.22e-07, 2.39e-08]    []  
STEP 121000 BETA 0.99999130
122000    [9.56e-07, 1.68e-06, 1.81e-07, 1.64e-07, 3.84e-07, 8.97e-08, 1.65e-08, 6.59e-09, 8.59e-08, 2.68e-07, 1.20e-08]    [9.56e-07, 1.68e-06, 1.81e-07, 1.64e-07, 3.84e-07, 8.97e-08, 1.65e-08, 6.59e-09, 8.59e-08, 2.68e-07, 1.20e-08]    []  
STEP 122000 BETA 1.00002396
123000    [2.81e-06, 2.61e-06, 1.60e-06, 9.34e-07, 1.38e-06, 2.33e-07, 1.62e-07, 1.87e-08, 6.25e-07, 4.26e-07, 3.00e-07]    [2.81e-06, 2.61e-06, 1.60e-06, 9.34e-07, 1.38e-06, 2.33e-07, 1.62e-07, 1.87e-08, 6.25e-07, 4.26e-07, 3.00e-07]    []  
STEP 123000 BETA 1.00008881
124000    [9.30e-07, 1.49e-06, 1.73e-07, 1.50e-07, 3.94e-07, 7.79e-08, 1.40e-08, 8.07e-09, 9.19e-08, 2.52e-07, 1.50e-08]    [9.30e-07, 1.49e-06, 1.73e-07, 1.50e-07, 3.94e-07, 7.79e-08, 1.40e-08, 8.07e-09, 9.19e-08, 2.52e-07, 1.50e-08]    []  
STEP 124000 BETA 1.00006282
125000    [2.05e-06, 4.28e-06, 6.28e-07, 1.46e-06, 2.78e-06, 5.38e-07, 2.38e-07, 1.06e-08, 1.60e-07, 3.90e-07, 5.35e-08]    [2.05e-06, 4.28e-06, 6.28e-07, 1.46e-06, 2.78e-06, 5.38e-07, 2.38e-07, 1.06e-08, 1.60e-07, 3.90e-07, 5.35e-08]    []  
STEP 125000 BETA 1.00005972
126000    [4.31e-06, 3.79e-06, 1.14e-06, 7.17e-07, 1.17e-06, 8.50e-08, 1.21e-07, 2.78e-07, 1.02e-07, 3.40e-07, 1.58e-07]    [4.31e-06, 3.79e-06, 1.14e-06, 7.17e-07, 1.17e-06, 8.50e-08, 1.21e-07, 2.78e-07, 1.02e-07, 3.40e-07, 1.58e-07]    []  
STEP 126000 BETA 1.00006592
127000    [6.85e-06, 7.59e-05, 4.63e-06, 7.53e-06, 2.59e-06, 1.06e-07, 2.52e-06, 6.65e-09, 1.80e-06, 1.41e-06, 8.92e-07]    [6.85e-06, 7.59e-05, 4.63e-06, 7.53e-06, 2.59e-06, 1.06e-07, 2.52e-06, 6.65e-09, 1.80e-06, 1.41e-06, 8.92e-07]    []  
STEP 127000 BETA 1.00014234
128000    [5.78e-06, 1.49e-05, 1.09e-05, 1.51e-05, 9.98e-07, 5.48e-07, 2.34e-08, 1.90e-07, 2.19e-06, 7.48e-07, 1.20e-06]    [5.78e-06, 1.49e-05, 1.09e-05, 1.51e-05, 9.98e-07, 5.48e-07, 2.34e-08, 1.90e-07, 2.19e-06, 7.48e-07, 1.20e-06]    []  
STEP 128000 BETA 1.00014067
129000    [1.55e-06, 1.95e-06, 9.78e-07, 1.11e-06, 8.89e-07, 8.92e-08, 4.04e-08, 3.88e-08, 3.08e-07, 2.79e-07, 1.43e-07]    [1.55e-06, 1.95e-06, 9.78e-07, 1.11e-06, 8.89e-07, 8.92e-08, 4.04e-08, 3.88e-08, 3.08e-07, 2.79e-07, 1.43e-07]    []  
STEP 129000 BETA 1.00013912
130000    [1.26e-06, 2.43e-06, 3.11e-07, 1.92e-07, 3.75e-07, 7.37e-08, 1.97e-08, 7.42e-09, 1.08e-07, 2.58e-07, 1.41e-08]    [1.26e-06, 2.43e-06, 3.11e-07, 1.92e-07, 3.75e-07, 7.37e-08, 1.97e-08, 7.42e-09, 1.08e-07, 2.58e-07, 1.41e-08]    []  
STEP 130000 BETA 1.00010896
131000    [2.20e-06, 4.49e-06, 4.45e-07, 1.32e-06, 4.13e-07, 1.71e-07, 7.17e-08, 1.41e-07, 1.03e-07, 3.22e-07, 8.96e-08]    [2.20e-06, 4.49e-06, 4.45e-07, 1.32e-06, 4.13e-07, 1.71e-07, 7.17e-08, 1.41e-07, 1.03e-07, 3.22e-07, 8.96e-08]    []  
STEP 131000 BETA 1.00011313
132000    [8.42e-07, 1.24e-06, 1.67e-07, 1.43e-07, 3.48e-07, 6.92e-08, 1.66e-08, 6.77e-09, 8.79e-08, 2.28e-07, 8.88e-09]    [8.42e-07, 1.24e-06, 1.67e-07, 1.43e-07, 3.48e-07, 6.92e-08, 1.66e-08, 6.77e-09, 8.79e-08, 2.28e-07, 8.88e-09]    []  
STEP 132000 BETA 1.00008714
133000    [6.90e-06, 4.73e-06, 1.22e-06, 2.09e-06, 1.52e-06, 6.04e-07, 6.67e-08, 8.85e-08, 2.31e-07, 4.17e-07, 1.11e-07]    [6.90e-06, 4.73e-06, 1.22e-06, 2.09e-06, 1.52e-06, 6.04e-07, 6.67e-08, 8.85e-08, 2.31e-07, 4.17e-07, 1.11e-07]    []  
STEP 133000 BETA 1.00008154
134000    [3.27e-06, 1.82e-05, 4.73e-06, 4.58e-06, 1.30e-06, 2.83e-07, 4.71e-07, 1.43e-07, 2.01e-06, 8.98e-07, 1.08e-06]    [3.27e-06, 1.82e-05, 4.73e-06, 4.58e-06, 1.30e-06, 2.83e-07, 4.71e-07, 1.43e-07, 2.01e-06, 8.98e-07, 1.08e-06]    []  
STEP 134000 BETA 1.00016797
135000    [1.48e-06, 1.99e-06, 9.41e-07, 5.28e-07, 1.17e-06, 7.18e-08, 4.59e-08, 1.68e-07, 1.01e-07, 2.93e-07, 9.98e-08]    [1.48e-06, 1.99e-06, 9.41e-07, 5.28e-07, 1.17e-06, 7.18e-08, 4.59e-08, 1.68e-07, 1.01e-07, 2.93e-07, 9.98e-08]    []  
STEP 135000 BETA 1.00013220
136000    [7.97e-07, 1.05e-06, 1.51e-07, 1.13e-07, 3.41e-07, 6.44e-08, 1.22e-08, 6.72e-09, 8.43e-08, 2.22e-07, 9.64e-09]    [7.97e-07, 1.05e-06, 1.51e-07, 1.13e-07, 3.41e-07, 6.44e-08, 1.22e-08, 6.72e-09, 8.43e-08, 2.22e-07, 9.64e-09]    []  
STEP 136000 BETA 1.00009537
137000    [1.36e-06, 2.66e-06, 5.62e-07, 2.72e-07, 6.45e-07, 2.15e-07, 1.53e-07, 6.01e-08, 2.53e-07, 3.77e-07, 9.87e-08]    [1.36e-06, 2.66e-06, 5.62e-07, 2.72e-07, 6.45e-07, 2.15e-07, 1.53e-07, 6.01e-08, 2.53e-07, 3.77e-07, 9.87e-08]    []  
STEP 137000 BETA 1.00011146
138000    [2.63e-06, 4.50e-06, 3.70e-06, 4.49e-06, 6.30e-07, 1.04e-07, 5.86e-08, 5.60e-08, 1.25e-06, 5.51e-07, 5.57e-07]    [2.63e-06, 4.50e-06, 3.70e-06, 4.49e-06, 6.30e-07, 1.04e-07, 5.86e-08, 5.60e-08, 1.25e-06, 5.51e-07, 5.57e-07]    []  
STEP 138000 BETA 1.00009155
139000    [8.05e-07, 1.53e-06, 2.46e-07, 3.79e-07, 4.18e-07, 7.01e-08, 1.44e-08, 9.58e-09, 1.50e-07, 2.45e-07, 3.18e-08]    [8.05e-07, 1.53e-06, 2.46e-07, 3.79e-07, 4.18e-07, 7.01e-08, 1.44e-08, 9.58e-09, 1.50e-07, 2.45e-07, 3.18e-08]    []  
STEP 139000 BETA 1.00019562
140000    [1.89e-06, 3.73e-06, 2.47e-06, 3.54e-06, 1.07e-06, 8.02e-08, 2.07e-07, 2.47e-07, 1.66e-07, 3.10e-07, 1.97e-07]    [1.89e-06, 3.73e-06, 2.47e-06, 3.54e-06, 1.07e-06, 8.02e-08, 2.07e-07, 2.47e-07, 1.66e-07, 3.10e-07, 1.97e-07]    []  
STEP 140000 BETA 1.00017536
141000    [1.92e-06, 5.43e-06, 8.14e-07, 1.54e-06, 6.92e-07, 3.91e-07, 1.50e-08, 1.75e-07, 3.36e-07, 3.45e-07, 2.31e-07]    [1.92e-06, 5.43e-06, 8.14e-07, 1.54e-06, 6.92e-07, 3.91e-07, 1.50e-08, 1.75e-07, 3.36e-07, 3.45e-07, 2.31e-07]    []  
STEP 141000 BETA 1.00014675
142000    [7.64e-07, 9.43e-07, 1.70e-07, 1.06e-07, 3.30e-07, 6.09e-08, 1.44e-08, 6.41e-09, 8.17e-08, 2.18e-07, 9.82e-09]    [7.64e-07, 9.43e-07, 1.70e-07, 1.06e-07, 3.30e-07, 6.09e-08, 1.44e-08, 6.41e-09, 8.17e-08, 2.18e-07, 9.82e-09]    []  
STEP 142000 BETA 1.00018620
143000    [1.70e-06, 2.59e-05, 2.08e-06, 3.69e-06, 1.25e-06, 1.48e-07, 2.88e-08, 2.16e-08, 2.28e-07, 2.58e-07, 1.12e-07]    [1.70e-06, 2.59e-05, 2.08e-06, 3.69e-06, 1.25e-06, 1.48e-07, 2.88e-08, 2.16e-08, 2.28e-07, 2.58e-07, 1.12e-07]    []  
STEP 143000 BETA 1.00007880
144000    [3.12e-06, 2.39e-05, 2.61e-06, 3.33e-06, 2.34e-06, 6.52e-08, 2.19e-07, 3.83e-07, 1.10e-07, 3.59e-07, 2.03e-07]    [3.12e-06, 2.39e-05, 2.61e-06, 3.33e-06, 2.34e-06, 6.52e-08, 2.19e-07, 3.83e-07, 1.10e-07, 3.59e-07, 2.03e-07]    []  
STEP 144000 BETA 1.00016284
145000    [8.63e-07, 1.56e-06, 4.40e-07, 5.78e-07, 3.75e-07, 6.26e-08, 2.54e-08, 1.05e-08, 2.58e-07, 2.75e-07, 7.41e-08]    [8.63e-07, 1.56e-06, 4.40e-07, 5.78e-07, 3.75e-07, 6.26e-08, 2.54e-08, 1.05e-08, 2.58e-07, 2.75e-07, 7.41e-08]    []  
STEP 145000 BETA 1.00004125
146000    [2.23e-06, 1.78e-06, 1.97e-06, 1.15e-06, 5.23e-07, 8.05e-08, 2.64e-08, 1.79e-08, 2.13e-07, 2.33e-07, 8.48e-08]    [2.23e-06, 1.78e-06, 1.97e-06, 1.15e-06, 5.23e-07, 8.05e-08, 2.64e-08, 1.79e-08, 2.13e-07, 2.33e-07, 8.48e-08]    []  
STEP 146000 BETA 1.00019574
147000    [1.20e-06, 1.27e-05, 6.04e-07, 1.37e-06, 1.58e-06, 1.40e-07, 5.45e-07, 1.07e-08, 3.77e-07, 4.26e-07, 1.67e-07]    [1.20e-06, 1.27e-05, 6.04e-07, 1.37e-06, 1.58e-06, 1.40e-07, 5.45e-07, 1.07e-08, 3.77e-07, 4.26e-07, 1.67e-07]    []  
STEP 147000 BETA 1.00016367
148000    [1.31e-06, 1.91e-06, 7.40e-07, 1.05e-06, 5.65e-07, 5.63e-08, 8.48e-08, 7.60e-08, 1.00e-07, 2.35e-07, 5.22e-08]    [1.31e-06, 1.91e-06, 7.40e-07, 1.05e-06, 5.65e-07, 5.63e-08, 8.48e-08, 7.60e-08, 1.00e-07, 2.35e-07, 5.22e-08]    []  
STEP 148000 BETA 1.00015330
149000    [6.81e-07, 8.32e-07, 1.34e-07, 9.34e-08, 3.11e-07, 5.62e-08, 1.22e-08, 6.38e-09, 8.47e-08, 2.02e-07, 9.36e-09]    [6.81e-07, 8.32e-07, 1.34e-07, 9.34e-08, 3.11e-07, 5.62e-08, 1.22e-08, 6.38e-09, 8.47e-08, 2.02e-07, 9.36e-09]    []  
STEP 149000 BETA 1.00017834
150000    [9.87e-07, 7.31e-06, 4.97e-07, 7.52e-07, 2.09e-06, 3.54e-07, 6.25e-08, 8.54e-09, 1.42e-07, 2.68e-07, 3.61e-08]    [9.87e-07, 7.31e-06, 4.97e-07, 7.52e-07, 2.09e-06, 3.54e-07, 6.25e-08, 8.54e-09, 1.42e-07, 2.68e-07, 3.61e-08]    []  
STEP 150000 BETA 1.00016582

Best model at step 149000:
  train loss: 2.42e-06
  test loss: 2.42e-06
  test metric: []

'train' took 15324.847250 s

RUN_COMPLETE {'case': 'A4', 'iterations': 150000, 'elapsed_seconds': 15324.847281455994, 'final_beta': [1.0001658201217651], 'final_A_or_beta0': 1.0001658201217651, 'true_A': 1.0, 'relative_l2': {'ux': 0.04379068189887475, 'uy': 0.008381603409972042, 'sxx': 0.5361128442869327, 'syy': 0.3078230143103992, 'sxy': 0.2080047568198041, 'K': 0.48994535456846366, 'mu': 0.2576194954267004, 'E': 0.30033841184654997, 'nu': 0.9863608425484607}, 'split_relative_l2': {'evaluation': {'ux': 0.04379068189887475, 'uy': 0.008381603409972042, 'sxx': 0.5361128442869327, 'syy': 0.3078230143103992, 'sxy': 0.2080047568198041, 'K': 0.48994535456846366, 'mu': 0.2576194954267004, 'E': 0.30033841184654997, 'nu': 0.9863608425484607}, 'validation': {'ux': 0.035821017813130546, 'uy': 0.006887881320958781, 'sxx': 0.5340731121245861, 'syy': 0.31078384504292633, 'sxy': 0.1974707043576519, 'K': 0.49426504652562997, 'mu': 0.2551916725515434, 'E': 0.3038956544851271, 'nu': 0.9973115386257151}, 'train': {'ux': 0.029106581641330266, 'uy': 0.005864434712959092, 'sxx': 0.5328167233508868, 'syy': 0.3145032156962279, 'sxy': 0.1854058269290716, 'K': 0.4991847912711339, 'mu': 0.2528087769041403, 'E': 0.30697570623495024, 'nu': 1.0012376507602603}}, 'true_reaction_y': 0.27722135186195374, 'pred_reaction_y': 0.1996462047100067, 'pred_reaction_y_stress_branch': 0.1996462047100067, 'pred_reaction_y_constitutive': 0.19865959882736206, 'reaction_rel_error': 0.2798310686771949, 'reaction_rel_error_stress_branch': 0.2798310686771949, 'reaction_rel_error_constitutive': 0.2833899788261231, 'equilibrium_form': 'mixed', 'reaction_form': 'stress', 'run_note': 'PFNN_learnable_boundary_amplitude_with_anchors_formal150k', 'best_step': 149000, 'eval_checkpoint': 'best', 'eval_checkpoint_path': '/public/home/xinxi/wxtian/WXTIAN/PINN/deepxde/boundary_uncertainty_pinn/exp/01.FormalKeyAblation/A4/model/final_model-150000.pt', 'final_model_path': '/public/home/xinxi/wxtian/WXTIAN/PINN/deepxde/boundary_uncertainty_pinn/exp/01.FormalKeyAblation/A4/model/final_model-150000.pt', 'final_train_loss_sum': 1.2506267012213357e-05, 'final_test_loss_sum': 1.2506267012213357e-05, 'independent_test_loss_available': False, 'loss_history_interval': 1000, 'num_trainable_parameters': 34279}
