Using backend: pytorch
Other supported backends: tensorflow.compat.v1, tensorflow, jax, paddle.
paddle supports more examples now and is recommended.
Compiling model...
'compile' took 0.585084 s

Training model...

Step      Train loss                                                                                                        Test loss                                                                                                         Test metric
0         [4.09e-01, 1.60e-01, 3.53e-02, 2.06e-01, 1.24e-02, 3.83e-03, 1.31e-02, 8.76e-03, 6.54e-02, 1.82e-02, 2.08e-02]    [4.09e-01, 1.60e-01, 3.53e-02, 2.06e-01, 1.24e-02, 3.83e-03, 1.31e-02, 8.76e-03, 6.54e-02, 1.82e-02, 2.08e-02]    []  
1000      [9.29e-04, 1.06e-03, 9.44e-05, 1.57e-04, 4.48e-04, 3.78e-05, 1.49e-05, 1.56e-05, 7.81e-05, 1.07e-04, 3.93e-06]    [9.29e-04, 1.06e-03, 9.44e-05, 1.57e-04, 4.48e-04, 3.78e-05, 1.49e-05, 1.56e-05, 7.81e-05, 1.07e-04, 3.93e-06]    []  
STEP 1000 BETA 0.93566751
2000      [8.73e-04, 5.15e-04, 1.69e-04, 7.22e-05, 7.43e-05, 6.21e-06, 1.74e-05, 2.75e-05, 4.80e-05, 1.98e-05, 5.34e-07]    [8.73e-04, 5.15e-04, 1.69e-04, 7.22e-05, 7.43e-05, 6.21e-06, 1.74e-05, 2.75e-05, 4.80e-05, 1.98e-05, 5.34e-07]    []  
STEP 2000 BETA 0.99132228
3000      [6.29e-04, 3.33e-04, 1.95e-05, 3.05e-05, 2.00e-05, 7.52e-07, 4.42e-06, 3.45e-06, 1.66e-05, 1.58e-05, 2.11e-06]    [6.29e-04, 3.33e-04, 1.95e-05, 3.05e-05, 2.00e-05, 7.52e-07, 4.42e-06, 3.45e-06, 1.66e-05, 1.58e-05, 2.11e-06]    []  
STEP 3000 BETA 1.00358856
4000      [5.59e-04, 2.45e-04, 1.53e-05, 1.82e-05, 1.90e-05, 5.43e-07, 2.41e-06, 2.51e-06, 1.03e-05, 1.30e-05, 2.52e-06]    [5.59e-04, 2.45e-04, 1.53e-05, 1.82e-05, 1.90e-05, 5.43e-07, 2.41e-06, 2.51e-06, 1.03e-05, 1.30e-05, 2.52e-06]    []  
STEP 4000 BETA 1.00529194
5000      [4.00e-04, 1.99e-04, 1.77e-05, 1.26e-05, 2.02e-05, 4.37e-07, 1.91e-06, 1.79e-06, 6.56e-06, 8.63e-06, 1.51e-07]    [4.00e-04, 1.99e-04, 1.77e-05, 1.26e-05, 2.02e-05, 4.37e-07, 1.91e-06, 1.79e-06, 6.56e-06, 8.63e-06, 1.51e-07]    []  
STEP 5000 BETA 1.00644553
6000      [2.63e-04, 1.81e-04, 1.57e-05, 1.68e-05, 1.39e-05, 6.89e-07, 1.24e-06, 3.78e-07, 6.66e-06, 5.64e-06, 3.09e-06]    [2.63e-04, 1.81e-04, 1.57e-05, 1.68e-05, 1.39e-05, 6.89e-07, 1.24e-06, 3.78e-07, 6.66e-06, 5.64e-06, 3.09e-06]    []  
STEP 6000 BETA 1.00575781
7000      [2.07e-04, 1.51e-04, 1.16e-05, 9.40e-06, 7.84e-05, 2.67e-06, 7.14e-06, 9.38e-06, 1.19e-05, 1.13e-05, 1.18e-07]    [2.07e-04, 1.51e-04, 1.16e-05, 9.40e-06, 7.84e-05, 2.67e-06, 7.14e-06, 9.38e-06, 1.19e-05, 1.13e-05, 1.18e-07]    []  
STEP 7000 BETA 1.00598180
8000      [1.48e-04, 1.33e-04, 1.00e-05, 1.02e-05, 7.91e-06, 9.12e-07, 6.90e-07, 3.06e-07, 5.51e-06, 3.41e-06, 8.53e-07]    [1.48e-04, 1.33e-04, 1.00e-05, 1.02e-05, 7.91e-06, 9.12e-07, 6.90e-07, 3.06e-07, 5.51e-06, 3.41e-06, 8.53e-07]    []  
STEP 8000 BETA 1.00546932
9000      [6.17e-04, 1.59e-04, 5.80e-05, 2.54e-05, 4.35e-05, 1.70e-06, 2.62e-06, 9.98e-07, 7.02e-06, 3.77e-06, 2.59e-06]    [6.17e-04, 1.59e-04, 5.80e-05, 2.54e-05, 4.35e-05, 1.70e-06, 2.62e-06, 9.98e-07, 7.02e-06, 3.77e-06, 2.59e-06]    []  
STEP 9000 BETA 1.00464118
10000     [1.01e-04, 1.08e-04, 4.49e-06, 4.04e-06, 9.66e-06, 6.81e-07, 5.58e-07, 3.51e-07, 3.36e-06, 3.79e-06, 1.65e-07]    [1.01e-04, 1.08e-04, 4.49e-06, 4.04e-06, 9.66e-06, 6.81e-07, 5.58e-07, 3.51e-07, 3.36e-06, 3.79e-06, 1.65e-07]    []  
STEP 10000 BETA 1.00239456
11000     [1.64e-04, 1.05e-04, 2.02e-04, 5.75e-05, 1.13e-05, 5.05e-06, 9.83e-07, 1.21e-06, 5.71e-06, 5.23e-06, 1.01e-05]    [1.64e-04, 1.05e-04, 2.02e-04, 5.75e-05, 1.13e-05, 5.05e-06, 9.83e-07, 1.21e-06, 5.71e-06, 5.23e-06, 1.01e-05]    []  
STEP 11000 BETA 1.00092697
12000     [8.66e-05, 8.42e-05, 1.45e-05, 1.54e-05, 6.49e-06, 1.06e-06, 5.75e-07, 5.91e-08, 2.95e-06, 3.19e-06, 2.83e-06]    [8.66e-05, 8.42e-05, 1.45e-05, 1.54e-05, 6.49e-06, 1.06e-06, 5.75e-07, 5.91e-08, 2.95e-06, 3.19e-06, 2.83e-06]    []  
STEP 12000 BETA 1.00121200
13000     [7.11e-05, 1.04e-04, 4.71e-06, 6.71e-06, 1.08e-05, 1.89e-06, 1.18e-06, 2.73e-08, 3.02e-06, 3.35e-06, 4.71e-07]    [7.11e-05, 1.04e-04, 4.71e-06, 6.71e-06, 1.08e-05, 1.89e-06, 1.18e-06, 2.73e-08, 3.02e-06, 3.35e-06, 4.71e-07]    []  
STEP 13000 BETA 1.00125360
14000     [7.24e-05, 7.61e-05, 1.77e-05, 2.06e-05, 1.56e-05, 1.31e-06, 9.58e-07, 3.72e-07, 3.04e-06, 3.22e-06, 4.31e-06]    [7.24e-05, 7.61e-05, 1.77e-05, 2.06e-05, 1.56e-05, 1.31e-06, 9.58e-07, 3.72e-07, 3.04e-06, 3.22e-06, 4.31e-06]    []  
STEP 14000 BETA 1.00040662
15000     [7.22e-05, 5.82e-04, 3.75e-05, 4.79e-05, 3.69e-05, 1.18e-06, 1.41e-06, 7.80e-07, 4.42e-06, 3.59e-06, 1.30e-05]    [7.22e-05, 5.82e-04, 3.75e-05, 4.79e-05, 3.69e-05, 1.18e-06, 1.41e-06, 7.80e-07, 4.42e-06, 3.59e-06, 1.30e-05]    []  
STEP 15000 BETA 1.00086153
16000     [4.08e-05, 7.25e-05, 4.23e-06, 5.19e-06, 6.83e-06, 6.54e-07, 8.52e-07, 8.47e-08, 1.91e-06, 2.56e-06, 5.17e-07]    [4.08e-05, 7.25e-05, 4.23e-06, 5.19e-06, 6.83e-06, 6.54e-07, 8.52e-07, 8.47e-08, 1.91e-06, 2.56e-06, 5.17e-07]    []  
STEP 16000 BETA 1.00109303
17000     [8.43e-05, 7.65e-05, 1.20e-05, 4.76e-06, 9.60e-05, 2.27e-06, 2.06e-06, 5.03e-06, 5.43e-06, 4.17e-06, 1.25e-08]    [8.43e-05, 7.65e-05, 1.20e-05, 4.76e-06, 9.60e-05, 2.27e-06, 2.06e-06, 5.03e-06, 5.43e-06, 4.17e-06, 1.25e-08]    []  
STEP 17000 BETA 1.00074422
18000     [2.21e-05, 3.47e-05, 2.16e-06, 2.07e-06, 3.81e-06, 5.30e-07, 3.66e-07, 3.81e-08, 1.33e-06, 2.58e-06, 1.19e-07]    [2.21e-05, 3.47e-05, 2.16e-06, 2.07e-06, 3.81e-06, 5.30e-07, 3.66e-07, 3.81e-08, 1.33e-06, 2.58e-06, 1.19e-07]    []  
STEP 18000 BETA 1.00075817
19000     [9.79e-05, 1.79e-04, 2.12e-05, 2.65e-05, 1.53e-05, 7.64e-07, 7.10e-07, 3.59e-08, 3.04e-06, 3.23e-06, 1.51e-06]    [9.79e-05, 1.79e-04, 2.12e-05, 2.65e-05, 1.53e-05, 7.64e-07, 7.10e-07, 3.59e-08, 3.04e-06, 3.23e-06, 1.51e-06]    []  
STEP 19000 BETA 0.99910063
20000     [2.70e-05, 7.76e-05, 1.79e-05, 1.96e-05, 1.63e-05, 1.39e-06, 5.39e-07, 2.46e-07, 3.18e-06, 3.25e-06, 6.85e-08]    [2.70e-05, 7.76e-05, 1.79e-05, 1.96e-05, 1.63e-05, 1.39e-06, 5.39e-07, 2.46e-07, 3.18e-06, 3.25e-06, 6.85e-08]    []  
STEP 20000 BETA 0.99889946
21000     [8.32e-06, 2.35e-05, 1.44e-06, 1.37e-06, 3.38e-06, 4.18e-07, 1.82e-07, 5.31e-08, 6.27e-07, 2.21e-06, 1.08e-08]    [8.32e-06, 2.35e-05, 1.44e-06, 1.37e-06, 3.38e-06, 4.18e-07, 1.82e-07, 5.31e-08, 6.27e-07, 2.21e-06, 1.08e-08]    []  
STEP 21000 BETA 0.99671453
22000     [7.65e-05, 4.10e-05, 8.94e-06, 1.19e-05, 1.26e-05, 5.31e-07, 4.44e-07, 9.64e-07, 8.16e-07, 2.35e-06, 1.14e-06]    [7.65e-05, 4.10e-05, 8.94e-06, 1.19e-05, 1.26e-05, 5.31e-07, 4.44e-07, 9.64e-07, 8.16e-07, 2.35e-06, 1.14e-06]    []  
STEP 22000 BETA 0.99634725
23000     [6.80e-06, 2.08e-05, 1.44e-06, 1.21e-06, 3.31e-06, 2.84e-07, 1.98e-07, 8.80e-08, 6.91e-07, 3.29e-06, 8.86e-10]    [6.80e-06, 2.08e-05, 1.44e-06, 1.21e-06, 3.31e-06, 2.84e-07, 1.98e-07, 8.80e-08, 6.91e-07, 3.29e-06, 8.86e-10]    []  
STEP 23000 BETA 0.99870390
24000     [5.26e-05, 6.76e-05, 1.67e-05, 1.28e-05, 3.73e-06, 4.65e-07, 8.32e-08, 9.36e-08, 7.84e-07, 2.27e-06, 1.92e-06]    [5.26e-05, 6.76e-05, 1.67e-05, 1.28e-05, 3.73e-06, 4.65e-07, 8.32e-08, 9.36e-08, 7.84e-07, 2.27e-06, 1.92e-06]    []  
STEP 24000 BETA 0.99651361
25000     [1.45e-05, 3.39e-05, 2.95e-06, 1.67e-05, 2.22e-05, 6.15e-07, 3.04e-07, 1.14e-06, 1.34e-06, 2.52e-06, 8.76e-09]    [1.45e-05, 3.39e-05, 2.95e-06, 1.67e-05, 2.22e-05, 6.15e-07, 3.04e-07, 1.14e-06, 1.34e-06, 2.52e-06, 8.76e-09]    []  
STEP 25000 BETA 0.99574286
26000     [4.62e-05, 1.35e-04, 2.14e-05, 1.60e-05, 3.13e-05, 1.26e-06, 2.02e-06, 1.09e-06, 2.93e-06, 3.14e-06, 7.15e-06]    [4.62e-05, 1.35e-04, 2.14e-05, 1.60e-05, 3.13e-05, 1.26e-06, 2.02e-06, 1.09e-06, 2.93e-06, 3.14e-06, 7.15e-06]    []  
STEP 26000 BETA 0.99489552
27000     [1.80e-04, 8.86e-05, 2.58e-05, 1.25e-04, 1.23e-05, 4.98e-07, 3.18e-06, 1.30e-07, 2.70e-06, 3.57e-06, 7.10e-06]    [1.80e-04, 8.86e-05, 2.58e-05, 1.25e-04, 1.23e-05, 4.98e-07, 3.18e-06, 1.30e-07, 2.70e-06, 3.57e-06, 7.10e-06]    []  
STEP 27000 BETA 0.99513549
28000     [6.41e-06, 1.48e-05, 1.42e-06, 1.23e-06, 2.31e-06, 3.12e-07, 6.75e-08, 5.87e-08, 3.77e-07, 1.99e-06, 1.37e-08]    [6.41e-06, 1.48e-05, 1.42e-06, 1.23e-06, 2.31e-06, 3.12e-07, 6.75e-08, 5.87e-08, 3.77e-07, 1.99e-06, 1.37e-08]    []  
STEP 28000 BETA 0.99463034
29000     [3.53e-05, 1.55e-04, 7.06e-06, 1.36e-05, 4.17e-05, 1.79e-06, 7.51e-07, 1.87e-06, 1.63e-06, 2.88e-06, 4.79e-06]    [3.53e-05, 1.55e-04, 7.06e-06, 1.36e-05, 4.17e-05, 1.79e-06, 7.51e-07, 1.87e-06, 1.63e-06, 2.88e-06, 4.79e-06]    []  
STEP 29000 BETA 0.99492282
30000     [4.22e-05, 8.31e-05, 1.89e-05, 1.71e-05, 8.15e-06, 4.19e-07, 2.09e-07, 7.63e-07, 1.37e-06, 2.61e-06, 1.78e-06]    [4.22e-05, 8.31e-05, 1.89e-05, 1.71e-05, 8.15e-06, 4.19e-07, 2.09e-07, 7.63e-07, 1.37e-06, 2.61e-06, 1.78e-06]    []  
STEP 30000 BETA 0.99405062
31000     [5.49e-06, 1.52e-05, 1.32e-06, 9.75e-07, 2.59e-06, 4.19e-07, 1.37e-07, 3.32e-07, 5.97e-07, 2.08e-06, 1.33e-07]    [5.49e-06, 1.52e-05, 1.32e-06, 9.75e-07, 2.59e-06, 4.19e-07, 1.37e-07, 3.32e-07, 5.97e-07, 2.08e-06, 1.33e-07]    []  
STEP 31000 BETA 0.99417335
32000     [6.32e-06, 1.40e-05, 2.73e-06, 1.72e-06, 3.83e-06, 3.10e-07, 1.89e-07, 1.73e-07, 2.45e-06, 3.82e-06, 1.16e-09]    [6.32e-06, 1.40e-05, 2.73e-06, 1.72e-06, 3.83e-06, 3.10e-07, 1.89e-07, 1.73e-07, 2.45e-06, 3.82e-06, 1.16e-09]    []  
STEP 32000 BETA 0.99174625
33000     [5.77e-06, 1.87e-05, 5.45e-06, 8.48e-06, 2.62e-06, 3.06e-07, 9.75e-08, 1.24e-07, 8.35e-07, 2.11e-06, 3.18e-09]    [5.77e-06, 1.87e-05, 5.45e-06, 8.48e-06, 2.62e-06, 3.06e-07, 9.75e-08, 1.24e-07, 8.35e-07, 2.11e-06, 3.18e-09]    []  
STEP 33000 BETA 0.99434894
34000     [1.46e-05, 1.43e-05, 3.05e-06, 4.10e-06, 2.48e-06, 2.71e-07, 7.07e-08, 6.77e-08, 4.61e-07, 1.86e-06, 3.19e-07]    [1.46e-05, 1.43e-05, 3.05e-06, 4.10e-06, 2.48e-06, 2.71e-07, 7.07e-08, 6.77e-08, 4.61e-07, 1.86e-06, 3.19e-07]    []  
STEP 34000 BETA 0.99582970
35000     [1.11e-05, 1.47e-05, 1.65e-06, 1.31e-06, 4.41e-06, 4.79e-07, 6.70e-08, 5.54e-08, 5.33e-07, 1.77e-06, 1.68e-07]    [1.11e-05, 1.47e-05, 1.65e-06, 1.31e-06, 4.41e-06, 4.79e-07, 6.70e-08, 5.54e-08, 5.33e-07, 1.77e-06, 1.68e-07]    []  
STEP 35000 BETA 0.99568409
36000     [1.10e-05, 1.15e-04, 7.21e-06, 1.43e-05, 5.59e-06, 4.71e-07, 1.92e-07, 2.51e-07, 7.07e-07, 1.73e-06, 3.43e-06]    [1.10e-05, 1.15e-04, 7.21e-06, 1.43e-05, 5.59e-06, 4.71e-07, 1.92e-07, 2.51e-07, 7.07e-07, 1.73e-06, 3.43e-06]    []  
STEP 36000 BETA 0.99530780
37000     [8.16e-06, 1.10e-05, 2.01e-06, 2.11e-06, 1.94e-06, 2.74e-07, 3.41e-08, 7.99e-08, 4.92e-07, 1.64e-06, 1.43e-07]    [8.16e-06, 1.10e-05, 2.01e-06, 2.11e-06, 1.94e-06, 2.74e-07, 3.41e-08, 7.99e-08, 4.92e-07, 1.64e-06, 1.43e-07]    []  
STEP 37000 BETA 0.99489260
38000     [1.95e-05, 1.32e-05, 5.39e-06, 1.47e-05, 1.49e-05, 4.25e-07, 2.69e-07, 5.18e-07, 1.11e-06, 1.70e-06, 7.81e-07]    [1.95e-05, 1.32e-05, 5.39e-06, 1.47e-05, 1.49e-05, 4.25e-07, 2.69e-07, 5.18e-07, 1.11e-06, 1.70e-06, 7.81e-07]    []  
STEP 38000 BETA 0.99471140
39000     [9.54e-06, 2.17e-05, 2.60e-05, 2.08e-05, 2.59e-06, 8.87e-07, 2.00e-07, 3.32e-07, 9.57e-07, 1.86e-06, 4.27e-06]    [9.54e-06, 2.17e-05, 2.60e-05, 2.08e-05, 2.59e-06, 8.87e-07, 2.00e-07, 3.32e-07, 9.57e-07, 1.86e-06, 4.27e-06]    []  
STEP 39000 BETA 0.99477643
40000     [4.76e-06, 1.99e-05, 1.00e-05, 7.52e-06, 6.99e-06, 1.11e-06, 2.33e-07, 9.35e-08, 4.63e-07, 1.67e-06, 2.94e-06]    [4.76e-06, 1.99e-05, 1.00e-05, 7.52e-06, 6.99e-06, 1.11e-06, 2.33e-07, 9.35e-08, 4.63e-07, 1.67e-06, 2.94e-06]    []  
STEP 40000 BETA 0.99403465
41000     [6.95e-06, 9.48e-06, 8.46e-07, 7.84e-07, 2.53e-06, 3.58e-07, 2.40e-08, 5.60e-08, 5.70e-07, 1.41e-06, 3.86e-09]    [6.95e-06, 9.48e-06, 8.46e-07, 7.84e-07, 2.53e-06, 3.58e-07, 2.40e-08, 5.60e-08, 5.70e-07, 1.41e-06, 3.86e-09]    []  
STEP 41000 BETA 0.99491835
42000     [3.67e-06, 9.09e-06, 8.58e-07, 1.25e-06, 1.66e-06, 1.93e-07, 3.05e-08, 3.07e-08, 3.49e-07, 1.33e-06, 1.85e-07]    [3.67e-06, 9.09e-06, 8.58e-07, 1.25e-06, 1.66e-06, 1.93e-07, 3.05e-08, 3.07e-08, 3.49e-07, 1.33e-06, 1.85e-07]    []  
STEP 42000 BETA 0.99462295
43000     [5.39e-06, 9.84e-06, 2.20e-06, 1.71e-06, 1.86e-06, 5.52e-07, 1.51e-07, 7.31e-07, 4.94e-07, 1.73e-06, 2.82e-07]    [5.39e-06, 9.84e-06, 2.20e-06, 1.71e-06, 1.86e-06, 5.52e-07, 1.51e-07, 7.31e-07, 4.94e-07, 1.73e-06, 2.82e-07]    []  
STEP 43000 BETA 0.99532127
44000     [6.30e-06, 1.62e-05, 7.07e-06, 8.27e-06, 1.89e-06, 2.95e-07, 2.35e-08, 1.26e-07, 8.01e-07, 1.39e-06, 8.86e-07]    [6.30e-06, 1.62e-05, 7.07e-06, 8.27e-06, 1.89e-06, 2.95e-07, 2.35e-08, 1.26e-07, 8.01e-07, 1.39e-06, 8.86e-07]    []  
STEP 44000 BETA 0.99524444
45000     [3.58e-06, 9.00e-06, 1.02e-06, 6.53e-07, 1.82e-06, 7.59e-08, 3.96e-08, 4.07e-08, 4.16e-07, 1.43e-06, 8.60e-08]    [3.58e-06, 9.00e-06, 1.02e-06, 6.53e-07, 1.82e-06, 7.59e-08, 3.96e-08, 4.07e-08, 4.16e-07, 1.43e-06, 8.60e-08]    []  
STEP 45000 BETA 0.99618173
46000     [6.64e-06, 1.11e-05, 5.00e-06, 4.20e-06, 1.72e-06, 1.42e-07, 6.64e-08, 2.66e-08, 3.67e-07, 1.27e-06, 1.79e-07]    [6.64e-06, 1.11e-05, 5.00e-06, 4.20e-06, 1.72e-06, 1.42e-07, 6.64e-08, 2.66e-08, 3.67e-07, 1.27e-06, 1.79e-07]    []  
STEP 46000 BETA 0.99623883
47000     [1.09e-05, 2.89e-05, 3.49e-06, 1.97e-06, 2.89e-06, 1.44e-07, 1.24e-07, 9.39e-08, 4.36e-07, 1.19e-06, 1.10e-06]    [1.09e-05, 2.89e-05, 3.49e-06, 1.97e-06, 2.89e-06, 1.44e-07, 1.24e-07, 9.39e-08, 4.36e-07, 1.19e-06, 1.10e-06]    []  
STEP 47000 BETA 0.99584311
48000     [2.80e-06, 7.65e-06, 5.75e-07, 1.81e-06, 1.46e-06, 1.41e-07, 5.97e-08, 3.58e-08, 3.78e-07, 1.15e-06, 4.35e-08]    [2.80e-06, 7.65e-06, 5.75e-07, 1.81e-06, 1.46e-06, 1.41e-07, 5.97e-08, 3.58e-08, 3.78e-07, 1.15e-06, 4.35e-08]    []  
STEP 48000 BETA 0.99541587
49000     [1.00e-05, 1.54e-05, 4.07e-05, 4.65e-05, 5.74e-06, 7.13e-07, 7.18e-07, 6.12e-07, 1.33e-06, 1.45e-06, 8.55e-06]    [1.00e-05, 1.54e-05, 4.07e-05, 4.65e-05, 5.74e-06, 7.13e-07, 7.18e-07, 6.12e-07, 1.33e-06, 1.45e-06, 8.55e-06]    []  
STEP 49000 BETA 0.99402153
50000     [1.14e-05, 1.26e-05, 5.71e-06, 1.06e-05, 8.98e-06, 5.28e-07, 1.03e-07, 1.92e-07, 6.14e-07, 1.16e-06, 9.31e-09]    [1.14e-05, 1.26e-05, 5.71e-06, 1.06e-05, 8.98e-06, 5.28e-07, 1.03e-07, 1.92e-07, 6.14e-07, 1.16e-06, 9.31e-09]    []  
STEP 50000 BETA 0.99474716
51000     [8.65e-06, 1.34e-05, 1.39e-06, 2.34e-06, 4.29e-06, 4.59e-07, 5.30e-08, 2.54e-08, 4.90e-07, 1.15e-06, 2.65e-07]    [8.65e-06, 1.34e-05, 1.39e-06, 2.34e-06, 4.29e-06, 4.59e-07, 5.30e-08, 2.54e-08, 4.90e-07, 1.15e-06, 2.65e-07]    []  
STEP 51000 BETA 0.99450773
52000     [3.53e-06, 6.60e-06, 5.10e-07, 4.45e-07, 1.44e-06, 1.04e-07, 1.27e-08, 4.13e-08, 3.00e-07, 1.00e-06, 1.41e-08]    [3.53e-06, 6.60e-06, 5.10e-07, 4.45e-07, 1.44e-06, 1.04e-07, 1.27e-08, 4.13e-08, 3.00e-07, 1.00e-06, 1.41e-08]    []  
STEP 52000 BETA 0.99458891
53000     [1.42e-05, 3.21e-05, 1.52e-06, 7.41e-06, 1.93e-06, 1.63e-07, 4.19e-08, 1.78e-07, 4.64e-07, 1.06e-06, 3.09e-06]    [1.42e-05, 3.21e-05, 1.52e-06, 7.41e-06, 1.93e-06, 1.63e-07, 4.19e-08, 1.78e-07, 4.64e-07, 1.06e-06, 3.09e-06]    []  
STEP 53000 BETA 0.99484622
54000     [3.06e-06, 6.28e-06, 5.52e-07, 4.26e-07, 1.43e-06, 1.41e-07, 8.58e-08, 2.18e-07, 6.96e-07, 1.52e-06, 8.36e-10]    [3.06e-06, 6.28e-06, 5.52e-07, 4.26e-07, 1.43e-06, 1.41e-07, 8.58e-08, 2.18e-07, 6.96e-07, 1.52e-06, 8.36e-10]    []  
STEP 54000 BETA 0.99872661
55000     [2.10e-05, 1.28e-05, 3.63e-06, 1.08e-05, 1.83e-06, 7.73e-08, 1.87e-07, 8.18e-08, 3.83e-07, 9.57e-07, 8.96e-07]    [2.10e-05, 1.28e-05, 3.63e-06, 1.08e-05, 1.83e-06, 7.73e-08, 1.87e-07, 8.18e-08, 3.83e-07, 9.57e-07, 8.96e-07]    []  
STEP 55000 BETA 0.99495560
56000     [1.14e-04, 1.49e-04, 1.74e-05, 4.83e-05, 5.32e-05, 4.62e-06, 1.15e-06, 5.10e-08, 3.56e-06, 2.85e-06, 5.61e-06]    [1.14e-04, 1.49e-04, 1.74e-05, 4.83e-05, 5.32e-05, 4.62e-06, 1.15e-06, 5.10e-08, 3.56e-06, 2.85e-06, 5.61e-06]    []  
STEP 56000 BETA 0.99433059
57000     [3.74e-06, 1.29e-05, 5.94e-06, 8.87e-06, 1.57e-06, 2.69e-07, 3.24e-07, 1.99e-07, 4.72e-07, 9.02e-07, 1.93e-06]    [3.74e-06, 1.29e-05, 5.94e-06, 8.87e-06, 1.57e-06, 2.69e-07, 3.24e-07, 1.99e-07, 4.72e-07, 9.02e-07, 1.93e-06]    []  
STEP 57000 BETA 0.99503994
58000     [7.18e-06, 1.18e-05, 9.47e-07, 2.20e-06, 3.13e-06, 1.71e-07, 2.48e-08, 2.79e-08, 3.53e-07, 8.05e-07, 1.33e-07]    [7.18e-06, 1.18e-05, 9.47e-07, 2.20e-06, 3.13e-06, 1.71e-07, 2.48e-08, 2.79e-08, 3.53e-07, 8.05e-07, 1.33e-07]    []  
STEP 58000 BETA 0.99468613
59000     [1.20e-05, 3.05e-05, 1.83e-05, 2.50e-05, 4.53e-06, 5.77e-07, 7.86e-07, 2.09e-07, 2.33e-07, 8.38e-07, 8.07e-06]    [1.20e-05, 3.05e-05, 1.83e-05, 2.50e-05, 4.53e-06, 5.77e-07, 7.86e-07, 2.09e-07, 2.33e-07, 8.38e-07, 8.07e-06]    []  
STEP 59000 BETA 0.99438578
60000     [4.73e-06, 6.62e-06, 2.06e-06, 2.81e-06, 7.72e-06, 2.12e-07, 2.08e-07, 3.53e-07, 3.90e-07, 8.48e-07, 4.34e-07]    [4.73e-06, 6.62e-06, 2.06e-06, 2.81e-06, 7.72e-06, 2.12e-07, 2.08e-07, 3.53e-07, 3.90e-07, 8.48e-07, 4.34e-07]    []  
STEP 60000 BETA 0.99415725
61000     [2.42e-06, 5.21e-06, 4.09e-07, 3.91e-07, 1.47e-06, 1.09e-07, 3.59e-08, 6.61e-08, 4.24e-07, 1.12e-06, 2.97e-08]    [2.42e-06, 5.21e-06, 4.09e-07, 3.91e-07, 1.47e-06, 1.09e-07, 3.59e-08, 6.61e-08, 4.24e-07, 1.12e-06, 2.97e-08]    []  
STEP 61000 BETA 0.99805427
62000     [2.38e-06, 5.09e-06, 6.06e-07, 1.09e-06, 1.32e-06, 6.64e-08, 9.64e-09, 3.18e-08, 3.10e-07, 7.17e-07, 6.52e-08]    [2.38e-06, 5.09e-06, 6.06e-07, 1.09e-06, 1.32e-06, 6.64e-08, 9.64e-09, 3.18e-08, 3.10e-07, 7.17e-07, 6.52e-08]    []  
STEP 62000 BETA 0.99474430
63000     [3.70e-06, 5.42e-06, 4.06e-07, 4.01e-07, 1.34e-06, 4.71e-08, 2.69e-08, 7.51e-08, 2.43e-07, 6.50e-07, 1.83e-09]    [3.70e-06, 5.42e-06, 4.06e-07, 4.01e-07, 1.34e-06, 4.71e-08, 2.69e-08, 7.51e-08, 2.43e-07, 6.50e-07, 1.83e-09]    []  
STEP 63000 BETA 0.99404007
64000     [1.98e-05, 2.97e-05, 4.11e-06, 4.88e-06, 4.17e-06, 6.26e-08, 8.81e-08, 6.36e-08, 3.88e-07, 6.79e-07, 1.08e-07]    [1.98e-05, 2.97e-05, 4.11e-06, 4.88e-06, 4.17e-06, 6.26e-08, 8.81e-08, 6.36e-08, 3.88e-07, 6.79e-07, 1.08e-07]    []  
STEP 64000 BETA 0.99467462
65000     [5.78e-06, 9.73e-06, 6.64e-06, 1.05e-05, 1.18e-06, 3.09e-07, 9.55e-08, 1.54e-07, 1.05e-06, 1.05e-06, 1.01e-06]    [5.78e-06, 9.73e-06, 6.64e-06, 1.05e-05, 1.18e-06, 3.09e-07, 9.55e-08, 1.54e-07, 1.05e-06, 1.05e-06, 1.01e-06]    []  
STEP 65000 BETA 0.99429357
66000     [1.06e-05, 5.05e-06, 1.39e-06, 6.99e-07, 1.82e-06, 9.53e-08, 2.07e-08, 1.61e-08, 2.14e-07, 6.32e-07, 1.20e-08]    [1.06e-05, 5.05e-06, 1.39e-06, 6.99e-07, 1.82e-06, 9.53e-08, 2.07e-08, 1.61e-08, 2.14e-07, 6.32e-07, 1.20e-08]    []  
STEP 66000 BETA 0.99409020
67000     [7.31e-06, 2.47e-05, 5.78e-06, 2.88e-06, 6.94e-06, 8.77e-07, 1.61e-07, 2.72e-06, 4.09e-07, 1.43e-06, 1.57e-06]    [7.31e-06, 2.47e-05, 5.78e-06, 2.88e-06, 6.94e-06, 8.77e-07, 1.61e-07, 2.72e-06, 4.09e-07, 1.43e-06, 1.57e-06]    []  
STEP 67000 BETA 0.99464583
68000     [3.70e-06, 1.54e-05, 1.11e-05, 1.53e-05, 1.88e-06, 4.48e-07, 2.88e-07, 6.69e-08, 2.47e-07, 6.31e-07, 3.80e-06]    [3.70e-06, 1.54e-05, 1.11e-05, 1.53e-05, 1.88e-06, 4.48e-07, 2.88e-07, 6.69e-08, 2.47e-07, 6.31e-07, 3.80e-06]    []  
STEP 68000 BETA 0.99393648
69000     [2.17e-06, 4.03e-06, 2.49e-07, 2.18e-07, 8.98e-07, 4.16e-08, 4.95e-08, 2.48e-08, 2.08e-07, 6.32e-07, 1.74e-10]    [2.17e-06, 4.03e-06, 2.49e-07, 2.18e-07, 8.98e-07, 4.16e-08, 4.95e-08, 2.48e-08, 2.08e-07, 6.32e-07, 1.74e-10]    []  
STEP 69000 BETA 0.99694979
70000     [9.75e-06, 3.19e-05, 3.61e-06, 3.58e-06, 2.46e-06, 2.54e-07, 3.47e-07, 4.05e-07, 4.20e-07, 9.09e-07, 2.01e-06]    [9.75e-06, 3.19e-05, 3.61e-06, 3.58e-06, 2.46e-06, 2.54e-07, 3.47e-07, 4.05e-07, 4.20e-07, 9.09e-07, 2.01e-06]    []  
STEP 70000 BETA 0.99482864
71000     [4.85e-06, 6.48e-06, 2.02e-06, 1.08e-06, 6.70e-06, 2.78e-07, 5.49e-08, 3.41e-07, 3.82e-07, 5.93e-07, 3.16e-08]    [4.85e-06, 6.48e-06, 2.02e-06, 1.08e-06, 6.70e-06, 2.78e-07, 5.49e-08, 3.41e-07, 3.82e-07, 5.93e-07, 3.16e-08]    []  
STEP 71000 BETA 0.99560815
72000     [2.18e-06, 3.76e-06, 3.11e-07, 1.77e-07, 1.68e-06, 4.38e-08, 3.20e-08, 7.80e-08, 2.29e-07, 5.28e-07, 5.33e-10]    [2.18e-06, 3.76e-06, 3.11e-07, 1.77e-07, 1.68e-06, 4.38e-08, 3.20e-08, 7.80e-08, 2.29e-07, 5.28e-07, 5.33e-10]    []  
STEP 72000 BETA 0.99407977
73000     [4.52e-06, 1.51e-05, 2.18e-06, 1.53e-06, 1.60e-06, 7.49e-08, 1.02e-07, 3.25e-08, 2.84e-07, 5.99e-07, 8.41e-07]    [4.52e-06, 1.51e-05, 2.18e-06, 1.53e-06, 1.60e-06, 7.49e-08, 1.02e-07, 3.25e-08, 2.84e-07, 5.99e-07, 8.41e-07]    []  
STEP 73000 BETA 0.99392360
74000     [2.25e-06, 3.53e-06, 2.33e-07, 5.16e-07, 8.33e-07, 2.22e-08, 1.05e-08, 1.64e-08, 1.71e-07, 4.59e-07, 1.79e-08]    [2.25e-06, 3.53e-06, 2.33e-07, 5.16e-07, 8.33e-07, 2.22e-08, 1.05e-08, 1.64e-08, 1.71e-07, 4.59e-07, 1.79e-08]    []  
STEP 74000 BETA 0.99398971
75000     [3.61e-06, 6.22e-06, 1.36e-06, 1.40e-06, 9.08e-07, 1.24e-07, 1.60e-08, 8.12e-08, 2.59e-07, 4.77e-07, 3.55e-07]    [3.61e-06, 6.22e-06, 1.36e-06, 1.40e-06, 9.08e-07, 1.24e-07, 1.60e-08, 8.12e-08, 2.59e-07, 4.77e-07, 3.55e-07]    []  
STEP 75000 BETA 0.99379134
76000     [7.23e-06, 7.55e-06, 2.38e-06, 1.71e-06, 1.70e-06, 8.34e-08, 8.73e-08, 3.12e-07, 4.04e-07, 5.33e-07, 1.71e-07]    [7.23e-06, 7.55e-06, 2.38e-06, 1.71e-06, 1.70e-06, 8.34e-08, 8.73e-08, 3.12e-07, 4.04e-07, 5.33e-07, 1.71e-07]    []  
STEP 76000 BETA 0.99506813
77000     [8.19e-06, 1.81e-05, 2.15e-06, 1.36e-06, 1.68e-06, 1.07e-07, 1.80e-08, 6.62e-08, 1.93e-07, 4.66e-07, 7.38e-07]    [8.19e-06, 1.81e-05, 2.15e-06, 1.36e-06, 1.68e-06, 1.07e-07, 1.80e-08, 6.62e-08, 1.93e-07, 4.66e-07, 7.38e-07]    []  
STEP 77000 BETA 0.99395829
78000     [1.94e-06, 3.61e-06, 4.66e-07, 4.73e-07, 8.14e-07, 3.63e-08, 9.43e-09, 1.59e-08, 1.61e-07, 4.20e-07, 2.64e-08]    [1.94e-06, 3.61e-06, 4.66e-07, 4.73e-07, 8.14e-07, 3.63e-08, 9.43e-09, 1.59e-08, 1.61e-07, 4.20e-07, 2.64e-08]    []  
STEP 78000 BETA 0.99443579
79000     [2.25e-06, 4.39e-06, 8.70e-07, 1.51e-06, 1.60e-06, 2.34e-08, 4.09e-08, 7.73e-08, 1.95e-07, 3.74e-07, 3.20e-07]    [2.25e-06, 4.39e-06, 8.70e-07, 1.51e-06, 1.60e-06, 2.34e-08, 4.09e-08, 7.73e-08, 1.95e-07, 3.74e-07, 3.20e-07]    []  
STEP 79000 BETA 0.99411041
80000     [1.92e-06, 3.04e-06, 1.94e-07, 1.45e-07, 7.29e-07, 2.86e-08, 4.36e-08, 1.63e-08, 1.90e-07, 4.37e-07, 3.82e-09]    [1.92e-06, 3.04e-06, 1.94e-07, 1.45e-07, 7.29e-07, 2.86e-08, 4.36e-08, 1.63e-08, 1.90e-07, 4.37e-07, 3.82e-09]    []  
STEP 80000 BETA 0.99471140
81000     [2.64e-06, 4.88e-06, 2.42e-07, 1.87e-06, 8.13e-07, 3.08e-08, 3.62e-08, 2.75e-08, 2.47e-07, 3.67e-07, 1.04e-07]    [2.64e-06, 4.88e-06, 2.42e-07, 1.87e-06, 8.13e-07, 3.08e-08, 3.62e-08, 2.75e-08, 2.47e-07, 3.67e-07, 1.04e-07]    []  
STEP 81000 BETA 0.99452317
82000     [1.93e-06, 2.82e-06, 1.94e-07, 2.11e-07, 6.81e-07, 1.91e-08, 1.57e-08, 1.53e-08, 1.47e-07, 3.55e-07, 5.16e-11]    [1.93e-06, 2.82e-06, 1.94e-07, 2.11e-07, 6.81e-07, 1.91e-08, 1.57e-08, 1.53e-08, 1.47e-07, 3.55e-07, 5.16e-11]    []  
STEP 82000 BETA 0.99431348
83000     [1.26e-05, 1.31e-05, 1.97e-06, 3.09e-06, 6.13e-06, 7.14e-08, 3.04e-07, 1.88e-07, 6.94e-07, 5.01e-07, 6.88e-07]    [1.26e-05, 1.31e-05, 1.97e-06, 3.09e-06, 6.13e-06, 7.14e-08, 3.04e-07, 1.88e-07, 6.94e-07, 5.01e-07, 6.88e-07]    []  
STEP 83000 BETA 0.99472088
84000     [6.13e-06, 8.07e-06, 2.51e-06, 3.45e-06, 8.46e-07, 3.69e-08, 3.64e-08, 1.20e-07, 1.73e-07, 3.62e-07, 2.67e-07]    [6.13e-06, 8.07e-06, 2.51e-06, 3.45e-06, 8.46e-07, 3.69e-08, 3.64e-08, 1.20e-07, 1.73e-07, 3.62e-07, 2.67e-07]    []  
STEP 84000 BETA 0.99471211
85000     [2.32e-06, 2.93e-06, 1.79e-07, 1.90e-07, 7.59e-07, 2.23e-08, 4.18e-08, 2.10e-08, 2.58e-07, 5.90e-07, 8.97e-10]    [2.32e-06, 2.93e-06, 1.79e-07, 1.90e-07, 7.59e-07, 2.23e-08, 4.18e-08, 2.10e-08, 2.58e-07, 5.90e-07, 8.97e-10]    []  
STEP 85000 BETA 0.99540031
86000     [1.96e-06, 2.74e-06, 1.79e-07, 1.76e-07, 6.49e-07, 1.38e-08, 1.91e-08, 1.54e-08, 1.24e-07, 2.97e-07, 1.91e-08]    [1.96e-06, 2.74e-06, 1.79e-07, 1.76e-07, 6.49e-07, 1.38e-08, 1.91e-08, 1.54e-08, 1.24e-07, 2.97e-07, 1.91e-08]    []  
STEP 86000 BETA 0.99397910
87000     [3.53e-06, 5.83e-06, 3.83e-07, 5.09e-07, 6.95e-07, 2.76e-08, 3.04e-08, 2.41e-08, 1.68e-07, 2.90e-07, 2.61e-09]    [3.53e-06, 5.83e-06, 3.83e-07, 5.09e-07, 6.95e-07, 2.76e-08, 3.04e-08, 2.41e-08, 1.68e-07, 2.90e-07, 2.61e-09]    []  
STEP 87000 BETA 0.99436527
88000     [1.52e-05, 6.60e-06, 1.62e-06, 1.89e-06, 1.85e-06, 3.26e-07, 1.53e-07, 9.58e-08, 3.46e-07, 4.47e-07, 7.74e-08]    [1.52e-05, 6.60e-06, 1.62e-06, 1.89e-06, 1.85e-06, 3.26e-07, 1.53e-07, 9.58e-08, 3.46e-07, 4.47e-07, 7.74e-08]    []  
STEP 88000 BETA 0.99448085
89000     [2.01e-05, 7.00e-06, 3.64e-06, 7.71e-06, 1.55e-06, 4.16e-08, 1.24e-07, 9.26e-08, 1.88e-07, 4.22e-07, 1.55e-06]    [2.01e-05, 7.00e-06, 3.64e-06, 7.71e-06, 1.55e-06, 4.16e-08, 1.24e-07, 9.26e-08, 1.88e-07, 4.22e-07, 1.55e-06]    []  
STEP 89000 BETA 0.99412674
90000     [2.42e-06, 3.04e-06, 3.17e-07, 2.60e-07, 8.03e-07, 1.72e-08, 1.33e-08, 2.28e-08, 1.55e-07, 2.99e-07, 8.97e-08]    [2.42e-06, 3.04e-06, 3.17e-07, 2.60e-07, 8.03e-07, 1.72e-08, 1.33e-08, 2.28e-08, 1.55e-07, 2.99e-07, 8.97e-08]    []  
STEP 90000 BETA 0.99454695
91000     [3.28e-06, 4.37e-06, 2.76e-06, 5.04e-06, 3.90e-06, 4.73e-08, 4.82e-08, 1.95e-07, 3.54e-07, 3.33e-07, 4.12e-07]    [3.28e-06, 4.37e-06, 2.76e-06, 5.04e-06, 3.90e-06, 4.73e-08, 4.82e-08, 1.95e-07, 3.54e-07, 3.33e-07, 4.12e-07]    []  
STEP 91000 BETA 0.99477434
92000     [2.50e-05, 7.58e-06, 5.38e-06, 7.56e-06, 1.31e-06, 3.64e-08, 2.87e-07, 1.17e-07, 1.53e-07, 2.77e-07, 1.15e-06]    [2.50e-05, 7.58e-06, 5.38e-06, 7.56e-06, 1.31e-06, 3.64e-08, 2.87e-07, 1.17e-07, 1.53e-07, 2.77e-07, 1.15e-06]    []  
STEP 92000 BETA 0.99454284
93000     [5.06e-06, 9.61e-06, 9.95e-06, 1.20e-05, 3.57e-05, 2.05e-06, 1.00e-06, 6.14e-07, 1.25e-06, 9.02e-07, 3.33e-06]    [5.06e-06, 9.61e-06, 9.95e-06, 1.20e-05, 3.57e-05, 2.05e-06, 1.00e-06, 6.14e-07, 1.25e-06, 9.02e-07, 3.33e-06]    []  
STEP 93000 BETA 0.99371898
94000     [4.21e-06, 3.42e-06, 4.70e-07, 7.70e-07, 1.03e-06, 2.23e-08, 1.10e-07, 1.05e-07, 2.15e-07, 3.79e-07, 4.73e-10]    [4.21e-06, 3.42e-06, 4.70e-07, 7.70e-07, 1.03e-06, 2.23e-08, 1.10e-07, 1.05e-07, 2.15e-07, 3.79e-07, 4.73e-10]    []  
STEP 94000 BETA 0.99443781
95000     [2.18e-06, 3.69e-06, 1.01e-06, 1.04e-06, 1.45e-06, 2.45e-08, 5.44e-08, 1.27e-07, 1.60e-07, 2.59e-07, 4.32e-08]    [2.18e-06, 3.69e-06, 1.01e-06, 1.04e-06, 1.45e-06, 2.45e-08, 5.44e-08, 1.27e-07, 1.60e-07, 2.59e-07, 4.32e-08]    []  
STEP 95000 BETA 0.99413097
96000     [3.09e-06, 2.75e-06, 6.66e-07, 2.38e-06, 9.34e-07, 8.40e-08, 1.86e-08, 1.54e-08, 1.63e-07, 2.60e-07, 1.80e-08]    [3.09e-06, 2.75e-06, 6.66e-07, 2.38e-06, 9.34e-07, 8.40e-08, 1.86e-08, 1.54e-08, 1.63e-07, 2.60e-07, 1.80e-08]    []  
STEP 96000 BETA 0.99412572
97000     [3.89e-06, 2.70e-06, 3.35e-07, 7.99e-07, 6.17e-07, 2.19e-08, 1.63e-08, 2.06e-08, 1.38e-07, 2.32e-07, 2.37e-10]    [3.89e-06, 2.70e-06, 3.35e-07, 7.99e-07, 6.17e-07, 2.19e-08, 1.63e-08, 2.06e-08, 1.38e-07, 2.32e-07, 2.37e-10]    []  
STEP 97000 BETA 0.99405694
98000     [1.13e-03, 7.59e-04, 1.19e-04, 3.81e-04, 5.59e-05, 6.27e-07, 6.03e-06, 1.87e-05, 6.91e-05, 2.31e-05, 1.54e-04]    [1.13e-03, 7.59e-04, 1.19e-04, 3.81e-04, 5.59e-05, 6.27e-07, 6.03e-06, 1.87e-05, 6.91e-05, 2.31e-05, 1.54e-04]    []  
STEP 98000 BETA 1.00027275
99000     [1.51e-06, 2.25e-06, 1.10e-07, 1.14e-07, 5.40e-07, 1.84e-08, 8.94e-09, 1.76e-08, 9.45e-08, 2.44e-07, 1.17e-11]    [1.51e-06, 2.25e-06, 1.10e-07, 1.14e-07, 5.40e-07, 1.84e-08, 8.94e-09, 1.76e-08, 9.45e-08, 2.44e-07, 1.17e-11]    []  
STEP 99000 BETA 0.99415922
100000    [3.11e-06, 5.79e-06, 2.55e-06, 1.40e-06, 3.11e-06, 7.77e-08, 5.65e-08, 3.11e-07, 2.63e-07, 2.69e-07, 3.54e-09]    [3.11e-06, 5.79e-06, 2.55e-06, 1.40e-06, 3.11e-06, 7.77e-08, 5.65e-08, 3.11e-07, 2.63e-07, 2.69e-07, 3.54e-09]    []  
STEP 100000 BETA 0.99388891
101000    [4.67e-06, 1.83e-05, 1.76e-06, 4.89e-06, 1.30e-06, 1.42e-07, 2.61e-07, 1.58e-07, 1.47e-07, 3.64e-07, 1.81e-09]    [4.67e-06, 1.83e-05, 1.76e-06, 4.89e-06, 1.30e-06, 1.42e-07, 2.61e-07, 1.58e-07, 1.47e-07, 3.64e-07, 1.81e-09]    []  
STEP 101000 BETA 0.99439007
102000    [8.22e-06, 2.05e-05, 2.47e-06, 1.82e-06, 3.47e-06, 3.55e-07, 2.10e-07, 1.18e-07, 4.92e-07, 4.43e-07, 6.14e-07]    [8.22e-06, 2.05e-05, 2.47e-06, 1.82e-06, 3.47e-06, 3.55e-07, 2.10e-07, 1.18e-07, 4.92e-07, 4.43e-07, 6.14e-07]    []  
STEP 102000 BETA 0.99385452
103000    [2.37e-06, 2.56e-06, 4.45e-06, 3.50e-06, 1.07e-06, 6.22e-08, 5.32e-07, 9.26e-08, 2.58e-07, 4.51e-07, 7.59e-07]    [2.37e-06, 2.56e-06, 4.45e-06, 3.50e-06, 1.07e-06, 6.22e-08, 5.32e-07, 9.26e-08, 2.58e-07, 4.51e-07, 7.59e-07]    []  
STEP 103000 BETA 0.99387419
104000    [1.66e-06, 2.15e-06, 2.02e-07, 7.19e-07, 6.15e-07, 2.30e-08, 1.59e-08, 1.50e-08, 1.37e-07, 2.16e-07, 1.99e-08]    [1.66e-06, 2.15e-06, 2.02e-07, 7.19e-07, 6.15e-07, 2.30e-08, 1.59e-08, 1.50e-08, 1.37e-07, 2.16e-07, 1.99e-08]    []  
STEP 104000 BETA 0.99445641
105000    [3.16e-06, 9.25e-06, 6.27e-07, 5.06e-06, 1.13e-06, 8.94e-08, 1.69e-07, 1.13e-07, 2.53e-07, 2.69e-07, 8.84e-07]    [3.16e-06, 9.25e-06, 6.27e-07, 5.06e-06, 1.13e-06, 8.94e-08, 1.69e-07, 1.13e-07, 2.53e-07, 2.69e-07, 8.84e-07]    []  
STEP 105000 BETA 0.99386972
106000    [1.29e-06, 1.84e-06, 9.07e-08, 8.57e-08, 4.54e-07, 1.55e-08, 1.16e-08, 1.35e-08, 1.20e-07, 1.99e-07, 5.24e-10]    [1.29e-06, 1.84e-06, 9.07e-08, 8.57e-08, 4.54e-07, 1.55e-08, 1.16e-08, 1.35e-08, 1.20e-07, 1.99e-07, 5.24e-10]    []  
STEP 106000 BETA 0.99378115
107000    [2.59e-06, 2.29e-06, 2.14e-07, 4.35e-07, 7.77e-07, 1.64e-08, 2.34e-08, 3.79e-08, 1.45e-07, 2.12e-07, 3.37e-08]    [2.59e-06, 2.29e-06, 2.14e-07, 4.35e-07, 7.77e-07, 1.64e-08, 2.34e-08, 3.79e-08, 1.45e-07, 2.12e-07, 3.37e-08]    []  
STEP 107000 BETA 0.99376678
108000    [5.73e-06, 3.79e-06, 1.98e-06, 1.14e-06, 1.57e-06, 5.10e-08, 1.16e-07, 2.80e-07, 4.93e-07, 3.14e-07, 9.58e-09]    [5.73e-06, 3.79e-06, 1.98e-06, 1.14e-06, 1.57e-06, 5.10e-08, 1.16e-07, 2.80e-07, 4.93e-07, 3.14e-07, 9.58e-09]    []  
STEP 108000 BETA 0.99570489
109000    [6.10e-06, 1.63e-05, 2.38e-06, 6.94e-06, 5.04e-06, 2.61e-07, 6.99e-07, 2.76e-08, 7.68e-07, 5.02e-07, 9.82e-07]    [6.10e-06, 1.63e-05, 2.38e-06, 6.94e-06, 5.04e-06, 2.61e-07, 6.99e-07, 2.76e-08, 7.68e-07, 5.02e-07, 9.82e-07]    []  
STEP 109000 BETA 0.99370456
110000    [8.63e-06, 1.89e-05, 4.94e-06, 4.81e-06, 3.34e-06, 7.29e-07, 5.88e-07, 1.59e-07, 3.53e-07, 6.15e-07, 3.51e-06]    [8.63e-06, 1.89e-05, 4.94e-06, 4.81e-06, 3.34e-06, 7.29e-07, 5.88e-07, 1.59e-07, 3.53e-07, 6.15e-07, 3.51e-06]    []  
STEP 110000 BETA 0.99380732
111000    [1.14e-06, 1.66e-06, 1.21e-07, 1.15e-07, 4.29e-07, 1.39e-08, 1.42e-08, 1.18e-08, 1.12e-07, 1.64e-07, 3.96e-09]    [1.14e-06, 1.66e-06, 1.21e-07, 1.15e-07, 4.29e-07, 1.39e-08, 1.42e-08, 1.18e-08, 1.12e-07, 1.64e-07, 3.96e-09]    []  
STEP 111000 BETA 0.99307561
112000    [2.94e-06, 2.46e-05, 2.41e-06, 2.95e-06, 1.25e-06, 8.97e-08, 1.63e-07, 1.09e-07, 1.97e-07, 2.40e-07, 1.37e-06]    [2.94e-06, 2.46e-05, 2.41e-06, 2.95e-06, 1.25e-06, 8.97e-08, 1.63e-07, 1.09e-07, 1.97e-07, 2.40e-07, 1.37e-06]    []  
STEP 112000 BETA 0.99343389
113000    [2.22e-06, 2.15e-06, 8.73e-07, 1.09e-06, 4.89e-07, 5.62e-08, 1.70e-08, 1.50e-08, 1.39e-07, 2.02e-07, 1.50e-07]    [2.22e-06, 2.15e-06, 8.73e-07, 1.09e-06, 4.89e-07, 5.62e-08, 1.70e-08, 1.50e-08, 1.39e-07, 2.02e-07, 1.50e-07]    []  
STEP 113000 BETA 0.99376494
114000    [1.53e-06, 2.40e-06, 3.25e-07, 5.22e-07, 5.95e-07, 2.07e-08, 1.53e-08, 1.59e-08, 1.51e-07, 1.70e-07, 4.71e-08]    [1.53e-06, 2.40e-06, 3.25e-07, 5.22e-07, 5.95e-07, 2.07e-08, 1.53e-08, 1.59e-08, 1.51e-07, 1.70e-07, 4.71e-08]    []  
STEP 114000 BETA 0.99375635
115000    [1.04e-06, 1.66e-06, 9.52e-08, 9.86e-08, 4.19e-07, 1.42e-08, 9.71e-09, 1.30e-08, 1.15e-07, 2.02e-07, 8.94e-09]    [1.04e-06, 1.66e-06, 9.52e-08, 9.86e-08, 4.19e-07, 1.42e-08, 9.71e-09, 1.30e-08, 1.15e-07, 2.02e-07, 8.94e-09]    []  
STEP 115000 BETA 0.99347883
116000    [2.32e-06, 3.43e-06, 7.31e-07, 1.64e-06, 6.09e-07, 4.34e-08, 2.29e-08, 1.23e-08, 1.35e-07, 1.96e-07, 1.89e-07]    [2.32e-06, 3.43e-06, 7.31e-07, 1.64e-06, 6.09e-07, 4.34e-08, 2.29e-08, 1.23e-08, 1.35e-07, 1.96e-07, 1.89e-07]    []  
STEP 116000 BETA 0.99334317
117000    [2.51e-06, 3.17e-06, 5.93e-07, 3.33e-07, 2.69e-06, 3.88e-08, 3.77e-08, 1.91e-07, 1.59e-07, 1.92e-07, 2.78e-09]    [2.51e-06, 3.17e-06, 5.93e-07, 3.33e-07, 2.69e-06, 3.88e-08, 3.77e-08, 1.91e-07, 1.59e-07, 1.92e-07, 2.78e-09]    []  
STEP 117000 BETA 0.99379659
118000    [7.56e-06, 8.44e-06, 8.28e-07, 3.60e-06, 8.90e-07, 2.19e-07, 2.94e-08, 4.38e-07, 1.84e-07, 3.79e-07, 1.43e-07]    [7.56e-06, 8.44e-06, 8.28e-07, 3.60e-06, 8.90e-07, 2.19e-07, 2.94e-08, 4.38e-07, 1.84e-07, 3.79e-07, 1.43e-07]    []  
STEP 118000 BETA 0.99401873
119000    [1.01e-06, 1.63e-06, 1.47e-07, 1.57e-07, 4.04e-07, 1.40e-08, 1.16e-08, 1.04e-08, 1.09e-07, 1.56e-07, 6.31e-10]    [1.01e-06, 1.63e-06, 1.47e-07, 1.57e-07, 4.04e-07, 1.40e-08, 1.16e-08, 1.04e-08, 1.09e-07, 1.56e-07, 6.31e-10]    []  
STEP 119000 BETA 0.99341995
120000    [1.04e-05, 1.40e-05, 2.46e-06, 1.39e-06, 9.53e-07, 4.87e-08, 1.16e-07, 1.16e-07, 1.65e-07, 1.85e-07, 9.99e-07]    [1.04e-05, 1.40e-05, 2.46e-06, 1.39e-06, 9.53e-07, 4.87e-08, 1.16e-07, 1.16e-07, 1.65e-07, 1.85e-07, 9.99e-07]    []  
STEP 120000 BETA 0.99370372
121000    [9.71e-07, 1.58e-06, 9.88e-08, 8.22e-08, 4.03e-07, 2.15e-08, 3.42e-08, 8.88e-09, 1.79e-07, 2.47e-07, 1.36e-10]    [9.71e-07, 1.58e-06, 9.88e-08, 8.22e-08, 4.03e-07, 2.15e-08, 3.42e-08, 8.88e-09, 1.79e-07, 2.47e-07, 1.36e-10]    []  
STEP 121000 BETA 0.99653018
122000    [8.91e-07, 1.44e-06, 9.01e-08, 1.16e-07, 3.68e-07, 1.63e-08, 1.12e-08, 9.77e-09, 1.12e-07, 1.49e-07, 2.94e-10]    [8.91e-07, 1.44e-06, 9.01e-08, 1.16e-07, 3.68e-07, 1.63e-08, 1.12e-08, 9.77e-09, 1.12e-07, 1.49e-07, 2.94e-10]    []  
STEP 122000 BETA 0.99406689
123000    [1.51e-06, 1.61e-06, 4.97e-07, 7.28e-07, 7.54e-07, 5.06e-08, 7.51e-08, 1.14e-08, 1.48e-07, 1.66e-07, 4.96e-08]    [1.51e-06, 1.61e-06, 4.97e-07, 7.28e-07, 7.54e-07, 5.06e-08, 7.51e-08, 1.14e-08, 1.48e-07, 1.66e-07, 4.96e-08]    []  
STEP 123000 BETA 0.99390048
124000    [9.33e-06, 1.10e-05, 4.16e-06, 6.15e-06, 2.20e-06, 5.78e-08, 5.10e-08, 1.67e-08, 2.53e-07, 1.86e-07, 1.65e-07]    [9.33e-06, 1.10e-05, 4.16e-06, 6.15e-06, 2.20e-06, 5.78e-08, 5.10e-08, 1.67e-08, 2.53e-07, 1.86e-07, 1.65e-07]    []  
STEP 124000 BETA 0.99368048
125000    [1.25e-06, 1.56e-06, 9.74e-07, 1.35e-06, 7.06e-07, 5.07e-08, 2.64e-08, 2.36e-08, 1.32e-07, 1.65e-07, 2.60e-07]    [1.25e-06, 1.56e-06, 9.74e-07, 1.35e-06, 7.06e-07, 5.07e-08, 2.64e-08, 2.36e-08, 1.32e-07, 1.65e-07, 2.60e-07]    []  
STEP 125000 BETA 0.99386817
126000    [9.48e-06, 2.70e-05, 1.34e-05, 1.94e-05, 2.52e-06, 2.05e-07, 4.41e-07, 1.75e-07, 1.96e-07, 3.03e-07, 1.14e-06]    [9.48e-06, 2.70e-05, 1.34e-05, 1.94e-05, 2.52e-06, 2.05e-07, 4.41e-07, 1.75e-07, 1.96e-07, 3.03e-07, 1.14e-06]    []  
STEP 126000 BETA 0.99376845
127000    [3.14e-06, 8.14e-06, 1.68e-06, 9.48e-07, 2.18e-06, 1.08e-07, 2.33e-08, 3.65e-07, 1.64e-07, 2.90e-07, 5.38e-07]    [3.14e-06, 8.14e-06, 1.68e-06, 9.48e-07, 2.18e-06, 1.08e-07, 2.33e-08, 3.65e-07, 1.64e-07, 2.90e-07, 5.38e-07]    []  
STEP 127000 BETA 0.99372470
128000    [9.40e-07, 1.58e-06, 1.76e-07, 1.51e-07, 6.15e-07, 2.88e-08, 4.59e-08, 1.65e-08, 2.18e-07, 2.19e-07, 6.13e-09]    [9.40e-07, 1.58e-06, 1.76e-07, 1.51e-07, 6.15e-07, 2.88e-08, 4.59e-08, 1.65e-08, 2.18e-07, 2.19e-07, 6.13e-09]    []  
STEP 128000 BETA 0.99355936
129000    [1.34e-06, 2.16e-06, 1.71e-07, 2.86e-07, 5.75e-07, 1.65e-08, 1.44e-08, 2.50e-08, 1.30e-07, 1.48e-07, 8.81e-11]    [1.34e-06, 2.16e-06, 1.71e-07, 2.86e-07, 5.75e-07, 1.65e-08, 1.44e-08, 2.50e-08, 1.30e-07, 1.48e-07, 8.81e-11]    []  
STEP 129000 BETA 0.99281949
130000    [1.41e-05, 2.20e-05, 9.75e-06, 1.68e-05, 2.14e-05, 4.05e-07, 2.43e-07, 1.16e-06, 6.44e-07, 4.87e-07, 1.29e-07]    [1.41e-05, 2.20e-05, 9.75e-06, 1.68e-05, 2.14e-05, 4.05e-07, 2.43e-07, 1.16e-06, 6.44e-07, 4.87e-07, 1.29e-07]    []  
STEP 130000 BETA 0.99410743
131000    [4.42e-06, 1.47e-05, 9.87e-06, 1.60e-05, 7.54e-07, 7.50e-08, 3.72e-07, 7.84e-08, 1.80e-07, 2.71e-07, 4.66e-06]    [4.42e-06, 1.47e-05, 9.87e-06, 1.60e-05, 7.54e-07, 7.50e-08, 3.72e-07, 7.84e-08, 1.80e-07, 2.71e-07, 4.66e-06]    []  
STEP 131000 BETA 0.99440062
132000    [9.77e-06, 2.18e-05, 1.35e-05, 1.73e-05, 1.49e-05, 8.42e-08, 2.43e-07, 1.12e-06, 8.05e-07, 3.04e-07, 4.26e-06]    [9.77e-06, 2.18e-05, 1.35e-05, 1.73e-05, 1.49e-05, 8.42e-08, 2.43e-07, 1.12e-06, 8.05e-07, 3.04e-07, 4.26e-06]    []  
STEP 132000 BETA 0.99450576
133000    [2.64e-06, 2.83e-06, 8.65e-07, 2.34e-07, 1.57e-06, 1.26e-07, 6.01e-08, 1.21e-08, 1.93e-07, 1.71e-07, 6.07e-08]    [2.64e-06, 2.83e-06, 8.65e-07, 2.34e-07, 1.57e-06, 1.26e-07, 6.01e-08, 1.21e-08, 1.93e-07, 1.71e-07, 6.07e-08]    []  
STEP 133000 BETA 0.99489886
134000    [7.27e-07, 1.20e-06, 7.57e-08, 6.48e-08, 3.52e-07, 1.08e-08, 1.32e-08, 1.13e-08, 1.12e-07, 1.33e-07, 2.30e-11]    [7.27e-07, 1.20e-06, 7.57e-08, 6.48e-08, 3.52e-07, 1.08e-08, 1.32e-08, 1.13e-08, 1.12e-07, 1.33e-07, 2.30e-11]    []  
STEP 134000 BETA 0.99384093
135000    [1.82e-06, 2.51e-06, 3.41e-07, 1.30e-06, 4.56e-07, 1.32e-08, 1.61e-08, 1.37e-08, 1.26e-07, 1.46e-07, 3.35e-08]    [1.82e-06, 2.51e-06, 3.41e-07, 1.30e-06, 4.56e-07, 1.32e-08, 1.61e-08, 1.37e-08, 1.26e-07, 1.46e-07, 3.35e-08]    []  
STEP 135000 BETA 0.99429804
136000    [1.49e-06, 1.69e-06, 2.29e-07, 2.09e-07, 5.14e-07, 3.60e-08, 2.75e-08, 9.44e-09, 1.19e-07, 1.42e-07, 2.81e-08]    [1.49e-06, 1.69e-06, 2.29e-07, 2.09e-07, 5.14e-07, 3.60e-08, 2.75e-08, 9.44e-09, 1.19e-07, 1.42e-07, 2.81e-08]    []  
STEP 136000 BETA 0.99480933
137000    [7.06e-07, 1.20e-06, 7.76e-08, 7.00e-08, 3.47e-07, 1.15e-08, 1.36e-08, 8.51e-09, 1.20e-07, 1.28e-07, 3.24e-09]    [7.06e-07, 1.20e-06, 7.76e-08, 7.00e-08, 3.47e-07, 1.15e-08, 1.36e-08, 8.51e-09, 1.20e-07, 1.28e-07, 3.24e-09]    []  
STEP 137000 BETA 0.99470329
138000    [7.16e-07, 1.20e-06, 7.78e-08, 6.67e-08, 3.62e-07, 1.08e-08, 1.53e-08, 1.10e-08, 1.32e-07, 1.67e-07, 5.46e-11]    [7.16e-07, 1.20e-06, 7.78e-08, 6.67e-08, 3.62e-07, 1.08e-08, 1.53e-08, 1.10e-08, 1.32e-07, 1.67e-07, 5.46e-11]    []  
STEP 138000 BETA 0.99437690
139000    [3.78e-06, 5.40e-06, 1.21e-06, 1.05e-06, 5.16e-07, 2.06e-08, 1.85e-08, 3.39e-08, 1.80e-07, 1.40e-07, 1.18e-09]    [3.78e-06, 5.40e-06, 1.21e-06, 1.05e-06, 5.16e-07, 2.06e-08, 1.85e-08, 3.39e-08, 1.80e-07, 1.40e-07, 1.18e-09]    []  
STEP 139000 BETA 0.99423373
140000    [4.74e-06, 1.06e-05, 7.87e-06, 1.25e-05, 2.84e-06, 1.93e-07, 4.05e-07, 6.31e-08, 1.31e-07, 1.86e-07, 4.18e-06]    [4.74e-06, 1.06e-05, 7.87e-06, 1.25e-05, 2.84e-06, 1.93e-07, 4.05e-07, 6.31e-08, 1.31e-07, 1.86e-07, 4.18e-06]    []  
STEP 140000 BETA 0.99441135
141000    [2.83e-06, 4.07e-06, 1.92e-06, 1.95e-06, 4.82e-07, 6.90e-08, 1.30e-07, 5.01e-08, 1.12e-07, 2.28e-07, 7.51e-07]    [2.83e-06, 4.07e-06, 1.92e-06, 1.95e-06, 4.82e-07, 6.90e-08, 1.30e-07, 5.01e-08, 1.12e-07, 2.28e-07, 7.51e-07]    []  
STEP 141000 BETA 0.99460739
142000    [3.50e-06, 1.98e-06, 1.09e-06, 2.19e-06, 2.00e-06, 8.70e-08, 6.72e-08, 3.02e-08, 3.05e-07, 2.01e-07, 9.67e-08]    [3.50e-06, 1.98e-06, 1.09e-06, 2.19e-06, 2.00e-06, 8.70e-08, 6.72e-08, 3.02e-08, 3.05e-07, 2.01e-07, 9.67e-08]    []  
STEP 142000 BETA 0.99456960
143000    [6.52e-07, 1.11e-06, 6.61e-08, 5.32e-08, 3.16e-07, 1.00e-08, 1.42e-08, 1.02e-08, 9.84e-08, 1.23e-07, 2.91e-11]    [6.52e-07, 1.11e-06, 6.61e-08, 5.32e-08, 3.16e-07, 1.00e-08, 1.42e-08, 1.02e-08, 9.84e-08, 1.23e-07, 2.91e-11]    []  
STEP 143000 BETA 0.99430716
144000    [6.64e-06, 1.00e-05, 9.21e-07, 1.62e-06, 8.65e-06, 2.27e-07, 2.38e-07, 1.23e-07, 6.92e-07, 3.30e-07, 2.50e-09]    [6.64e-06, 1.00e-05, 9.21e-07, 1.62e-06, 8.65e-06, 2.27e-07, 2.38e-07, 1.23e-07, 6.92e-07, 3.30e-07, 2.50e-09]    []  
STEP 144000 BETA 0.99442571
145000    [2.21e-06, 2.27e-06, 4.50e-07, 7.16e-07, 5.47e-07, 2.14e-08, 1.56e-08, 2.16e-08, 1.21e-07, 1.39e-07, 3.77e-08]    [2.21e-06, 2.27e-06, 4.50e-07, 7.16e-07, 5.47e-07, 2.14e-08, 1.56e-08, 2.16e-08, 1.21e-07, 1.39e-07, 3.77e-08]    []  
STEP 145000 BETA 0.99417651
146000    [6.76e-07, 1.58e-06, 4.42e-07, 7.19e-07, 2.95e-07, 1.27e-08, 1.52e-08, 9.95e-09, 1.06e-07, 1.24e-07, 1.85e-07]    [6.76e-07, 1.58e-06, 4.42e-07, 7.19e-07, 2.95e-07, 1.27e-08, 1.52e-08, 9.95e-09, 1.06e-07, 1.24e-07, 1.85e-07]    []  
STEP 146000 BETA 0.99431968
147000    [8.32e-07, 1.31e-06, 2.63e-07, 4.60e-07, 4.92e-07, 1.40e-08, 1.31e-08, 1.94e-08, 1.13e-07, 1.27e-07, 6.27e-09]    [8.32e-07, 1.31e-06, 2.63e-07, 4.60e-07, 4.92e-07, 1.40e-08, 1.31e-08, 1.94e-08, 1.13e-07, 1.27e-07, 6.27e-09]    []  
STEP 147000 BETA 0.99447888
148000    [6.56e-07, 1.08e-06, 7.08e-08, 5.56e-08, 3.14e-07, 1.11e-08, 1.52e-08, 8.32e-09, 1.04e-07, 1.30e-07, 2.13e-11]    [6.56e-07, 1.08e-06, 7.08e-08, 5.56e-08, 3.14e-07, 1.11e-08, 1.52e-08, 8.32e-09, 1.04e-07, 1.30e-07, 2.13e-11]    []  
STEP 148000 BETA 0.99524754
149000    [5.99e-07, 1.03e-06, 7.08e-08, 8.13e-08, 2.92e-07, 1.03e-08, 1.07e-08, 8.20e-09, 9.20e-08, 1.12e-07, 2.76e-09]    [5.99e-07, 1.03e-06, 7.08e-08, 8.13e-08, 2.92e-07, 1.03e-08, 1.07e-08, 8.20e-09, 9.20e-08, 1.12e-07, 2.76e-09]    []  
STEP 149000 BETA 0.99445063
150000    [1.00e-06, 1.82e-06, 2.16e-07, 2.05e-06, 4.28e-07, 1.10e-08, 2.28e-08, 4.61e-08, 1.26e-07, 1.17e-07, 1.88e-07]    [1.00e-06, 1.82e-06, 2.16e-07, 2.05e-06, 4.28e-07, 1.10e-08, 2.28e-08, 4.61e-08, 1.26e-07, 1.17e-07, 1.88e-07]    []  
STEP 150000 BETA 0.99444002

Best model at step 149000:
  train loss: 2.30e-06
  test loss: 2.30e-06
  test metric: []

'train' took 17561.183541 s

RUN_COMPLETE {'case': 'A6', 'iterations': 150000, 'elapsed_seconds': 17561.183567285538, 'final_beta': [0.9944400191307068], 'final_A_or_beta0': 0.9944400191307068, 'true_A': 1.0, 'relative_l2': {'ux': 0.0338882639716611, 'uy': 0.0038257982805772264, 'sxx': 0.3121527992642972, 'syy': 0.08954641223659546, 'sxy': 0.2440140737038935, 'K': 0.19994383407702165, 'mu': 0.20961435328967012, 'E': 0.13794056954204173, 'nu': 0.3156249529199035}, 'split_relative_l2': {'evaluation': {'ux': 0.0338882639716611, 'uy': 0.0038257982805772264, 'sxx': 0.3121527992642972, 'syy': 0.08954641223659546, 'sxy': 0.2440140737038935, 'K': 0.19994383407702165, 'mu': 0.20961435328967012, 'E': 0.13794056954204173, 'nu': 0.3156249529199035}, 'validation': {'ux': 0.027066604298480155, 'uy': 0.0035717920935448, 'sxx': 0.3152407267511897, 'syy': 0.08996409253040652, 'sxy': 0.23078719708399997, 'K': 0.20283671926949365, 'mu': 0.20094513864181962, 'E': 0.12949719574755136, 'nu': 0.3167687050887552}, 'train': {'ux': 0.02218345074928648, 'uy': 0.0035148931654773166, 'sxx': 0.32063802739564223, 'syy': 0.09151433416322237, 'sxy': 0.21916020817704557, 'K': 0.20731802341584665, 'mu': 0.19453795495182685, 'E': 0.12201686838555034, 'nu': 0.3221280094935919}}, 'true_reaction_y': 0.27722135186195374, 'pred_reaction_y': 0.27678748965263367, 'pred_reaction_y_stress_branch': 0.27678748965263367, 'pred_reaction_y_constitutive': 0.2774445414543152, 'reaction_rel_error': 0.0015650389351486574, 'reaction_rel_error_stress_branch': 0.0015650389351486574, 'reaction_rel_error_constitutive': 0.0008050952455919972, 'equilibrium_form': 'mixed', 'reaction_form': 'stress', 'run_note': 'Wide_PFNN_learnable_boundary_amplitude_with_reaction_formal150k', 'best_step': 149000, 'eval_checkpoint': 'best', 'eval_checkpoint_path': '/public/home/xinxi/wxtian/WXTIAN/PINN/deepxde/boundary_uncertainty_pinn/exp/01.FormalKeyAblation/A6/model/final_model-150000.pt', 'final_model_path': '/public/home/xinxi/wxtian/WXTIAN/PINN/deepxde/boundary_uncertainty_pinn/exp/01.FormalKeyAblation/A6/model/final_model-150000.pt', 'final_train_loss_sum': 6.031456905475352e-06, 'final_test_loss_sum': 6.031456905475352e-06, 'independent_test_loss_available': False, 'loss_history_interval': 1000, 'num_trainable_parameters': 138327}
