Using backend: pytorch
Other supported backends: tensorflow.compat.v1, tensorflow, jax, paddle.
paddle supports more examples now and is recommended.
Compiling model...
'compile' took 0.550641 s

Training model...

Step      Train loss                                                                                                                                      Test loss                                                                                                                                       Test metric
0         [1.37e-01, 9.15e-02, 7.03e-02, 1.29e-02, 3.46e-01, 2.00e-03, 1.79e-02, 8.67e-02, 1.18e-01, 5.58e-01, 1.56e-01, 1.26e+00, 1.11e-01, 2.90e-01]    [1.37e-01, 9.15e-02, 7.03e-02, 1.29e-02, 3.46e-01, 2.00e-03, 1.79e-02, 8.67e-02, 1.18e-01, 5.58e-01, 1.56e-01, 1.26e+00, 1.11e-01, 2.90e-01]    []  
1000      [2.96e-03, 1.57e-02, 4.73e-04, 5.57e-04, 1.49e-04, 4.26e-05, 3.11e-05, 7.75e-05, 1.14e-04, 1.24e-04, 1.62e-04, 1.12e-04, 6.48e-05, 2.31e-06]    [2.96e-03, 1.57e-02, 4.73e-04, 5.57e-04, 1.49e-04, 4.26e-05, 3.11e-05, 7.75e-05, 1.14e-04, 1.24e-04, 1.62e-04, 1.12e-04, 6.48e-05, 2.31e-06]    []  
STEP 1000 BETA 1.02728367
2000      [8.67e-04, 7.76e-04, 2.62e-04, 2.16e-04, 6.48e-05, 4.99e-05, 2.31e-05, 5.96e-05, 3.59e-05, 1.68e-04, 8.21e-05, 1.06e-05, 4.88e-05, 3.85e-05]    [8.67e-04, 7.76e-04, 2.62e-04, 2.16e-04, 6.48e-05, 4.99e-05, 2.31e-05, 5.96e-05, 3.59e-05, 1.68e-04, 8.21e-05, 1.06e-05, 4.88e-05, 3.85e-05]    []  
STEP 2000 BETA 1.06762207
3000      [4.77e-04, 5.52e-04, 9.80e-05, 1.38e-04, 2.35e-05, 2.72e-05, 1.77e-05, 2.50e-05, 1.13e-05, 8.14e-05, 5.36e-05, 7.18e-07, 2.32e-05, 3.22e-09]    [4.77e-04, 5.52e-04, 9.80e-05, 1.38e-04, 2.35e-05, 2.72e-05, 1.77e-05, 2.50e-05, 1.13e-05, 8.14e-05, 5.36e-05, 7.18e-07, 2.32e-05, 3.22e-09]    []  
STEP 3000 BETA 1.04068303
4000      [3.75e-04, 4.13e-04, 4.69e-05, 1.09e-04, 1.54e-05, 2.25e-05, 1.45e-05, 1.07e-05, 7.23e-06, 4.09e-05, 3.89e-05, 6.34e-07, 1.28e-05, 2.55e-07]    [3.75e-04, 4.13e-04, 4.69e-05, 1.09e-04, 1.54e-05, 2.25e-05, 1.45e-05, 1.07e-05, 7.23e-06, 4.09e-05, 3.89e-05, 6.34e-07, 1.28e-05, 2.55e-07]    []  
STEP 4000 BETA 1.03137696
5000      [3.38e-04, 3.49e-04, 4.55e-05, 1.14e-04, 7.14e-05, 2.13e-05, 1.58e-05, 2.68e-05, 5.39e-06, 1.23e-04, 1.09e-04, 4.27e-05, 1.60e-05, 5.23e-05]    [3.38e-04, 3.49e-04, 4.55e-05, 1.14e-04, 7.14e-05, 2.13e-05, 1.58e-05, 2.68e-05, 5.39e-06, 1.23e-04, 1.09e-04, 4.27e-05, 1.60e-05, 5.23e-05]    []  
STEP 5000 BETA 1.02548945
6000      [2.81e-04, 2.94e-04, 5.61e-05, 1.11e-04, 6.57e-06, 1.48e-05, 6.56e-06, 9.88e-07, 2.63e-06, 5.82e-05, 2.26e-05, 3.33e-05, 9.06e-06, 8.90e-05]    [2.81e-04, 2.94e-04, 5.61e-05, 1.11e-04, 6.57e-06, 1.48e-05, 6.56e-06, 9.88e-07, 2.63e-06, 5.82e-05, 2.26e-05, 3.33e-05, 9.06e-06, 8.90e-05]    []  
STEP 6000 BETA 1.01787329
7000      [2.34e-04, 1.89e-04, 2.97e-05, 4.74e-05, 2.52e-05, 9.31e-06, 1.21e-05, 1.23e-05, 1.89e-06, 5.62e-05, 6.08e-05, 2.35e-05, 7.06e-06, 2.69e-05]    [2.34e-04, 1.89e-04, 2.97e-05, 4.74e-05, 2.52e-05, 9.31e-06, 1.21e-05, 1.23e-05, 1.89e-06, 5.62e-05, 6.08e-05, 2.35e-05, 7.06e-06, 2.69e-05]    []  
STEP 7000 BETA 1.01320839
8000      [1.65e-04, 1.35e-04, 1.67e-05, 1.36e-05, 2.90e-06, 5.73e-06, 3.49e-06, 5.21e-07, 2.11e-06, 5.71e-06, 1.45e-05, 6.43e-08, 1.87e-06, 1.30e-07]    [1.65e-04, 1.35e-04, 1.67e-05, 1.36e-05, 2.90e-06, 5.73e-06, 3.49e-06, 5.21e-07, 2.11e-06, 5.71e-06, 1.45e-05, 6.43e-08, 1.87e-06, 1.30e-07]    []  
STEP 8000 BETA 1.01036608
9000      [1.36e-04, 1.18e-04, 1.59e-05, 7.50e-06, 2.22e-06, 5.11e-06, 2.76e-06, 6.97e-07, 1.52e-06, 5.00e-06, 1.13e-05, 2.30e-08, 1.52e-06, 1.47e-06]    [1.36e-04, 1.18e-04, 1.59e-05, 7.50e-06, 2.22e-06, 5.11e-06, 2.76e-06, 6.97e-07, 1.52e-06, 5.00e-06, 1.13e-05, 2.30e-08, 1.52e-06, 1.47e-06]    []  
STEP 9000 BETA 1.00812221
10000     [1.15e-04, 1.03e-04, 2.01e-05, 8.64e-06, 3.62e-06, 6.28e-06, 2.70e-06, 6.77e-07, 1.74e-06, 7.09e-06, 1.03e-05, 1.51e-07, 1.62e-06, 1.32e-05]    [1.15e-04, 1.03e-04, 2.01e-05, 8.64e-06, 3.62e-06, 6.28e-06, 2.70e-06, 6.77e-07, 1.74e-06, 7.09e-06, 1.03e-05, 1.51e-07, 1.62e-06, 1.32e-05]    []  
STEP 10000 BETA 1.00634539
11000     [9.99e-05, 8.04e-05, 1.32e-05, 3.65e-06, 2.02e-06, 5.60e-06, 2.64e-06, 3.47e-07, 1.42e-06, 3.82e-06, 7.50e-06, 1.93e-06, 6.02e-07, 1.28e-06]    [9.99e-05, 8.04e-05, 1.32e-05, 3.65e-06, 2.02e-06, 5.60e-06, 2.64e-06, 3.47e-07, 1.42e-06, 3.82e-06, 7.50e-06, 1.93e-06, 6.02e-07, 1.28e-06]    []  
STEP 11000 BETA 1.00719440
12000     [8.95e-05, 6.75e-05, 1.02e-05, 2.54e-06, 1.91e-06, 4.71e-06, 2.49e-06, 2.21e-07, 1.12e-06, 2.66e-06, 6.36e-06, 3.25e-08, 7.72e-07, 3.64e-08]    [8.95e-05, 6.75e-05, 1.02e-05, 2.54e-06, 1.91e-06, 4.71e-06, 2.49e-06, 2.21e-07, 1.12e-06, 2.66e-06, 6.36e-06, 3.25e-08, 7.72e-07, 3.64e-08]    []  
STEP 12000 BETA 1.00773335
13000     [8.12e-05, 5.97e-05, 8.22e-06, 2.59e-06, 1.93e-06, 4.26e-06, 2.25e-06, 8.57e-08, 1.22e-06, 2.92e-06, 6.01e-06, 1.10e-07, 5.82e-07, 8.97e-07]    [8.12e-05, 5.97e-05, 8.22e-06, 2.59e-06, 1.93e-06, 4.26e-06, 2.25e-06, 8.57e-08, 1.22e-06, 2.92e-06, 6.01e-06, 1.10e-07, 5.82e-07, 8.97e-07]    []  
STEP 13000 BETA 1.00669956
14000     [7.13e-05, 5.28e-05, 6.33e-06, 2.24e-06, 1.86e-06, 3.85e-06, 2.27e-06, 6.60e-08, 1.08e-06, 2.78e-06, 5.53e-06, 7.14e-12, 5.31e-07, 4.57e-07]    [7.13e-05, 5.28e-05, 6.33e-06, 2.24e-06, 1.86e-06, 3.85e-06, 2.27e-06, 6.60e-08, 1.08e-06, 2.78e-06, 5.53e-06, 7.14e-12, 5.31e-07, 4.57e-07]    []  
STEP 14000 BETA 1.00551057
15000     [6.08e-05, 4.74e-05, 5.59e-06, 2.36e-06, 2.02e-06, 3.42e-06, 2.18e-06, 1.60e-07, 1.07e-06, 3.80e-06, 5.47e-06, 1.60e-09, 5.57e-07, 9.78e-07]    [6.08e-05, 4.74e-05, 5.59e-06, 2.36e-06, 2.02e-06, 3.42e-06, 2.18e-06, 1.60e-07, 1.07e-06, 3.80e-06, 5.47e-06, 1.60e-09, 5.57e-07, 9.78e-07]    []  
STEP 15000 BETA 1.00536382
16000     [4.96e-05, 4.25e-05, 4.81e-06, 2.19e-06, 1.99e-06, 3.05e-06, 2.13e-06, 1.18e-07, 1.01e-06, 3.05e-06, 4.82e-06, 2.11e-07, 5.88e-07, 3.72e-07]    [4.96e-05, 4.25e-05, 4.81e-06, 2.19e-06, 1.99e-06, 3.05e-06, 2.13e-06, 1.18e-07, 1.01e-06, 3.05e-06, 4.82e-06, 2.11e-07, 5.88e-07, 3.72e-07]    []  
STEP 16000 BETA 1.00509977
17000     [4.14e-05, 3.78e-05, 3.78e-06, 1.96e-06, 1.92e-06, 2.89e-06, 1.99e-06, 8.26e-08, 9.62e-07, 1.85e-06, 3.58e-06, 2.11e-08, 3.86e-07, 4.47e-09]    [4.14e-05, 3.78e-05, 3.78e-06, 1.96e-06, 1.92e-06, 2.89e-06, 1.99e-06, 8.26e-08, 9.62e-07, 1.85e-06, 3.58e-06, 2.11e-08, 3.86e-07, 4.47e-09]    []  
STEP 17000 BETA 1.00450587
18000     [3.53e-05, 3.42e-05, 3.61e-06, 2.16e-06, 1.96e-06, 2.58e-06, 1.71e-06, 1.26e-07, 9.81e-07, 2.39e-06, 3.48e-06, 5.41e-07, 6.44e-07, 3.38e-08]    [3.53e-05, 3.42e-05, 3.61e-06, 2.16e-06, 1.96e-06, 2.58e-06, 1.71e-06, 1.26e-07, 9.81e-07, 2.39e-06, 3.48e-06, 5.41e-07, 6.44e-07, 3.38e-08]    []  
STEP 18000 BETA 1.00479043
19000     [3.12e-05, 2.96e-05, 3.11e-06, 2.06e-06, 2.44e-06, 2.40e-06, 2.14e-06, 1.95e-07, 1.24e-06, 2.19e-06, 4.53e-06, 2.05e-06, 2.49e-07, 1.18e-07]    [3.12e-05, 2.96e-05, 3.11e-06, 2.06e-06, 2.44e-06, 2.40e-06, 2.14e-06, 1.95e-07, 1.24e-06, 2.19e-06, 4.53e-06, 2.05e-06, 2.49e-07, 1.18e-07]    []  
STEP 19000 BETA 1.00493932
20000     [3.84e-05, 4.02e-05, 1.89e-05, 2.34e-05, 1.19e-05, 3.17e-06, 4.28e-06, 1.74e-07, 1.78e-06, 2.66e-05, 1.75e-05, 5.78e-06, 2.01e-06, 4.86e-05]    [3.84e-05, 4.02e-05, 1.89e-05, 2.34e-05, 1.19e-05, 3.17e-06, 4.28e-06, 1.74e-07, 1.78e-06, 2.66e-05, 1.75e-05, 5.78e-06, 2.01e-06, 4.86e-05]    []  
STEP 20000 BETA 1.00600648
21000     [2.15e-05, 1.96e-05, 2.17e-06, 2.01e-06, 1.71e-06, 1.62e-06, 1.19e-06, 8.42e-08, 8.43e-07, 1.27e-06, 1.92e-06, 8.49e-08, 3.98e-07, 9.57e-08]    [2.15e-05, 1.96e-05, 2.17e-06, 2.01e-06, 1.71e-06, 1.62e-06, 1.19e-06, 8.42e-08, 8.43e-07, 1.27e-06, 1.92e-06, 8.49e-08, 3.98e-07, 9.57e-08]    []  
STEP 21000 BETA 1.00525653
22000     [2.07e-05, 2.46e-05, 1.41e-05, 1.53e-05, 6.05e-06, 1.38e-06, 1.33e-06, 1.09e-06, 1.70e-06, 9.45e-06, 2.26e-06, 1.16e-05, 2.56e-06, 1.34e-05]    [2.07e-05, 2.46e-05, 1.41e-05, 1.53e-05, 6.05e-06, 1.38e-06, 1.33e-06, 1.09e-06, 1.70e-06, 9.45e-06, 2.26e-06, 1.16e-05, 2.56e-06, 1.34e-05]    []  
STEP 22000 BETA 1.00523448
23000     [1.41e-05, 1.40e-05, 2.40e-06, 2.82e-06, 1.73e-06, 1.28e-06, 7.59e-07, 1.66e-07, 8.31e-07, 1.88e-06, 1.60e-06, 1.79e-07, 4.18e-07, 1.69e-06]    [1.41e-05, 1.40e-05, 2.40e-06, 2.82e-06, 1.73e-06, 1.28e-06, 7.59e-07, 1.66e-07, 8.31e-07, 1.88e-06, 1.60e-06, 1.79e-07, 4.18e-07, 1.69e-06]    []  
STEP 23000 BETA 1.00529385
24000     [1.15e-05, 1.13e-05, 1.54e-06, 2.04e-06, 1.48e-06, 1.02e-06, 6.81e-07, 5.28e-08, 6.73e-07, 1.02e-06, 1.48e-06, 7.98e-10, 4.36e-07, 6.92e-08]    [1.15e-05, 1.13e-05, 1.54e-06, 2.04e-06, 1.48e-06, 1.02e-06, 6.81e-07, 5.28e-08, 6.73e-07, 1.02e-06, 1.48e-06, 7.98e-10, 4.36e-07, 6.92e-08]    []  
STEP 24000 BETA 1.00518835
25000     [6.48e-05, 5.22e-05, 5.50e-05, 5.03e-05, 8.06e-06, 5.34e-06, 2.84e-06, 2.01e-05, 7.86e-06, 3.19e-04, 9.22e-06, 1.04e-04, 1.68e-05, 7.13e-05]    [6.48e-05, 5.22e-05, 5.50e-05, 5.03e-05, 8.06e-06, 5.34e-06, 2.84e-06, 2.01e-05, 7.86e-06, 3.19e-04, 9.22e-06, 1.04e-04, 1.68e-05, 7.13e-05]    []  
STEP 25000 BETA 1.00521004
26000     [1.54e-05, 1.07e-05, 4.67e-06, 4.27e-06, 4.92e-06, 7.60e-07, 5.98e-07, 5.08e-06, 8.06e-07, 4.77e-05, 4.12e-06, 4.94e-06, 3.50e-06, 4.57e-07]    [1.54e-05, 1.07e-05, 4.67e-06, 4.27e-06, 4.92e-06, 7.60e-07, 5.98e-07, 5.08e-06, 8.06e-07, 4.77e-05, 4.12e-06, 4.94e-06, 3.50e-06, 4.57e-07]    []  
STEP 26000 BETA 1.00476539
27000     [7.52e-06, 8.04e-06, 1.98e-06, 2.26e-06, 1.34e-06, 7.83e-07, 9.00e-07, 5.56e-08, 5.15e-07, 1.09e-06, 1.40e-06, 4.27e-11, 3.24e-07, 7.93e-07]    [7.52e-06, 8.04e-06, 1.98e-06, 2.26e-06, 1.34e-06, 7.83e-07, 9.00e-07, 5.56e-08, 5.15e-07, 1.09e-06, 1.40e-06, 4.27e-11, 3.24e-07, 7.93e-07]    []  
STEP 27000 BETA 1.00440013
28000     [7.26e-06, 8.55e-06, 2.66e-06, 3.33e-06, 1.78e-06, 7.83e-07, 8.83e-07, 2.47e-07, 5.54e-07, 1.79e-06, 1.34e-06, 2.35e-06, 7.94e-07, 1.11e-07]    [7.26e-06, 8.55e-06, 2.66e-06, 3.33e-06, 1.78e-06, 7.83e-07, 8.83e-07, 2.47e-07, 5.54e-07, 1.79e-06, 1.34e-06, 2.35e-06, 7.94e-07, 1.11e-07]    []  
STEP 28000 BETA 1.00435019
29000     [7.89e-06, 8.23e-06, 3.02e-06, 3.29e-06, 1.24e-06, 7.80e-07, 8.39e-07, 1.80e-07, 3.94e-07, 4.34e-06, 1.66e-06, 1.59e-08, 4.44e-07, 3.69e-06]    [7.89e-06, 8.23e-06, 3.02e-06, 3.29e-06, 1.24e-06, 7.80e-07, 8.39e-07, 1.80e-07, 3.94e-07, 4.34e-06, 1.66e-06, 1.59e-08, 4.44e-07, 3.69e-06]    []  
STEP 29000 BETA 1.00432932
30000     [8.67e-06, 7.67e-06, 3.09e-06, 3.15e-06, 1.62e-06, 1.01e-06, 7.89e-07, 1.58e-06, 9.89e-07, 1.50e-05, 1.75e-06, 3.56e-06, 9.50e-07, 6.55e-07]    [8.67e-06, 7.67e-06, 3.09e-06, 3.15e-06, 1.62e-06, 1.01e-06, 7.89e-07, 1.58e-06, 9.89e-07, 1.50e-05, 1.75e-06, 3.56e-06, 9.50e-07, 6.55e-07]    []  
STEP 30000 BETA 1.00381613
31000     [1.35e-05, 8.78e-06, 4.39e-06, 4.19e-06, 1.72e-06, 1.45e-06, 3.72e-07, 1.42e-06, 1.20e-06, 2.04e-05, 2.76e-06, 1.78e-06, 1.06e-06, 2.36e-06]    [1.35e-05, 8.78e-06, 4.39e-06, 4.19e-06, 1.72e-06, 1.45e-06, 3.72e-07, 1.42e-06, 1.20e-06, 2.04e-05, 2.76e-06, 1.78e-06, 1.06e-06, 2.36e-06]    []  
STEP 31000 BETA 1.00446916
32000     [2.24e-05, 1.05e-05, 8.29e-06, 7.54e-06, 4.21e-06, 7.78e-07, 6.63e-07, 5.42e-06, 6.80e-07, 6.37e-05, 1.98e-06, 6.39e-06, 3.56e-06, 1.77e-06]    [2.24e-05, 1.05e-05, 8.29e-06, 7.54e-06, 4.21e-06, 7.78e-07, 6.63e-07, 5.42e-06, 6.80e-07, 6.37e-05, 1.98e-06, 6.39e-06, 3.56e-06, 1.77e-06]    []  
STEP 32000 BETA 1.00353062
33000     [8.18e-06, 2.39e-05, 1.18e-05, 1.11e-05, 3.33e-06, 7.91e-07, 3.10e-06, 1.40e-07, 2.30e-06, 2.27e-06, 1.65e-05, 3.22e-05, 2.03e-06, 2.09e-05]    [8.18e-06, 2.39e-05, 1.18e-05, 1.11e-05, 3.33e-06, 7.91e-07, 3.10e-06, 1.40e-07, 2.30e-06, 2.27e-06, 1.65e-05, 3.22e-05, 2.03e-06, 2.09e-05]    []  
STEP 33000 BETA 1.00359750
34000     [5.74e-06, 1.05e-05, 6.25e-06, 7.24e-06, 1.86e-06, 1.47e-06, 4.53e-07, 8.06e-08, 1.11e-06, 4.02e-06, 1.74e-06, 2.92e-06, 3.30e-07, 1.04e-05]    [5.74e-06, 1.05e-05, 6.25e-06, 7.24e-06, 1.86e-06, 1.47e-06, 4.53e-07, 8.06e-08, 1.11e-06, 4.02e-06, 1.74e-06, 2.92e-06, 3.30e-07, 1.04e-05]    []  
STEP 34000 BETA 1.00279868
35000     [1.57e-05, 1.53e-05, 1.67e-05, 1.57e-05, 2.98e-06, 7.26e-07, 3.21e-07, 7.94e-07, 1.05e-06, 1.01e-05, 3.15e-06, 1.44e-06, 1.21e-06, 1.76e-05]    [1.57e-05, 1.53e-05, 1.67e-05, 1.57e-05, 2.98e-06, 7.26e-07, 3.21e-07, 7.94e-07, 1.05e-06, 1.01e-05, 3.15e-06, 1.44e-06, 1.21e-06, 1.76e-05]    []  
STEP 35000 BETA 1.00272608
36000     [5.30e-06, 1.25e-05, 7.78e-06, 7.79e-06, 1.22e-06, 8.57e-07, 1.01e-06, 1.03e-07, 6.92e-07, 1.30e-06, 3.08e-06, 1.97e-06, 4.82e-07, 1.89e-05]    [5.30e-06, 1.25e-05, 7.78e-06, 7.79e-06, 1.22e-06, 8.57e-07, 1.01e-06, 1.03e-07, 6.92e-07, 1.30e-06, 3.08e-06, 1.97e-06, 4.82e-07, 1.89e-05]    []  
STEP 36000 BETA 1.00239909
37000     [1.19e-05, 7.64e-06, 4.76e-06, 4.51e-06, 1.65e-06, 1.19e-06, 8.75e-07, 1.37e-06, 4.18e-07, 2.80e-05, 2.83e-06, 9.78e-07, 1.08e-06, 3.41e-06]    [1.19e-05, 7.64e-06, 4.76e-06, 4.51e-06, 1.65e-06, 1.19e-06, 8.75e-07, 1.37e-06, 4.18e-07, 2.80e-05, 2.83e-06, 9.78e-07, 1.08e-06, 3.41e-06]    []  
STEP 37000 BETA 1.00266314
38000     [5.61e-06, 5.33e-06, 2.13e-06, 2.23e-06, 1.08e-06, 6.39e-07, 6.92e-07, 2.27e-07, 4.71e-07, 4.25e-06, 1.52e-06, 4.25e-08, 4.11e-07, 4.95e-07]    [5.61e-06, 5.33e-06, 2.13e-06, 2.23e-06, 1.08e-06, 6.39e-07, 6.92e-07, 2.27e-07, 4.71e-07, 4.25e-06, 1.52e-06, 4.25e-08, 4.11e-07, 4.95e-07]    []  
STEP 38000 BETA 1.00270045
39000     [8.76e-06, 6.97e-06, 4.03e-06, 4.51e-06, 1.81e-06, 7.99e-07, 7.26e-07, 1.56e-06, 5.32e-07, 1.23e-05, 1.10e-06, 5.06e-10, 1.02e-06, 2.96e-06]    [8.76e-06, 6.97e-06, 4.03e-06, 4.51e-06, 1.81e-06, 7.99e-07, 7.26e-07, 1.56e-06, 5.32e-07, 1.23e-05, 1.10e-06, 5.06e-10, 1.02e-06, 2.96e-06]    []  
STEP 39000 BETA 1.00226390
40000     [9.55e-06, 1.37e-05, 1.13e-05, 8.32e-06, 4.27e-06, 1.74e-06, 1.59e-06, 9.45e-08, 5.19e-07, 1.06e-05, 4.92e-06, 9.15e-07, 3.58e-07, 1.61e-05]    [9.55e-06, 1.37e-05, 1.13e-05, 8.32e-06, 4.27e-06, 1.74e-06, 1.59e-06, 9.45e-08, 5.19e-07, 1.06e-05, 4.92e-06, 9.15e-07, 3.58e-07, 1.61e-05]    []  
STEP 40000 BETA 1.00165308
41000     [3.45e-06, 4.19e-06, 1.46e-06, 1.54e-06, 1.04e-06, 7.68e-07, 4.64e-07, 1.16e-07, 5.28e-07, 1.66e-06, 1.47e-06, 3.90e-09, 3.23e-07, 1.82e-08]    [3.45e-06, 4.19e-06, 1.46e-06, 1.54e-06, 1.04e-06, 7.68e-07, 4.64e-07, 1.16e-07, 5.28e-07, 1.66e-06, 1.47e-06, 3.90e-09, 3.23e-07, 1.82e-08]    []  
STEP 41000 BETA 1.00151253
42000     [3.80e-06, 4.14e-06, 1.64e-06, 1.69e-06, 9.05e-07, 6.93e-07, 5.59e-07, 1.61e-07, 4.32e-07, 2.57e-06, 1.15e-06, 1.19e-08, 3.00e-07, 3.38e-08]    [3.80e-06, 4.14e-06, 1.64e-06, 1.69e-06, 9.05e-07, 6.93e-07, 5.59e-07, 1.61e-07, 4.32e-07, 2.57e-06, 1.15e-06, 1.19e-08, 3.00e-07, 3.38e-08]    []  
STEP 42000 BETA 1.00147939
43000     [5.04e-06, 5.73e-06, 3.53e-06, 3.83e-06, 1.30e-06, 6.83e-07, 6.54e-07, 3.56e-07, 5.72e-07, 2.69e-06, 1.06e-06, 1.03e-06, 6.01e-07, 2.58e-06]    [5.04e-06, 5.73e-06, 3.53e-06, 3.83e-06, 1.30e-06, 6.83e-07, 6.54e-07, 3.56e-07, 5.72e-07, 2.69e-06, 1.06e-06, 1.03e-06, 6.01e-07, 2.58e-06]    []  
STEP 43000 BETA 1.00176024
44000     [4.12e-06, 4.58e-06, 1.68e-06, 1.86e-06, 2.29e-06, 7.55e-07, 1.07e-06, 1.10e-06, 3.70e-07, 6.02e-06, 2.72e-06, 4.42e-08, 7.50e-07, 1.93e-08]    [4.12e-06, 4.58e-06, 1.68e-06, 1.86e-06, 2.29e-06, 7.55e-07, 1.07e-06, 1.10e-06, 3.70e-07, 6.02e-06, 2.72e-06, 4.42e-08, 7.50e-07, 1.93e-08]    []  
STEP 44000 BETA 1.00127518
45000     [6.23e-06, 1.45e-05, 7.45e-06, 6.98e-06, 2.78e-06, 6.52e-07, 1.66e-06, 5.19e-08, 2.38e-06, 2.65e-06, 7.54e-06, 2.16e-05, 1.42e-06, 2.17e-08]    [6.23e-06, 1.45e-05, 7.45e-06, 6.98e-06, 2.78e-06, 6.52e-07, 1.66e-06, 5.19e-08, 2.38e-06, 2.65e-06, 7.54e-06, 2.16e-05, 1.42e-06, 2.17e-08]    []  
STEP 45000 BETA 1.00104725
46000     [4.29e-06, 4.20e-06, 1.90e-06, 2.09e-06, 1.71e-06, 7.36e-07, 8.25e-07, 9.74e-07, 3.79e-07, 5.54e-06, 1.59e-06, 2.05e-08, 6.92e-07, 4.35e-09]    [4.29e-06, 4.20e-06, 1.90e-06, 2.09e-06, 1.71e-06, 7.36e-07, 8.25e-07, 9.74e-07, 3.79e-07, 5.54e-06, 1.59e-06, 2.05e-08, 6.92e-07, 4.35e-09]    []  
STEP 46000 BETA 1.00124943
47000     [2.04e-05, 1.19e-05, 1.25e-05, 7.33e-06, 9.30e-06, 2.80e-06, 3.26e-07, 1.26e-07, 2.24e-06, 1.34e-05, 1.80e-05, 8.57e-07, 1.12e-06, 8.25e-06]    [2.04e-05, 1.19e-05, 1.25e-05, 7.33e-06, 9.30e-06, 2.80e-06, 3.26e-07, 1.26e-07, 2.24e-06, 1.34e-05, 1.80e-05, 8.57e-07, 1.12e-06, 8.25e-06]    []  
STEP 47000 BETA 1.00129580
48000     [3.61e-06, 6.35e-06, 4.91e-06, 3.62e-06, 1.56e-06, 8.60e-07, 3.64e-07, 1.83e-07, 7.06e-07, 2.13e-06, 2.86e-06, 1.98e-06, 3.82e-07, 6.20e-06]    [3.61e-06, 6.35e-06, 4.91e-06, 3.62e-06, 1.56e-06, 8.60e-07, 3.64e-07, 1.83e-07, 7.06e-07, 2.13e-06, 2.86e-06, 1.98e-06, 3.82e-07, 6.20e-06]    []  
STEP 48000 BETA 1.00092566
49000     [3.38e-06, 3.92e-06, 1.51e-06, 1.47e-06, 1.47e-06, 7.63e-07, 9.03e-07, 5.74e-08, 4.04e-07, 1.78e-06, 2.26e-06, 2.04e-07, 2.86e-07, 3.09e-07]    [3.38e-06, 3.92e-06, 1.51e-06, 1.47e-06, 1.47e-06, 7.63e-07, 9.03e-07, 5.74e-08, 4.04e-07, 1.78e-06, 2.26e-06, 2.04e-07, 2.86e-07, 3.09e-07]    []  
STEP 49000 BETA 1.00100005
50000     [1.22e-05, 2.00e-05, 1.33e-05, 1.19e-05, 8.96e-06, 1.59e-06, 3.86e-06, 4.33e-06, 1.47e-06, 2.13e-05, 1.14e-05, 2.36e-05, 3.15e-06, 1.55e-05]    [1.22e-05, 2.00e-05, 1.33e-05, 1.19e-05, 8.96e-06, 1.59e-06, 3.86e-06, 4.33e-06, 1.47e-06, 2.13e-05, 1.14e-05, 2.36e-05, 3.15e-06, 1.55e-05]    []  
STEP 50000 BETA 1.00089097
51000     [1.59e-05, 1.85e-05, 3.97e-06, 6.20e-06, 1.46e-05, 3.02e-06, 3.36e-06, 1.49e-06, 1.65e-06, 1.28e-05, 3.23e-05, 3.51e-06, 1.61e-06, 1.20e-05]    [1.59e-05, 1.85e-05, 3.97e-06, 6.20e-06, 1.46e-05, 3.02e-06, 3.36e-06, 1.49e-06, 1.65e-06, 1.28e-05, 3.23e-05, 3.51e-06, 1.61e-06, 1.20e-05]    []  
STEP 51000 BETA 1.00110817
52000     [4.06e-06, 7.39e-06, 1.86e-06, 2.45e-06, 2.95e-06, 8.71e-07, 1.08e-06, 3.49e-07, 5.65e-07, 2.76e-06, 6.21e-06, 3.33e-06, 4.26e-07, 2.51e-06]    [4.06e-06, 7.39e-06, 1.86e-06, 2.45e-06, 2.95e-06, 8.71e-07, 1.08e-06, 3.49e-07, 5.65e-07, 2.76e-06, 6.21e-06, 3.33e-06, 4.26e-07, 2.51e-06]    []  
STEP 52000 BETA 1.00059068
53000     [6.17e-06, 9.87e-06, 2.74e-06, 4.09e-06, 6.03e-06, 1.73e-06, 1.62e-06, 1.17e-06, 6.20e-07, 8.31e-06, 8.18e-06, 1.98e-06, 1.08e-06, 3.96e-06]    [6.17e-06, 9.87e-06, 2.74e-06, 4.09e-06, 6.03e-06, 1.73e-06, 1.62e-06, 1.17e-06, 6.20e-07, 8.31e-06, 8.18e-06, 1.98e-06, 1.08e-06, 3.96e-06]    []  
STEP 53000 BETA 1.00069523
54000     [2.61e-06, 3.02e-06, 1.45e-06, 1.41e-06, 7.69e-07, 6.26e-07, 5.41e-07, 3.19e-08, 3.53e-07, 1.12e-06, 1.20e-06, 1.92e-07, 1.86e-07, 3.51e-07]    [2.61e-06, 3.02e-06, 1.45e-06, 1.41e-06, 7.69e-07, 6.26e-07, 5.41e-07, 3.19e-08, 3.53e-07, 1.12e-06, 1.20e-06, 1.92e-07, 1.86e-07, 3.51e-07]    []  
STEP 54000 BETA 1.00078666
55000     [3.98e-06, 9.30e-06, 4.21e-06, 5.32e-06, 2.01e-06, 1.03e-06, 3.02e-07, 2.34e-07, 7.73e-07, 3.21e-06, 3.14e-06, 1.00e-07, 4.75e-07, 1.06e-05]    [3.98e-06, 9.30e-06, 4.21e-06, 5.32e-06, 2.01e-06, 1.03e-06, 3.02e-07, 2.34e-07, 7.73e-07, 3.21e-06, 3.14e-06, 1.00e-07, 4.75e-07, 1.06e-05]    []  
STEP 55000 BETA 1.00047457
56000     [2.73e-06, 3.62e-06, 1.67e-06, 1.62e-06, 1.33e-06, 1.30e-06, 5.34e-07, 2.19e-08, 6.61e-07, 3.54e-06, 1.65e-06, 4.15e-07, 3.47e-07, 1.18e-06]    [2.73e-06, 3.62e-06, 1.67e-06, 1.62e-06, 1.33e-06, 1.30e-06, 5.34e-07, 2.19e-08, 6.61e-07, 3.54e-06, 1.65e-06, 4.15e-07, 3.47e-07, 1.18e-06]    []  
STEP 56000 BETA 1.00050926
57000     [4.84e-06, 3.62e-06, 2.43e-06, 2.36e-06, 9.75e-07, 6.49e-07, 5.62e-07, 3.50e-07, 2.98e-07, 6.79e-06, 1.32e-06, 1.90e-09, 3.42e-07, 8.45e-07]    [4.84e-06, 3.62e-06, 2.43e-06, 2.36e-06, 9.75e-07, 6.49e-07, 5.62e-07, 3.50e-07, 2.98e-07, 6.79e-06, 1.32e-06, 1.90e-09, 3.42e-07, 8.45e-07]    []  
STEP 57000 BETA 1.00101793
58000     [2.16e-06, 2.58e-06, 1.31e-06, 1.14e-06, 7.28e-07, 5.96e-07, 3.83e-07, 1.97e-08, 3.99e-07, 6.19e-07, 9.75e-07, 6.21e-09, 2.16e-07, 9.28e-08]    [2.16e-06, 2.58e-06, 1.31e-06, 1.14e-06, 7.28e-07, 5.96e-07, 3.83e-07, 1.97e-08, 3.99e-07, 6.19e-07, 9.75e-07, 6.21e-09, 2.16e-07, 9.28e-08]    []  
STEP 58000 BETA 1.00072622
59000     [2.13e-05, 8.78e-06, 8.03e-06, 9.80e-06, 4.03e-06, 6.10e-07, 9.12e-07, 3.82e-06, 5.34e-07, 2.93e-05, 1.31e-06, 2.45e-06, 2.28e-06, 4.40e-09]    [2.13e-05, 8.78e-06, 8.03e-06, 9.80e-06, 4.03e-06, 6.10e-07, 9.12e-07, 3.82e-06, 5.34e-07, 2.93e-05, 1.31e-06, 2.45e-06, 2.28e-06, 4.40e-09]    []  
STEP 59000 BETA 1.00081444
60000     [2.13e-06, 2.61e-06, 1.32e-06, 1.13e-06, 7.95e-07, 5.80e-07, 3.58e-07, 2.20e-08, 4.30e-07, 6.57e-07, 1.17e-06, 2.07e-07, 2.47e-07, 7.68e-09]    [2.13e-06, 2.61e-06, 1.32e-06, 1.13e-06, 7.95e-07, 5.80e-07, 3.58e-07, 2.20e-08, 4.30e-07, 6.57e-07, 1.17e-06, 2.07e-07, 2.47e-07, 7.68e-09]    []  
STEP 60000 BETA 1.00068033
61000     [2.88e-06, 2.91e-06, 1.77e-06, 1.60e-06, 1.04e-06, 5.61e-07, 2.84e-07, 3.61e-07, 3.82e-07, 3.60e-06, 1.22e-06, 3.88e-08, 3.63e-07, 4.59e-07]    [2.88e-06, 2.91e-06, 1.77e-06, 1.60e-06, 1.04e-06, 5.61e-07, 2.84e-07, 3.61e-07, 3.82e-07, 3.60e-06, 1.22e-06, 3.88e-08, 3.63e-07, 4.59e-07]    []  
STEP 61000 BETA 1.00061822
62000     [3.07e-06, 4.58e-06, 2.79e-06, 2.12e-06, 1.19e-06, 6.42e-07, 6.76e-07, 8.53e-08, 4.48e-07, 1.00e-06, 1.80e-06, 1.58e-06, 2.29e-07, 1.56e-06]    [3.07e-06, 4.58e-06, 2.79e-06, 2.12e-06, 1.19e-06, 6.42e-07, 6.76e-07, 8.53e-08, 4.48e-07, 1.00e-06, 1.80e-06, 1.58e-06, 2.29e-07, 1.56e-06]    []  
STEP 62000 BETA 1.00066030
63000     [1.33e-05, 1.71e-05, 1.23e-05, 9.00e-06, 4.15e-06, 2.16e-06, 2.23e-06, 5.03e-07, 1.11e-06, 2.79e-05, 6.92e-06, 1.64e-05, 1.03e-06, 6.74e-06]    [1.33e-05, 1.71e-05, 1.23e-05, 9.00e-06, 4.15e-06, 2.16e-06, 2.23e-06, 5.03e-07, 1.11e-06, 2.79e-05, 6.92e-06, 1.64e-05, 1.03e-06, 6.74e-06]    []  
STEP 63000 BETA 1.00078869
64000     [3.44e-06, 6.52e-06, 5.78e-06, 4.61e-06, 1.14e-06, 5.31e-07, 1.96e-07, 9.27e-08, 5.38e-07, 1.68e-06, 1.86e-06, 3.12e-08, 3.46e-07, 1.05e-05]    [3.44e-06, 6.52e-06, 5.78e-06, 4.61e-06, 1.14e-06, 5.31e-07, 1.96e-07, 9.27e-08, 5.38e-07, 1.68e-06, 1.86e-06, 3.12e-08, 3.46e-07, 1.05e-05]    []  
STEP 64000 BETA 1.00079703
65000     [3.01e-06, 6.02e-06, 3.31e-06, 3.12e-06, 1.89e-06, 8.37e-07, 1.34e-06, 1.49e-07, 8.31e-07, 2.30e-06, 2.81e-06, 8.97e-06, 6.49e-07, 9.16e-07]    [3.01e-06, 6.02e-06, 3.31e-06, 3.12e-06, 1.89e-06, 8.37e-07, 1.34e-06, 1.49e-07, 8.31e-07, 2.30e-06, 2.81e-06, 8.97e-06, 6.49e-07, 9.16e-07]    []  
STEP 65000 BETA 1.00079226
66000     [2.59e-06, 2.92e-06, 1.33e-06, 9.83e-07, 9.51e-07, 5.71e-07, 6.44e-07, 2.08e-08, 3.73e-07, 6.53e-07, 1.03e-06, 9.48e-07, 2.66e-07, 7.04e-09]    [2.59e-06, 2.92e-06, 1.33e-06, 9.83e-07, 9.51e-07, 5.71e-07, 6.44e-07, 2.08e-08, 3.73e-07, 6.53e-07, 1.03e-06, 9.48e-07, 2.66e-07, 7.04e-09]    []  
STEP 66000 BETA 1.00100422
67000     [2.74e-06, 2.96e-06, 1.55e-06, 1.34e-06, 1.39e-06, 5.44e-07, 2.09e-07, 3.29e-07, 5.02e-07, 2.87e-06, 1.85e-06, 3.66e-08, 4.05e-07, 3.12e-08]    [2.74e-06, 2.96e-06, 1.55e-06, 1.34e-06, 1.39e-06, 5.44e-07, 2.09e-07, 3.29e-07, 5.02e-07, 2.87e-06, 1.85e-06, 3.66e-08, 4.05e-07, 3.12e-08]    []  
STEP 67000 BETA 1.00036192
68000     [5.88e-06, 8.59e-06, 8.00e-06, 6.62e-06, 1.60e-06, 7.21e-07, 9.24e-07, 1.92e-06, 2.83e-07, 1.65e-05, 1.50e-06, 1.53e-07, 1.10e-06, 1.34e-05]    [5.88e-06, 8.59e-06, 8.00e-06, 6.62e-06, 1.60e-06, 7.21e-07, 9.24e-07, 1.92e-06, 2.83e-07, 1.65e-05, 1.50e-06, 1.53e-07, 1.10e-06, 1.34e-05]    []  
STEP 68000 BETA 1.00068212
69000     [1.83e-06, 2.59e-06, 1.39e-06, 1.12e-06, 7.13e-07, 5.06e-07, 4.94e-07, 3.53e-08, 3.53e-07, 5.69e-07, 9.00e-07, 7.60e-07, 2.37e-07, 5.24e-07]    [1.83e-06, 2.59e-06, 1.39e-06, 1.12e-06, 7.13e-07, 5.06e-07, 4.94e-07, 3.53e-08, 3.53e-07, 5.69e-07, 9.00e-07, 7.60e-07, 2.37e-07, 5.24e-07]    []  
STEP 69000 BETA 1.00064433
70000     [1.80e-06, 2.22e-06, 1.17e-06, 9.09e-07, 6.99e-07, 5.06e-07, 4.45e-07, 3.35e-08, 2.67e-07, 5.89e-07, 7.86e-07, 9.25e-08, 1.85e-07, 1.08e-07]    [1.80e-06, 2.22e-06, 1.17e-06, 9.09e-07, 6.99e-07, 5.06e-07, 4.45e-07, 3.35e-08, 2.67e-07, 5.89e-07, 7.86e-07, 9.25e-08, 1.85e-07, 1.08e-07]    []  
STEP 70000 BETA 1.00080359
71000     [2.77e-06, 4.83e-06, 2.85e-06, 2.68e-06, 8.07e-07, 5.11e-07, 5.20e-07, 3.88e-08, 2.96e-07, 1.22e-06, 9.37e-07, 6.00e-07, 2.04e-07, 4.75e-06]    [2.77e-06, 4.83e-06, 2.85e-06, 2.68e-06, 8.07e-07, 5.11e-07, 5.20e-07, 3.88e-08, 2.96e-07, 1.22e-06, 9.37e-07, 6.00e-07, 2.04e-07, 4.75e-06]    []  
STEP 71000 BETA 1.00085497
72000     [2.67e-06, 4.36e-06, 3.07e-06, 2.47e-06, 8.76e-07, 5.24e-07, 5.90e-07, 2.66e-08, 3.04e-07, 1.17e-06, 1.02e-06, 3.06e-07, 2.04e-07, 3.95e-06]    [2.67e-06, 4.36e-06, 3.07e-06, 2.47e-06, 8.76e-07, 5.24e-07, 5.90e-07, 2.66e-08, 3.04e-07, 1.17e-06, 1.02e-06, 3.06e-07, 2.04e-07, 3.95e-06]    []  
STEP 72000 BETA 1.00093651
73000     [7.50e-06, 6.99e-06, 8.15e-06, 6.85e-06, 1.72e-06, 1.47e-06, 6.28e-07, 3.52e-06, 4.48e-07, 4.09e-05, 1.59e-06, 1.96e-06, 1.94e-06, 2.86e-06]    [7.50e-06, 6.99e-06, 8.15e-06, 6.85e-06, 1.72e-06, 1.47e-06, 6.28e-07, 3.52e-06, 4.48e-07, 4.09e-05, 1.59e-06, 1.96e-06, 1.94e-06, 2.86e-06]    []  
STEP 73000 BETA 1.00062251
74000     [6.78e-06, 7.97e-06, 4.29e-06, 1.71e-06, 8.69e-06, 1.83e-06, 3.29e-07, 1.29e-06, 1.68e-06, 8.68e-06, 1.59e-05, 2.31e-07, 1.45e-06, 2.54e-06]    [6.78e-06, 7.97e-06, 4.29e-06, 1.71e-06, 8.69e-06, 1.83e-06, 3.29e-07, 1.29e-06, 1.68e-06, 8.68e-06, 1.59e-05, 2.31e-07, 1.45e-06, 2.54e-06]    []  
STEP 74000 BETA 1.00101042
75000     [2.90e-06, 3.54e-06, 2.03e-06, 1.92e-06, 9.84e-07, 4.59e-07, 4.97e-07, 7.41e-08, 6.73e-07, 1.13e-06, 1.93e-06, 3.44e-06, 4.64e-07, 2.94e-08]    [2.90e-06, 3.54e-06, 2.03e-06, 1.92e-06, 9.84e-07, 4.59e-07, 4.97e-07, 7.41e-08, 6.73e-07, 1.13e-06, 1.93e-06, 3.44e-06, 4.64e-07, 2.94e-08]    []  
STEP 75000 BETA 1.00087106
76000     [2.59e-06, 3.32e-06, 2.14e-06, 1.78e-06, 6.57e-07, 5.73e-07, 3.20e-07, 2.84e-07, 3.35e-07, 4.15e-06, 7.49e-07, 9.72e-08, 3.30e-07, 1.24e-06]    [2.59e-06, 3.32e-06, 2.14e-06, 1.78e-06, 6.57e-07, 5.73e-07, 3.20e-07, 2.84e-07, 3.35e-07, 4.15e-06, 7.49e-07, 9.72e-08, 3.30e-07, 1.24e-06]    []  
STEP 76000 BETA 1.00077248
77000     [1.66e-06, 2.26e-06, 1.37e-06, 9.90e-07, 7.10e-07, 4.75e-07, 3.94e-07, 8.45e-08, 3.42e-07, 9.04e-07, 1.01e-06, 9.94e-07, 1.88e-07, 2.33e-09]    [1.66e-06, 2.26e-06, 1.37e-06, 9.90e-07, 7.10e-07, 4.75e-07, 3.94e-07, 8.45e-08, 3.42e-07, 9.04e-07, 1.01e-06, 9.94e-07, 1.88e-07, 2.33e-09]    []  
STEP 77000 BETA 1.00082898
78000     [6.29e-06, 1.99e-05, 1.04e-05, 1.02e-05, 4.22e-06, 1.11e-06, 2.54e-06, 1.97e-07, 2.56e-06, 4.43e-06, 8.46e-06, 3.96e-05, 1.74e-06, 9.85e-07]    [6.29e-06, 1.99e-05, 1.04e-05, 1.02e-05, 4.22e-06, 1.11e-06, 2.54e-06, 1.97e-07, 2.56e-06, 4.43e-06, 8.46e-06, 3.96e-05, 1.74e-06, 9.85e-07]    []  
STEP 78000 BETA 1.00099599
79000     [1.61e-06, 2.03e-06, 1.32e-06, 9.06e-07, 6.38e-07, 4.83e-07, 3.72e-07, 2.64e-08, 3.17e-07, 5.60e-07, 6.53e-07, 6.13e-08, 2.04e-07, 1.06e-08]    [1.61e-06, 2.03e-06, 1.32e-06, 9.06e-07, 6.38e-07, 4.83e-07, 3.72e-07, 2.64e-08, 3.17e-07, 5.60e-07, 6.53e-07, 6.13e-08, 2.04e-07, 1.06e-08]    []  
STEP 79000 BETA 1.00101721
80000     [1.55e-06, 1.84e-06, 1.07e-06, 7.60e-07, 6.26e-07, 4.62e-07, 2.78e-07, 2.96e-08, 3.05e-07, 7.20e-07, 7.31e-07, 2.49e-08, 1.73e-07, 7.48e-08]    [1.55e-06, 1.84e-06, 1.07e-06, 7.60e-07, 6.26e-07, 4.62e-07, 2.78e-07, 2.96e-08, 3.05e-07, 7.20e-07, 7.31e-07, 2.49e-08, 1.73e-07, 7.48e-08]    []  
STEP 80000 BETA 1.00103235
81000     [1.52e-06, 1.83e-06, 1.13e-06, 7.83e-07, 6.38e-07, 4.54e-07, 4.04e-07, 5.29e-08, 2.67e-07, 6.51e-07, 7.70e-07, 1.28e-07, 1.60e-07, 2.62e-08]    [1.52e-06, 1.83e-06, 1.13e-06, 7.83e-07, 6.38e-07, 4.54e-07, 4.04e-07, 5.29e-08, 2.67e-07, 6.51e-07, 7.70e-07, 1.28e-07, 1.60e-07, 2.62e-08]    []  
STEP 81000 BETA 1.00112700
82000     [2.12e-06, 1.89e-06, 1.27e-06, 8.02e-07, 6.78e-07, 4.65e-07, 2.89e-07, 1.59e-07, 3.54e-07, 2.03e-06, 8.26e-07, 1.27e-07, 2.96e-07, 4.76e-08]    [2.12e-06, 1.89e-06, 1.27e-06, 8.02e-07, 6.78e-07, 4.65e-07, 2.89e-07, 1.59e-07, 3.54e-07, 2.03e-06, 8.26e-07, 1.27e-07, 2.96e-07, 4.76e-08]    []  
STEP 82000 BETA 1.00117207
83000     [5.71e-06, 1.45e-05, 8.22e-06, 7.21e-06, 1.19e-06, 5.04e-07, 3.73e-07, 3.78e-07, 4.26e-07, 4.06e-06, 6.06e-07, 1.12e-06, 3.38e-07, 1.30e-05]    [5.71e-06, 1.45e-05, 8.22e-06, 7.21e-06, 1.19e-06, 5.04e-07, 3.73e-07, 3.78e-07, 4.26e-07, 4.06e-06, 6.06e-07, 1.12e-06, 3.38e-07, 1.30e-05]    []  
STEP 83000 BETA 1.00090396
84000     [2.39e-06, 3.06e-06, 2.37e-06, 1.29e-06, 1.57e-06, 3.89e-07, 1.14e-07, 5.89e-07, 5.98e-07, 5.90e-06, 3.07e-06, 7.20e-08, 6.00e-07, 1.88e-06]    [2.39e-06, 3.06e-06, 2.37e-06, 1.29e-06, 1.57e-06, 3.89e-07, 1.14e-07, 5.89e-07, 5.98e-07, 5.90e-06, 3.07e-06, 7.20e-08, 6.00e-07, 1.88e-06]    []  
STEP 84000 BETA 1.00098860
85000     [5.23e-06, 9.39e-06, 7.33e-06, 6.82e-06, 8.43e-07, 5.62e-07, 3.24e-07, 8.60e-07, 2.35e-07, 1.26e-05, 1.52e-06, 2.74e-07, 5.40e-07, 1.27e-05]    [5.23e-06, 9.39e-06, 7.33e-06, 6.82e-06, 8.43e-07, 5.62e-07, 3.24e-07, 8.60e-07, 2.35e-07, 1.26e-05, 1.52e-06, 2.74e-07, 5.40e-07, 1.27e-05]    []  
STEP 85000 BETA 1.00111735
86000     [4.34e-06, 6.73e-06, 5.96e-06, 5.66e-06, 9.11e-07, 5.10e-07, 3.13e-07, 6.62e-08, 3.73e-07, 1.61e-06, 7.68e-07, 1.20e-06, 1.64e-07, 1.01e-05]    [4.34e-06, 6.73e-06, 5.96e-06, 5.66e-06, 9.11e-07, 5.10e-07, 3.13e-07, 6.62e-08, 3.73e-07, 1.61e-06, 7.68e-07, 1.20e-06, 1.64e-07, 1.01e-05]    []  
STEP 86000 BETA 1.00088727
87000     [1.67e-06, 2.33e-06, 1.55e-06, 1.07e-06, 8.53e-07, 4.08e-07, 4.47e-07, 1.81e-07, 2.80e-07, 1.31e-06, 1.19e-06, 7.24e-07, 2.07e-07, 4.56e-07]    [1.67e-06, 2.33e-06, 1.55e-06, 1.07e-06, 8.53e-07, 4.08e-07, 4.47e-07, 1.81e-07, 2.80e-07, 1.31e-06, 1.19e-06, 7.24e-07, 2.07e-07, 4.56e-07]    []  
STEP 87000 BETA 1.00095963
88000     [4.56e-06, 7.75e-06, 6.54e-06, 5.26e-06, 1.60e-06, 4.00e-07, 1.45e-07, 1.01e-06, 4.74e-07, 1.32e-05, 1.23e-06, 1.68e-06, 8.16e-07, 6.24e-06]    [4.56e-06, 7.75e-06, 6.54e-06, 5.26e-06, 1.60e-06, 4.00e-07, 1.45e-07, 1.01e-06, 4.74e-07, 1.32e-05, 1.23e-06, 1.68e-06, 8.16e-07, 6.24e-06]    []  
STEP 88000 BETA 1.00105405
89000     [6.20e-06, 6.36e-06, 2.75e-06, 2.12e-06, 2.16e-06, 6.22e-07, 8.53e-07, 6.94e-08, 3.22e-07, 5.34e-06, 5.71e-06, 1.71e-07, 2.16e-07, 2.96e-06]    [6.20e-06, 6.36e-06, 2.75e-06, 2.12e-06, 2.16e-06, 6.22e-07, 8.53e-07, 6.94e-08, 3.22e-07, 5.34e-06, 5.71e-06, 1.71e-07, 2.16e-07, 2.96e-06]    []  
STEP 89000 BETA 1.00105751
90000     [1.56e-06, 1.96e-06, 1.29e-06, 1.03e-06, 5.65e-07, 3.72e-07, 3.05e-07, 2.07e-08, 2.50e-07, 6.18e-07, 5.58e-07, 2.94e-08, 1.38e-07, 8.48e-07]    [1.56e-06, 1.96e-06, 1.29e-06, 1.03e-06, 5.65e-07, 3.72e-07, 3.05e-07, 2.07e-08, 2.50e-07, 6.18e-07, 5.58e-07, 2.94e-08, 1.38e-07, 8.48e-07]    []  
STEP 90000 BETA 1.00101364
91000     [4.80e-06, 6.18e-06, 3.72e-06, 2.18e-06, 5.83e-06, 6.71e-07, 1.41e-06, 2.42e-06, 5.01e-07, 1.16e-05, 9.59e-06, 1.92e-07, 1.47e-06, 2.93e-06]    [4.80e-06, 6.18e-06, 3.72e-06, 2.18e-06, 5.83e-06, 6.71e-07, 1.41e-06, 2.42e-06, 5.01e-07, 1.16e-05, 9.59e-06, 1.92e-07, 1.47e-06, 2.93e-06]    []  
STEP 91000 BETA 1.00088072
92000     [1.28e-06, 1.57e-06, 9.13e-07, 6.74e-07, 5.57e-07, 3.65e-07, 2.98e-07, 3.05e-08, 2.28e-07, 5.55e-07, 5.48e-07, 4.31e-12, 1.52e-07, 1.32e-07]    [1.28e-06, 1.57e-06, 9.13e-07, 6.74e-07, 5.57e-07, 3.65e-07, 2.98e-07, 3.05e-08, 2.28e-07, 5.55e-07, 5.48e-07, 4.31e-12, 1.52e-07, 1.32e-07]    []  
STEP 92000 BETA 1.00101995
93000     [2.65e-06, 6.17e-06, 1.86e-06, 2.25e-06, 1.34e-06, 3.30e-07, 3.81e-07, 1.45e-07, 6.63e-07, 1.54e-06, 2.69e-06, 6.52e-06, 2.90e-07, 1.51e-06]    [2.65e-06, 6.17e-06, 1.86e-06, 2.25e-06, 1.34e-06, 3.30e-07, 3.81e-07, 1.45e-07, 6.63e-07, 1.54e-06, 2.69e-06, 6.52e-06, 2.90e-07, 1.51e-06]    []  
STEP 93000 BETA 1.00109041
94000     [1.84e-06, 2.87e-06, 1.14e-06, 9.72e-07, 7.48e-07, 3.37e-07, 1.76e-07, 2.34e-08, 4.00e-07, 6.10e-07, 9.97e-07, 1.16e-06, 1.64e-07, 5.33e-08]    [1.84e-06, 2.87e-06, 1.14e-06, 9.72e-07, 7.48e-07, 3.37e-07, 1.76e-07, 2.34e-08, 4.00e-07, 6.10e-07, 9.97e-07, 1.16e-06, 1.64e-07, 5.33e-08]    []  
STEP 94000 BETA 1.00113678
95000     [1.24e-06, 1.51e-06, 8.78e-07, 6.65e-07, 5.68e-07, 3.41e-07, 1.94e-07, 2.27e-08, 2.72e-07, 5.98e-07, 6.61e-07, 2.92e-10, 1.57e-07, 5.46e-08]    [1.24e-06, 1.51e-06, 8.78e-07, 6.65e-07, 5.68e-07, 3.41e-07, 1.94e-07, 2.27e-08, 2.72e-07, 5.98e-07, 6.61e-07, 2.92e-10, 1.57e-07, 5.46e-08]    []  
STEP 95000 BETA 1.00090241
96000     [3.00e-06, 5.43e-06, 4.36e-06, 3.09e-06, 2.03e-06, 3.70e-07, 7.42e-07, 7.76e-07, 7.77e-07, 5.00e-06, 4.46e-06, 5.94e-06, 6.42e-07, 5.25e-06]    [3.00e-06, 5.43e-06, 4.36e-06, 3.09e-06, 2.03e-06, 3.70e-07, 7.42e-07, 7.76e-07, 7.77e-07, 5.00e-06, 4.46e-06, 5.94e-06, 6.42e-07, 5.25e-06]    []  
STEP 96000 BETA 1.00099647
97000     [1.78e-06, 2.53e-06, 1.19e-06, 1.01e-06, 7.17e-07, 3.58e-07, 3.65e-07, 2.42e-08, 1.71e-07, 1.01e-06, 9.08e-07, 2.29e-07, 1.56e-07, 4.86e-07]    [1.78e-06, 2.53e-06, 1.19e-06, 1.01e-06, 7.17e-07, 3.58e-07, 3.65e-07, 2.42e-08, 1.71e-07, 1.01e-06, 9.08e-07, 2.29e-07, 1.56e-07, 4.86e-07]    []  
STEP 97000 BETA 1.00099170
98000     [1.20e-06, 1.36e-06, 8.87e-07, 6.68e-07, 4.89e-07, 3.23e-07, 2.37e-07, 2.96e-08, 2.14e-07, 4.80e-07, 4.81e-07, 9.23e-09, 1.34e-07, 4.16e-08]    [1.20e-06, 1.36e-06, 8.87e-07, 6.68e-07, 4.89e-07, 3.23e-07, 2.37e-07, 2.96e-08, 2.14e-07, 4.80e-07, 4.81e-07, 9.23e-09, 1.34e-07, 4.16e-08]    []  
STEP 98000 BETA 1.00111234
99000     [1.21e-06, 1.53e-06, 8.73e-07, 6.62e-07, 4.95e-07, 3.11e-07, 2.22e-07, 1.81e-08, 2.41e-07, 5.17e-07, 5.33e-07, 2.20e-07, 1.19e-07, 1.68e-09]    [1.21e-06, 1.53e-06, 8.73e-07, 6.62e-07, 4.95e-07, 3.11e-07, 2.22e-07, 1.81e-08, 2.41e-07, 5.17e-07, 5.33e-07, 2.20e-07, 1.19e-07, 1.68e-09]    []  
STEP 99000 BETA 1.00108612
100000    [2.29e-06, 7.90e-06, 2.13e-06, 3.15e-06, 1.99e-06, 1.06e-06, 3.36e-07, 4.16e-08, 5.55e-07, 3.83e-06, 3.12e-06, 1.57e-06, 3.57e-07, 9.19e-06]    [2.29e-06, 7.90e-06, 2.13e-06, 3.15e-06, 1.99e-06, 1.06e-06, 3.36e-07, 4.16e-08, 5.55e-07, 3.83e-06, 3.12e-06, 1.57e-06, 3.57e-07, 9.19e-06]    []  
STEP 100000 BETA 1.00112891
101000    [3.30e-06, 2.44e-06, 2.07e-06, 1.76e-06, 1.02e-06, 3.17e-07, 4.73e-07, 3.52e-07, 2.89e-07, 2.43e-06, 8.08e-07, 1.73e-06, 4.16e-07, 7.59e-08]    [3.30e-06, 2.44e-06, 2.07e-06, 1.76e-06, 1.02e-06, 3.17e-07, 4.73e-07, 3.52e-07, 2.89e-07, 2.43e-06, 8.08e-07, 1.73e-06, 4.16e-07, 7.59e-08]    []  
STEP 101000 BETA 1.00115156
102000    [6.34e-06, 2.87e-06, 3.47e-06, 3.37e-06, 9.51e-07, 4.49e-07, 2.35e-07, 8.95e-07, 1.97e-07, 1.32e-05, 8.72e-07, 5.94e-07, 5.17e-07, 2.22e-07]    [6.34e-06, 2.87e-06, 3.47e-06, 3.37e-06, 9.51e-07, 4.49e-07, 2.35e-07, 8.95e-07, 1.97e-07, 1.32e-05, 8.72e-07, 5.94e-07, 5.17e-07, 2.22e-07]    []  
STEP 102000 BETA 1.00094044
103000    [1.94e-06, 2.29e-06, 1.13e-06, 6.89e-07, 1.42e-06, 4.42e-07, 1.25e-07, 5.15e-08, 4.70e-07, 1.37e-06, 2.60e-06, 2.46e-07, 2.83e-07, 1.46e-08]    [1.94e-06, 2.29e-06, 1.13e-06, 6.89e-07, 1.42e-06, 4.42e-07, 1.25e-07, 5.15e-08, 4.70e-07, 1.37e-06, 2.60e-06, 2.46e-07, 2.83e-07, 1.46e-08]    []  
STEP 103000 BETA 1.00078392
104000    [6.84e-06, 7.51e-06, 4.28e-06, 5.08e-06, 1.15e-06, 1.10e-06, 3.62e-07, 2.55e-06, 4.37e-07, 4.05e-05, 3.12e-06, 3.18e-06, 1.40e-06, 8.34e-06]    [6.84e-06, 7.51e-06, 4.28e-06, 5.08e-06, 1.15e-06, 1.10e-06, 3.62e-07, 2.55e-06, 4.37e-07, 4.05e-05, 3.12e-06, 3.18e-06, 1.40e-06, 8.34e-06]    []  
STEP 104000 BETA 1.00104213
105000    [1.48e-06, 1.88e-06, 1.23e-06, 9.14e-07, 6.02e-07, 3.48e-07, 3.59e-07, 1.79e-08, 1.59e-07, 1.09e-06, 6.37e-07, 4.43e-07, 1.42e-07, 1.68e-07]    [1.48e-06, 1.88e-06, 1.23e-06, 9.14e-07, 6.02e-07, 3.48e-07, 3.59e-07, 1.79e-08, 1.59e-07, 1.09e-06, 6.37e-07, 4.43e-07, 1.42e-07, 1.68e-07]    []  
STEP 105000 BETA 1.00109088
106000    [1.49e-06, 2.85e-06, 1.23e-06, 1.29e-06, 6.73e-07, 3.73e-07, 3.67e-07, 2.44e-08, 1.57e-07, 1.31e-06, 1.31e-06, 3.81e-07, 9.04e-08, 2.07e-06]    [1.49e-06, 2.85e-06, 1.23e-06, 1.29e-06, 6.73e-07, 3.73e-07, 3.67e-07, 2.44e-08, 1.57e-07, 1.31e-06, 1.31e-06, 3.81e-07, 9.04e-08, 2.07e-06]    []  
STEP 106000 BETA 1.00091779
107000    [3.40e-06, 3.01e-06, 1.95e-06, 1.21e-06, 1.60e-06, 4.34e-07, 6.55e-07, 4.89e-08, 4.39e-07, 1.16e-06, 4.28e-06, 3.06e-06, 1.75e-07, 5.66e-09]    [3.40e-06, 3.01e-06, 1.95e-06, 1.21e-06, 1.60e-06, 4.34e-07, 6.55e-07, 4.89e-08, 4.39e-07, 1.16e-06, 4.28e-06, 3.06e-06, 1.75e-07, 5.66e-09]    []  
STEP 107000 BETA 1.00089419
108000    [1.01e-06, 1.33e-06, 8.17e-07, 6.46e-07, 4.47e-07, 2.79e-07, 1.96e-07, 1.87e-08, 2.07e-07, 5.27e-07, 4.70e-07, 4.47e-08, 1.37e-07, 2.13e-07]    [1.01e-06, 1.33e-06, 8.17e-07, 6.46e-07, 4.47e-07, 2.79e-07, 1.96e-07, 1.87e-08, 2.07e-07, 5.27e-07, 4.70e-07, 4.47e-08, 1.37e-07, 2.13e-07]    []  
STEP 108000 BETA 1.00114071
109000    [3.63e-06, 2.16e-06, 2.58e-06, 2.42e-06, 6.93e-07, 4.87e-07, 1.61e-07, 9.66e-07, 1.67e-07, 1.39e-05, 4.54e-07, 2.00e-08, 5.82e-07, 4.10e-08]    [3.63e-06, 2.16e-06, 2.58e-06, 2.42e-06, 6.93e-07, 4.87e-07, 1.61e-07, 9.66e-07, 1.67e-07, 1.39e-05, 4.54e-07, 2.00e-08, 5.82e-07, 4.10e-08]    []  
STEP 109000 BETA 1.00116551
110000    [1.36e-05, 1.30e-05, 6.24e-06, 5.06e-06, 2.75e-06, 4.30e-07, 4.68e-07, 4.47e-07, 2.26e-07, 1.07e-05, 3.20e-06, 7.61e-08, 3.85e-07, 9.00e-07]    [1.36e-05, 1.30e-05, 6.24e-06, 5.06e-06, 2.75e-06, 4.30e-07, 4.68e-07, 4.47e-07, 2.26e-07, 1.07e-05, 3.20e-06, 7.61e-08, 3.85e-07, 9.00e-07]    []  
STEP 110000 BETA 1.00109959
111000    [1.35e-06, 2.11e-06, 1.42e-06, 1.29e-06, 4.49e-07, 2.44e-07, 2.06e-07, 5.60e-08, 1.80e-07, 6.56e-07, 4.47e-07, 1.14e-07, 1.26e-07, 1.79e-06]    [1.35e-06, 2.11e-06, 1.42e-06, 1.29e-06, 4.49e-07, 2.44e-07, 2.06e-07, 5.60e-08, 1.80e-07, 6.56e-07, 4.47e-07, 1.14e-07, 1.26e-07, 1.79e-06]    []  
STEP 111000 BETA 1.00102782
112000    [5.17e-06, 9.00e-06, 5.76e-06, 4.72e-06, 4.09e-06, 2.89e-07, 1.58e-07, 1.77e-06, 8.61e-07, 1.35e-05, 7.23e-06, 1.27e-06, 1.36e-06, 4.10e-06]    [5.17e-06, 9.00e-06, 5.76e-06, 4.72e-06, 4.09e-06, 2.89e-07, 1.58e-07, 1.77e-06, 8.61e-07, 1.35e-05, 7.23e-06, 1.27e-06, 1.36e-06, 4.10e-06]    []  
STEP 112000 BETA 1.00124097
113000    [1.44e-06, 1.50e-06, 2.64e-06, 1.20e-06, 5.95e-07, 2.56e-07, 1.91e-07, 1.89e-07, 2.71e-07, 1.45e-06, 4.81e-07, 2.19e-07, 2.34e-07, 2.01e-08]    [1.44e-06, 1.50e-06, 2.64e-06, 1.20e-06, 5.95e-07, 2.56e-07, 1.91e-07, 1.89e-07, 2.71e-07, 1.45e-06, 4.81e-07, 2.19e-07, 2.34e-07, 2.01e-08]    []  
STEP 113000 BETA 1.00089467
114000    [1.24e-06, 1.80e-06, 1.55e-06, 1.18e-06, 4.29e-07, 2.76e-07, 2.56e-07, 1.18e-07, 1.92e-07, 1.43e-06, 6.03e-07, 3.41e-07, 1.37e-07, 1.66e-06]    [1.24e-06, 1.80e-06, 1.55e-06, 1.18e-06, 4.29e-07, 2.76e-07, 2.56e-07, 1.18e-07, 1.92e-07, 1.43e-06, 6.03e-07, 3.41e-07, 1.37e-07, 1.66e-06]    []  
STEP 114000 BETA 1.00087857
115000    [9.68e-07, 1.24e-06, 8.70e-07, 6.73e-07, 3.10e-07, 2.51e-07, 1.93e-07, 1.93e-08, 1.64e-07, 6.73e-07, 3.41e-07, 5.20e-08, 1.25e-07, 1.90e-07]    [9.68e-07, 1.24e-06, 8.70e-07, 6.73e-07, 3.10e-07, 2.51e-07, 1.93e-07, 1.93e-08, 1.64e-07, 6.73e-07, 3.41e-07, 5.20e-08, 1.25e-07, 1.90e-07]    []  
STEP 115000 BETA 1.00126112
116000    [1.37e-06, 2.57e-06, 1.17e-06, 1.25e-06, 4.84e-07, 3.06e-07, 1.97e-07, 3.49e-08, 2.70e-07, 1.36e-06, 1.11e-06, 3.55e-07, 1.90e-07, 2.09e-06]    [1.37e-06, 2.57e-06, 1.17e-06, 1.25e-06, 4.84e-07, 3.06e-07, 1.97e-07, 3.49e-08, 2.70e-07, 1.36e-06, 1.11e-06, 3.55e-07, 1.90e-07, 2.09e-06]    []  
STEP 116000 BETA 1.00112832
117000    [1.04e-06, 1.65e-06, 1.20e-06, 9.19e-07, 3.58e-07, 2.60e-07, 1.32e-07, 1.93e-08, 2.02e-07, 6.64e-07, 6.04e-07, 3.96e-07, 9.35e-08, 9.35e-07]    [1.04e-06, 1.65e-06, 1.20e-06, 9.19e-07, 3.58e-07, 2.60e-07, 1.32e-07, 1.93e-08, 2.02e-07, 6.64e-07, 6.04e-07, 3.96e-07, 9.35e-08, 9.35e-07]    []  
STEP 117000 BETA 1.00112748
118000    [8.66e-07, 1.05e-06, 7.28e-07, 5.42e-07, 2.65e-07, 2.67e-07, 2.13e-07, 2.17e-08, 1.61e-07, 4.48e-07, 3.72e-07, 6.60e-10, 1.07e-07, 2.18e-13]    [8.66e-07, 1.05e-06, 7.28e-07, 5.42e-07, 2.65e-07, 2.67e-07, 2.13e-07, 2.17e-08, 1.61e-07, 4.48e-07, 3.72e-07, 6.60e-10, 1.07e-07, 2.18e-13]    []  
STEP 118000 BETA 1.00115395
119000    [3.84e-06, 1.19e-05, 6.76e-06, 7.53e-06, 5.26e-07, 2.20e-07, 1.87e-07, 2.30e-07, 1.91e-07, 4.04e-06, 4.57e-07, 4.98e-07, 2.96e-07, 1.75e-05]    [3.84e-06, 1.19e-05, 6.76e-06, 7.53e-06, 5.26e-07, 2.20e-07, 1.87e-07, 2.30e-07, 1.91e-07, 4.04e-06, 4.57e-07, 4.98e-07, 2.96e-07, 1.75e-05]    []  
STEP 119000 BETA 1.00128412
120000    [1.23e-06, 2.92e-06, 1.61e-06, 1.36e-06, 5.84e-07, 2.18e-07, 3.48e-07, 1.88e-08, 4.51e-07, 6.50e-07, 1.60e-06, 4.02e-06, 3.54e-07, 8.98e-08]    [1.23e-06, 2.92e-06, 1.61e-06, 1.36e-06, 5.84e-07, 2.18e-07, 3.48e-07, 1.88e-08, 4.51e-07, 6.50e-07, 1.60e-06, 4.02e-06, 3.54e-07, 8.98e-08]    []  
STEP 120000 BETA 1.00112975
121000    [1.75e-06, 4.29e-06, 3.15e-06, 2.87e-06, 7.00e-07, 2.14e-07, 1.04e-07, 2.46e-07, 2.44e-07, 2.52e-06, 1.26e-06, 5.17e-07, 2.28e-07, 7.23e-06]    [1.75e-06, 4.29e-06, 3.15e-06, 2.87e-06, 7.00e-07, 2.14e-07, 1.04e-07, 2.46e-07, 2.44e-07, 2.52e-06, 1.26e-06, 5.17e-07, 2.28e-07, 7.23e-06]    []  
STEP 121000 BETA 1.00104380
122000    [4.80e-06, 9.08e-06, 6.07e-06, 5.23e-06, 2.40e-06, 3.53e-07, 6.66e-07, 1.86e-06, 4.18e-07, 1.49e-05, 3.56e-06, 1.28e-06, 1.05e-06, 4.17e-06]    [4.80e-06, 9.08e-06, 6.07e-06, 5.23e-06, 2.40e-06, 3.53e-07, 6.66e-07, 1.86e-06, 4.18e-07, 1.49e-05, 3.56e-06, 1.28e-06, 1.05e-06, 4.17e-06]    []  
STEP 122000 BETA 1.00120056
123000    [1.15e-06, 3.32e-06, 1.45e-06, 1.58e-06, 3.98e-07, 2.11e-07, 2.28e-07, 2.05e-08, 2.73e-07, 4.98e-07, 1.02e-06, 2.44e-06, 9.36e-08, 2.34e-06]    [1.15e-06, 3.32e-06, 1.45e-06, 1.58e-06, 3.98e-07, 2.11e-07, 2.28e-07, 2.05e-08, 2.73e-07, 4.98e-07, 1.02e-06, 2.44e-06, 9.36e-08, 2.34e-06]    []  
STEP 123000 BETA 1.00094235
124000    [3.06e-06, 5.64e-06, 1.23e-06, 9.67e-07, 2.73e-06, 1.31e-06, 5.37e-07, 4.13e-07, 1.78e-07, 4.51e-06, 2.77e-06, 9.91e-08, 3.17e-07, 1.42e-06]    [3.06e-06, 5.64e-06, 1.23e-06, 9.67e-07, 2.73e-06, 1.31e-06, 5.37e-07, 4.13e-07, 1.78e-07, 4.51e-06, 2.77e-06, 9.91e-08, 3.17e-07, 1.42e-06]    []  
STEP 124000 BETA 1.00106359
125000    [1.33e-06, 2.40e-06, 1.42e-06, 1.08e-06, 7.28e-07, 2.52e-07, 3.41e-07, 2.60e-07, 2.10e-07, 1.52e-06, 1.30e-06, 6.30e-07, 2.04e-07, 2.32e-07]    [1.33e-06, 2.40e-06, 1.42e-06, 1.08e-06, 7.28e-07, 2.52e-07, 3.41e-07, 2.60e-07, 2.10e-07, 1.52e-06, 1.30e-06, 6.30e-07, 2.04e-07, 2.32e-07]    []  
STEP 125000 BETA 1.00095236
126000    [2.03e-06, 2.00e-06, 1.54e-06, 8.32e-07, 8.98e-07, 5.36e-07, 2.54e-07, 1.92e-07, 1.33e-07, 1.61e-06, 3.65e-07, 1.62e-07, 2.16e-07, 1.37e-07]    [2.03e-06, 2.00e-06, 1.54e-06, 8.32e-07, 8.98e-07, 5.36e-07, 2.54e-07, 1.92e-07, 1.33e-07, 1.61e-06, 3.65e-07, 1.62e-07, 2.16e-07, 1.37e-07]    []  
STEP 126000 BETA 1.00113368
127000    [5.67e-06, 6.79e-06, 4.50e-06, 4.60e-06, 5.91e-07, 4.63e-07, 2.61e-07, 6.78e-07, 1.16e-07, 1.26e-05, 1.25e-06, 4.82e-07, 3.75e-07, 5.77e-06]    [5.67e-06, 6.79e-06, 4.50e-06, 4.60e-06, 5.91e-07, 4.63e-07, 2.61e-07, 6.78e-07, 1.16e-07, 1.26e-05, 1.25e-06, 4.82e-07, 3.75e-07, 5.77e-06]    []  
STEP 127000 BETA 1.00118196
128000    [1.64e-06, 2.79e-06, 1.32e-06, 1.24e-06, 8.96e-07, 4.59e-07, 6.89e-08, 3.41e-08, 3.34e-07, 1.80e-06, 1.23e-06, 1.02e-06, 1.36e-07, 4.03e-07]    [1.64e-06, 2.79e-06, 1.32e-06, 1.24e-06, 8.96e-07, 4.59e-07, 6.89e-08, 3.41e-08, 3.34e-07, 1.80e-06, 1.23e-06, 1.02e-06, 1.36e-07, 4.03e-07]    []  
STEP 128000 BETA 1.00113010
129000    [6.79e-06, 9.45e-06, 2.06e-06, 1.64e-06, 3.43e-06, 6.99e-07, 7.89e-07, 1.42e-07, 3.42e-07, 3.32e-06, 6.85e-06, 9.49e-08, 3.06e-07, 6.36e-07]    [6.79e-06, 9.45e-06, 2.06e-06, 1.64e-06, 3.43e-06, 6.99e-07, 7.89e-07, 1.42e-07, 3.42e-07, 3.32e-06, 6.85e-06, 9.49e-08, 3.06e-07, 6.36e-07]    []  
STEP 129000 BETA 1.00099528
130000    [9.76e-07, 1.43e-06, 7.07e-07, 5.57e-07, 2.53e-07, 2.15e-07, 1.66e-07, 2.49e-08, 1.20e-07, 5.47e-07, 2.81e-07, 8.79e-08, 1.06e-07, 4.30e-10]    [9.76e-07, 1.43e-06, 7.07e-07, 5.57e-07, 2.53e-07, 2.15e-07, 1.66e-07, 2.49e-08, 1.20e-07, 5.47e-07, 2.81e-07, 8.79e-08, 1.06e-07, 4.30e-10]    []  
STEP 130000 BETA 1.00111091
131000    [1.36e-06, 2.84e-06, 1.26e-06, 1.28e-06, 3.15e-07, 2.30e-07, 1.50e-07, 3.78e-08, 2.09e-07, 9.76e-07, 7.10e-07, 1.34e-07, 1.48e-07, 1.89e-06]    [1.36e-06, 2.84e-06, 1.26e-06, 1.28e-06, 3.15e-07, 2.30e-07, 1.50e-07, 3.78e-08, 2.09e-07, 9.76e-07, 7.10e-07, 1.34e-07, 1.48e-07, 1.89e-06]    []  
STEP 131000 BETA 1.00103509
132000    [5.92e-06, 6.03e-06, 3.60e-06, 4.17e-06, 1.69e-06, 1.74e-07, 1.38e-07, 1.42e-06, 3.50e-07, 1.31e-05, 3.24e-06, 3.42e-07, 8.55e-07, 5.92e-07]    [5.92e-06, 6.03e-06, 3.60e-06, 4.17e-06, 1.69e-06, 1.74e-07, 1.38e-07, 1.42e-06, 3.50e-07, 1.31e-05, 3.24e-06, 3.42e-07, 8.55e-07, 5.92e-07]    []  
STEP 132000 BETA 1.00100899
133000    [2.32e-06, 3.35e-06, 2.24e-06, 2.09e-06, 3.16e-07, 3.19e-07, 1.49e-07, 2.43e-07, 1.96e-07, 3.81e-06, 2.73e-07, 2.01e-07, 2.01e-07, 1.58e-06]    [2.32e-06, 3.35e-06, 2.24e-06, 2.09e-06, 3.16e-07, 3.19e-07, 1.49e-07, 2.43e-07, 1.96e-07, 3.81e-06, 2.73e-07, 2.01e-07, 2.01e-07, 1.58e-06]    []  
STEP 133000 BETA 1.00097382
134000    [5.49e-06, 1.09e-05, 1.20e-06, 1.80e-06, 1.72e-06, 1.75e-07, 1.01e-07, 1.06e-07, 5.04e-07, 1.38e-06, 3.20e-06, 2.19e-06, 2.45e-07, 6.42e-08]    [5.49e-06, 1.09e-05, 1.20e-06, 1.80e-06, 1.72e-06, 1.75e-07, 1.01e-07, 1.06e-07, 5.04e-07, 1.38e-06, 3.20e-06, 2.19e-06, 2.45e-07, 6.42e-08]    []  
STEP 134000 BETA 1.00103486
135000    [1.28e-06, 1.53e-06, 8.79e-07, 5.86e-07, 3.44e-07, 2.50e-07, 1.32e-07, 5.54e-08, 1.31e-07, 6.10e-07, 2.39e-07, 5.79e-10, 1.09e-07, 1.31e-07]    [1.28e-06, 1.53e-06, 8.79e-07, 5.86e-07, 3.44e-07, 2.50e-07, 1.32e-07, 5.54e-08, 1.31e-07, 6.10e-07, 2.39e-07, 5.79e-10, 1.09e-07, 1.31e-07]    []  
STEP 135000 BETA 1.00104904
136000    [2.43e-06, 2.37e-06, 1.90e-06, 1.75e-06, 4.10e-07, 2.42e-07, 1.55e-07, 1.26e-07, 1.90e-07, 1.83e-06, 4.44e-07, 7.47e-07, 2.30e-07, 7.62e-07]    [2.43e-06, 2.37e-06, 1.90e-06, 1.75e-06, 4.10e-07, 2.42e-07, 1.55e-07, 1.26e-07, 1.90e-07, 1.83e-06, 4.44e-07, 7.47e-07, 2.30e-07, 7.62e-07]    []  
STEP 136000 BETA 1.00115716
137000    [2.17e-06, 3.42e-06, 1.80e-06, 1.65e-06, 4.00e-07, 2.04e-07, 2.39e-07, 2.71e-07, 1.18e-07, 2.05e-06, 2.96e-07, 1.55e-08, 2.05e-07, 1.75e-06]    [2.17e-06, 3.42e-06, 1.80e-06, 1.65e-06, 4.00e-07, 2.04e-07, 2.39e-07, 2.71e-07, 1.18e-07, 2.05e-06, 2.96e-07, 1.55e-08, 2.05e-07, 1.75e-06]    []  
STEP 137000 BETA 1.00113273
138000    [9.05e-07, 1.77e-06, 1.17e-06, 9.23e-07, 3.23e-07, 2.76e-07, 2.24e-07, 5.62e-08, 1.13e-07, 8.70e-07, 3.47e-07, 3.22e-07, 1.24e-07, 9.07e-07]    [9.05e-07, 1.77e-06, 1.17e-06, 9.23e-07, 3.23e-07, 2.76e-07, 2.24e-07, 5.62e-08, 1.13e-07, 8.70e-07, 3.47e-07, 3.22e-07, 1.24e-07, 9.07e-07]    []  
STEP 138000 BETA 1.00104320
139000    [7.01e-07, 8.84e-07, 6.51e-07, 5.11e-07, 1.73e-07, 1.79e-07, 1.42e-07, 1.79e-08, 1.28e-07, 4.85e-07, 2.42e-07, 7.22e-08, 1.03e-07, 1.55e-09]    [7.01e-07, 8.84e-07, 6.51e-07, 5.11e-07, 1.73e-07, 1.79e-07, 1.42e-07, 1.79e-08, 1.28e-07, 4.85e-07, 2.42e-07, 7.22e-08, 1.03e-07, 1.55e-09]    []  
STEP 139000 BETA 1.00113535
140000    [7.22e-07, 9.11e-07, 6.92e-07, 5.18e-07, 1.73e-07, 2.01e-07, 1.73e-07, 4.78e-08, 1.17e-07, 7.04e-07, 2.39e-07, 8.13e-09, 1.00e-07, 1.22e-07]    [7.22e-07, 9.11e-07, 6.92e-07, 5.18e-07, 1.73e-07, 2.01e-07, 1.73e-07, 4.78e-08, 1.17e-07, 7.04e-07, 2.39e-07, 8.13e-09, 1.00e-07, 1.22e-07]    []  
STEP 140000 BETA 1.00113845
141000    [9.19e-07, 9.99e-07, 7.47e-07, 5.66e-07, 2.56e-07, 1.76e-07, 8.90e-08, 4.04e-08, 1.46e-07, 7.83e-07, 3.31e-07, 1.21e-07, 8.47e-08, 6.44e-09]    [9.19e-07, 9.99e-07, 7.47e-07, 5.66e-07, 2.56e-07, 1.76e-07, 8.90e-08, 4.04e-08, 1.46e-07, 7.83e-07, 3.31e-07, 1.21e-07, 8.47e-08, 6.44e-09]    []  
STEP 141000 BETA 1.00109363
142000    [8.79e-07, 1.07e-06, 7.35e-07, 5.59e-07, 1.98e-07, 1.84e-07, 1.49e-07, 5.71e-08, 1.17e-07, 5.31e-07, 2.03e-07, 3.11e-08, 1.11e-07, 7.06e-08]    [8.79e-07, 1.07e-06, 7.35e-07, 5.59e-07, 1.98e-07, 1.84e-07, 1.49e-07, 5.71e-08, 1.17e-07, 5.31e-07, 2.03e-07, 3.11e-08, 1.11e-07, 7.06e-08]    []  
STEP 142000 BETA 1.00123930
143000    [7.07e-07, 1.05e-06, 7.00e-07, 5.81e-07, 2.03e-07, 1.73e-07, 1.04e-07, 1.88e-08, 1.24e-07, 5.37e-07, 3.24e-07, 5.65e-08, 9.44e-08, 1.87e-07]    [7.07e-07, 1.05e-06, 7.00e-07, 5.81e-07, 2.03e-07, 1.73e-07, 1.04e-07, 1.88e-08, 1.24e-07, 5.37e-07, 3.24e-07, 5.65e-08, 9.44e-08, 1.87e-07]    []  
STEP 143000 BETA 1.00113833
144000    [1.05e-06, 1.43e-06, 1.16e-06, 9.48e-07, 3.50e-07, 3.84e-07, 7.94e-08, 4.45e-08, 2.00e-07, 2.20e-06, 4.07e-07, 5.68e-07, 9.59e-08, 2.92e-07]    [1.05e-06, 1.43e-06, 1.16e-06, 9.48e-07, 3.50e-07, 3.84e-07, 7.94e-08, 4.45e-08, 2.00e-07, 2.20e-06, 4.07e-07, 5.68e-07, 9.59e-08, 2.92e-07]    []  
STEP 144000 BETA 1.00096583
145000    [1.03e-06, 1.25e-06, 8.91e-07, 5.70e-07, 2.82e-07, 1.98e-07, 2.05e-07, 5.87e-08, 1.09e-07, 5.80e-07, 5.21e-07, 5.34e-08, 8.13e-08, 3.85e-07]    [1.03e-06, 1.25e-06, 8.91e-07, 5.70e-07, 2.82e-07, 1.98e-07, 2.05e-07, 5.87e-08, 1.09e-07, 5.80e-07, 5.21e-07, 5.34e-08, 8.13e-08, 3.85e-07]    []  
STEP 145000 BETA 1.00110412
146000    [8.37e-07, 1.23e-06, 7.05e-07, 5.69e-07, 2.32e-07, 1.89e-07, 1.39e-07, 4.73e-08, 1.25e-07, 5.29e-07, 2.60e-07, 1.56e-07, 7.47e-08, 6.22e-08]    [8.37e-07, 1.23e-06, 7.05e-07, 5.69e-07, 2.32e-07, 1.89e-07, 1.39e-07, 4.73e-08, 1.25e-07, 5.29e-07, 2.60e-07, 1.56e-07, 7.47e-08, 6.22e-08]    []  
STEP 146000 BETA 1.00110602
147000    [7.03e-07, 9.07e-07, 6.21e-07, 4.73e-07, 1.55e-07, 1.72e-07, 9.07e-08, 1.82e-08, 1.19e-07, 6.51e-07, 2.36e-07, 1.73e-08, 7.44e-08, 1.06e-08]    [7.03e-07, 9.07e-07, 6.21e-07, 4.73e-07, 1.55e-07, 1.72e-07, 9.07e-08, 1.82e-08, 1.19e-07, 6.51e-07, 2.36e-07, 1.73e-08, 7.44e-08, 1.06e-08]    []  
STEP 147000 BETA 1.00112724
148000    [9.24e-07, 1.47e-06, 6.52e-07, 5.15e-07, 2.25e-07, 1.83e-07, 6.48e-08, 2.25e-08, 1.52e-07, 8.08e-07, 4.62e-07, 9.80e-08, 8.25e-08, 9.94e-09]    [9.24e-07, 1.47e-06, 6.52e-07, 5.15e-07, 2.25e-07, 1.83e-07, 6.48e-08, 2.25e-08, 1.52e-07, 8.08e-07, 4.62e-07, 9.80e-08, 8.25e-08, 9.94e-09]    []  
STEP 148000 BETA 1.00108361
149000    [6.02e-06, 7.09e-06, 4.78e-06, 4.04e-06, 2.21e-06, 6.46e-07, 3.60e-07, 2.67e-08, 7.92e-07, 3.95e-06, 4.42e-06, 5.68e-06, 5.55e-07, 3.17e-06]    [6.02e-06, 7.09e-06, 4.78e-06, 4.04e-06, 2.21e-06, 6.46e-07, 3.60e-07, 2.67e-08, 7.92e-07, 3.95e-06, 4.42e-06, 5.68e-06, 5.55e-07, 3.17e-06]    []  
STEP 149000 BETA 1.00120413
150000    [3.37e-06, 6.87e-06, 3.33e-06, 3.25e-06, 7.13e-07, 3.54e-07, 7.23e-08, 1.35e-07, 3.78e-07, 3.86e-06, 6.07e-07, 2.55e-06, 1.69e-07, 1.44e-06]    [3.37e-06, 6.87e-06, 3.33e-06, 3.25e-06, 7.13e-07, 3.54e-07, 7.23e-08, 1.35e-07, 3.78e-07, 3.86e-06, 6.07e-07, 2.55e-06, 1.69e-07, 1.44e-06]    []  
STEP 150000 BETA 1.00110066

Best model at step 147000:
  train loss: 4.25e-06
  test loss: 4.25e-06
  test metric: []

'train' took 26337.983129 s

RUN_COMPLETE {'case': 'A15', 'iterations': 150000, 'elapsed_seconds': 26337.983160495758, 'final_beta': [1.0011006593704224], 'final_A_or_beta0': 1.0011006593704224, 'true_A': 1.0, 'relative_l2': {'ux': 0.03714304570914279, 'uy': 0.004300746490991446, 'sxx': 0.0958063818244442, 'syy': 0.02493260502778011, 'sxy': 0.07612901940274039, 'K': 0.06800406484981797, 'mu': 0.09297856921214027, 'E': 0.07691754101217654, 'nu': 0.09431012377522045}, 'split_relative_l2': {'evaluation': {'ux': 0.03714304570914279, 'uy': 0.004300746490991446, 'sxx': 0.0958063818244442, 'syy': 0.02493260502778011, 'sxy': 0.07612901940274039, 'K': 0.06800406484981797, 'mu': 0.09297856921214027, 'E': 0.07691754101217654, 'nu': 0.09431012377522045}, 'validation': {'ux': 0.03245370000910231, 'uy': 0.004086432593649437, 'sxx': 0.09258157107592148, 'syy': 0.02426449655543829, 'sxy': 0.06933265206495494, 'K': 0.060008906591975546, 'mu': 0.09077095654398912, 'E': 0.07527870954608196, 'nu': 0.08963775078815396}, 'train': {'ux': 0.029366976945131018, 'uy': 0.003956507718901762, 'sxx': 0.08937258164863253, 'syy': 0.02415698298691186, 'sxy': 0.0652965347977583, 'K': 0.05215679473431749, 'mu': 0.08886472223083147, 'E': 0.073954336103828, 'nu': 0.08503886150331276}}, 'true_reaction_y': 0.27722135186195374, 'pred_reaction_y': 0.2766838073730469, 'pred_reaction_y_stress_branch': 0.2772340178489685, 'pred_reaction_y_constitutive': 0.2766838073730469, 'reaction_rel_error': 0.0019390443243080323, 'reaction_rel_error_stress_branch': 4.568907455956721e-05, 'reaction_rel_error_constitutive': 0.0019390443243080323, 'equilibrium_form': 'direct', 'reaction_form': 'constitutive', 'run_note': 'Final_decoupled_boundary_material_method_anchor_reaction_weight5_formal150k', 'best_step': 147000, 'eval_checkpoint': 'best', 'eval_checkpoint_path': '/public/home/xinxi/wxtian/WXTIAN/PINN/deepxde/boundary_uncertainty_pinn/exp/01.FormalKeyAblation/A15/model/final_model-150000.pt', 'final_model_path': '/public/home/xinxi/wxtian/WXTIAN/PINN/deepxde/boundary_uncertainty_pinn/exp/01.FormalKeyAblation/A15/model/final_model-150000.pt', 'final_train_loss_sum': 2.7108442736789584e-05, 'final_test_loss_sum': 2.7108442736789584e-05, 'independent_test_loss_available': False, 'loss_history_interval': 1000, 'num_trainable_parameters': 29432}
