Using backend: pytorch
Other supported backends: tensorflow.compat.v1, tensorflow, jax, paddle.
paddle supports more examples now and is recommended.
Compiling model...
'compile' took 0.547843 s

Training model...

Step      Train loss                                                                                                        Test loss                                                                                                         Test metric
0         [1.37e-01, 9.15e-02, 7.03e-02, 1.29e-02, 3.46e-01, 2.00e-03, 1.79e-02, 8.67e-02, 1.18e-01, 4.94e-02, 5.81e-02]    [1.37e-01, 9.15e-02, 7.03e-02, 1.29e-02, 3.46e-01, 2.00e-03, 1.79e-02, 8.67e-02, 1.18e-01, 4.94e-02, 5.81e-02]    []  
1000      [1.87e-03, 1.43e-02, 5.84e-04, 5.26e-04, 1.53e-04, 1.55e-05, 1.63e-05, 1.30e-05, 2.49e-05, 1.02e-04, 7.77e-06]    [1.87e-03, 1.43e-02, 5.84e-04, 5.26e-04, 1.53e-04, 1.55e-05, 1.63e-05, 1.30e-05, 2.49e-05, 1.02e-04, 7.77e-06]    []  
STEP 1000 BETA 0.85539436
2000      [8.87e-04, 4.16e-03, 2.36e-04, 2.13e-04, 6.07e-05, 9.48e-05, 6.49e-05, 3.25e-05, 2.97e-05, 1.66e-04, 7.59e-06]    [8.87e-04, 4.16e-03, 2.36e-04, 2.13e-04, 6.07e-05, 9.48e-05, 6.49e-05, 3.25e-05, 2.97e-05, 1.66e-04, 7.59e-06]    []  
STEP 2000 BETA 0.90061986
3000      [8.06e-04, 2.14e-03, 1.75e-04, 1.73e-04, 4.67e-05, 8.55e-05, 3.43e-05, 3.58e-05, 1.97e-05, 1.46e-04, 5.65e-07]    [8.06e-04, 2.14e-03, 1.75e-04, 1.73e-04, 4.67e-05, 8.55e-05, 3.43e-05, 3.58e-05, 1.97e-05, 1.46e-04, 5.65e-07]    []  
STEP 3000 BETA 0.91272449
4000      [6.25e-04, 1.81e-03, 4.14e-04, 5.14e-04, 1.59e-04, 3.88e-05, 8.10e-06, 8.66e-05, 2.81e-05, 1.57e-04, 2.68e-05]    [6.25e-04, 1.81e-03, 4.14e-04, 5.14e-04, 1.59e-04, 3.88e-05, 8.10e-06, 8.66e-05, 2.81e-05, 1.57e-04, 2.68e-05]    []  
STEP 4000 BETA 0.92346328
5000      [3.51e-04, 4.72e-04, 8.92e-05, 1.20e-04, 4.82e-05, 6.44e-06, 6.75e-06, 2.12e-05, 2.30e-06, 1.06e-04, 2.65e-07]    [3.51e-04, 4.72e-04, 8.92e-05, 1.20e-04, 4.82e-05, 6.44e-06, 6.75e-06, 2.12e-05, 2.30e-06, 1.06e-04, 2.65e-07]    []  
STEP 5000 BETA 0.93282187
6000      [2.99e-04, 2.83e-04, 7.24e-05, 9.03e-05, 2.35e-04, 8.06e-06, 2.33e-05, 2.58e-05, 2.17e-05, 5.39e-05, 1.60e-06]    [2.99e-04, 2.83e-04, 7.24e-05, 9.03e-05, 2.35e-04, 8.06e-06, 2.33e-05, 2.58e-05, 2.17e-05, 5.39e-05, 1.60e-06]    []  
STEP 6000 BETA 0.94360602
7000      [1.80e-04, 1.71e-04, 5.44e-05, 5.68e-05, 1.33e-05, 1.55e-06, 2.08e-06, 3.97e-06, 2.95e-06, 3.20e-05, 3.72e-07]    [1.80e-04, 1.71e-04, 5.44e-05, 5.68e-05, 1.33e-05, 1.55e-06, 2.08e-06, 3.97e-06, 2.95e-06, 3.20e-05, 3.72e-07]    []  
STEP 7000 BETA 0.95863491
8000      [1.55e-04, 1.27e-04, 4.62e-05, 4.33e-05, 1.15e-05, 3.08e-06, 2.19e-06, 2.57e-06, 1.58e-06, 1.97e-05, 7.16e-07]    [1.55e-04, 1.27e-04, 4.62e-05, 4.33e-05, 1.15e-05, 3.08e-06, 2.19e-06, 2.57e-06, 1.58e-06, 1.97e-05, 7.16e-07]    []  
STEP 8000 BETA 0.97877198
9000      [1.34e-04, 9.38e-05, 3.34e-05, 1.97e-05, 8.28e-06, 2.52e-06, 2.60e-06, 1.82e-06, 1.53e-06, 1.46e-05, 1.94e-09]    [1.34e-04, 9.38e-05, 3.34e-05, 1.97e-05, 8.28e-06, 2.52e-06, 2.60e-06, 1.82e-06, 1.53e-06, 1.46e-05, 1.94e-09]    []  
STEP 9000 BETA 0.99613434
10000     [1.30e-04, 7.64e-05, 3.25e-05, 1.81e-05, 3.78e-05, 3.74e-06, 5.50e-06, 6.19e-06, 7.66e-06, 1.82e-05, 4.28e-08]    [1.30e-04, 7.64e-05, 3.25e-05, 1.81e-05, 3.78e-05, 3.74e-06, 5.50e-06, 6.19e-06, 7.66e-06, 1.82e-05, 4.28e-08]    []  
STEP 10000 BETA 1.00707281
11000     [5.30e-05, 3.44e-05, 2.00e-05, 7.18e-06, 4.30e-06, 2.06e-06, 2.53e-06, 1.16e-07, 1.30e-06, 8.15e-06, 6.23e-09]    [5.30e-05, 3.44e-05, 2.00e-05, 7.18e-06, 4.30e-06, 2.06e-06, 2.53e-06, 1.16e-07, 1.30e-06, 8.15e-06, 6.23e-09]    []  
STEP 11000 BETA 1.01406455
12000     [2.99e-05, 2.24e-05, 1.71e-05, 7.15e-06, 2.91e-06, 1.85e-06, 2.44e-06, 9.66e-08, 1.05e-06, 7.11e-06, 1.49e-09]    [2.99e-05, 2.24e-05, 1.71e-05, 7.15e-06, 2.91e-06, 1.85e-06, 2.44e-06, 9.66e-08, 1.05e-06, 7.11e-06, 1.49e-09]    []  
STEP 12000 BETA 1.01987600
13000     [2.13e-05, 1.81e-05, 1.41e-05, 6.73e-06, 2.15e-06, 1.76e-06, 2.02e-06, 1.71e-07, 9.35e-07, 5.88e-06, 5.60e-09]    [2.13e-05, 1.81e-05, 1.41e-05, 6.73e-06, 2.15e-06, 1.76e-06, 2.02e-06, 1.71e-07, 9.35e-07, 5.88e-06, 5.60e-09]    []  
STEP 13000 BETA 1.02408957
14000     [1.67e-05, 1.60e-05, 1.17e-05, 6.38e-06, 2.05e-06, 2.20e-06, 1.86e-06, 2.68e-07, 8.74e-07, 5.52e-06, 5.11e-09]    [1.67e-05, 1.60e-05, 1.17e-05, 6.38e-06, 2.05e-06, 2.20e-06, 1.86e-06, 2.68e-07, 8.74e-07, 5.52e-06, 5.11e-09]    []  
STEP 14000 BETA 1.02605700
15000     [1.30e-05, 1.45e-05, 9.38e-06, 6.22e-06, 1.86e-06, 1.53e-06, 1.70e-06, 2.99e-07, 8.73e-07, 5.20e-06, 1.87e-07]    [1.30e-05, 1.45e-05, 9.38e-06, 6.22e-06, 1.86e-06, 1.53e-06, 1.70e-06, 2.99e-07, 8.73e-07, 5.20e-06, 1.87e-07]    []  
STEP 15000 BETA 1.02658355
16000     [1.05e-05, 1.25e-05, 7.17e-06, 5.42e-06, 1.70e-06, 1.54e-06, 1.28e-06, 1.55e-07, 7.87e-07, 4.89e-06, 1.10e-10]    [1.05e-05, 1.25e-05, 7.17e-06, 5.42e-06, 1.70e-06, 1.54e-06, 1.28e-06, 1.55e-07, 7.87e-07, 4.89e-06, 1.10e-10]    []  
STEP 16000 BETA 1.02569842
17000     [1.42e-05, 3.08e-05, 1.94e-05, 2.09e-05, 5.06e-06, 2.52e-06, 1.17e-06, 1.51e-06, 1.02e-06, 5.77e-06, 7.39e-06]    [1.42e-05, 3.08e-05, 1.94e-05, 2.09e-05, 5.06e-06, 2.52e-06, 1.17e-06, 1.51e-06, 1.02e-06, 5.77e-06, 7.39e-06]    []  
STEP 17000 BETA 1.02484095
18000     [8.19e-06, 1.03e-05, 5.47e-06, 4.82e-06, 3.13e-06, 1.31e-06, 1.11e-06, 3.78e-07, 1.04e-06, 4.82e-06, 5.98e-08]    [8.19e-06, 1.03e-05, 5.47e-06, 4.82e-06, 3.13e-06, 1.31e-06, 1.11e-06, 3.78e-07, 1.04e-06, 4.82e-06, 5.98e-08]    []  
STEP 18000 BETA 1.02351570
19000     [4.76e-05, 1.32e-04, 9.12e-05, 1.11e-04, 1.20e-05, 1.21e-05, 7.34e-07, 7.25e-07, 5.36e-06, 6.01e-06, 2.36e-05]    [4.76e-05, 1.32e-04, 9.12e-05, 1.11e-04, 1.20e-05, 1.21e-05, 7.34e-07, 7.25e-07, 5.36e-06, 6.01e-06, 2.36e-05]    []  
STEP 19000 BETA 1.02186596
20000     [6.05e-06, 8.07e-06, 3.89e-06, 3.84e-06, 1.48e-06, 1.06e-06, 6.57e-07, 6.67e-08, 6.40e-07, 3.65e-06, 4.12e-09]    [6.05e-06, 8.07e-06, 3.89e-06, 3.84e-06, 1.48e-06, 1.06e-06, 6.57e-07, 6.67e-08, 6.40e-07, 3.65e-06, 4.12e-09]    []  
STEP 20000 BETA 1.02089512
21000     [1.65e-05, 4.20e-05, 3.58e-05, 3.51e-05, 5.19e-06, 2.04e-06, 1.41e-06, 6.52e-07, 9.41e-07, 3.27e-06, 1.48e-05]    [1.65e-05, 4.20e-05, 3.58e-05, 3.51e-05, 5.19e-06, 2.04e-06, 1.41e-06, 6.52e-07, 9.41e-07, 3.27e-06, 1.48e-05]    []  
STEP 21000 BETA 1.01951981
22000     [5.59e-06, 8.49e-06, 4.11e-06, 4.46e-06, 1.43e-06, 8.99e-07, 5.41e-07, 6.34e-08, 6.71e-07, 3.25e-06, 3.79e-07]    [5.59e-06, 8.49e-06, 4.11e-06, 4.46e-06, 1.43e-06, 8.99e-07, 5.41e-07, 6.34e-08, 6.71e-07, 3.25e-06, 3.79e-07]    []  
STEP 22000 BETA 1.01765561
23000     [8.39e-06, 1.34e-05, 7.29e-06, 8.08e-06, 8.07e-06, 1.36e-06, 2.21e-06, 1.70e-06, 1.54e-06, 3.14e-06, 1.89e-06]    [8.39e-06, 1.34e-05, 7.29e-06, 8.08e-06, 8.07e-06, 1.36e-06, 2.21e-06, 1.70e-06, 1.54e-06, 3.14e-06, 1.89e-06]    []  
STEP 23000 BETA 1.01619339
24000     [1.16e-05, 9.88e-06, 5.53e-06, 6.19e-06, 1.26e-05, 1.71e-06, 3.44e-06, 2.08e-06, 5.65e-06, 5.82e-06, 1.20e-06]    [1.16e-05, 9.88e-06, 5.53e-06, 6.19e-06, 1.26e-05, 1.71e-06, 3.44e-06, 2.08e-06, 5.65e-06, 5.82e-06, 1.20e-06]    []  
STEP 24000 BETA 1.01516509
25000     [6.31e-06, 6.15e-06, 3.18e-06, 3.50e-06, 1.77e-06, 1.54e-06, 4.56e-07, 1.18e-06, 5.53e-07, 3.23e-06, 3.13e-08]    [6.31e-06, 6.15e-06, 3.18e-06, 3.50e-06, 1.77e-06, 1.54e-06, 4.56e-07, 1.18e-06, 5.53e-07, 3.23e-06, 3.13e-08]    []  
STEP 25000 BETA 1.01348257
26000     [2.64e-05, 4.17e-05, 3.66e-05, 3.54e-05, 3.23e-05, 1.44e-05, 1.94e-06, 1.67e-06, 1.43e-06, 5.94e-06, 1.29e-05]    [2.64e-05, 4.17e-05, 3.66e-05, 3.54e-05, 3.23e-05, 1.44e-05, 1.94e-06, 1.67e-06, 1.43e-06, 5.94e-06, 1.29e-05]    []  
STEP 26000 BETA 1.01195621
27000     [3.30e-06, 4.84e-06, 1.84e-06, 2.36e-06, 1.27e-06, 5.19e-07, 3.90e-07, 7.05e-08, 5.33e-07, 2.50e-06, 6.47e-09]    [3.30e-06, 4.84e-06, 1.84e-06, 2.36e-06, 1.27e-06, 5.19e-07, 3.90e-07, 7.05e-08, 5.33e-07, 2.50e-06, 6.47e-09]    []  
STEP 27000 BETA 1.01128364
28000     [3.73e-06, 5.22e-06, 2.45e-06, 2.58e-06, 2.41e-06, 7.56e-07, 5.55e-07, 2.53e-07, 8.37e-07, 2.84e-06, 2.68e-09]    [3.73e-06, 5.22e-06, 2.45e-06, 2.58e-06, 2.41e-06, 7.56e-07, 5.55e-07, 2.53e-07, 8.37e-07, 2.84e-06, 2.68e-09]    []  
STEP 28000 BETA 1.01012182
29000     [3.16e-06, 4.36e-06, 1.76e-06, 2.11e-06, 2.32e-06, 7.89e-07, 3.98e-07, 2.83e-07, 5.06e-07, 2.69e-06, 7.20e-09]    [3.16e-06, 4.36e-06, 1.76e-06, 2.11e-06, 2.32e-06, 7.89e-07, 3.98e-07, 2.83e-07, 5.06e-07, 2.69e-06, 7.20e-09]    []  
STEP 29000 BETA 1.00920582
30000     [2.73e-06, 4.16e-06, 1.71e-06, 2.15e-06, 1.21e-06, 4.70e-07, 3.30e-07, 2.45e-08, 4.13e-07, 2.35e-06, 7.86e-08]    [2.73e-06, 4.16e-06, 1.71e-06, 2.15e-06, 1.21e-06, 4.70e-07, 3.30e-07, 2.45e-08, 4.13e-07, 2.35e-06, 7.86e-08]    []  
STEP 30000 BETA 1.00846624
31000     [2.57e-06, 3.66e-06, 1.48e-06, 1.83e-06, 1.17e-06, 4.20e-07, 3.33e-07, 4.93e-08, 4.19e-07, 2.32e-06, 5.27e-12]    [2.57e-06, 3.66e-06, 1.48e-06, 1.83e-06, 1.17e-06, 4.20e-07, 3.33e-07, 4.93e-08, 4.19e-07, 2.32e-06, 5.27e-12]    []  
STEP 31000 BETA 1.00800097
32000     [2.19e-05, 1.66e-05, 1.38e-05, 1.20e-05, 5.06e-06, 1.04e-05, 9.16e-07, 3.56e-06, 7.98e-07, 6.56e-06, 2.91e-06]    [2.19e-05, 1.66e-05, 1.38e-05, 1.20e-05, 5.06e-06, 1.04e-05, 9.16e-07, 3.56e-06, 7.98e-07, 6.56e-06, 2.91e-06]    []  
STEP 32000 BETA 1.00730658
33000     [2.39e-06, 3.72e-06, 1.67e-06, 1.93e-06, 1.27e-06, 6.40e-07, 2.90e-07, 7.75e-09, 3.46e-07, 2.25e-06, 1.37e-07]    [2.39e-06, 3.72e-06, 1.67e-06, 1.93e-06, 1.27e-06, 6.40e-07, 2.90e-07, 7.75e-09, 3.46e-07, 2.25e-06, 1.37e-07]    []  
STEP 33000 BETA 1.00655055
34000     [9.45e-06, 1.34e-05, 8.83e-06, 8.55e-06, 2.15e-06, 2.56e-06, 4.52e-07, 3.14e-06, 7.51e-07, 3.66e-06, 1.03e-06]    [9.45e-06, 1.34e-05, 8.83e-06, 8.55e-06, 2.15e-06, 2.56e-06, 4.52e-07, 3.14e-06, 7.51e-07, 3.66e-06, 1.03e-06]    []  
STEP 34000 BETA 1.00633264
35000     [1.07e-05, 1.20e-05, 8.54e-06, 1.08e-05, 1.10e-05, 2.04e-06, 7.84e-07, 7.86e-06, 1.17e-06, 3.15e-06, 7.33e-07]    [1.07e-05, 1.20e-05, 8.54e-06, 1.08e-05, 1.10e-05, 2.04e-06, 7.84e-07, 7.86e-06, 1.17e-06, 3.15e-06, 7.33e-07]    []  
STEP 35000 BETA 1.00573826
36000     [2.07e-06, 2.99e-06, 1.41e-06, 1.45e-06, 1.44e-06, 4.20e-07, 2.79e-07, 1.67e-07, 3.58e-07, 2.36e-06, 4.21e-08]    [2.07e-06, 2.99e-06, 1.41e-06, 1.45e-06, 1.44e-06, 4.20e-07, 2.79e-07, 1.67e-07, 3.58e-07, 2.36e-06, 4.21e-08]    []  
STEP 36000 BETA 1.00548422
37000     [3.34e-06, 5.64e-06, 3.48e-06, 3.57e-06, 2.00e-06, 7.90e-07, 3.14e-07, 4.44e-07, 3.16e-07, 2.26e-06, 3.91e-07]    [3.34e-06, 5.64e-06, 3.48e-06, 3.57e-06, 2.00e-06, 7.90e-07, 3.14e-07, 4.44e-07, 3.16e-07, 2.26e-06, 3.91e-07]    []  
STEP 37000 BETA 1.00509107
38000     [7.37e-06, 1.63e-05, 1.30e-05, 1.22e-05, 3.42e-06, 5.57e-07, 8.84e-07, 2.07e-08, 8.78e-07, 2.29e-06, 3.84e-06]    [7.37e-06, 1.63e-05, 1.30e-05, 1.22e-05, 3.42e-06, 5.57e-07, 8.84e-07, 2.07e-08, 8.78e-07, 2.29e-06, 3.84e-06]    []  
STEP 38000 BETA 1.00440609
39000     [2.03e-06, 2.63e-06, 1.50e-06, 1.34e-06, 1.09e-06, 3.85e-07, 2.68e-07, 9.79e-08, 3.16e-07, 2.23e-06, 2.92e-08]    [2.03e-06, 2.63e-06, 1.50e-06, 1.34e-06, 1.09e-06, 3.85e-07, 2.68e-07, 9.79e-08, 3.16e-07, 2.23e-06, 2.92e-08]    []  
STEP 39000 BETA 1.00424886
40000     [9.67e-06, 3.37e-05, 1.98e-05, 2.28e-05, 6.96e-06, 3.92e-06, 9.65e-07, 2.18e-06, 7.16e-07, 2.52e-06, 9.56e-06]    [9.67e-06, 3.37e-05, 1.98e-05, 2.28e-05, 6.96e-06, 3.92e-06, 9.65e-07, 2.18e-06, 7.16e-07, 2.52e-06, 9.56e-06]    []  
STEP 40000 BETA 1.00404668
41000     [1.68e-06, 2.77e-06, 1.51e-06, 1.29e-06, 1.12e-06, 3.49e-07, 2.97e-07, 5.07e-08, 3.33e-07, 2.07e-06, 6.67e-08]    [1.68e-06, 2.77e-06, 1.51e-06, 1.29e-06, 1.12e-06, 3.49e-07, 2.97e-07, 5.07e-08, 3.33e-07, 2.07e-06, 6.67e-08]    []  
STEP 41000 BETA 1.00388861
42000     [4.02e-06, 5.28e-06, 3.49e-06, 3.25e-06, 1.91e-06, 1.49e-06, 3.16e-07, 8.15e-08, 2.63e-07, 2.53e-06, 6.07e-07]    [4.02e-06, 5.28e-06, 3.49e-06, 3.25e-06, 1.91e-06, 1.49e-06, 3.16e-07, 8.15e-08, 2.63e-07, 2.53e-06, 6.07e-07]    []  
STEP 42000 BETA 1.00345635
43000     [9.55e-06, 1.53e-05, 9.78e-06, 1.07e-05, 3.38e-06, 7.96e-07, 1.66e-06, 2.45e-08, 2.70e-06, 2.79e-06, 4.66e-06]    [9.55e-06, 1.53e-05, 9.78e-06, 1.07e-05, 3.38e-06, 7.96e-07, 1.66e-06, 2.45e-08, 2.70e-06, 2.79e-06, 4.66e-06]    []  
STEP 43000 BETA 1.00320804
44000     [3.66e-06, 6.78e-06, 4.94e-06, 4.25e-06, 1.46e-06, 1.05e-06, 2.84e-07, 9.33e-07, 3.47e-07, 2.46e-06, 2.07e-07]    [3.66e-06, 6.78e-06, 4.94e-06, 4.25e-06, 1.46e-06, 1.05e-06, 2.84e-07, 9.33e-07, 3.47e-07, 2.46e-06, 2.07e-07]    []  
STEP 44000 BETA 1.00297713
45000     [1.91e-05, 3.88e-05, 2.68e-05, 2.15e-05, 9.87e-06, 5.06e-07, 1.45e-06, 6.71e-06, 2.22e-06, 3.73e-06, 2.38e-06]    [1.91e-05, 3.88e-05, 2.68e-05, 2.15e-05, 9.87e-06, 5.06e-07, 1.45e-06, 6.71e-06, 2.22e-06, 3.73e-06, 2.38e-06]    []  
STEP 45000 BETA 1.00273252
46000     [1.60e-05, 4.82e-05, 2.45e-05, 2.81e-05, 3.01e-06, 3.67e-06, 2.37e-07, 2.10e-07, 6.86e-07, 2.69e-06, 1.00e-05]    [1.60e-05, 4.82e-05, 2.45e-05, 2.81e-05, 3.01e-06, 3.67e-06, 2.37e-07, 2.10e-07, 6.86e-07, 2.69e-06, 1.00e-05]    []  
STEP 46000 BETA 1.00271916
47000     [6.51e-06, 6.22e-06, 6.22e-06, 5.54e-06, 2.02e-06, 2.30e-06, 2.66e-07, 1.13e-06, 2.64e-07, 2.84e-06, 1.31e-06]    [6.51e-06, 6.22e-06, 6.22e-06, 5.54e-06, 2.02e-06, 2.30e-06, 2.66e-07, 1.13e-06, 2.64e-07, 2.84e-06, 1.31e-06]    []  
STEP 47000 BETA 1.00253570
48000     [1.27e-06, 1.82e-06, 1.18e-06, 8.61e-07, 9.42e-07, 2.97e-07, 1.84e-07, 3.30e-09, 2.19e-07, 1.84e-06, 2.30e-09]    [1.27e-06, 1.82e-06, 1.18e-06, 8.61e-07, 9.42e-07, 2.97e-07, 1.84e-07, 3.30e-09, 2.19e-07, 1.84e-06, 2.30e-09]    []  
STEP 48000 BETA 1.00244260
49000     [1.85e-06, 3.60e-06, 2.31e-06, 1.48e-06, 1.43e-06, 1.16e-06, 3.89e-07, 4.87e-08, 4.37e-07, 1.94e-06, 7.57e-08]    [1.85e-06, 3.60e-06, 2.31e-06, 1.48e-06, 1.43e-06, 1.16e-06, 3.89e-07, 4.87e-08, 4.37e-07, 1.94e-06, 7.57e-08]    []  
STEP 49000 BETA 1.00237274
50000     [2.36e-06, 6.75e-06, 4.50e-06, 4.07e-06, 1.29e-06, 3.52e-07, 3.06e-07, 1.09e-07, 3.49e-07, 1.72e-06, 1.50e-06]    [2.36e-06, 6.75e-06, 4.50e-06, 4.07e-06, 1.29e-06, 3.52e-07, 3.06e-07, 1.09e-07, 3.49e-07, 1.72e-06, 1.50e-06]    []  
STEP 50000 BETA 1.00236952
51000     [4.58e-06, 4.87e-06, 3.06e-06, 2.89e-06, 4.44e-06, 3.20e-06, 3.84e-07, 3.29e-07, 4.50e-07, 2.14e-06, 7.27e-07]    [4.58e-06, 4.87e-06, 3.06e-06, 2.89e-06, 4.44e-06, 3.20e-06, 3.84e-07, 3.29e-07, 4.50e-07, 2.14e-06, 7.27e-07]    []  
STEP 51000 BETA 1.00227618
52000     [5.03e-06, 4.75e-06, 3.07e-06, 2.24e-06, 5.43e-06, 4.99e-06, 4.89e-07, 4.41e-08, 5.32e-07, 2.69e-06, 6.50e-07]    [5.03e-06, 4.75e-06, 3.07e-06, 2.24e-06, 5.43e-06, 4.99e-06, 4.89e-07, 4.41e-08, 5.32e-07, 2.69e-06, 6.50e-07]    []  
STEP 52000 BETA 1.00199950
53000     [1.25e-06, 2.22e-06, 1.58e-06, 1.31e-06, 8.91e-07, 2.97e-07, 1.93e-07, 1.19e-08, 2.10e-07, 1.69e-06, 1.81e-07]    [1.25e-06, 2.22e-06, 1.58e-06, 1.31e-06, 8.91e-07, 2.97e-07, 1.93e-07, 1.19e-08, 2.10e-07, 1.69e-06, 1.81e-07]    []  
STEP 53000 BETA 1.00206101
54000     [1.25e-06, 2.35e-06, 1.65e-06, 1.32e-06, 9.21e-07, 3.32e-07, 1.99e-07, 5.91e-09, 2.04e-07, 1.61e-06, 2.64e-07]    [1.25e-06, 2.35e-06, 1.65e-06, 1.32e-06, 9.21e-07, 3.32e-07, 1.99e-07, 5.91e-09, 2.04e-07, 1.61e-06, 2.64e-07]    []  
STEP 54000 BETA 1.00193262
55000     [1.98e-06, 6.01e-06, 3.90e-06, 3.77e-06, 1.02e-06, 2.60e-07, 1.90e-07, 2.35e-08, 2.59e-07, 1.62e-06, 1.55e-06]    [1.98e-06, 6.01e-06, 3.90e-06, 3.77e-06, 1.02e-06, 2.60e-07, 1.90e-07, 2.35e-08, 2.59e-07, 1.62e-06, 1.55e-06]    []  
STEP 55000 BETA 1.00196517
56000     [2.05e-06, 2.41e-06, 2.29e-06, 1.49e-06, 1.27e-06, 1.42e-06, 1.91e-07, 1.58e-07, 2.14e-07, 1.90e-06, 3.04e-09]    [2.05e-06, 2.41e-06, 2.29e-06, 1.49e-06, 1.27e-06, 1.42e-06, 1.91e-07, 1.58e-07, 2.14e-07, 1.90e-06, 3.04e-09]    []  
STEP 56000 BETA 1.00206304
57000     [4.41e-06, 4.04e-06, 2.30e-06, 1.69e-06, 5.73e-06, 3.85e-06, 6.53e-07, 6.38e-07, 6.77e-07, 2.58e-06, 3.95e-07]    [4.41e-06, 4.04e-06, 2.30e-06, 1.69e-06, 5.73e-06, 3.85e-06, 6.53e-07, 6.38e-07, 6.77e-07, 2.58e-06, 3.95e-07]    []  
STEP 57000 BETA 1.00206411
58000     [1.20e-06, 2.11e-06, 1.66e-06, 1.29e-06, 8.77e-07, 2.45e-07, 1.60e-07, 3.67e-09, 1.97e-07, 1.48e-06, 1.98e-07]    [1.20e-06, 2.11e-06, 1.66e-06, 1.29e-06, 8.77e-07, 2.45e-07, 1.60e-07, 3.67e-09, 1.97e-07, 1.48e-06, 1.98e-07]    []  
STEP 58000 BETA 1.00188601
59000     [2.28e-06, 5.42e-06, 3.71e-06, 3.67e-06, 1.02e-06, 2.60e-07, 2.22e-07, 5.20e-08, 1.43e-07, 1.50e-06, 1.47e-06]    [2.28e-06, 5.42e-06, 3.71e-06, 3.67e-06, 1.02e-06, 2.60e-07, 2.22e-07, 5.20e-08, 1.43e-07, 1.50e-06, 1.47e-06]    []  
STEP 59000 BETA 1.00200140
60000     [2.99e-06, 3.56e-06, 1.96e-06, 1.68e-06, 1.80e-06, 1.33e-06, 1.87e-07, 7.80e-07, 2.17e-07, 1.68e-06, 2.20e-07]    [2.99e-06, 3.56e-06, 1.96e-06, 1.68e-06, 1.80e-06, 1.33e-06, 1.87e-07, 7.80e-07, 2.17e-07, 1.68e-06, 2.20e-07]    []  
STEP 60000 BETA 1.00205779
61000     [4.99e-06, 4.01e-06, 1.86e-06, 2.29e-06, 5.89e-06, 2.46e-06, 5.13e-07, 4.12e-06, 4.84e-07, 1.99e-06, 4.30e-08]    [4.99e-06, 4.01e-06, 1.86e-06, 2.29e-06, 5.89e-06, 2.46e-06, 5.13e-07, 4.12e-06, 4.84e-07, 1.99e-06, 4.30e-08]    []  
STEP 61000 BETA 1.00202024
62000     [1.27e-06, 1.61e-06, 1.40e-06, 1.02e-06, 8.98e-07, 4.40e-07, 1.39e-07, 1.91e-08, 1.63e-07, 1.40e-06, 4.48e-09]    [1.27e-06, 1.61e-06, 1.40e-06, 1.02e-06, 8.98e-07, 4.40e-07, 1.39e-07, 1.91e-08, 1.63e-07, 1.40e-06, 4.48e-09]    []  
STEP 62000 BETA 1.00208664
63000     [1.82e-06, 1.53e-06, 1.65e-06, 1.32e-06, 1.03e-06, 3.09e-07, 1.39e-07, 4.01e-07, 1.62e-07, 1.46e-06, 2.40e-08]    [1.82e-06, 1.53e-06, 1.65e-06, 1.32e-06, 1.03e-06, 3.09e-07, 1.39e-07, 4.01e-07, 1.62e-07, 1.46e-06, 2.40e-08]    []  
STEP 63000 BETA 1.00209332
64000     [1.28e-06, 1.83e-06, 1.63e-06, 1.32e-06, 9.15e-07, 5.78e-07, 1.52e-07, 1.53e-07, 1.73e-07, 1.41e-06, 9.09e-08]    [1.28e-06, 1.83e-06, 1.63e-06, 1.32e-06, 9.15e-07, 5.78e-07, 1.52e-07, 1.53e-07, 1.73e-07, 1.41e-06, 9.09e-08]    []  
STEP 64000 BETA 1.00200653
65000     [3.64e-06, 2.86e-06, 3.75e-06, 2.66e-06, 2.45e-06, 5.23e-07, 3.14e-07, 6.22e-07, 5.69e-07, 1.71e-06, 3.16e-08]    [3.64e-06, 2.86e-06, 3.75e-06, 2.66e-06, 2.45e-06, 5.23e-07, 3.14e-07, 6.22e-07, 5.69e-07, 1.71e-06, 3.16e-08]    []  
STEP 65000 BETA 1.00202596
66000     [1.43e-06, 2.39e-06, 1.84e-06, 1.25e-06, 1.37e-06, 3.64e-07, 1.52e-07, 3.99e-07, 1.70e-07, 1.45e-06, 1.63e-07]    [1.43e-06, 2.39e-06, 1.84e-06, 1.25e-06, 1.37e-06, 3.64e-07, 1.52e-07, 3.99e-07, 1.70e-07, 1.45e-06, 1.63e-07]    []  
STEP 66000 BETA 1.00203490
67000     [3.47e-06, 4.67e-06, 3.44e-06, 3.00e-06, 1.67e-06, 1.43e-06, 2.28e-07, 1.51e-08, 2.43e-07, 1.53e-06, 9.74e-07]    [3.47e-06, 4.67e-06, 3.44e-06, 3.00e-06, 1.67e-06, 1.43e-06, 2.28e-07, 1.51e-08, 2.43e-07, 1.53e-06, 9.74e-07]    []  
STEP 67000 BETA 1.00196552
68000     [1.54e-06, 3.48e-06, 2.59e-06, 2.60e-06, 7.56e-07, 5.54e-07, 1.52e-07, 3.55e-08, 1.22e-07, 1.39e-06, 6.10e-07]    [1.54e-06, 3.48e-06, 2.59e-06, 2.60e-06, 7.56e-07, 5.54e-07, 1.52e-07, 3.55e-08, 1.22e-07, 1.39e-06, 6.10e-07]    []  
STEP 68000 BETA 1.00199592
69000     [9.30e-07, 1.35e-06, 1.25e-06, 8.91e-07, 7.54e-07, 2.25e-07, 1.29e-07, 2.94e-08, 1.48e-07, 1.21e-06, 7.62e-08]    [9.30e-07, 1.35e-06, 1.25e-06, 8.91e-07, 7.54e-07, 2.25e-07, 1.29e-07, 2.94e-08, 1.48e-07, 1.21e-06, 7.62e-08]    []  
STEP 69000 BETA 1.00211525
70000     [1.30e-06, 2.18e-06, 1.84e-06, 1.16e-06, 1.67e-06, 5.70e-07, 3.71e-07, 5.55e-07, 2.51e-07, 1.30e-06, 6.65e-09]    [1.30e-06, 2.18e-06, 1.84e-06, 1.16e-06, 1.67e-06, 5.70e-07, 3.71e-07, 5.55e-07, 2.51e-07, 1.30e-06, 6.65e-09]    []  
STEP 70000 BETA 1.00217819
71000     [7.75e-06, 7.45e-06, 5.72e-06, 4.52e-06, 1.63e-06, 2.69e-07, 1.85e-07, 2.02e-06, 1.95e-07, 1.72e-06, 3.97e-07]    [7.75e-06, 7.45e-06, 5.72e-06, 4.52e-06, 1.63e-06, 2.69e-07, 1.85e-07, 2.02e-06, 1.95e-07, 1.72e-06, 3.97e-07]    []  
STEP 71000 BETA 1.00212443
72000     [3.25e-06, 3.87e-06, 3.75e-06, 3.05e-06, 1.06e-06, 3.54e-07, 1.26e-07, 9.98e-07, 1.34e-07, 1.54e-06, 4.26e-09]    [3.25e-06, 3.87e-06, 3.75e-06, 3.05e-06, 1.06e-06, 3.54e-07, 1.26e-07, 9.98e-07, 1.34e-07, 1.54e-06, 4.26e-09]    []  
STEP 72000 BETA 1.00210500
73000     [5.74e-06, 1.58e-05, 9.75e-06, 9.19e-06, 1.84e-06, 4.91e-07, 4.43e-07, 1.04e-06, 1.81e-07, 1.45e-06, 4.22e-06]    [5.74e-06, 1.58e-05, 9.75e-06, 9.19e-06, 1.84e-06, 4.91e-07, 4.43e-07, 1.04e-06, 1.81e-07, 1.45e-06, 4.22e-06]    []  
STEP 73000 BETA 1.00214100
74000     [2.67e-06, 5.30e-06, 3.15e-06, 3.53e-06, 1.82e-06, 7.32e-07, 1.89e-07, 8.37e-07, 2.06e-07, 1.24e-06, 1.55e-06]    [2.67e-06, 5.30e-06, 3.15e-06, 3.53e-06, 1.82e-06, 7.32e-07, 1.89e-07, 8.37e-07, 2.06e-07, 1.24e-06, 1.55e-06]    []  
STEP 74000 BETA 1.00211549
75000     [7.72e-07, 9.56e-07, 1.01e-06, 7.41e-07, 6.37e-07, 2.16e-07, 9.97e-08, 1.28e-08, 1.23e-07, 1.15e-06, 2.41e-08]    [7.72e-07, 9.56e-07, 1.01e-06, 7.41e-07, 6.37e-07, 2.16e-07, 9.97e-08, 1.28e-08, 1.23e-07, 1.15e-06, 2.41e-08]    []  
STEP 75000 BETA 1.00210834
76000     [3.33e-06, 3.91e-06, 1.87e-06, 1.67e-06, 4.11e-06, 1.75e-06, 3.54e-07, 5.99e-07, 4.08e-07, 1.62e-06, 4.48e-07]    [3.33e-06, 3.91e-06, 1.87e-06, 1.67e-06, 4.11e-06, 1.75e-06, 3.54e-07, 5.99e-07, 4.08e-07, 1.62e-06, 4.48e-07]    []  
STEP 76000 BETA 1.00217140
77000     [8.54e-07, 1.66e-06, 1.38e-06, 1.29e-06, 6.03e-07, 2.42e-07, 9.93e-08, 6.64e-08, 1.10e-07, 1.12e-06, 3.12e-07]    [8.54e-07, 1.66e-06, 1.38e-06, 1.29e-06, 6.03e-07, 2.42e-07, 9.93e-08, 6.64e-08, 1.10e-07, 1.12e-06, 3.12e-07]    []  
STEP 77000 BETA 1.00216389
78000     [3.74e-06, 1.99e-06, 2.67e-06, 1.91e-06, 1.68e-06, 1.17e-06, 2.17e-07, 2.71e-07, 2.77e-07, 1.49e-06, 7.71e-08]    [3.74e-06, 1.99e-06, 2.67e-06, 1.91e-06, 1.68e-06, 1.17e-06, 2.17e-07, 2.71e-07, 2.77e-07, 1.49e-06, 7.71e-08]    []  
STEP 78000 BETA 1.00217152
79000     [1.86e-06, 2.21e-06, 1.56e-06, 1.62e-06, 1.68e-06, 4.01e-07, 1.05e-07, 1.16e-06, 1.48e-07, 1.32e-06, 1.44e-07]    [1.86e-06, 2.21e-06, 1.56e-06, 1.62e-06, 1.68e-06, 4.01e-07, 1.05e-07, 1.16e-06, 1.48e-07, 1.32e-06, 1.44e-07]    []  
STEP 79000 BETA 1.00234258
80000     [1.05e-06, 1.19e-06, 9.58e-07, 7.06e-07, 1.23e-06, 4.53e-07, 1.65e-07, 3.66e-07, 1.74e-07, 1.09e-06, 1.26e-11]    [1.05e-06, 1.19e-06, 9.58e-07, 7.06e-07, 1.23e-06, 4.53e-07, 1.65e-07, 3.66e-07, 1.74e-07, 1.09e-06, 1.26e-11]    []  
STEP 80000 BETA 1.00220013
81000     [2.91e-06, 2.08e-06, 2.75e-06, 2.12e-06, 1.24e-06, 2.22e-07, 1.95e-07, 7.91e-08, 3.19e-07, 1.10e-06, 2.70e-08]    [2.91e-06, 2.08e-06, 2.75e-06, 2.12e-06, 1.24e-06, 2.22e-07, 1.95e-07, 7.91e-08, 3.19e-07, 1.10e-06, 2.70e-08]    []  
STEP 81000 BETA 1.00219727
82000     [1.01e-06, 1.18e-06, 1.08e-06, 9.02e-07, 7.52e-07, 4.04e-07, 1.10e-07, 2.27e-08, 1.26e-07, 1.08e-06, 1.09e-08]    [1.01e-06, 1.18e-06, 1.08e-06, 9.02e-07, 7.52e-07, 4.04e-07, 1.10e-07, 2.27e-08, 1.26e-07, 1.08e-06, 1.09e-08]    []  
STEP 82000 BETA 1.00230730
83000     [1.39e-06, 2.61e-06, 1.96e-06, 1.72e-06, 7.47e-07, 2.44e-07, 1.63e-07, 3.03e-08, 1.41e-07, 1.06e-06, 6.16e-07]    [1.39e-06, 2.61e-06, 1.96e-06, 1.72e-06, 7.47e-07, 2.44e-07, 1.63e-07, 3.03e-08, 1.41e-07, 1.06e-06, 6.16e-07]    []  
STEP 83000 BETA 1.00237024
84000     [9.59e-07, 1.03e-06, 1.10e-06, 7.42e-07, 9.25e-07, 3.71e-07, 9.52e-08, 1.11e-08, 1.11e-07, 1.08e-06, 1.16e-09]    [9.59e-07, 1.03e-06, 1.10e-06, 7.42e-07, 9.25e-07, 3.71e-07, 9.52e-08, 1.11e-08, 1.11e-07, 1.08e-06, 1.16e-09]    []  
STEP 84000 BETA 1.00236595
85000     [9.06e-07, 8.06e-07, 9.01e-07, 7.59e-07, 5.81e-07, 1.90e-07, 7.22e-08, 9.26e-08, 8.52e-08, 1.03e-06, 2.59e-08]    [9.06e-07, 8.06e-07, 9.01e-07, 7.59e-07, 5.81e-07, 1.90e-07, 7.22e-08, 9.26e-08, 8.52e-08, 1.03e-06, 2.59e-08]    []  
STEP 85000 BETA 1.00231898
86000     [9.12e-07, 1.34e-06, 1.66e-06, 1.11e-06, 6.79e-07, 7.19e-07, 1.38e-07, 1.23e-06, 2.04e-07, 1.53e-06, 1.72e-07]    [9.12e-07, 1.34e-06, 1.66e-06, 1.11e-06, 6.79e-07, 7.19e-07, 1.38e-07, 1.23e-06, 2.04e-07, 1.53e-06, 1.72e-07]    []  
STEP 86000 BETA 1.00300753
87000     [8.27e-07, 1.37e-06, 1.22e-06, 1.03e-06, 6.08e-07, 1.75e-07, 1.47e-07, 1.23e-07, 1.31e-07, 1.09e-06, 2.84e-07]    [8.27e-07, 1.37e-06, 1.22e-06, 1.03e-06, 6.08e-07, 1.75e-07, 1.47e-07, 1.23e-07, 1.31e-07, 1.09e-06, 2.84e-07]    []  
STEP 87000 BETA 1.00237834
88000     [5.93e-06, 2.30e-05, 9.30e-06, 9.12e-06, 2.73e-06, 4.14e-06, 2.18e-07, 3.08e-06, 5.22e-07, 3.15e-06, 3.26e-06]    [5.93e-06, 2.30e-05, 9.30e-06, 9.12e-06, 2.73e-06, 4.14e-06, 2.18e-07, 3.08e-06, 5.22e-07, 3.15e-06, 3.26e-06]    []  
STEP 88000 BETA 1.00242531
89000     [8.07e-06, 2.63e-05, 1.92e-05, 2.04e-05, 3.63e-06, 9.82e-07, 4.46e-07, 5.02e-06, 3.51e-07, 2.94e-06, 3.17e-06]    [8.07e-06, 2.63e-05, 1.92e-05, 2.04e-05, 3.63e-06, 9.82e-07, 4.46e-07, 5.02e-06, 3.51e-07, 2.94e-06, 3.17e-06]    []  
STEP 89000 BETA 1.00230777
90000     [1.44e-06, 2.58e-06, 1.96e-06, 1.49e-06, 1.88e-06, 5.96e-07, 1.46e-07, 6.53e-07, 1.45e-07, 1.14e-06, 1.29e-07]    [1.44e-06, 2.58e-06, 1.96e-06, 1.49e-06, 1.88e-06, 5.96e-07, 1.46e-07, 6.53e-07, 1.45e-07, 1.14e-06, 1.29e-07]    []  
STEP 90000 BETA 1.00238621
91000     [8.32e-07, 1.08e-06, 1.04e-06, 9.40e-07, 5.11e-07, 2.18e-07, 5.87e-08, 5.16e-08, 7.25e-08, 9.85e-07, 3.10e-08]    [8.32e-07, 1.08e-06, 1.04e-06, 9.40e-07, 5.11e-07, 2.18e-07, 5.87e-08, 5.16e-08, 7.25e-08, 9.85e-07, 3.10e-08]    []  
STEP 91000 BETA 1.00237322
92000     [6.47e-07, 7.49e-07, 7.31e-07, 6.23e-07, 6.24e-07, 2.64e-07, 6.66e-08, 8.49e-09, 7.86e-08, 9.87e-07, 1.71e-08]    [6.47e-07, 7.49e-07, 7.31e-07, 6.23e-07, 6.24e-07, 2.64e-07, 6.66e-08, 8.49e-09, 7.86e-08, 9.87e-07, 1.71e-08]    []  
STEP 92000 BETA 1.00250745
93000     [1.15e-06, 1.45e-06, 1.55e-06, 1.39e-06, 7.12e-07, 2.22e-07, 1.46e-07, 1.58e-08, 1.40e-07, 9.34e-07, 2.23e-07]    [1.15e-06, 1.45e-06, 1.55e-06, 1.39e-06, 7.12e-07, 2.22e-07, 1.46e-07, 1.58e-08, 1.40e-07, 9.34e-07, 2.23e-07]    []  
STEP 93000 BETA 1.00247955
94000     [1.06e-06, 8.72e-07, 7.71e-07, 6.91e-07, 8.47e-07, 3.50e-07, 9.86e-08, 3.46e-07, 9.55e-08, 9.68e-07, 5.23e-10]    [1.06e-06, 8.72e-07, 7.71e-07, 6.91e-07, 8.47e-07, 3.50e-07, 9.86e-08, 3.46e-07, 9.55e-08, 9.68e-07, 5.23e-10]    []  
STEP 94000 BETA 1.00245655
95000     [6.85e-07, 9.37e-07, 8.82e-07, 7.55e-07, 4.94e-07, 1.95e-07, 7.00e-08, 1.85e-08, 8.30e-08, 9.02e-07, 9.49e-08]    [6.85e-07, 9.37e-07, 8.82e-07, 7.55e-07, 4.94e-07, 1.95e-07, 7.00e-08, 1.85e-08, 8.30e-08, 9.02e-07, 9.49e-08]    []  
STEP 95000 BETA 1.00258303
96000     [5.46e-06, 1.69e-05, 9.62e-06, 1.10e-05, 1.26e-06, 3.86e-07, 8.46e-08, 4.10e-07, 1.08e-07, 1.07e-06, 5.51e-06]    [5.46e-06, 1.69e-05, 9.62e-06, 1.10e-05, 1.26e-06, 3.86e-07, 8.46e-08, 4.10e-07, 1.08e-07, 1.07e-06, 5.51e-06]    []  
STEP 96000 BETA 1.00242043
97000     [1.17e-06, 1.04e-06, 1.56e-06, 1.16e-06, 4.98e-07, 1.50e-07, 6.64e-08, 7.53e-08, 9.20e-08, 9.18e-07, 1.20e-08]    [1.17e-06, 1.04e-06, 1.56e-06, 1.16e-06, 4.98e-07, 1.50e-07, 6.64e-08, 7.53e-08, 9.20e-08, 9.18e-07, 1.20e-08]    []  
STEP 97000 BETA 1.00244915
98000     [5.78e-07, 7.32e-07, 7.14e-07, 6.58e-07, 4.02e-07, 1.54e-07, 5.32e-08, 5.52e-09, 7.06e-08, 8.73e-07, 4.40e-08]    [5.78e-07, 7.32e-07, 7.14e-07, 6.58e-07, 4.02e-07, 1.54e-07, 5.32e-08, 5.52e-09, 7.06e-08, 8.73e-07, 4.40e-08]    []  
STEP 98000 BETA 1.00241983
99000     [6.07e-07, 7.02e-07, 6.81e-07, 6.02e-07, 4.43e-07, 1.69e-07, 4.79e-08, 1.02e-08, 5.59e-08, 8.92e-07, 1.76e-08]    [6.07e-07, 7.02e-07, 6.81e-07, 6.02e-07, 4.43e-07, 1.69e-07, 4.79e-08, 1.02e-08, 5.59e-08, 8.92e-07, 1.76e-08]    []  
STEP 99000 BETA 1.00246954
100000    [1.46e-06, 9.94e-07, 1.24e-06, 1.05e-06, 7.84e-07, 3.11e-07, 7.55e-08, 9.19e-08, 9.39e-08, 1.01e-06, 3.94e-08]    [1.46e-06, 9.94e-07, 1.24e-06, 1.05e-06, 7.84e-07, 3.11e-07, 7.55e-08, 9.19e-08, 9.39e-08, 1.01e-06, 3.94e-08]    []  
STEP 100000 BETA 1.00240922
101000    [5.74e-07, 6.95e-07, 6.33e-07, 5.63e-07, 4.33e-07, 1.99e-07, 5.78e-08, 5.51e-09, 7.37e-08, 8.90e-07, 8.76e-10]    [5.74e-07, 6.95e-07, 6.33e-07, 5.63e-07, 4.33e-07, 1.99e-07, 5.78e-08, 5.51e-09, 7.37e-08, 8.90e-07, 8.76e-10]    []  
STEP 101000 BETA 1.00248945
102000    [2.49e-06, 4.61e-06, 2.70e-06, 3.64e-06, 1.09e-06, 2.64e-07, 6.57e-08, 9.88e-07, 8.91e-08, 9.60e-07, 1.42e-06]    [2.49e-06, 4.61e-06, 2.70e-06, 3.64e-06, 1.09e-06, 2.64e-07, 6.57e-08, 9.88e-07, 8.91e-08, 9.60e-07, 1.42e-06]    []  
STEP 102000 BETA 1.00238132
103000    [1.13e-06, 4.31e-06, 3.54e-06, 3.64e-06, 5.21e-07, 1.43e-07, 1.37e-07, 1.22e-07, 1.11e-07, 8.88e-07, 1.29e-06]    [1.13e-06, 4.31e-06, 3.54e-06, 3.64e-06, 5.21e-07, 1.43e-07, 1.37e-07, 1.22e-07, 1.11e-07, 8.88e-07, 1.29e-06]    []  
STEP 103000 BETA 1.00251937
104000    [6.60e-07, 1.01e-06, 9.08e-07, 8.91e-07, 3.70e-07, 1.51e-07, 5.01e-08, 1.59e-08, 5.69e-08, 8.62e-07, 1.50e-07]    [6.60e-07, 1.01e-06, 9.08e-07, 8.91e-07, 3.70e-07, 1.51e-07, 5.01e-08, 1.59e-08, 5.69e-08, 8.62e-07, 1.50e-07]    []  
STEP 104000 BETA 1.00249267
105000    [1.35e-06, 2.71e-06, 2.26e-06, 1.68e-06, 5.60e-07, 2.44e-07, 4.36e-08, 1.87e-08, 7.01e-08, 8.74e-07, 2.25e-07]    [1.35e-06, 2.71e-06, 2.26e-06, 1.68e-06, 5.60e-07, 2.44e-07, 4.36e-08, 1.87e-08, 7.01e-08, 8.74e-07, 2.25e-07]    []  
STEP 105000 BETA 1.00239301
106000    [2.52e-06, 2.41e-06, 1.27e-06, 1.64e-06, 1.27e-06, 3.92e-07, 5.51e-08, 1.22e-06, 7.30e-08, 1.09e-06, 4.79e-07]    [2.52e-06, 2.41e-06, 1.27e-06, 1.64e-06, 1.27e-06, 3.92e-07, 5.51e-08, 1.22e-06, 7.30e-08, 1.09e-06, 4.79e-07]    []  
STEP 106000 BETA 1.00259507
107000    [5.28e-06, 2.65e-06, 1.33e-06, 1.55e-06, 6.61e-07, 3.96e-07, 1.15e-07, 2.15e-07, 1.27e-07, 1.01e-06, 1.52e-08]    [5.28e-06, 2.65e-06, 1.33e-06, 1.55e-06, 6.61e-07, 3.96e-07, 1.15e-07, 2.15e-07, 1.27e-07, 1.01e-06, 1.52e-08]    []  
STEP 107000 BETA 1.00246978
108000    [5.87e-06, 5.72e-06, 6.18e-06, 4.64e-06, 2.19e-06, 6.71e-07, 2.70e-07, 4.92e-07, 4.20e-07, 1.22e-06, 4.35e-07]    [5.87e-06, 5.72e-06, 6.18e-06, 4.64e-06, 2.19e-06, 6.71e-07, 2.70e-07, 4.92e-07, 4.20e-07, 1.22e-06, 4.35e-07]    []  
STEP 108000 BETA 1.00239968
109000    [2.68e-06, 1.40e-06, 1.33e-06, 1.44e-06, 8.54e-07, 2.88e-07, 1.38e-07, 1.70e-07, 1.48e-07, 1.04e-06, 2.39e-07]    [2.68e-06, 1.40e-06, 1.33e-06, 1.44e-06, 8.54e-07, 2.88e-07, 1.38e-07, 1.70e-07, 1.48e-07, 1.04e-06, 2.39e-07]    []  
STEP 109000 BETA 1.00255096
110000    [1.75e-06, 4.12e-06, 3.28e-06, 2.67e-06, 6.01e-07, 1.66e-07, 6.73e-08, 3.85e-08, 1.08e-07, 8.58e-07, 8.11e-07]    [1.75e-06, 4.12e-06, 3.28e-06, 2.67e-06, 6.01e-07, 1.66e-07, 6.73e-08, 3.85e-08, 1.08e-07, 8.58e-07, 8.11e-07]    []  
STEP 110000 BETA 1.00245428
111000    [6.58e-07, 1.75e-06, 6.63e-07, 6.45e-07, 5.82e-07, 1.91e-07, 1.35e-07, 6.68e-07, 1.03e-07, 9.84e-07, 2.14e-08]    [6.58e-07, 1.75e-06, 6.63e-07, 6.45e-07, 5.82e-07, 1.91e-07, 1.35e-07, 6.68e-07, 1.03e-07, 9.84e-07, 2.14e-08]    []  
STEP 111000 BETA 1.00253069
112000    [6.21e-06, 1.60e-05, 9.75e-06, 8.52e-06, 1.47e-06, 3.04e-07, 4.72e-08, 6.45e-08, 1.71e-07, 8.58e-07, 3.25e-06]    [6.21e-06, 1.60e-05, 9.75e-06, 8.52e-06, 1.47e-06, 3.04e-07, 4.72e-08, 6.45e-08, 1.71e-07, 8.58e-07, 3.25e-06]    []  
STEP 112000 BETA 1.00235558
113000    [8.01e-07, 1.17e-06, 7.93e-07, 8.79e-07, 7.08e-07, 1.37e-07, 6.27e-08, 2.46e-07, 9.94e-08, 8.81e-07, 1.58e-07]    [8.01e-07, 1.17e-06, 7.93e-07, 8.79e-07, 7.08e-07, 1.37e-07, 6.27e-08, 2.46e-07, 9.94e-08, 8.81e-07, 1.58e-07]    []  
STEP 113000 BETA 1.00258946
114000    [2.47e-06, 2.51e-06, 1.02e-06, 9.33e-07, 2.55e-06, 1.03e-06, 1.62e-07, 1.13e-06, 1.70e-07, 1.09e-06, 1.21e-09]    [2.47e-06, 2.51e-06, 1.02e-06, 9.33e-07, 2.55e-06, 1.03e-06, 1.62e-07, 1.13e-06, 1.70e-07, 1.09e-06, 1.21e-09]    []  
STEP 114000 BETA 1.00248027
115000    [7.40e-07, 1.65e-06, 9.64e-07, 1.09e-06, 3.13e-07, 2.23e-07, 5.27e-08, 1.50e-08, 4.77e-08, 7.80e-07, 3.00e-07]    [7.40e-07, 1.65e-06, 9.64e-07, 1.09e-06, 3.13e-07, 2.23e-07, 5.27e-08, 1.50e-08, 4.77e-08, 7.80e-07, 3.00e-07]    []  
STEP 115000 BETA 1.00259817
116000    [5.49e-07, 5.82e-07, 5.66e-07, 5.32e-07, 2.90e-07, 1.19e-07, 7.73e-08, 3.14e-08, 1.08e-07, 9.87e-07, 2.82e-09]    [5.49e-07, 5.82e-07, 5.66e-07, 5.32e-07, 2.90e-07, 1.19e-07, 7.73e-08, 3.14e-08, 1.08e-07, 9.87e-07, 2.82e-09]    []  
STEP 116000 BETA 1.00363028
117000    [7.51e-07, 7.80e-07, 6.52e-07, 6.14e-07, 3.14e-07, 1.19e-07, 4.36e-08, 7.19e-09, 4.31e-08, 7.72e-07, 6.04e-08]    [7.51e-07, 7.80e-07, 6.52e-07, 6.14e-07, 3.14e-07, 1.19e-07, 4.36e-08, 7.19e-09, 4.31e-08, 7.72e-07, 6.04e-08]    []  
STEP 117000 BETA 1.00246823
118000    [1.60e-06, 2.34e-06, 1.94e-06, 1.68e-06, 4.32e-07, 3.31e-07, 4.11e-08, 1.64e-08, 5.81e-08, 8.31e-07, 4.33e-07]    [1.60e-06, 2.34e-06, 1.94e-06, 1.68e-06, 4.32e-07, 3.31e-07, 4.11e-08, 1.64e-08, 5.81e-08, 8.31e-07, 4.33e-07]    []  
STEP 118000 BETA 1.00255454
119000    [2.05e-06, 2.91e-06, 2.40e-06, 1.98e-06, 4.70e-07, 1.21e-07, 5.09e-08, 1.29e-07, 6.06e-08, 7.85e-07, 6.27e-07]    [2.05e-06, 2.91e-06, 2.40e-06, 1.98e-06, 4.70e-07, 1.21e-07, 5.09e-08, 1.29e-07, 6.06e-08, 7.85e-07, 6.27e-07]    []  
STEP 119000 BETA 1.00239873
120000    [4.72e-07, 5.66e-07, 5.57e-07, 5.63e-07, 2.59e-07, 1.13e-07, 2.99e-08, 9.02e-09, 3.80e-08, 7.51e-07, 3.28e-08]    [4.72e-07, 5.66e-07, 5.57e-07, 5.63e-07, 2.59e-07, 1.13e-07, 2.99e-08, 9.02e-09, 3.80e-08, 7.51e-07, 3.28e-08]    []  
STEP 120000 BETA 1.00249398
121000    [3.88e-06, 9.31e-06, 4.89e-06, 4.95e-06, 8.88e-07, 2.01e-07, 1.15e-07, 3.24e-08, 1.25e-07, 7.54e-07, 2.46e-06]    [3.88e-06, 9.31e-06, 4.89e-06, 4.95e-06, 8.88e-07, 2.01e-07, 1.15e-07, 3.24e-08, 1.25e-07, 7.54e-07, 2.46e-06]    []  
STEP 121000 BETA 1.00241077
122000    [9.51e-07, 1.73e-06, 1.44e-06, 1.44e-06, 4.91e-07, 1.40e-07, 5.59e-08, 3.86e-08, 5.21e-08, 8.03e-07, 3.72e-07]    [9.51e-07, 1.73e-06, 1.44e-06, 1.44e-06, 4.91e-07, 1.40e-07, 5.59e-08, 3.86e-08, 5.21e-08, 8.03e-07, 3.72e-07]    []  
STEP 122000 BETA 1.00257123
123000    [7.74e-07, 8.13e-07, 7.27e-07, 6.30e-07, 6.87e-07, 2.39e-07, 9.78e-08, 1.79e-07, 1.02e-07, 7.87e-07, 4.29e-08]    [7.74e-07, 8.13e-07, 7.27e-07, 6.30e-07, 6.87e-07, 2.39e-07, 9.78e-08, 1.79e-07, 1.02e-07, 7.87e-07, 4.29e-08]    []  
STEP 123000 BETA 1.00250733
124000    [1.20e-06, 3.66e-06, 1.76e-06, 2.76e-06, 6.64e-07, 1.09e-07, 5.47e-08, 8.53e-07, 4.19e-08, 9.78e-07, 8.64e-07]    [1.20e-06, 3.66e-06, 1.76e-06, 2.76e-06, 6.64e-07, 1.09e-07, 5.47e-08, 8.53e-07, 4.19e-08, 9.78e-07, 8.64e-07]    []  
STEP 124000 BETA 1.00249708
125000    [1.56e-06, 2.25e-06, 1.46e-06, 1.64e-06, 8.73e-07, 5.84e-07, 9.18e-08, 7.37e-08, 9.20e-08, 8.95e-07, 4.73e-07]    [1.56e-06, 2.25e-06, 1.46e-06, 1.64e-06, 8.73e-07, 5.84e-07, 9.18e-08, 7.37e-08, 9.20e-08, 8.95e-07, 4.73e-07]    []  
STEP 125000 BETA 1.00244439
126000    [7.03e-07, 8.52e-07, 8.75e-07, 8.00e-07, 3.14e-07, 1.39e-07, 4.21e-08, 7.20e-08, 4.46e-08, 7.40e-07, 9.58e-08]    [7.03e-07, 8.52e-07, 8.75e-07, 8.00e-07, 3.14e-07, 1.39e-07, 4.21e-08, 7.20e-08, 4.46e-08, 7.40e-07, 9.58e-08]    []  
STEP 126000 BETA 1.00249505
127000    [1.32e-06, 1.21e-06, 1.37e-06, 1.22e-06, 4.20e-07, 4.56e-07, 3.51e-08, 2.01e-08, 7.65e-08, 8.20e-07, 2.30e-07]    [1.32e-06, 1.21e-06, 1.37e-06, 1.22e-06, 4.20e-07, 4.56e-07, 3.51e-08, 2.01e-08, 7.65e-08, 8.20e-07, 2.30e-07]    []  
STEP 127000 BETA 1.00252378
128000    [5.68e-07, 8.70e-07, 8.36e-07, 7.80e-07, 3.77e-07, 1.77e-07, 5.60e-08, 2.56e-08, 6.04e-08, 7.34e-07, 3.34e-08]    [5.68e-07, 8.70e-07, 8.36e-07, 7.80e-07, 3.77e-07, 1.77e-07, 5.60e-08, 2.56e-08, 6.04e-08, 7.34e-07, 3.34e-08]    []  
STEP 128000 BETA 1.00253081
129000    [1.17e-06, 1.97e-06, 1.77e-06, 1.79e-06, 4.36e-07, 4.32e-07, 8.11e-08, 5.16e-08, 8.81e-08, 8.43e-07, 1.43e-07]    [1.17e-06, 1.97e-06, 1.77e-06, 1.79e-06, 4.36e-07, 4.32e-07, 8.11e-08, 5.16e-08, 8.81e-08, 8.43e-07, 1.43e-07]    []  
STEP 129000 BETA 1.00247383
130000    [4.99e-07, 7.21e-07, 6.95e-07, 6.24e-07, 2.59e-07, 9.99e-08, 2.68e-08, 1.91e-08, 3.72e-08, 7.14e-07, 6.80e-10]    [4.99e-07, 7.21e-07, 6.95e-07, 6.24e-07, 2.59e-07, 9.99e-08, 2.68e-08, 1.91e-08, 3.72e-08, 7.14e-07, 6.80e-10]    []  
STEP 130000 BETA 1.00241756
131000    [6.24e-07, 6.69e-07, 5.54e-07, 5.58e-07, 3.15e-07, 9.80e-08, 3.91e-08, 2.34e-08, 3.73e-08, 7.21e-07, 3.86e-08]    [6.24e-07, 6.69e-07, 5.54e-07, 5.58e-07, 3.15e-07, 9.80e-08, 3.91e-08, 2.34e-08, 3.73e-08, 7.21e-07, 3.86e-08]    []  
STEP 131000 BETA 1.00251114
132000    [8.39e-07, 1.76e-06, 1.38e-06, 1.72e-06, 2.73e-07, 2.19e-07, 5.37e-08, 2.50e-07, 4.09e-08, 7.79e-07, 3.45e-07]    [8.39e-07, 1.76e-06, 1.38e-06, 1.72e-06, 2.73e-07, 2.19e-07, 5.37e-08, 2.50e-07, 4.09e-08, 7.79e-07, 3.45e-07]    []  
STEP 132000 BETA 1.00243151
133000    [3.17e-06, 3.30e-06, 2.01e-06, 1.86e-06, 5.77e-07, 3.30e-07, 3.65e-08, 6.90e-09, 6.88e-08, 7.89e-07, 4.62e-07]    [3.17e-06, 3.30e-06, 2.01e-06, 1.86e-06, 5.77e-07, 3.30e-07, 3.65e-08, 6.90e-09, 6.88e-08, 7.89e-07, 4.62e-07]    []  
STEP 133000 BETA 1.00249970
134000    [7.26e-07, 6.19e-07, 7.14e-07, 6.25e-07, 2.62e-07, 1.31e-07, 3.39e-08, 1.89e-07, 3.57e-08, 7.96e-07, 3.81e-09]    [7.26e-07, 6.19e-07, 7.14e-07, 6.25e-07, 2.62e-07, 1.31e-07, 3.39e-08, 1.89e-07, 3.57e-08, 7.96e-07, 3.81e-09]    []  
STEP 134000 BETA 1.00268114
135000    [7.63e-07, 5.30e-07, 6.93e-07, 6.36e-07, 2.57e-07, 9.53e-08, 2.53e-08, 1.00e-07, 2.80e-08, 6.98e-07, 7.16e-09]    [7.63e-07, 5.30e-07, 6.93e-07, 6.36e-07, 2.57e-07, 9.53e-08, 2.53e-08, 1.00e-07, 2.80e-08, 6.98e-07, 7.16e-09]    []  
STEP 135000 BETA 1.00243974
136000    [1.67e-06, 2.61e-06, 2.40e-06, 1.79e-06, 4.80e-07, 2.94e-07, 3.61e-08, 1.18e-07, 8.17e-08, 8.73e-07, 6.16e-08]    [1.67e-06, 2.61e-06, 2.40e-06, 1.79e-06, 4.80e-07, 2.94e-07, 3.61e-08, 1.18e-07, 8.17e-08, 8.73e-07, 6.16e-08]    []  
STEP 136000 BETA 1.00246227
137000    [8.57e-07, 8.47e-07, 7.03e-07, 8.66e-07, 3.79e-07, 1.02e-07, 3.33e-08, 3.13e-07, 3.60e-08, 7.07e-07, 1.23e-07]    [8.57e-07, 8.47e-07, 7.03e-07, 8.66e-07, 3.79e-07, 1.02e-07, 3.33e-08, 3.13e-07, 3.60e-08, 7.07e-07, 1.23e-07]    []  
STEP 137000 BETA 1.00240898
138000    [2.07e-06, 3.36e-06, 2.22e-06, 1.95e-06, 5.55e-07, 2.20e-07, 6.85e-08, 3.81e-08, 8.77e-08, 7.20e-07, 7.24e-07]    [2.07e-06, 3.36e-06, 2.22e-06, 1.95e-06, 5.55e-07, 2.20e-07, 6.85e-08, 3.81e-08, 8.77e-08, 7.20e-07, 7.24e-07]    []  
STEP 138000 BETA 1.00231874
139000    [1.72e-06, 3.16e-06, 1.94e-06, 1.98e-06, 4.23e-07, 1.69e-07, 2.79e-08, 7.50e-09, 5.96e-08, 6.99e-07, 6.35e-07]    [1.72e-06, 3.16e-06, 1.94e-06, 1.98e-06, 4.23e-07, 1.69e-07, 2.79e-08, 7.50e-09, 5.96e-08, 6.99e-07, 6.35e-07]    []  
STEP 139000 BETA 1.00243890
140000    [8.17e-07, 7.95e-07, 6.57e-07, 6.70e-07, 2.47e-07, 1.62e-07, 2.40e-08, 6.62e-08, 2.92e-08, 7.07e-07, 1.50e-09]    [8.17e-07, 7.95e-07, 6.57e-07, 6.70e-07, 2.47e-07, 1.62e-07, 2.40e-08, 6.62e-08, 2.92e-08, 7.07e-07, 1.50e-09]    []  
STEP 140000 BETA 1.00238442
141000    [3.94e-06, 1.12e-05, 5.33e-06, 6.90e-06, 5.71e-07, 1.99e-06, 5.66e-07, 1.22e-06, 5.83e-07, 1.74e-06, 1.35e-06]    [3.94e-06, 1.12e-05, 5.33e-06, 6.90e-06, 5.71e-07, 1.99e-06, 5.66e-07, 1.22e-06, 5.83e-07, 1.74e-06, 1.35e-06]    []  
STEP 141000 BETA 1.00247931
142000    [5.29e-07, 7.66e-07, 8.60e-07, 7.92e-07, 2.21e-07, 1.31e-07, 2.19e-08, 1.27e-08, 2.82e-08, 6.68e-07, 1.77e-08]    [5.29e-07, 7.66e-07, 8.60e-07, 7.92e-07, 2.21e-07, 1.31e-07, 2.19e-08, 1.27e-08, 2.82e-08, 6.68e-07, 1.77e-08]    []  
STEP 142000 BETA 1.00235200
143000    [5.24e-06, 6.19e-06, 4.70e-06, 3.95e-06, 1.00e-06, 1.51e-07, 9.92e-08, 2.15e-07, 1.11e-07, 8.63e-07, 1.33e-06]    [5.24e-06, 6.19e-06, 4.70e-06, 3.95e-06, 1.00e-06, 1.51e-07, 9.92e-08, 2.15e-07, 1.11e-07, 8.63e-07, 1.33e-06]    []  
STEP 143000 BETA 1.00238717
144000    [4.00e-06, 9.50e-06, 4.62e-06, 5.57e-06, 7.12e-07, 1.82e-07, 4.97e-08, 3.91e-08, 5.02e-08, 7.25e-07, 2.71e-06]    [4.00e-06, 9.50e-06, 4.62e-06, 5.57e-06, 7.12e-07, 1.82e-07, 4.97e-08, 3.91e-08, 5.02e-08, 7.25e-07, 2.71e-06]    []  
STEP 144000 BETA 1.00225389
145000    [6.40e-07, 1.28e-06, 1.34e-06, 1.32e-06, 2.38e-07, 1.53e-07, 4.47e-08, 1.15e-07, 4.23e-08, 6.69e-07, 1.18e-07]    [6.40e-07, 1.28e-06, 1.34e-06, 1.32e-06, 2.38e-07, 1.53e-07, 4.47e-08, 1.15e-07, 4.23e-08, 6.69e-07, 1.18e-07]    []  
STEP 145000 BETA 1.00233245
146000    [1.22e-06, 3.52e-06, 1.46e-06, 1.54e-06, 3.24e-07, 1.37e-07, 4.26e-08, 1.11e-08, 4.98e-08, 6.14e-07, 6.38e-07]    [1.22e-06, 3.52e-06, 1.46e-06, 1.54e-06, 3.24e-07, 1.37e-07, 4.26e-08, 1.11e-08, 4.98e-08, 6.14e-07, 6.38e-07]    []  
STEP 146000 BETA 1.00226760
147000    [5.12e-07, 5.45e-07, 5.47e-07, 5.86e-07, 2.15e-07, 1.16e-07, 2.52e-08, 4.24e-08, 2.67e-08, 6.37e-07, 1.84e-08]    [5.12e-07, 5.45e-07, 5.47e-07, 5.86e-07, 2.15e-07, 1.16e-07, 2.52e-08, 4.24e-08, 2.67e-08, 6.37e-07, 1.84e-08]    []  
STEP 147000 BETA 1.00233817
148000    [4.43e-07, 5.75e-07, 5.37e-07, 5.73e-07, 2.34e-07, 1.48e-07, 3.16e-08, 3.51e-09, 3.69e-08, 6.44e-07, 5.14e-08]    [4.43e-07, 5.75e-07, 5.37e-07, 5.73e-07, 2.34e-07, 1.48e-07, 3.16e-08, 3.51e-09, 3.69e-08, 6.44e-07, 5.14e-08]    []  
STEP 148000 BETA 1.00245893
149000    [3.45e-07, 3.72e-07, 4.38e-07, 4.32e-07, 1.83e-07, 7.72e-08, 2.28e-08, 5.45e-09, 2.91e-08, 6.16e-07, 1.95e-11]    [3.45e-07, 3.72e-07, 4.38e-07, 4.32e-07, 1.83e-07, 7.72e-08, 2.28e-08, 5.45e-09, 2.91e-08, 6.16e-07, 1.95e-11]    []  
STEP 149000 BETA 1.00250673
150000    [3.83e-06, 5.54e-06, 3.74e-06, 3.56e-06, 7.21e-07, 2.80e-07, 4.71e-08, 6.16e-08, 5.16e-08, 7.57e-07, 1.43e-06]    [3.83e-06, 5.54e-06, 3.74e-06, 3.56e-06, 7.21e-07, 2.80e-07, 4.71e-08, 6.16e-08, 5.16e-08, 7.57e-07, 1.43e-06]    []  
STEP 150000 BETA 1.00228345

Best model at step 149000:
  train loss: 2.52e-06
  test loss: 2.52e-06
  test metric: []

'train' took 25308.796411 s

RUN_COMPLETE {'case': 'A11', 'iterations': 150000, 'elapsed_seconds': 25308.79644036293, 'final_beta': [1.0022834539413452], 'final_A_or_beta0': 1.0022834539413452, 'true_A': 1.0, 'relative_l2': {'ux': 0.0870318532271831, 'uy': 0.008625024977405792, 'sxx': 0.3594301932139627, 'syy': 0.050399014444811645, 'sxy': 0.24968073881429695, 'K': 0.21413808757813152, 'mu': 0.2830909871988147, 'E': 0.2459666245001743, 'nu': 0.26579028384206227}, 'split_relative_l2': {'evaluation': {'ux': 0.0870318532271831, 'uy': 0.008625024977405792, 'sxx': 0.3594301932139627, 'syy': 0.050399014444811645, 'sxy': 0.24968073881429695, 'K': 0.21413808757813152, 'mu': 0.2830909871988147, 'E': 0.2459666245001743, 'nu': 0.26579028384206227}, 'validation': {'ux': 0.07709091213425699, 'uy': 0.007747822169816141, 'sxx': 0.3619506801704101, 'syy': 0.04748069088122439, 'sxy': 0.2602814782356022, 'K': 0.20991924891776542, 'mu': 0.28970343595031833, 'E': 0.25215158314769437, 'nu': 0.2696690754775339}, 'train': {'ux': 0.0670708197360641, 'uy': 0.007098881201964222, 'sxx': 0.3651420655464537, 'syy': 0.044481500098162687, 'sxy': 0.27205855337758805, 'K': 0.20669044238038967, 'mu': 0.2969876375833456, 'E': 0.2589956725324439, 'nu': 0.2737048727500464}}, 'true_reaction_y': 0.27722135186195374, 'pred_reaction_y': 0.27841511368751526, 'pred_reaction_y_stress_branch': 0.2761949300765991, 'pred_reaction_y_constitutive': 0.27841511368751526, 'reaction_rel_error': 0.0043061684013129976, 'reaction_rel_error_stress_branch': 0.0037025350986024806, 'reaction_rel_error_constitutive': 0.0043061684013129976, 'equilibrium_form': 'direct', 'reaction_form': 'constitutive', 'run_note': 'Boundary_branch_with_standard_observation_loss_and_reaction_formal150k', 'best_step': 149000, 'eval_checkpoint': 'best', 'eval_checkpoint_path': '/public/home/xinxi/wxtian/WXTIAN/PINN/deepxde/boundary_uncertainty_pinn/exp/01.FormalKeyAblation/A11/model/final_model-150000.pt', 'final_model_path': '/public/home/xinxi/wxtian/WXTIAN/PINN/deepxde/boundary_uncertainty_pinn/exp/01.FormalKeyAblation/A11/model/final_model-150000.pt', 'final_train_loss_sum': 2.0011684682685882e-05, 'final_test_loss_sum': 2.0011684682685882e-05, 'independent_test_loss_available': False, 'loss_history_interval': 1000, 'num_trainable_parameters': 29432}
