Using backend: pytorch
Other supported backends: tensorflow.compat.v1, tensorflow, jax, paddle.
paddle supports more examples now and is recommended.
Compiling model...
'compile' took 0.586424 s

Training model...

Step      Train loss                                                                                              Test loss                                                                                               Test metric
0         [1.37e-01, 9.15e-02, 7.03e-02, 1.29e-02, 3.46e-01, 2.00e-03, 1.79e-02, 8.67e-02, 1.18e-01, 4.94e-02]    [1.37e-01, 9.15e-02, 7.03e-02, 1.29e-02, 3.46e-01, 2.00e-03, 1.79e-02, 8.67e-02, 1.18e-01, 4.94e-02]    []  
1000      [1.42e-03, 1.04e-02, 6.73e-04, 7.90e-04, 1.55e-04, 2.41e-05, 2.41e-05, 9.58e-06, 3.63e-05, 1.86e-04]    [1.42e-03, 1.04e-02, 6.73e-04, 7.90e-04, 1.55e-04, 2.41e-05, 2.41e-05, 9.58e-06, 3.63e-05, 1.86e-04]    []  
STEP 1000 BETA 0.85388190
2000      [7.95e-04, 3.08e-03, 3.30e-04, 2.67e-04, 8.11e-05, 4.10e-05, 1.55e-05, 9.16e-06, 1.15e-05, 9.26e-05]    [7.95e-04, 3.08e-03, 3.30e-04, 2.67e-04, 8.11e-05, 4.10e-05, 1.55e-05, 9.16e-06, 1.15e-05, 9.26e-05]    []  
STEP 2000 BETA 0.89603215
3000      [4.26e-04, 7.45e-04, 1.42e-04, 1.65e-04, 2.14e-05, 3.06e-05, 1.16e-05, 9.95e-06, 6.51e-06, 4.57e-05]    [4.26e-04, 7.45e-04, 1.42e-04, 1.65e-04, 2.14e-05, 3.06e-05, 1.16e-05, 9.95e-06, 6.51e-06, 4.57e-05]    []  
STEP 3000 BETA 0.92268080
4000      [3.19e-04, 3.16e-04, 9.60e-05, 1.27e-04, 1.29e-05, 2.03e-05, 1.27e-05, 2.82e-06, 3.94e-06, 3.11e-05]    [3.19e-04, 3.16e-04, 9.60e-05, 1.27e-04, 1.29e-05, 2.03e-05, 1.27e-05, 2.82e-06, 3.94e-06, 3.11e-05]    []  
STEP 4000 BETA 0.93539631
5000      [2.33e-04, 1.86e-04, 5.94e-05, 7.88e-05, 6.87e-06, 9.41e-06, 7.22e-06, 2.45e-06, 2.33e-06, 1.74e-05]    [2.33e-04, 1.86e-04, 5.94e-05, 7.88e-05, 6.87e-06, 9.41e-06, 7.22e-06, 2.45e-06, 2.33e-06, 1.74e-05]    []  
STEP 5000 BETA 0.96147573
6000      [1.45e-04, 1.28e-04, 4.72e-05, 5.84e-05, 5.89e-06, 4.63e-06, 3.54e-06, 1.28e-06, 3.87e-07, 1.03e-05]    [1.45e-04, 1.28e-04, 4.72e-05, 5.84e-05, 5.89e-06, 4.63e-06, 3.54e-06, 1.28e-06, 3.87e-07, 1.03e-05]    []  
STEP 6000 BETA 0.98445469
7000      [4.90e-04, 1.22e-03, 1.17e-03, 1.59e-03, 1.07e-04, 8.01e-05, 1.72e-05, 2.18e-04, 2.80e-04, 1.57e-04]    [4.90e-04, 1.22e-03, 1.17e-03, 1.59e-03, 1.07e-04, 8.01e-05, 1.72e-05, 2.18e-04, 2.80e-04, 1.57e-04]    []  
STEP 7000 BETA 0.99801022
8000      [7.23e-05, 6.96e-05, 2.19e-05, 3.43e-05, 1.06e-05, 3.28e-06, 4.60e-06, 1.88e-06, 7.60e-07, 1.07e-05]    [7.23e-05, 6.96e-05, 2.19e-05, 3.43e-05, 1.06e-05, 3.28e-06, 4.60e-06, 1.88e-06, 7.60e-07, 1.07e-05]    []  
STEP 8000 BETA 1.01263583
9000      [2.93e-04, 4.95e-04, 5.01e-04, 6.37e-04, 1.71e-04, 3.03e-05, 5.57e-05, 2.18e-04, 3.40e-04, 1.55e-04]    [2.93e-04, 4.95e-04, 5.01e-04, 6.37e-04, 1.71e-04, 3.03e-05, 5.57e-05, 2.18e-04, 3.40e-04, 1.55e-04]    []  
STEP 9000 BETA 1.01908016
10000     [4.72e-05, 5.12e-05, 1.44e-05, 8.34e-06, 8.15e-06, 1.03e-06, 5.33e-06, 1.94e-06, 1.79e-06, 7.05e-06]    [4.72e-05, 5.12e-05, 1.44e-05, 8.34e-06, 8.15e-06, 1.03e-06, 5.33e-06, 1.94e-06, 1.79e-06, 7.05e-06]    []  
STEP 10000 BETA 1.02244329
11000     [3.58e-05, 4.05e-05, 9.90e-06, 5.53e-06, 5.32e-06, 4.40e-07, 3.94e-06, 1.54e-07, 1.56e-07, 4.99e-06]    [3.58e-05, 4.05e-05, 9.90e-06, 5.53e-06, 5.32e-06, 4.40e-07, 3.94e-06, 1.54e-07, 1.56e-07, 4.99e-06]    []  
STEP 11000 BETA 1.02012944
12000     [3.67e-05, 4.47e-05, 1.83e-05, 1.49e-05, 2.55e-05, 8.27e-07, 3.86e-06, 2.39e-06, 1.77e-06, 5.17e-06]    [3.67e-05, 4.47e-05, 1.83e-05, 1.49e-05, 2.55e-05, 8.27e-07, 3.86e-06, 2.39e-06, 1.77e-06, 5.17e-06]    []  
STEP 12000 BETA 1.01739204
13000     [2.42e-05, 2.74e-05, 6.60e-06, 3.95e-06, 4.56e-06, 2.27e-07, 3.06e-06, 1.63e-07, 2.12e-07, 4.09e-06]    [2.42e-05, 2.74e-05, 6.60e-06, 3.95e-06, 4.56e-06, 2.27e-07, 3.06e-06, 1.63e-07, 2.12e-07, 4.09e-06]    []  
STEP 13000 BETA 1.01405227
14000     [3.28e-05, 3.79e-05, 2.69e-05, 2.46e-05, 4.38e-06, 2.18e-06, 2.93e-06, 4.51e-06, 4.47e-06, 7.41e-06]    [3.28e-05, 3.79e-05, 2.69e-05, 2.46e-05, 4.38e-06, 2.18e-06, 2.93e-06, 4.51e-06, 4.47e-06, 7.41e-06]    []  
STEP 14000 BETA 1.01061177
15000     [2.18e-05, 2.53e-05, 8.87e-06, 6.48e-06, 3.33e-06, 4.54e-07, 2.27e-06, 1.08e-06, 1.26e-06, 3.92e-06]    [2.18e-05, 2.53e-05, 8.87e-06, 6.48e-06, 3.33e-06, 4.54e-07, 2.27e-06, 1.08e-06, 1.26e-06, 3.92e-06]    []  
STEP 15000 BETA 1.00893104
16000     [1.80e-05, 2.05e-05, 7.19e-06, 3.64e-06, 3.92e-06, 4.08e-07, 2.45e-06, 5.12e-07, 6.28e-07, 3.71e-06]    [1.80e-05, 2.05e-05, 7.19e-06, 3.64e-06, 3.92e-06, 4.08e-07, 2.45e-06, 5.12e-07, 6.28e-07, 3.71e-06]    []  
STEP 16000 BETA 1.00719500
17000     [1.69e-05, 2.00e-05, 8.65e-06, 5.96e-06, 3.12e-06, 3.40e-07, 1.89e-06, 1.50e-06, 1.45e-06, 3.64e-06]    [1.69e-05, 2.00e-05, 8.65e-06, 5.96e-06, 3.12e-06, 3.40e-07, 1.89e-06, 1.50e-06, 1.45e-06, 3.64e-06]    []  
STEP 17000 BETA 1.00532043
18000     [2.03e-05, 3.02e-05, 1.19e-05, 1.19e-05, 1.43e-05, 7.05e-07, 3.91e-06, 7.16e-06, 6.59e-06, 7.74e-06]    [2.03e-05, 3.02e-05, 1.19e-05, 1.19e-05, 1.43e-05, 7.05e-07, 3.91e-06, 7.16e-06, 6.59e-06, 7.74e-06]    []  
STEP 18000 BETA 1.00350142
19000     [1.32e-05, 1.65e-05, 5.30e-06, 3.02e-06, 4.80e-06, 2.82e-07, 1.52e-06, 4.80e-07, 3.40e-07, 2.69e-06]    [1.32e-05, 1.65e-05, 5.30e-06, 3.02e-06, 4.80e-06, 2.82e-07, 1.52e-06, 4.80e-07, 3.40e-07, 2.69e-06]    []  
STEP 19000 BETA 1.00225043
20000     [6.14e-05, 8.42e-05, 5.71e-05, 5.76e-05, 7.18e-06, 7.54e-06, 2.20e-06, 1.66e-05, 1.55e-05, 1.42e-05]    [6.14e-05, 8.42e-05, 5.71e-05, 5.76e-05, 7.18e-06, 7.54e-06, 2.20e-06, 1.66e-05, 1.55e-05, 1.42e-05]    []  
STEP 20000 BETA 1.00113523
21000     [1.19e-05, 1.47e-05, 6.28e-06, 3.55e-06, 2.44e-06, 4.54e-07, 1.30e-06, 2.07e-06, 3.71e-07, 2.76e-06]    [1.19e-05, 1.47e-05, 6.28e-06, 3.55e-06, 2.44e-06, 4.54e-07, 1.30e-06, 2.07e-06, 3.71e-07, 2.76e-06]    []  
STEP 21000 BETA 0.99963373
22000     [1.02e-05, 1.27e-05, 4.52e-06, 2.24e-06, 1.62e-06, 9.18e-08, 1.17e-06, 1.84e-07, 2.95e-07, 2.30e-06]    [1.02e-05, 1.27e-05, 4.52e-06, 2.24e-06, 1.62e-06, 9.18e-08, 1.17e-06, 1.84e-07, 2.95e-07, 2.30e-06]    []  
STEP 22000 BETA 0.99878824
23000     [1.00e-05, 1.21e-05, 4.50e-06, 2.49e-06, 2.78e-06, 1.45e-07, 1.24e-06, 6.24e-07, 4.62e-07, 2.37e-06]    [1.00e-05, 1.21e-05, 4.50e-06, 2.49e-06, 2.78e-06, 1.45e-07, 1.24e-06, 6.24e-07, 4.62e-07, 2.37e-06]    []  
STEP 23000 BETA 0.99820226
24000     [9.05e-06, 1.06e-05, 4.10e-06, 1.94e-06, 1.33e-06, 9.21e-08, 1.06e-06, 1.48e-07, 3.30e-07, 1.99e-06]    [9.05e-06, 1.06e-05, 4.10e-06, 1.94e-06, 1.33e-06, 9.21e-08, 1.06e-06, 1.48e-07, 3.30e-07, 1.99e-06]    []  
STEP 24000 BETA 0.99721771
25000     [1.00e-05, 1.20e-05, 5.83e-06, 3.48e-06, 1.57e-06, 3.50e-07, 1.02e-06, 8.94e-07, 7.21e-07, 2.48e-06]    [1.00e-05, 1.20e-05, 5.83e-06, 3.48e-06, 1.57e-06, 3.50e-07, 1.02e-06, 8.94e-07, 7.21e-07, 2.48e-06]    []  
STEP 25000 BETA 0.99656206
26000     [1.72e-05, 1.31e-05, 7.82e-06, 4.40e-06, 7.04e-06, 1.22e-06, 2.23e-06, 1.96e-06, 2.02e-06, 2.54e-06]    [1.72e-05, 1.31e-05, 7.82e-06, 4.40e-06, 7.04e-06, 1.22e-06, 2.23e-06, 1.96e-06, 2.02e-06, 2.54e-06]    []  
STEP 26000 BETA 0.99573165
27000     [1.09e-05, 1.33e-05, 6.56e-06, 4.77e-06, 3.28e-06, 2.18e-07, 1.08e-06, 2.88e-06, 1.53e-06, 3.01e-06]    [1.09e-05, 1.33e-05, 6.56e-06, 4.77e-06, 3.28e-06, 2.18e-07, 1.08e-06, 2.88e-06, 1.53e-06, 3.01e-06]    []  
STEP 27000 BETA 0.99545860
28000     [1.43e-05, 1.85e-05, 5.62e-06, 5.60e-06, 4.41e-06, 1.15e-06, 1.18e-06, 1.92e-07, 6.97e-07, 1.87e-06]    [1.43e-05, 1.85e-05, 5.62e-06, 5.60e-06, 4.41e-06, 1.15e-06, 1.18e-06, 1.92e-07, 6.97e-07, 1.87e-06]    []  
STEP 28000 BETA 0.99516159
29000     [7.13e-06, 7.78e-06, 3.27e-06, 1.68e-06, 1.21e-06, 9.37e-08, 6.91e-07, 1.30e-07, 2.90e-07, 1.67e-06]    [7.13e-06, 7.78e-06, 3.27e-06, 1.68e-06, 1.21e-06, 9.37e-08, 6.91e-07, 1.30e-07, 2.90e-07, 1.67e-06]    []  
STEP 29000 BETA 0.99447578
30000     [1.50e-05, 1.29e-05, 6.67e-06, 4.03e-06, 3.80e-06, 1.14e-06, 1.17e-06, 2.98e-07, 5.86e-07, 1.71e-06]    [1.50e-05, 1.29e-05, 6.67e-06, 4.03e-06, 3.80e-06, 1.14e-06, 1.17e-06, 2.98e-07, 5.86e-07, 1.71e-06]    []  
STEP 30000 BETA 0.99451005
31000     [7.02e-06, 8.59e-06, 3.79e-06, 2.68e-06, 1.34e-06, 9.44e-08, 6.18e-07, 3.47e-07, 3.71e-07, 1.68e-06]    [7.02e-06, 8.59e-06, 3.79e-06, 2.68e-06, 1.34e-06, 9.44e-08, 6.18e-07, 3.47e-07, 3.71e-07, 1.68e-06]    []  
STEP 31000 BETA 0.99427634
32000     [6.34e-06, 6.55e-06, 2.83e-06, 1.55e-06, 1.74e-06, 9.88e-08, 5.56e-07, 6.64e-07, 2.74e-07, 1.73e-06]    [6.34e-06, 6.55e-06, 2.83e-06, 1.55e-06, 1.74e-06, 9.88e-08, 5.56e-07, 6.64e-07, 2.74e-07, 1.73e-06]    []  
STEP 32000 BETA 0.99437040
33000     [1.03e-05, 8.29e-06, 4.69e-06, 3.06e-06, 2.63e-06, 9.79e-07, 6.41e-07, 1.53e-07, 4.70e-07, 1.52e-06]    [1.03e-05, 8.29e-06, 4.69e-06, 3.06e-06, 2.63e-06, 9.79e-07, 6.41e-07, 1.53e-07, 4.70e-07, 1.52e-06]    []  
STEP 33000 BETA 0.99394977
34000     [7.80e-06, 1.05e-05, 3.74e-06, 3.10e-06, 1.31e-06, 1.51e-07, 5.64e-07, 2.12e-07, 3.21e-07, 1.48e-06]    [7.80e-06, 1.05e-05, 3.74e-06, 3.10e-06, 1.31e-06, 1.51e-07, 5.64e-07, 2.12e-07, 3.21e-07, 1.48e-06]    []  
STEP 34000 BETA 0.99443221
35000     [6.41e-06, 7.36e-06, 2.93e-06, 2.02e-06, 1.23e-06, 1.74e-07, 3.75e-07, 2.58e-07, 2.66e-07, 1.39e-06]    [6.41e-06, 7.36e-06, 2.93e-06, 2.02e-06, 1.23e-06, 1.74e-07, 3.75e-07, 2.58e-07, 2.66e-07, 1.39e-06]    []  
STEP 35000 BETA 0.99399471
36000     [4.89e-06, 4.81e-06, 2.22e-06, 1.26e-06, 1.25e-06, 1.24e-07, 3.20e-07, 8.75e-08, 2.29e-07, 1.30e-06]    [4.89e-06, 4.81e-06, 2.22e-06, 1.26e-06, 1.25e-06, 1.24e-07, 3.20e-07, 8.75e-08, 2.29e-07, 1.30e-06]    []  
STEP 36000 BETA 0.99377680
37000     [5.48e-06, 6.21e-06, 2.99e-06, 2.90e-06, 1.19e-06, 8.69e-08, 2.94e-07, 2.41e-07, 3.30e-07, 1.41e-06]    [5.48e-06, 6.21e-06, 2.99e-06, 2.90e-06, 1.19e-06, 8.69e-08, 2.94e-07, 2.41e-07, 3.30e-07, 1.41e-06]    []  
STEP 37000 BETA 0.99385494
38000     [4.42e-06, 4.19e-06, 2.06e-06, 1.17e-06, 1.06e-06, 1.09e-07, 2.29e-07, 8.58e-08, 2.01e-07, 1.12e-06]    [4.42e-06, 4.19e-06, 2.06e-06, 1.17e-06, 1.06e-06, 1.09e-07, 2.29e-07, 8.58e-08, 2.01e-07, 1.12e-06]    []  
STEP 38000 BETA 0.99409896
39000     [6.10e-06, 7.35e-06, 2.72e-06, 2.90e-06, 3.74e-06, 2.91e-07, 5.51e-07, 1.63e-06, 8.75e-07, 1.49e-06]    [6.10e-06, 7.35e-06, 2.72e-06, 2.90e-06, 3.74e-06, 2.91e-07, 5.51e-07, 1.63e-06, 8.75e-07, 1.49e-06]    []  
STEP 39000 BETA 0.99408388
40000     [8.26e-06, 6.50e-06, 7.15e-06, 6.04e-06, 5.92e-06, 2.30e-07, 1.32e-06, 6.05e-07, 2.53e-06, 2.16e-06]    [8.26e-06, 6.50e-06, 7.15e-06, 6.04e-06, 5.92e-06, 2.30e-07, 1.32e-06, 6.05e-07, 2.53e-06, 2.16e-06]    []  
STEP 40000 BETA 0.99437255
41000     [3.69e-06, 3.54e-06, 1.80e-06, 1.05e-06, 1.04e-06, 9.09e-08, 2.07e-07, 9.85e-08, 2.03e-07, 1.06e-06]    [3.69e-06, 3.54e-06, 1.80e-06, 1.05e-06, 1.04e-06, 9.09e-08, 2.07e-07, 9.85e-08, 2.03e-07, 1.06e-06]    []  
STEP 41000 BETA 0.99474120
42000     [1.17e-05, 2.24e-05, 1.49e-05, 1.30e-05, 1.16e-05, 2.52e-07, 1.92e-06, 1.13e-05, 1.92e-06, 3.70e-06]    [1.17e-05, 2.24e-05, 1.49e-05, 1.30e-05, 1.16e-05, 2.52e-07, 1.92e-06, 1.13e-05, 1.92e-06, 3.70e-06]    []  
STEP 42000 BETA 0.99471396
43000     [3.43e-06, 3.40e-06, 1.96e-06, 2.30e-06, 1.06e-06, 1.82e-07, 1.83e-07, 7.00e-08, 2.33e-07, 9.67e-07]    [3.43e-06, 3.40e-06, 1.96e-06, 2.30e-06, 1.06e-06, 1.82e-07, 1.83e-07, 7.00e-08, 2.33e-07, 9.67e-07]    []  
STEP 43000 BETA 0.99494827
44000     [2.99e-06, 3.09e-06, 1.68e-06, 9.05e-07, 9.72e-07, 8.59e-08, 1.91e-07, 5.58e-08, 2.03e-07, 9.44e-07]    [2.99e-06, 3.09e-06, 1.68e-06, 9.05e-07, 9.72e-07, 8.59e-08, 1.91e-07, 5.58e-08, 2.03e-07, 9.44e-07]    []  
STEP 44000 BETA 0.99522328
45000     [3.16e-06, 3.70e-06, 2.38e-06, 1.46e-06, 9.63e-07, 1.36e-07, 2.01e-07, 1.45e-07, 1.36e-07, 9.84e-07]    [3.16e-06, 3.70e-06, 2.38e-06, 1.46e-06, 9.63e-07, 1.36e-07, 2.01e-07, 1.45e-07, 1.36e-07, 9.84e-07]    []  
STEP 45000 BETA 0.99537820
46000     [3.98e-06, 4.87e-06, 3.37e-06, 2.04e-06, 1.44e-06, 4.99e-07, 3.41e-07, 3.96e-07, 8.62e-07, 1.22e-06]    [3.98e-06, 4.87e-06, 3.37e-06, 2.04e-06, 1.44e-06, 4.99e-07, 3.41e-07, 3.96e-07, 8.62e-07, 1.22e-06]    []  
STEP 46000 BETA 0.99568754
47000     [2.70e-06, 2.92e-06, 1.88e-06, 1.01e-06, 1.17e-06, 1.11e-07, 1.69e-07, 4.40e-07, 1.68e-07, 8.56e-07]    [2.70e-06, 2.92e-06, 1.88e-06, 1.01e-06, 1.17e-06, 1.11e-07, 1.69e-07, 4.40e-07, 1.68e-07, 8.56e-07]    []  
STEP 47000 BETA 0.99583787
48000     [2.90e-06, 3.84e-06, 2.02e-06, 1.30e-06, 9.49e-07, 1.75e-07, 1.23e-07, 1.22e-07, 2.96e-07, 8.23e-07]    [2.90e-06, 3.84e-06, 2.02e-06, 1.30e-06, 9.49e-07, 1.75e-07, 1.23e-07, 1.22e-07, 2.96e-07, 8.23e-07]    []  
STEP 48000 BETA 0.99589461
49000     [1.11e-05, 1.23e-05, 1.26e-05, 1.42e-05, 1.07e-06, 4.91e-06, 2.53e-07, 4.36e-06, 2.28e-07, 3.46e-06]    [1.11e-05, 1.23e-05, 1.26e-05, 1.42e-05, 1.07e-06, 4.91e-06, 2.53e-07, 4.36e-06, 2.28e-07, 3.46e-06]    []  
STEP 49000 BETA 0.99628127
50000     [2.25e-06, 3.17e-06, 1.65e-06, 1.13e-06, 8.59e-07, 1.28e-07, 1.17e-07, 1.68e-07, 2.07e-07, 8.20e-07]    [2.25e-06, 3.17e-06, 1.65e-06, 1.13e-06, 8.59e-07, 1.28e-07, 1.17e-07, 1.68e-07, 2.07e-07, 8.20e-07]    []  
STEP 50000 BETA 0.99620718
51000     [5.93e-06, 9.33e-06, 6.23e-06, 5.17e-06, 1.24e-06, 5.10e-07, 3.78e-07, 3.72e-07, 2.13e-07, 1.00e-06]    [5.93e-06, 9.33e-06, 6.23e-06, 5.17e-06, 1.24e-06, 5.10e-07, 3.78e-07, 3.72e-07, 2.13e-07, 1.00e-06]    []  
STEP 51000 BETA 0.99641168
52000     [4.53e-06, 3.94e-06, 2.03e-06, 6.73e-07, 5.27e-06, 1.62e-07, 7.87e-07, 1.89e-06, 8.23e-07, 1.13e-06]    [4.53e-06, 3.94e-06, 2.03e-06, 6.73e-07, 5.27e-06, 1.62e-07, 7.87e-07, 1.89e-06, 8.23e-07, 1.13e-06]    []  
STEP 52000 BETA 0.99658960
53000     [6.32e-06, 1.15e-05, 3.76e-06, 3.82e-06, 3.05e-06, 7.34e-07, 4.14e-07, 4.34e-08, 7.58e-07, 8.33e-07]    [6.32e-06, 1.15e-05, 3.76e-06, 3.82e-06, 3.05e-06, 7.34e-07, 4.14e-07, 4.34e-08, 7.58e-07, 8.33e-07]    []  
STEP 53000 BETA 0.99676186
54000     [1.67e-05, 2.92e-05, 1.09e-05, 1.16e-05, 1.68e-06, 1.25e-06, 2.05e-07, 2.02e-06, 1.36e-06, 2.06e-06]    [1.67e-05, 2.92e-05, 1.09e-05, 1.16e-05, 1.68e-06, 1.25e-06, 2.05e-07, 2.02e-06, 1.36e-06, 2.06e-06]    []  
STEP 54000 BETA 0.99683750
55000     [5.62e-06, 2.16e-05, 7.57e-06, 8.93e-06, 2.87e-06, 1.05e-07, 5.26e-07, 7.78e-08, 1.30e-06, 1.36e-06]    [5.62e-06, 2.16e-05, 7.57e-06, 8.93e-06, 2.87e-06, 1.05e-07, 5.26e-07, 7.78e-08, 1.30e-06, 1.36e-06]    []  
STEP 55000 BETA 0.99689209
56000     [2.09e-06, 2.67e-06, 1.99e-06, 1.75e-06, 9.36e-07, 1.12e-07, 9.24e-08, 1.27e-07, 2.11e-07, 7.46e-07]    [2.09e-06, 2.67e-06, 1.99e-06, 1.75e-06, 9.36e-07, 1.12e-07, 9.24e-08, 1.27e-07, 2.11e-07, 7.46e-07]    []  
STEP 56000 BETA 0.99702531
57000     [6.93e-06, 5.96e-06, 5.83e-06, 4.25e-06, 2.94e-06, 1.21e-06, 3.79e-07, 3.90e-06, 1.15e-07, 2.04e-06]    [6.93e-06, 5.96e-06, 5.83e-06, 4.25e-06, 2.94e-06, 1.21e-06, 3.79e-07, 3.90e-06, 1.15e-07, 2.04e-06]    []  
STEP 57000 BETA 0.99704075
58000     [1.43e-06, 1.84e-06, 1.37e-06, 7.29e-07, 7.22e-07, 9.94e-08, 8.09e-08, 5.40e-08, 8.24e-08, 5.98e-07]    [1.43e-06, 1.84e-06, 1.37e-06, 7.29e-07, 7.22e-07, 9.94e-08, 8.09e-08, 5.40e-08, 8.24e-08, 5.98e-07]    []  
STEP 58000 BETA 0.99708271
59000     [3.06e-05, 5.53e-05, 4.35e-05, 3.58e-05, 1.83e-05, 6.95e-07, 4.36e-06, 1.37e-05, 1.79e-06, 5.26e-06]    [3.06e-05, 5.53e-05, 4.35e-05, 3.58e-05, 1.83e-05, 6.95e-07, 4.36e-06, 1.37e-05, 1.79e-06, 5.26e-06]    []  
STEP 59000 BETA 0.99723268
60000     [2.42e-05, 5.34e-05, 1.53e-05, 2.08e-05, 4.01e-06, 2.91e-06, 3.44e-07, 4.71e-06, 3.32e-06, 3.46e-06]    [2.42e-05, 5.34e-05, 1.53e-05, 2.08e-05, 4.01e-06, 2.91e-06, 3.44e-07, 4.71e-06, 3.32e-06, 3.46e-06]    []  
STEP 60000 BETA 0.99721849
61000     [2.59e-06, 5.07e-06, 3.41e-06, 5.16e-06, 1.77e-06, 1.53e-07, 2.23e-07, 2.55e-07, 6.96e-07, 7.11e-07]    [2.59e-06, 5.07e-06, 3.41e-06, 5.16e-06, 1.77e-06, 1.53e-07, 2.23e-07, 2.55e-07, 6.96e-07, 7.11e-07]    []  
STEP 61000 BETA 0.99753118
62000     [1.36e-06, 1.97e-06, 1.42e-06, 7.99e-07, 8.99e-07, 1.30e-07, 1.53e-07, 5.93e-08, 1.09e-07, 7.02e-07]    [1.36e-06, 1.97e-06, 1.42e-06, 7.99e-07, 8.99e-07, 1.30e-07, 1.53e-07, 5.93e-08, 1.09e-07, 7.02e-07]    []  
STEP 62000 BETA 0.99776953
63000     [1.73e-06, 2.49e-06, 1.51e-06, 7.24e-07, 1.55e-06, 1.52e-07, 1.96e-07, 1.62e-07, 2.66e-07, 5.71e-07]    [1.73e-06, 2.49e-06, 1.51e-06, 7.24e-07, 1.55e-06, 1.52e-07, 1.96e-07, 1.62e-07, 2.66e-07, 5.71e-07]    []  
STEP 63000 BETA 0.99747050
64000     [4.78e-06, 1.48e-05, 6.57e-06, 5.96e-06, 3.06e-06, 5.02e-07, 4.93e-07, 1.66e-07, 7.89e-07, 8.15e-07]    [4.78e-06, 1.48e-05, 6.57e-06, 5.96e-06, 3.06e-06, 5.02e-07, 4.93e-07, 1.66e-07, 7.89e-07, 8.15e-07]    []  
STEP 64000 BETA 0.99759305
65000     [4.26e-05, 4.58e-05, 2.92e-05, 2.82e-05, 5.70e-06, 4.36e-06, 3.53e-07, 1.40e-05, 3.13e-06, 6.20e-06]    [4.26e-05, 4.58e-05, 2.92e-05, 2.82e-05, 5.70e-06, 4.36e-06, 3.53e-07, 1.40e-05, 3.13e-06, 6.20e-06]    []  
STEP 65000 BETA 0.99726695
66000     [1.39e-06, 1.64e-06, 1.50e-06, 6.15e-07, 7.54e-07, 7.68e-08, 1.10e-07, 5.05e-08, 1.52e-07, 5.59e-07]    [1.39e-06, 1.64e-06, 1.50e-06, 6.15e-07, 7.54e-07, 7.68e-08, 1.10e-07, 5.05e-08, 1.52e-07, 5.59e-07]    []  
STEP 66000 BETA 0.99781108
67000     [4.22e-06, 3.19e-06, 3.53e-06, 3.81e-06, 2.82e-06, 2.70e-07, 4.03e-07, 1.89e-06, 4.83e-07, 1.37e-06]    [4.22e-06, 3.19e-06, 3.53e-06, 3.81e-06, 2.82e-06, 2.70e-07, 4.03e-07, 1.89e-06, 4.83e-07, 1.37e-06]    []  
STEP 67000 BETA 0.99765658
68000     [2.80e-06, 3.23e-06, 2.42e-06, 1.58e-06, 2.12e-06, 1.80e-07, 2.88e-07, 2.97e-07, 7.52e-07, 7.66e-07]    [2.80e-06, 3.23e-06, 2.42e-06, 1.58e-06, 2.12e-06, 1.80e-07, 2.88e-07, 2.97e-07, 7.52e-07, 7.66e-07]    []  
STEP 68000 BETA 0.99773598
69000     [4.27e-06, 1.06e-05, 4.01e-06, 4.31e-06, 1.55e-06, 4.12e-07, 2.18e-07, 4.98e-07, 1.13e-06, 9.78e-07]    [4.27e-06, 1.06e-05, 4.01e-06, 4.31e-06, 1.55e-06, 4.12e-07, 2.18e-07, 4.98e-07, 1.13e-06, 9.78e-07]    []  
STEP 69000 BETA 0.99774790
70000     [1.14e-06, 1.76e-06, 1.18e-06, 7.57e-07, 9.65e-07, 7.10e-08, 1.08e-07, 2.08e-07, 5.88e-08, 5.63e-07]    [1.14e-06, 1.76e-06, 1.18e-06, 7.57e-07, 9.65e-07, 7.10e-08, 1.08e-07, 2.08e-07, 5.88e-08, 5.63e-07]    []  
STEP 70000 BETA 0.99797761
71000     [2.00e-06, 5.20e-06, 2.74e-06, 3.53e-06, 8.43e-07, 2.39e-07, 1.33e-07, 3.01e-07, 1.26e-07, 6.98e-07]    [2.00e-06, 5.20e-06, 2.74e-06, 3.53e-06, 8.43e-07, 2.39e-07, 1.33e-07, 3.01e-07, 1.26e-07, 6.98e-07]    []  
STEP 71000 BETA 0.99780869
72000     [1.11e-06, 1.68e-06, 1.23e-06, 6.68e-07, 6.55e-07, 9.47e-08, 6.36e-08, 5.01e-08, 8.72e-08, 4.84e-07]    [1.11e-06, 1.68e-06, 1.23e-06, 6.68e-07, 6.55e-07, 9.47e-08, 6.36e-08, 5.01e-08, 8.72e-08, 4.84e-07]    []  
STEP 72000 BETA 0.99805540
73000     [1.12e-06, 1.96e-06, 1.30e-06, 8.42e-07, 6.42e-07, 8.77e-08, 7.94e-08, 6.44e-08, 1.17e-07, 5.32e-07]    [1.12e-06, 1.96e-06, 1.30e-06, 8.42e-07, 6.42e-07, 8.77e-08, 7.94e-08, 6.44e-08, 1.17e-07, 5.32e-07]    []  
STEP 73000 BETA 0.99837804
74000     [1.12e-05, 9.86e-06, 6.85e-06, 5.69e-06, 2.29e-06, 1.41e-06, 5.84e-07, 7.79e-07, 2.80e-07, 1.60e-06]    [1.12e-05, 9.86e-06, 6.85e-06, 5.69e-06, 2.29e-06, 1.41e-06, 5.84e-07, 7.79e-07, 2.80e-07, 1.60e-06]    []  
STEP 74000 BETA 0.99855584
75000     [3.90e-06, 5.44e-06, 3.74e-06, 3.22e-06, 8.83e-07, 3.70e-07, 1.25e-07, 7.87e-07, 3.12e-07, 8.03e-07]    [3.90e-06, 5.44e-06, 3.74e-06, 3.22e-06, 8.83e-07, 3.70e-07, 1.25e-07, 7.87e-07, 3.12e-07, 8.03e-07]    []  
STEP 75000 BETA 0.99878925
76000     [9.62e-07, 1.40e-06, 1.12e-06, 6.07e-07, 6.41e-07, 9.65e-08, 1.01e-07, 4.18e-08, 6.74e-08, 5.06e-07]    [9.62e-07, 1.40e-06, 1.12e-06, 6.07e-07, 6.41e-07, 9.65e-08, 1.01e-07, 4.18e-08, 6.74e-08, 5.06e-07]    []  
STEP 76000 BETA 0.99899298
77000     [1.34e-06, 2.76e-06, 1.65e-06, 1.37e-06, 6.69e-07, 1.15e-07, 1.05e-07, 2.22e-07, 1.90e-07, 6.37e-07]    [1.34e-06, 2.76e-06, 1.65e-06, 1.37e-06, 6.69e-07, 1.15e-07, 1.05e-07, 2.22e-07, 1.90e-07, 6.37e-07]    []  
STEP 77000 BETA 0.99908549
78000     [8.65e-07, 1.23e-06, 1.05e-06, 5.61e-07, 5.26e-07, 6.64e-08, 8.59e-08, 6.22e-08, 8.63e-08, 5.18e-07]    [8.65e-07, 1.23e-06, 1.05e-06, 5.61e-07, 5.26e-07, 6.64e-08, 8.59e-08, 6.22e-08, 8.63e-08, 5.18e-07]    []  
STEP 78000 BETA 0.99911720
79000     [8.37e-07, 1.09e-06, 1.05e-06, 5.05e-07, 4.93e-07, 6.47e-08, 6.06e-08, 3.81e-08, 5.67e-08, 4.64e-07]    [8.37e-07, 1.09e-06, 1.05e-06, 5.05e-07, 4.93e-07, 6.47e-08, 6.06e-08, 3.81e-08, 5.67e-08, 4.64e-07]    []  
STEP 79000 BETA 0.99923003
80000     [6.84e-06, 7.63e-06, 5.95e-06, 3.94e-06, 5.94e-06, 6.44e-08, 1.03e-06, 3.18e-06, 9.85e-07, 1.45e-06]    [6.84e-06, 7.63e-06, 5.95e-06, 3.94e-06, 5.94e-06, 6.44e-08, 1.03e-06, 3.18e-06, 9.85e-07, 1.45e-06]    []  
STEP 80000 BETA 0.99916357
81000     [2.17e-06, 1.80e-06, 1.85e-06, 1.16e-06, 5.78e-07, 1.70e-07, 6.22e-08, 4.58e-07, 7.01e-08, 6.36e-07]    [2.17e-06, 1.80e-06, 1.85e-06, 1.16e-06, 5.78e-07, 1.70e-07, 6.22e-08, 4.58e-07, 7.01e-08, 6.36e-07]    []  
STEP 81000 BETA 0.99924648
82000     [1.42e-06, 1.70e-06, 1.49e-06, 9.60e-07, 4.37e-07, 1.34e-07, 7.78e-08, 1.16e-07, 4.22e-08, 5.53e-07]    [1.42e-06, 1.70e-06, 1.49e-06, 9.60e-07, 4.37e-07, 1.34e-07, 7.78e-08, 1.16e-07, 4.22e-08, 5.53e-07]    []  
STEP 82000 BETA 0.99935168
83000     [1.62e-06, 1.84e-06, 1.69e-06, 1.09e-06, 7.44e-07, 7.14e-08, 1.22e-07, 2.96e-07, 1.17e-07, 5.95e-07]    [1.62e-06, 1.84e-06, 1.69e-06, 1.09e-06, 7.44e-07, 7.14e-08, 1.22e-07, 2.96e-07, 1.17e-07, 5.95e-07]    []  
STEP 83000 BETA 0.99918860
84000     [8.41e-06, 4.27e-06, 5.83e-06, 4.78e-06, 1.93e-06, 4.54e-07, 2.49e-07, 3.20e-06, 1.45e-07, 1.52e-06]    [8.41e-06, 4.27e-06, 5.83e-06, 4.78e-06, 1.93e-06, 4.54e-07, 2.49e-07, 3.20e-06, 1.45e-07, 1.52e-06]    []  
STEP 84000 BETA 0.99930000
85000     [2.33e-06, 4.99e-06, 2.42e-06, 2.42e-06, 1.48e-06, 9.58e-08, 4.78e-07, 7.20e-07, 6.67e-07, 8.67e-07]    [2.33e-06, 4.99e-06, 2.42e-06, 2.42e-06, 1.48e-06, 9.58e-08, 4.78e-07, 7.20e-07, 6.67e-07, 8.67e-07]    []  
STEP 85000 BETA 0.99932992
86000     [4.21e-06, 9.26e-06, 4.17e-06, 2.88e-06, 3.47e-06, 7.09e-07, 6.18e-07, 9.25e-08, 7.24e-07, 1.11e-06]    [4.21e-06, 9.26e-06, 4.17e-06, 2.88e-06, 3.47e-06, 7.09e-07, 6.18e-07, 9.25e-08, 7.24e-07, 1.11e-06]    []  
STEP 86000 BETA 0.99941903
87000     [1.68e-05, 1.06e-05, 9.84e-06, 8.99e-06, 2.51e-06, 7.01e-07, 4.70e-07, 1.16e-06, 1.09e-06, 1.42e-06]    [1.68e-05, 1.06e-05, 9.84e-06, 8.99e-06, 2.51e-06, 7.01e-07, 4.70e-07, 1.16e-06, 1.09e-06, 1.42e-06]    []  
STEP 87000 BETA 0.99930042
88000     [1.48e-06, 1.97e-06, 1.56e-06, 9.34e-07, 6.09e-07, 3.68e-07, 1.24e-07, 1.91e-07, 1.50e-07, 5.58e-07]    [1.48e-06, 1.97e-06, 1.56e-06, 9.34e-07, 6.09e-07, 3.68e-07, 1.24e-07, 1.91e-07, 1.50e-07, 5.58e-07]    []  
STEP 88000 BETA 0.99946046
89000     [9.33e-07, 1.07e-06, 1.19e-06, 6.61e-07, 3.52e-07, 6.34e-08, 5.86e-08, 7.58e-08, 5.59e-08, 4.57e-07]    [9.33e-07, 1.07e-06, 1.19e-06, 6.61e-07, 3.52e-07, 6.34e-08, 5.86e-08, 7.58e-08, 5.59e-08, 4.57e-07]    []  
STEP 89000 BETA 0.99929756
90000     [6.57e-06, 1.26e-05, 4.52e-06, 4.55e-06, 3.32e-06, 1.09e-06, 4.56e-07, 1.87e-07, 5.43e-07, 1.14e-06]    [6.57e-06, 1.26e-05, 4.52e-06, 4.55e-06, 3.32e-06, 1.09e-06, 4.56e-07, 1.87e-07, 5.43e-07, 1.14e-06]    []  
STEP 90000 BETA 0.99935567
91000     [3.63e-06, 9.70e-06, 2.39e-06, 4.39e-06, 3.91e-06, 1.77e-07, 7.22e-07, 1.29e-06, 4.51e-07, 9.32e-07]    [3.63e-06, 9.70e-06, 2.39e-06, 4.39e-06, 3.91e-06, 1.77e-07, 7.22e-07, 1.29e-06, 4.51e-07, 9.32e-07]    []  
STEP 91000 BETA 0.99925697
92000     [1.71e-06, 2.96e-06, 2.31e-06, 2.40e-06, 5.01e-07, 7.69e-08, 7.15e-08, 4.19e-08, 1.86e-07, 4.69e-07]    [1.71e-06, 2.96e-06, 2.31e-06, 2.40e-06, 5.01e-07, 7.69e-08, 7.15e-08, 4.19e-08, 1.86e-07, 4.69e-07]    []  
STEP 92000 BETA 0.99927258
93000     [1.14e-06, 1.08e-06, 1.20e-06, 6.87e-07, 5.50e-07, 5.78e-08, 9.18e-08, 2.22e-07, 5.81e-08, 5.00e-07]    [1.14e-06, 1.08e-06, 1.20e-06, 6.87e-07, 5.50e-07, 5.78e-08, 9.18e-08, 2.22e-07, 5.81e-08, 5.00e-07]    []  
STEP 93000 BETA 0.99922514
94000     [6.43e-07, 8.52e-07, 9.96e-07, 4.62e-07, 3.29e-07, 6.15e-08, 5.70e-08, 3.52e-08, 5.32e-08, 4.44e-07]    [6.43e-07, 8.52e-07, 9.96e-07, 4.62e-07, 3.29e-07, 6.15e-08, 5.70e-08, 3.52e-08, 5.32e-08, 4.44e-07]    []  
STEP 94000 BETA 0.99914664
95000     [2.06e-06, 1.37e-06, 1.77e-06, 1.16e-06, 7.01e-07, 6.54e-08, 8.43e-08, 3.55e-08, 1.28e-07, 4.90e-07]    [2.06e-06, 1.37e-06, 1.77e-06, 1.16e-06, 7.01e-07, 6.54e-08, 8.43e-08, 3.55e-08, 1.28e-07, 4.90e-07]    []  
STEP 95000 BETA 0.99908835
96000     [9.90e-07, 1.45e-06, 1.22e-06, 7.39e-07, 3.69e-07, 8.42e-08, 4.89e-08, 1.74e-07, 6.57e-08, 4.57e-07]    [9.90e-07, 1.45e-06, 1.22e-06, 7.39e-07, 3.69e-07, 8.42e-08, 4.89e-08, 1.74e-07, 6.57e-08, 4.57e-07]    []  
STEP 96000 BETA 0.99901795
97000     [6.55e-06, 9.23e-06, 5.68e-06, 4.54e-06, 3.34e-06, 6.49e-07, 7.72e-07, 5.08e-07, 5.42e-07, 6.96e-07]    [6.55e-06, 9.23e-06, 5.68e-06, 4.54e-06, 3.34e-06, 6.49e-07, 7.72e-07, 5.08e-07, 5.42e-07, 6.96e-07]    []  
STEP 97000 BETA 0.99899453
98000     [6.09e-07, 7.89e-07, 9.48e-07, 4.57e-07, 2.97e-07, 5.35e-08, 5.59e-08, 5.37e-08, 5.96e-08, 4.03e-07]    [6.09e-07, 7.89e-07, 9.48e-07, 4.57e-07, 2.97e-07, 5.35e-08, 5.59e-08, 5.37e-08, 5.96e-08, 4.03e-07]    []  
STEP 98000 BETA 0.99911493
99000     [1.79e-06, 1.27e-06, 1.68e-06, 1.20e-06, 6.97e-07, 1.52e-07, 1.04e-07, 6.30e-08, 1.87e-07, 4.43e-07]    [1.79e-06, 1.27e-06, 1.68e-06, 1.20e-06, 6.97e-07, 1.52e-07, 1.04e-07, 6.30e-08, 1.87e-07, 4.43e-07]    []  
STEP 99000 BETA 0.99908221
100000    [2.05e-06, 2.01e-06, 1.86e-06, 1.39e-06, 7.36e-07, 1.19e-07, 6.53e-07, 5.57e-07, 1.12e-06, 1.04e-06]    [2.05e-06, 2.01e-06, 1.86e-06, 1.39e-06, 7.36e-07, 1.19e-07, 6.53e-07, 5.57e-07, 1.12e-06, 1.04e-06]    []  
STEP 100000 BETA 0.99908763
101000    [1.08e-06, 9.88e-07, 1.28e-06, 7.49e-07, 3.09e-07, 1.07e-07, 4.76e-08, 2.60e-07, 4.69e-08, 4.75e-07]    [1.08e-06, 9.88e-07, 1.28e-06, 7.49e-07, 3.09e-07, 1.07e-07, 4.76e-08, 2.60e-07, 4.69e-08, 4.75e-07]    []  
STEP 101000 BETA 0.99903929
102000    [3.47e-06, 8.76e-06, 7.09e-06, 5.51e-06, 1.31e-06, 3.44e-07, 5.87e-07, 1.94e-07, 3.31e-07, 6.15e-07]    [3.47e-06, 8.76e-06, 7.09e-06, 5.51e-06, 1.31e-06, 3.44e-07, 5.87e-07, 1.94e-07, 3.31e-07, 6.15e-07]    []  
STEP 102000 BETA 0.99907976
103000    [1.17e-06, 1.91e-06, 1.07e-06, 7.64e-07, 4.67e-07, 1.72e-07, 6.53e-08, 3.85e-08, 5.08e-08, 4.31e-07]    [1.17e-06, 1.91e-06, 1.07e-06, 7.64e-07, 4.67e-07, 1.72e-07, 6.53e-08, 3.85e-08, 5.08e-08, 4.31e-07]    []  
STEP 103000 BETA 0.99916571
104000    [2.18e-06, 6.73e-06, 4.37e-06, 4.75e-06, 3.57e-07, 9.46e-08, 3.12e-07, 1.05e-07, 9.67e-08, 4.59e-07]    [2.18e-06, 6.73e-06, 4.37e-06, 4.75e-06, 3.57e-07, 9.46e-08, 3.12e-07, 1.05e-07, 9.67e-08, 4.59e-07]    []  
STEP 104000 BETA 0.99904555
105000    [1.06e-06, 1.73e-06, 1.71e-06, 1.55e-06, 3.11e-07, 1.20e-07, 6.11e-08, 2.63e-07, 3.31e-08, 4.84e-07]    [1.06e-06, 1.73e-06, 1.71e-06, 1.55e-06, 3.11e-07, 1.20e-07, 6.11e-08, 2.63e-07, 3.31e-08, 4.84e-07]    []  
STEP 105000 BETA 0.99902225
106000    [2.77e-06, 5.56e-06, 3.80e-06, 3.37e-06, 5.53e-07, 4.39e-07, 2.17e-07, 3.62e-07, 9.88e-08, 5.75e-07]    [2.77e-06, 5.56e-06, 3.80e-06, 3.37e-06, 5.53e-07, 4.39e-07, 2.17e-07, 3.62e-07, 9.88e-08, 5.75e-07]    []  
STEP 106000 BETA 0.99911332
107000    [7.83e-07, 1.02e-06, 1.10e-06, 6.26e-07, 4.36e-07, 1.22e-07, 1.09e-07, 3.60e-08, 1.01e-07, 4.15e-07]    [7.83e-07, 1.02e-06, 1.10e-06, 6.26e-07, 4.36e-07, 1.22e-07, 1.09e-07, 3.60e-08, 1.01e-07, 4.15e-07]    []  
STEP 107000 BETA 0.99914700
108000    [6.22e-07, 1.02e-06, 9.92e-07, 6.66e-07, 3.70e-07, 4.66e-08, 6.14e-08, 1.45e-07, 3.85e-08, 4.30e-07]    [6.22e-07, 1.02e-06, 9.92e-07, 6.66e-07, 3.70e-07, 4.66e-08, 6.14e-08, 1.45e-07, 3.85e-08, 4.30e-07]    []  
STEP 108000 BETA 0.99919170
109000    [6.93e-07, 1.23e-06, 1.02e-06, 9.64e-07, 2.54e-07, 5.46e-08, 5.35e-08, 5.66e-08, 4.06e-08, 3.96e-07]    [6.93e-07, 1.23e-06, 1.02e-06, 9.64e-07, 2.54e-07, 5.46e-08, 5.35e-08, 5.66e-08, 4.06e-08, 3.96e-07]    []  
STEP 109000 BETA 0.99930793
110000    [1.92e-06, 3.81e-06, 2.73e-06, 2.67e-06, 4.53e-07, 6.39e-08, 1.02e-07, 8.17e-08, 1.08e-07, 4.05e-07]    [1.92e-06, 3.81e-06, 2.73e-06, 2.67e-06, 4.53e-07, 6.39e-08, 1.02e-07, 8.17e-08, 1.08e-07, 4.05e-07]    []  
STEP 110000 BETA 0.99904549
111000    [1.79e-06, 9.81e-07, 1.58e-06, 1.15e-06, 3.46e-07, 1.79e-07, 4.56e-08, 4.49e-07, 3.41e-08, 5.83e-07]    [1.79e-06, 9.81e-07, 1.58e-06, 1.15e-06, 3.46e-07, 1.79e-07, 4.56e-08, 4.49e-07, 3.41e-08, 5.83e-07]    []  
STEP 111000 BETA 0.99923307
112000    [8.76e-07, 1.81e-06, 1.25e-06, 8.93e-07, 2.89e-07, 6.66e-08, 4.14e-08, 8.73e-08, 4.94e-08, 3.84e-07]    [8.76e-07, 1.81e-06, 1.25e-06, 8.93e-07, 2.89e-07, 6.66e-08, 4.14e-08, 8.73e-08, 4.94e-08, 3.84e-07]    []  
STEP 112000 BETA 0.99912739
113000    [2.80e-06, 6.45e-06, 2.91e-06, 3.10e-06, 6.73e-07, 1.23e-07, 4.14e-08, 2.10e-07, 2.30e-07, 5.51e-07]    [2.80e-06, 6.45e-06, 2.91e-06, 3.10e-06, 6.73e-07, 1.23e-07, 4.14e-08, 2.10e-07, 2.30e-07, 5.51e-07]    []  
STEP 113000 BETA 0.99913210
114000    [4.42e-06, 3.60e-06, 2.88e-06, 2.41e-06, 9.61e-07, 4.72e-07, 1.31e-07, 5.43e-07, 1.88e-07, 8.36e-07]    [4.42e-06, 3.60e-06, 2.88e-06, 2.41e-06, 9.61e-07, 4.72e-07, 1.31e-07, 5.43e-07, 1.88e-07, 8.36e-07]    []  
STEP 114000 BETA 0.99911213
115000    [1.03e-06, 2.50e-06, 1.48e-06, 1.49e-06, 3.08e-07, 4.45e-08, 4.13e-08, 4.90e-08, 5.90e-08, 3.99e-07]    [1.03e-06, 2.50e-06, 1.48e-06, 1.49e-06, 3.08e-07, 4.45e-08, 4.13e-08, 4.90e-08, 5.90e-08, 3.99e-07]    []  
STEP 115000 BETA 0.99913877
116000    [1.32e-06, 2.14e-06, 1.25e-06, 7.95e-07, 7.09e-07, 6.03e-08, 1.43e-07, 4.74e-08, 1.56e-07, 3.94e-07]    [1.32e-06, 2.14e-06, 1.25e-06, 7.95e-07, 7.09e-07, 6.03e-08, 1.43e-07, 4.74e-08, 1.56e-07, 3.94e-07]    []  
STEP 116000 BETA 0.99909675
117000    [7.30e-07, 1.48e-06, 1.24e-06, 9.01e-07, 2.53e-07, 6.50e-08, 3.69e-08, 7.21e-08, 5.70e-08, 4.08e-07]    [7.30e-07, 1.48e-06, 1.24e-06, 9.01e-07, 2.53e-07, 6.50e-08, 3.69e-08, 7.21e-08, 5.70e-08, 4.08e-07]    []  
STEP 117000 BETA 0.99911082
118000    [2.28e-06, 4.42e-06, 1.54e-06, 1.41e-06, 9.37e-07, 6.98e-08, 2.49e-07, 7.65e-08, 2.77e-07, 4.49e-07]    [2.28e-06, 4.42e-06, 1.54e-06, 1.41e-06, 9.37e-07, 6.98e-08, 2.49e-07, 7.65e-08, 2.77e-07, 4.49e-07]    []  
STEP 118000 BETA 0.99909329
119000    [4.56e-06, 3.05e-06, 2.67e-06, 1.98e-06, 1.60e-06, 3.33e-07, 2.03e-07, 1.22e-07, 2.32e-07, 6.79e-07]    [4.56e-06, 3.05e-06, 2.67e-06, 1.98e-06, 1.60e-06, 3.33e-07, 2.03e-07, 1.22e-07, 2.32e-07, 6.79e-07]    []  
STEP 119000 BETA 0.99936855
120000    [3.26e-06, 4.76e-06, 2.89e-06, 2.60e-06, 2.10e-06, 1.12e-07, 3.30e-07, 1.83e-06, 6.11e-07, 1.04e-06]    [3.26e-06, 4.76e-06, 2.89e-06, 2.60e-06, 2.10e-06, 1.12e-07, 3.30e-07, 1.83e-06, 6.11e-07, 1.04e-06]    []  
STEP 120000 BETA 0.99914318
121000    [4.76e-06, 3.19e-06, 3.25e-06, 2.79e-06, 5.76e-07, 5.46e-07, 3.44e-08, 1.33e-06, 5.58e-08, 9.42e-07]    [4.76e-06, 3.19e-06, 3.25e-06, 2.79e-06, 5.76e-07, 5.46e-07, 3.44e-08, 1.33e-06, 5.58e-08, 9.42e-07]    []  
STEP 121000 BETA 0.99911040
122000    [1.32e-06, 1.87e-06, 1.69e-06, 1.46e-06, 3.34e-07, 4.61e-08, 5.33e-08, 1.18e-07, 6.95e-08, 3.98e-07]    [1.32e-06, 1.87e-06, 1.69e-06, 1.46e-06, 3.34e-07, 4.61e-08, 5.33e-08, 1.18e-07, 6.95e-08, 3.98e-07]    []  
STEP 122000 BETA 0.99915707
123000    [2.72e-06, 4.59e-06, 3.06e-06, 2.60e-06, 2.78e-06, 4.89e-08, 5.36e-07, 1.11e-06, 6.17e-07, 7.77e-07]    [2.72e-06, 4.59e-06, 3.06e-06, 2.60e-06, 2.78e-06, 4.89e-08, 5.36e-07, 1.11e-06, 6.17e-07, 7.77e-07]    []  
STEP 123000 BETA 0.99923813
124000    [1.47e-06, 3.15e-06, 2.32e-06, 2.18e-06, 4.33e-07, 1.25e-07, 1.03e-07, 3.63e-08, 8.38e-08, 3.75e-07]    [1.47e-06, 3.15e-06, 2.32e-06, 2.18e-06, 4.33e-07, 1.25e-07, 1.03e-07, 3.63e-08, 8.38e-08, 3.75e-07]    []  
STEP 124000 BETA 0.99915874
125000    [5.65e-07, 6.18e-07, 7.86e-07, 4.39e-07, 3.05e-07, 4.73e-08, 6.03e-08, 6.81e-08, 6.83e-08, 3.66e-07]    [5.65e-07, 6.18e-07, 7.86e-07, 4.39e-07, 3.05e-07, 4.73e-08, 6.03e-08, 6.81e-08, 6.83e-08, 3.66e-07]    []  
STEP 125000 BETA 0.99913347
126000    [4.47e-07, 4.97e-07, 7.72e-07, 3.98e-07, 1.88e-07, 6.87e-08, 3.69e-08, 6.47e-08, 2.91e-08, 3.57e-07]    [4.47e-07, 4.97e-07, 7.72e-07, 3.98e-07, 1.88e-07, 6.87e-08, 3.69e-08, 6.47e-08, 2.91e-08, 3.57e-07]    []  
STEP 126000 BETA 0.99912387
127000    [2.21e-06, 4.36e-06, 3.69e-06, 2.95e-06, 3.84e-07, 1.98e-07, 1.30e-07, 2.84e-07, 8.67e-08, 4.80e-07]    [2.21e-06, 4.36e-06, 3.69e-06, 2.95e-06, 3.84e-07, 1.98e-07, 1.30e-07, 2.84e-07, 8.67e-08, 4.80e-07]    []  
STEP 127000 BETA 0.99904311
128000    [8.75e-07, 1.62e-06, 1.24e-06, 1.30e-06, 2.91e-07, 1.04e-07, 4.91e-08, 6.57e-08, 6.35e-08, 3.74e-07]    [8.75e-07, 1.62e-06, 1.24e-06, 1.30e-06, 2.91e-07, 1.04e-07, 4.91e-08, 6.57e-08, 6.35e-08, 3.74e-07]    []  
STEP 128000 BETA 0.99906552
129000    [1.16e-06, 2.10e-06, 1.30e-06, 1.10e-06, 3.55e-07, 4.16e-08, 4.17e-08, 9.43e-08, 1.04e-07, 3.98e-07]    [1.16e-06, 2.10e-06, 1.30e-06, 1.10e-06, 3.55e-07, 4.16e-08, 4.17e-08, 9.43e-08, 1.04e-07, 3.98e-07]    []  
STEP 129000 BETA 0.99905366
130000    [6.58e-07, 1.28e-06, 8.94e-07, 6.84e-07, 3.00e-07, 6.06e-08, 5.04e-08, 4.42e-08, 4.90e-08, 3.31e-07]    [6.58e-07, 1.28e-06, 8.94e-07, 6.84e-07, 3.00e-07, 6.06e-08, 5.04e-08, 4.42e-08, 4.90e-08, 3.31e-07]    []  
STEP 130000 BETA 0.99904066
131000    [2.46e-06, 3.34e-06, 2.35e-06, 2.23e-06, 3.74e-07, 5.01e-08, 6.61e-08, 3.28e-07, 4.89e-08, 4.51e-07]    [2.46e-06, 3.34e-06, 2.35e-06, 2.23e-06, 3.74e-07, 5.01e-08, 6.61e-08, 3.28e-07, 4.89e-08, 4.51e-07]    []  
STEP 131000 BETA 0.99903423
132000    [8.30e-07, 1.24e-06, 1.10e-06, 9.72e-07, 2.32e-07, 8.58e-08, 4.51e-08, 1.53e-07, 4.07e-08, 3.83e-07]    [8.30e-07, 1.24e-06, 1.10e-06, 9.72e-07, 2.32e-07, 8.58e-08, 4.51e-08, 1.53e-07, 4.07e-08, 3.83e-07]    []  
STEP 132000 BETA 0.99900907
133000    [2.50e-06, 5.97e-06, 3.22e-06, 3.68e-06, 6.85e-07, 1.94e-07, 6.53e-08, 2.45e-07, 2.12e-07, 4.63e-07]    [2.50e-06, 5.97e-06, 3.22e-06, 3.68e-06, 6.85e-07, 1.94e-07, 6.53e-08, 2.45e-07, 2.12e-07, 4.63e-07]    []  
STEP 133000 BETA 0.99899346
134000    [4.23e-06, 6.37e-06, 1.85e-06, 8.61e-07, 6.22e-06, 1.09e-07, 1.16e-06, 1.53e-06, 1.08e-06, 1.04e-06]    [4.23e-06, 6.37e-06, 1.85e-06, 8.61e-07, 6.22e-06, 1.09e-07, 1.16e-06, 1.53e-06, 1.08e-06, 1.04e-06]    []  
STEP 134000 BETA 0.99895447
135000    [3.69e-06, 5.51e-06, 3.00e-06, 2.88e-06, 7.19e-07, 3.14e-07, 7.47e-08, 7.05e-07, 2.03e-07, 7.60e-07]    [3.69e-06, 5.51e-06, 3.00e-06, 2.88e-06, 7.19e-07, 3.14e-07, 7.47e-08, 7.05e-07, 2.03e-07, 7.60e-07]    []  
STEP 135000 BETA 0.99899977
136000    [1.35e-06, 3.90e-06, 9.25e-07, 1.58e-06, 7.09e-07, 2.32e-07, 1.04e-07, 8.72e-07, 1.12e-07, 6.28e-07]    [1.35e-06, 3.90e-06, 9.25e-07, 1.58e-06, 7.09e-07, 2.32e-07, 1.04e-07, 8.72e-07, 1.12e-07, 6.28e-07]    []  
STEP 136000 BETA 0.99899375
137000    [1.01e-06, 2.02e-06, 1.52e-06, 1.51e-06, 3.04e-07, 2.59e-07, 4.90e-08, 7.29e-07, 3.44e-08, 5.35e-07]    [1.01e-06, 2.02e-06, 1.52e-06, 1.51e-06, 3.04e-07, 2.59e-07, 4.90e-08, 7.29e-07, 3.44e-08, 5.35e-07]    []  
STEP 137000 BETA 0.99925750
138000    [1.38e-06, 1.50e-06, 1.16e-06, 1.00e-06, 1.40e-06, 2.09e-07, 1.91e-07, 1.83e-06, 2.19e-07, 8.30e-07]    [1.38e-06, 1.50e-06, 1.16e-06, 1.00e-06, 1.40e-06, 2.09e-07, 1.91e-07, 1.83e-06, 2.19e-07, 8.30e-07]    []  
STEP 138000 BETA 0.99886137
139000    [4.86e-07, 5.86e-07, 6.77e-07, 4.16e-07, 2.01e-07, 5.35e-08, 6.46e-08, 6.86e-08, 5.91e-08, 3.79e-07]    [4.86e-07, 5.86e-07, 6.77e-07, 4.16e-07, 2.01e-07, 5.35e-08, 6.46e-08, 6.86e-08, 5.91e-08, 3.79e-07]    []  
STEP 139000 BETA 0.99899131
140000    [4.67e-07, 6.76e-07, 6.71e-07, 3.87e-07, 2.55e-07, 6.78e-08, 4.75e-08, 3.20e-08, 4.91e-08, 3.21e-07]    [4.67e-07, 6.76e-07, 6.71e-07, 3.87e-07, 2.55e-07, 6.78e-08, 4.75e-08, 3.20e-08, 4.91e-08, 3.21e-07]    []  
STEP 140000 BETA 0.99890339
141000    [3.58e-06, 2.18e-06, 2.19e-06, 2.06e-06, 7.66e-07, 1.63e-07, 8.04e-08, 1.28e-06, 7.40e-08, 6.79e-07]    [3.58e-06, 2.18e-06, 2.19e-06, 2.06e-06, 7.66e-07, 1.63e-07, 8.04e-08, 1.28e-06, 7.40e-08, 6.79e-07]    []  
STEP 141000 BETA 0.99880898
142000    [6.82e-07, 1.88e-06, 1.02e-06, 8.19e-07, 3.54e-07, 8.77e-08, 6.73e-08, 4.38e-08, 3.80e-08, 3.53e-07]    [6.82e-07, 1.88e-06, 1.02e-06, 8.19e-07, 3.54e-07, 8.77e-08, 6.73e-08, 4.38e-08, 3.80e-08, 3.53e-07]    []  
STEP 142000 BETA 0.99879539
143000    [1.92e-06, 3.04e-06, 2.15e-06, 2.11e-06, 4.91e-07, 3.79e-07, 1.08e-07, 3.25e-07, 1.14e-07, 5.14e-07]    [1.92e-06, 3.04e-06, 2.15e-06, 2.11e-06, 4.91e-07, 3.79e-07, 1.08e-07, 3.25e-07, 1.14e-07, 5.14e-07]    []  
STEP 143000 BETA 0.99873585
144000    [8.61e-06, 5.53e-06, 4.70e-06, 5.15e-06, 1.36e-06, 1.37e-06, 1.59e-07, 2.06e-06, 2.04e-07, 1.51e-06]    [8.61e-06, 5.53e-06, 4.70e-06, 5.15e-06, 1.36e-06, 1.37e-06, 1.59e-07, 2.06e-06, 2.04e-07, 1.51e-06]    []  
STEP 144000 BETA 0.99876684
145000    [1.87e-06, 1.54e-06, 1.25e-06, 8.66e-07, 4.21e-07, 4.25e-08, 5.67e-08, 4.05e-08, 4.18e-08, 3.61e-07]    [1.87e-06, 1.54e-06, 1.25e-06, 8.66e-07, 4.21e-07, 4.25e-08, 5.67e-08, 4.05e-08, 4.18e-08, 3.61e-07]    []  
STEP 145000 BETA 0.99878204
146000    [4.37e-06, 3.90e-06, 3.37e-06, 3.52e-06, 1.61e-06, 7.86e-07, 2.28e-07, 4.99e-07, 4.69e-07, 7.66e-07]    [4.37e-06, 3.90e-06, 3.37e-06, 3.52e-06, 1.61e-06, 7.86e-07, 2.28e-07, 4.99e-07, 4.69e-07, 7.66e-07]    []  
STEP 146000 BETA 0.99872506
147000    [4.84e-07, 6.53e-07, 6.72e-07, 4.91e-07, 1.69e-07, 4.64e-08, 3.75e-08, 3.04e-08, 2.61e-08, 3.07e-07]    [4.84e-07, 6.53e-07, 6.72e-07, 4.91e-07, 1.69e-07, 4.64e-08, 3.75e-08, 3.04e-08, 2.61e-08, 3.07e-07]    []  
STEP 147000 BETA 0.99871337
148000    [4.80e-07, 4.72e-07, 6.50e-07, 3.44e-07, 2.48e-07, 4.23e-08, 4.68e-08, 3.28e-08, 3.56e-08, 3.16e-07]    [4.80e-07, 4.72e-07, 6.50e-07, 3.44e-07, 2.48e-07, 4.23e-08, 4.68e-08, 3.28e-08, 3.56e-08, 3.16e-07]    []  
STEP 148000 BETA 0.99865782
149000    [9.94e-07, 1.69e-06, 1.55e-06, 9.94e-07, 7.90e-07, 4.97e-08, 1.28e-07, 1.48e-07, 1.38e-07, 3.83e-07]    [9.94e-07, 1.69e-06, 1.55e-06, 9.94e-07, 7.90e-07, 4.97e-08, 1.28e-07, 1.48e-07, 1.38e-07, 3.83e-07]    []  
STEP 149000 BETA 0.99874371
150000    [2.26e-06, 9.82e-07, 1.57e-06, 1.39e-06, 3.90e-07, 4.00e-07, 4.13e-08, 7.04e-07, 5.10e-08, 6.15e-07]    [2.26e-06, 9.82e-07, 1.57e-06, 1.39e-06, 3.90e-07, 4.00e-07, 4.13e-08, 7.04e-07, 5.10e-08, 6.15e-07]    []  
STEP 150000 BETA 0.99862427

Best model at step 148000:
  train loss: 2.67e-06
  test loss: 2.67e-06
  test metric: []

'train' took 25064.658578 s

RUN_COMPLETE {'case': 'A10', 'iterations': 150000, 'elapsed_seconds': 25064.658609628677, 'final_beta': [0.9986242651939392], 'final_A_or_beta0': 0.9986242651939392, 'true_A': 1.0, 'relative_l2': {'ux': 0.08411944496101306, 'uy': 0.006230927723827774, 'sxx': 0.14755014271178168, 'syy': 0.19759269051052386, 'sxy': 0.22910309066557982, 'K': 0.24852256351420532, 'mu': 0.27585108075776077, 'E': 0.2758564012121055, 'nu': 0.36897251871233877}, 'split_relative_l2': {'evaluation': {'ux': 0.08411944496101306, 'uy': 0.006230927723827774, 'sxx': 0.14755014271178168, 'syy': 0.19759269051052386, 'sxy': 0.22910309066557982, 'K': 0.24852256351420532, 'mu': 0.27585108075776077, 'E': 0.2758564012121055, 'nu': 0.36897251871233877}, 'validation': {'ux': 0.07556159056907837, 'uy': 0.0053321286545205526, 'sxx': 0.1406371050336885, 'syy': 0.19950672657098614, 'sxy': 0.2312080372573855, 'K': 0.2505200557955457, 'mu': 0.27853135416711067, 'E': 0.2792034309784602, 'nu': 0.3706614032214731}, 'train': {'ux': 0.06813498037899772, 'uy': 0.00436067810658419, 'sxx': 0.13475535795368657, 'syy': 0.2014581214528855, 'sxy': 0.23344974694171536, 'K': 0.2518105284511231, 'mu': 0.28135805182316637, 'E': 0.28262667359159793, 'nu': 0.3686270193628172}}, 'true_reaction_y': 0.27722135186195374, 'pred_reaction_y': 0.22344359755516052, 'pred_reaction_y_stress_branch': 0.22344359755516052, 'pred_reaction_y_constitutive': 0.22393590211868286, 'reaction_rel_error': 0.19398850032799284, 'reaction_rel_error_stress_branch': 0.19398850032799284, 'reaction_rel_error_constitutive': 0.1922126466276411, 'equilibrium_form': 'direct', 'reaction_form': 'stress', 'run_note': 'Boundary_branch_with_standard_observation_loss_formal150k', 'best_step': 148000, 'eval_checkpoint': 'best', 'eval_checkpoint_path': '/public/home/xinxi/wxtian/WXTIAN/PINN/deepxde/boundary_uncertainty_pinn/exp/01.FormalKeyAblation/A10/model/final_model-150000.pt', 'final_model_path': '/public/home/xinxi/wxtian/WXTIAN/PINN/deepxde/boundary_uncertainty_pinn/exp/01.FormalKeyAblation/A10/model/final_model-150000.pt', 'final_train_loss_sum': 8.398759746341966e-06, 'final_test_loss_sum': 8.398759746341966e-06, 'independent_test_loss_available': False, 'loss_history_interval': 1000, 'num_trainable_parameters': 29432}
