Using backend: pytorch
Other supported backends: tensorflow.compat.v1, tensorflow, jax, paddle.
paddle supports more examples now and is recommended.
Compiling model...
'compile' took 0.595884 s

Training model...

Step      Train loss                                                                                                        Test loss                                                                                                         Test metric
0         [1.37e-01, 9.15e-02, 7.03e-02, 1.29e-02, 3.46e-01, 2.00e-03, 1.79e-02, 8.67e-02, 1.18e-01, 4.94e-02, 1.11e-01]    [1.37e-01, 9.15e-02, 7.03e-02, 1.29e-02, 3.46e-01, 2.00e-03, 1.79e-02, 8.67e-02, 1.18e-01, 4.94e-02, 1.11e-01]    []  
1000      [1.88e-03, 1.48e-02, 7.53e-04, 7.17e-04, 1.32e-04, 3.43e-05, 4.85e-06, 1.36e-05, 1.63e-05, 8.69e-05, 1.13e-04]    [1.88e-03, 1.48e-02, 7.53e-04, 7.17e-04, 1.32e-04, 3.43e-05, 4.85e-06, 1.36e-05, 1.63e-05, 8.69e-05, 1.13e-04]    []  
STEP 1000 BETA 0.91494334
2000      [5.70e-04, 8.54e-04, 3.50e-04, 2.73e-04, 6.85e-05, 3.38e-05, 9.47e-06, 1.84e-05, 2.24e-06, 3.82e-05, 3.60e-05]    [5.70e-04, 8.54e-04, 3.50e-04, 2.73e-04, 6.85e-05, 3.38e-05, 9.47e-06, 1.84e-05, 2.24e-06, 3.82e-05, 3.60e-05]    []  
STEP 2000 BETA 0.96278208
3000      [4.12e-04, 3.79e-04, 1.11e-04, 1.49e-04, 4.99e-05, 2.90e-05, 1.25e-05, 7.11e-06, 7.84e-06, 1.67e-05, 5.19e-06]    [4.12e-04, 3.79e-04, 1.11e-04, 1.49e-04, 4.99e-05, 2.90e-05, 1.25e-05, 7.11e-06, 7.84e-06, 1.67e-05, 5.19e-06]    []  
STEP 3000 BETA 0.98749781
4000      [2.68e-04, 2.21e-04, 4.81e-05, 1.12e-04, 2.09e-05, 1.08e-05, 1.42e-05, 3.66e-06, 1.03e-06, 9.72e-06, 2.24e-06]    [2.68e-04, 2.21e-04, 4.81e-05, 1.12e-04, 2.09e-05, 1.08e-05, 1.42e-05, 3.66e-06, 1.03e-06, 9.72e-06, 2.24e-06]    []  
STEP 4000 BETA 1.00063539
5000      [1.93e-04, 1.47e-04, 2.95e-05, 7.46e-05, 1.16e-05, 3.09e-06, 8.78e-06, 3.09e-06, 1.78e-06, 6.54e-06, 2.15e-06]    [1.93e-04, 1.47e-04, 2.95e-05, 7.46e-05, 1.16e-05, 3.09e-06, 8.78e-06, 3.09e-06, 1.78e-06, 6.54e-06, 2.15e-06]    []  
STEP 5000 BETA 1.00226152
6000      [1.66e-04, 1.12e-04, 2.71e-05, 5.08e-05, 8.22e-06, 1.80e-06, 8.77e-06, 1.65e-06, 2.36e-06, 4.26e-06, 1.92e-06]    [1.66e-04, 1.12e-04, 2.71e-05, 5.08e-05, 8.22e-06, 1.80e-06, 8.77e-06, 1.65e-06, 2.36e-06, 4.26e-06, 1.92e-06]    []  
STEP 6000 BETA 1.00285697
7000      [1.50e-04, 9.56e-05, 3.05e-05, 2.62e-05, 6.54e-06, 1.76e-06, 7.62e-06, 1.06e-06, 2.83e-06, 3.54e-06, 1.77e-06]    [1.50e-04, 9.56e-05, 3.05e-05, 2.62e-05, 6.54e-06, 1.76e-06, 7.62e-06, 1.06e-06, 2.83e-06, 3.54e-06, 1.77e-06]    []  
STEP 7000 BETA 1.00125086
8000      [1.35e-04, 8.19e-05, 2.72e-05, 1.23e-05, 5.82e-06, 2.07e-06, 7.27e-06, 2.63e-07, 2.53e-06, 2.76e-06, 9.82e-07]    [1.35e-04, 8.19e-05, 2.72e-05, 1.23e-05, 5.82e-06, 2.07e-06, 7.27e-06, 2.63e-07, 2.53e-06, 2.76e-06, 9.82e-07]    []  
STEP 8000 BETA 1.00098228
9000      [1.22e-04, 8.75e-05, 5.43e-05, 3.33e-05, 1.21e-05, 3.84e-06, 1.26e-05, 1.09e-05, 1.54e-05, 8.10e-06, 1.37e-05]    [1.22e-04, 8.75e-05, 5.43e-05, 3.33e-05, 1.21e-05, 3.84e-06, 1.26e-05, 1.09e-05, 1.54e-05, 8.10e-06, 1.37e-05]    []  
STEP 9000 BETA 1.00150931
10000     [8.57e-05, 5.06e-05, 2.70e-05, 5.36e-06, 4.45e-06, 2.16e-06, 5.40e-06, 3.93e-08, 2.29e-06, 1.98e-06, 8.12e-07]    [8.57e-05, 5.06e-05, 2.70e-05, 5.36e-06, 4.45e-06, 2.16e-06, 5.40e-06, 3.93e-08, 2.29e-06, 1.98e-06, 8.12e-07]    []  
STEP 10000 BETA 1.00078535
11000     [7.30e-05, 4.30e-05, 3.47e-05, 1.10e-05, 5.65e-06, 1.69e-06, 5.69e-06, 2.26e-06, 3.76e-06, 2.43e-06, 3.17e-06]    [7.30e-05, 4.30e-05, 3.47e-05, 1.10e-05, 5.65e-06, 1.69e-06, 5.69e-06, 2.26e-06, 3.76e-06, 2.43e-06, 3.17e-06]    []  
STEP 11000 BETA 1.00185442
12000     [4.78e-05, 2.95e-05, 2.17e-05, 4.09e-06, 3.53e-06, 6.54e-07, 4.63e-06, 3.70e-07, 1.95e-06, 1.70e-06, 9.99e-07]    [4.78e-05, 2.95e-05, 2.17e-05, 4.09e-06, 3.53e-06, 6.54e-07, 4.63e-06, 3.70e-07, 1.95e-06, 1.70e-06, 9.99e-07]    []  
STEP 12000 BETA 1.00169766
13000     [4.08e-05, 3.81e-05, 3.98e-05, 1.91e-05, 6.42e-06, 9.82e-07, 5.00e-06, 2.43e-06, 4.49e-06, 2.46e-06, 3.73e-06]    [4.08e-05, 3.81e-05, 3.98e-05, 1.91e-05, 6.42e-06, 9.82e-07, 5.00e-06, 2.43e-06, 4.49e-06, 2.46e-06, 3.73e-06]    []  
STEP 13000 BETA 1.00156415
14000     [2.85e-05, 2.39e-05, 1.78e-05, 3.36e-06, 3.41e-06, 3.51e-07, 4.14e-06, 2.61e-07, 1.52e-06, 1.89e-06, 6.17e-07]    [2.85e-05, 2.39e-05, 1.78e-05, 3.36e-06, 3.41e-06, 3.51e-07, 4.14e-06, 2.61e-07, 1.52e-06, 1.89e-06, 6.17e-07]    []  
STEP 14000 BETA 1.00130546
15000     [2.35e-05, 2.19e-05, 1.65e-05, 3.09e-06, 3.16e-06, 3.40e-07, 3.63e-06, 3.29e-07, 1.40e-06, 1.86e-06, 5.95e-07]    [2.35e-05, 2.19e-05, 1.65e-05, 3.09e-06, 3.16e-06, 3.40e-07, 3.63e-06, 3.29e-07, 1.40e-06, 1.86e-06, 5.95e-07]    []  
STEP 15000 BETA 1.00101995
16000     [1.95e-05, 2.02e-05, 1.49e-05, 2.90e-06, 2.88e-06, 3.96e-07, 3.10e-06, 2.75e-07, 1.22e-06, 1.60e-06, 5.61e-07]    [1.95e-05, 2.02e-05, 1.49e-05, 2.90e-06, 2.88e-06, 3.96e-07, 3.10e-06, 2.75e-07, 1.22e-06, 1.60e-06, 5.61e-07]    []  
STEP 16000 BETA 1.00118828
17000     [1.63e-05, 1.87e-05, 1.42e-05, 2.87e-06, 2.67e-06, 5.33e-07, 2.51e-06, 2.56e-07, 1.04e-06, 1.47e-06, 4.26e-07]    [1.63e-05, 1.87e-05, 1.42e-05, 2.87e-06, 2.67e-06, 5.33e-07, 2.51e-06, 2.56e-07, 1.04e-06, 1.47e-06, 4.26e-07]    []  
STEP 17000 BETA 1.00089931
18000     [1.63e-05, 2.02e-05, 1.65e-05, 6.22e-06, 3.53e-06, 5.13e-07, 2.70e-06, 2.65e-06, 1.23e-06, 1.72e-06, 1.73e-06]    [1.63e-05, 2.02e-05, 1.65e-05, 6.22e-06, 3.53e-06, 5.13e-07, 2.70e-06, 2.65e-06, 1.23e-06, 1.72e-06, 1.73e-06]    []  
STEP 18000 BETA 1.00064886
19000     [1.24e-05, 1.56e-05, 1.07e-05, 2.51e-06, 3.48e-06, 4.90e-07, 1.88e-06, 7.25e-07, 9.12e-07, 1.23e-06, 6.54e-07]    [1.24e-05, 1.56e-05, 1.07e-05, 2.51e-06, 3.48e-06, 4.90e-07, 1.88e-06, 7.25e-07, 9.12e-07, 1.23e-06, 6.54e-07]    []  
STEP 19000 BETA 1.00065613
20000     [1.42e-05, 1.52e-05, 1.19e-05, 4.07e-06, 2.79e-06, 1.47e-06, 1.74e-06, 2.95e-06, 1.30e-06, 2.40e-06, 2.01e-06]    [1.42e-05, 1.52e-05, 1.19e-05, 4.07e-06, 2.79e-06, 1.47e-06, 1.74e-06, 2.95e-06, 1.30e-06, 2.40e-06, 2.01e-06]    []  
STEP 20000 BETA 1.00057948
21000     [9.11e-06, 1.23e-05, 6.78e-06, 2.22e-06, 2.13e-06, 4.67e-07, 1.17e-06, 1.37e-07, 6.74e-07, 1.21e-06, 2.65e-07]    [9.11e-06, 1.23e-05, 6.78e-06, 2.22e-06, 2.13e-06, 4.67e-07, 1.17e-06, 1.37e-07, 6.74e-07, 1.21e-06, 2.65e-07]    []  
STEP 21000 BETA 1.00051534
22000     [2.54e-05, 3.19e-05, 2.77e-05, 2.19e-05, 7.10e-06, 5.19e-06, 1.52e-06, 3.66e-06, 3.00e-06, 4.54e-06, 3.05e-06]    [2.54e-05, 3.19e-05, 2.77e-05, 2.19e-05, 7.10e-06, 5.19e-06, 1.52e-06, 3.66e-06, 3.00e-06, 4.54e-06, 3.05e-06]    []  
STEP 22000 BETA 1.00026357
23000     [6.92e-06, 9.09e-06, 4.14e-06, 2.18e-06, 2.07e-06, 5.09e-07, 7.66e-07, 1.07e-07, 4.27e-07, 1.13e-06, 1.90e-07]    [6.92e-06, 9.09e-06, 4.14e-06, 2.18e-06, 2.07e-06, 5.09e-07, 7.66e-07, 1.07e-07, 4.27e-07, 1.13e-06, 1.90e-07]    []  
STEP 23000 BETA 1.00057507
24000     [5.99e-06, 7.77e-06, 3.49e-06, 2.02e-06, 1.96e-06, 3.81e-07, 6.23e-07, 1.10e-07, 3.81e-07, 1.13e-06, 1.63e-07]    [5.99e-06, 7.77e-06, 3.49e-06, 2.02e-06, 1.96e-06, 3.81e-07, 6.23e-07, 1.10e-07, 3.81e-07, 1.13e-06, 1.63e-07]    []  
STEP 24000 BETA 1.00023007
25000     [2.97e-05, 3.89e-05, 2.77e-05, 2.13e-05, 1.73e-05, 8.27e-07, 3.21e-06, 2.49e-05, 6.28e-06, 8.34e-06, 1.49e-05]    [2.97e-05, 3.89e-05, 2.77e-05, 2.13e-05, 1.73e-05, 8.27e-07, 3.21e-06, 2.49e-05, 6.28e-06, 8.34e-06, 1.49e-05]    []  
STEP 25000 BETA 1.00024211
26000     [4.77e-06, 6.11e-06, 2.54e-06, 1.85e-06, 1.80e-06, 3.69e-07, 4.99e-07, 3.74e-08, 2.36e-07, 1.05e-06, 9.51e-08]    [4.77e-06, 6.11e-06, 2.54e-06, 1.85e-06, 1.80e-06, 3.69e-07, 4.99e-07, 3.74e-08, 2.36e-07, 1.05e-06, 9.51e-08]    []  
STEP 26000 BETA 1.00028372
27000     [5.08e-06, 6.40e-06, 2.50e-06, 2.51e-06, 2.81e-06, 7.90e-07, 5.58e-07, 6.00e-08, 3.90e-07, 1.34e-06, 1.38e-07]    [5.08e-06, 6.40e-06, 2.50e-06, 2.51e-06, 2.81e-06, 7.90e-07, 5.58e-07, 6.00e-08, 3.90e-07, 1.34e-06, 1.38e-07]    []  
STEP 27000 BETA 1.00051165
28000     [4.50e-06, 5.52e-06, 2.58e-06, 2.03e-06, 2.14e-06, 3.47e-07, 4.89e-07, 6.95e-07, 1.92e-07, 1.14e-06, 4.13e-07]    [4.50e-06, 5.52e-06, 2.58e-06, 2.03e-06, 2.14e-06, 3.47e-07, 4.89e-07, 6.95e-07, 1.92e-07, 1.14e-06, 4.13e-07]    []  
STEP 28000 BETA 1.00045717
29000     [6.10e-06, 6.55e-06, 4.38e-06, 2.69e-06, 6.32e-06, 5.65e-07, 1.32e-06, 4.87e-06, 1.13e-06, 1.87e-06, 3.02e-06]    [6.10e-06, 6.55e-06, 4.38e-06, 2.69e-06, 6.32e-06, 5.65e-07, 1.32e-06, 4.87e-06, 1.13e-06, 1.87e-06, 3.02e-06]    []  
STEP 29000 BETA 1.00061584
30000     [1.54e-05, 2.07e-05, 1.46e-05, 2.07e-05, 2.47e-06, 4.11e-06, 1.16e-06, 4.66e-06, 2.71e-07, 3.22e-06, 2.54e-06]    [1.54e-05, 2.07e-05, 1.46e-05, 2.07e-05, 2.47e-06, 4.11e-06, 1.16e-06, 4.66e-06, 2.71e-07, 3.22e-06, 2.54e-06]    []  
STEP 30000 BETA 1.00032341
31000     [3.57e-06, 4.67e-06, 2.05e-06, 1.78e-06, 2.09e-06, 6.12e-07, 3.81e-07, 2.00e-07, 1.49e-07, 1.12e-06, 1.57e-07]    [3.57e-06, 4.67e-06, 2.05e-06, 1.78e-06, 2.09e-06, 6.12e-07, 3.81e-07, 2.00e-07, 1.49e-07, 1.12e-06, 1.57e-07]    []  
STEP 31000 BETA 1.00044107
32000     [1.01e-05, 1.07e-05, 9.98e-06, 8.42e-06, 3.52e-06, 2.81e-06, 5.32e-07, 3.93e-07, 5.21e-07, 1.77e-06, 4.59e-07]    [1.01e-05, 1.07e-05, 9.98e-06, 8.42e-06, 3.52e-06, 2.81e-06, 5.32e-07, 3.93e-07, 5.21e-07, 1.77e-06, 4.59e-07]    []  
STEP 32000 BETA 1.00037169
33000     [3.13e-06, 3.65e-06, 2.07e-06, 1.59e-06, 1.57e-06, 5.19e-07, 3.17e-07, 2.92e-08, 1.08e-07, 1.08e-06, 4.42e-08]    [3.13e-06, 3.65e-06, 2.07e-06, 1.59e-06, 1.57e-06, 5.19e-07, 3.17e-07, 2.92e-08, 1.08e-07, 1.08e-06, 4.42e-08]    []  
STEP 33000 BETA 1.00041556
34000     [2.69e-06, 3.71e-06, 1.65e-06, 1.93e-06, 1.38e-06, 3.69e-07, 4.74e-07, 5.09e-08, 1.61e-07, 1.02e-06, 1.24e-07]    [2.69e-06, 3.71e-06, 1.65e-06, 1.93e-06, 1.38e-06, 3.69e-07, 4.74e-07, 5.09e-08, 1.61e-07, 1.02e-06, 1.24e-07]    []  
STEP 34000 BETA 1.00050104
35000     [2.38e-06, 3.15e-06, 1.43e-06, 1.47e-06, 1.30e-06, 3.38e-07, 2.35e-07, 1.69e-08, 5.58e-08, 1.02e-06, 2.13e-08]    [2.38e-06, 3.15e-06, 1.43e-06, 1.47e-06, 1.30e-06, 3.38e-07, 2.35e-07, 1.69e-08, 5.58e-08, 1.02e-06, 2.13e-08]    []  
STEP 35000 BETA 1.00030160
36000     [9.15e-06, 2.38e-05, 1.42e-05, 1.56e-05, 4.43e-06, 1.76e-06, 5.34e-07, 7.11e-07, 5.98e-07, 1.43e-06, 5.79e-07]    [9.15e-06, 2.38e-05, 1.42e-05, 1.56e-05, 4.43e-06, 1.76e-06, 5.34e-07, 7.11e-07, 5.98e-07, 1.43e-06, 5.79e-07]    []  
STEP 36000 BETA 1.00013244
37000     [2.56e-06, 3.98e-06, 2.13e-06, 2.47e-06, 1.40e-06, 5.11e-07, 2.59e-07, 1.96e-08, 6.12e-08, 1.03e-06, 3.43e-08]    [2.56e-06, 3.98e-06, 2.13e-06, 2.47e-06, 1.40e-06, 5.11e-07, 2.59e-07, 1.96e-08, 6.12e-08, 1.03e-06, 3.43e-08]    []  
STEP 37000 BETA 1.00019133
38000     [5.15e-06, 4.17e-06, 2.48e-06, 2.41e-06, 5.76e-06, 2.28e-06, 7.24e-07, 4.22e-07, 6.00e-07, 1.24e-06, 5.18e-07]    [5.15e-06, 4.17e-06, 2.48e-06, 2.41e-06, 5.76e-06, 2.28e-06, 7.24e-07, 4.22e-07, 6.00e-07, 1.24e-06, 5.18e-07]    []  
STEP 38000 BETA 1.00023687
39000     [6.50e-06, 3.76e-06, 4.22e-06, 1.84e-06, 7.97e-06, 1.93e-06, 8.00e-07, 1.89e-06, 8.23e-07, 2.00e-06, 1.33e-06]    [6.50e-06, 3.76e-06, 4.22e-06, 1.84e-06, 7.97e-06, 1.93e-06, 8.00e-07, 1.89e-06, 8.23e-07, 2.00e-06, 1.33e-06]    []  
STEP 39000 BETA 1.00025201
40000     [3.93e-06, 7.95e-06, 4.23e-06, 4.65e-06, 3.35e-06, 7.06e-07, 4.47e-07, 1.03e-06, 5.77e-07, 1.16e-06, 7.91e-07]    [3.93e-06, 7.95e-06, 4.23e-06, 4.65e-06, 3.35e-06, 7.06e-07, 4.47e-07, 1.03e-06, 5.77e-07, 1.16e-06, 7.91e-07]    []  
STEP 40000 BETA 1.00026238
41000     [5.10e-06, 6.32e-06, 4.90e-06, 7.23e-06, 1.44e-06, 1.62e-06, 6.14e-07, 2.02e-06, 3.07e-07, 1.93e-06, 1.19e-06]    [5.10e-06, 6.32e-06, 4.90e-06, 7.23e-06, 1.44e-06, 1.62e-06, 6.14e-07, 2.02e-06, 3.07e-07, 1.93e-06, 1.19e-06]    []  
STEP 41000 BETA 1.00005639
42000     [4.13e-06, 5.19e-06, 3.72e-06, 3.15e-06, 2.27e-06, 5.63e-07, 4.84e-07, 3.13e-06, 6.20e-07, 1.94e-06, 1.87e-06]    [4.13e-06, 5.19e-06, 3.72e-06, 3.15e-06, 2.27e-06, 5.63e-07, 4.84e-07, 3.13e-06, 6.20e-07, 1.94e-06, 1.87e-06]    []  
STEP 42000 BETA 1.00015724
43000     [2.79e-06, 4.91e-06, 2.93e-06, 2.71e-06, 1.62e-06, 3.87e-07, 1.53e-07, 1.25e-07, 1.53e-07, 1.10e-06, 1.04e-07]    [2.79e-06, 4.91e-06, 2.93e-06, 2.71e-06, 1.62e-06, 3.87e-07, 1.53e-07, 1.25e-07, 1.53e-07, 1.10e-06, 1.04e-07]    []  
STEP 43000 BETA 1.00005400
44000     [1.86e-06, 2.25e-06, 1.35e-06, 1.09e-06, 1.36e-06, 3.27e-07, 2.08e-07, 4.85e-08, 1.14e-07, 1.02e-06, 7.50e-08]    [1.86e-06, 2.25e-06, 1.35e-06, 1.09e-06, 1.36e-06, 3.27e-07, 2.08e-07, 4.85e-08, 1.14e-07, 1.02e-06, 7.50e-08]    []  
STEP 44000 BETA 1.00015402
45000     [9.94e-06, 2.50e-05, 1.24e-05, 1.79e-05, 6.43e-06, 2.07e-06, 5.54e-07, 4.17e-07, 1.08e-06, 1.41e-06, 7.95e-07]    [9.94e-06, 2.50e-05, 1.24e-05, 1.79e-05, 6.43e-06, 2.07e-06, 5.54e-07, 4.17e-07, 1.08e-06, 1.41e-06, 7.95e-07]    []  
STEP 45000 BETA 1.00001085
46000     [1.67e-06, 2.04e-06, 1.26e-06, 1.06e-06, 1.12e-06, 2.47e-07, 1.00e-07, 3.84e-08, 2.95e-08, 1.03e-06, 1.70e-08]    [1.67e-06, 2.04e-06, 1.26e-06, 1.06e-06, 1.12e-06, 2.47e-07, 1.00e-07, 3.84e-08, 2.95e-08, 1.03e-06, 1.70e-08]    []  
STEP 46000 BETA 1.00007641
47000     [9.89e-06, 1.17e-05, 1.05e-05, 7.35e-06, 3.81e-06, 4.42e-07, 2.53e-07, 6.15e-06, 2.71e-07, 2.71e-06, 3.06e-06]    [9.89e-06, 1.17e-05, 1.05e-05, 7.35e-06, 3.81e-06, 4.42e-07, 2.53e-07, 6.15e-06, 2.71e-07, 2.71e-06, 3.06e-06]    []  
STEP 47000 BETA 1.00008166
48000     [2.26e-05, 1.34e-05, 1.81e-05, 1.60e-05, 5.93e-06, 2.73e-06, 6.22e-07, 1.83e-05, 6.37e-07, 6.24e-06, 9.40e-06]    [2.26e-05, 1.34e-05, 1.81e-05, 1.60e-05, 5.93e-06, 2.73e-06, 6.22e-07, 1.83e-05, 6.37e-07, 6.24e-06, 9.40e-06]    []  
STEP 48000 BETA 1.00016809
49000     [3.64e-06, 8.85e-06, 5.59e-06, 4.31e-06, 3.37e-06, 4.14e-07, 3.99e-07, 1.67e-06, 4.57e-07, 1.23e-06, 1.04e-06]    [3.64e-06, 8.85e-06, 5.59e-06, 4.31e-06, 3.37e-06, 4.14e-07, 3.99e-07, 1.67e-06, 4.57e-07, 1.23e-06, 1.04e-06]    []  
STEP 49000 BETA 1.00011814
50000     [2.17e-06, 2.45e-06, 1.91e-06, 1.71e-06, 1.19e-06, 4.26e-07, 1.15e-07, 4.14e-07, 5.08e-08, 1.14e-06, 2.31e-07]    [2.17e-06, 2.45e-06, 1.91e-06, 1.71e-06, 1.19e-06, 4.26e-07, 1.15e-07, 4.14e-07, 5.08e-08, 1.14e-06, 2.31e-07]    []  
STEP 50000 BETA 1.00003397
51000     [5.56e-06, 7.00e-06, 8.41e-06, 5.76e-06, 3.10e-06, 3.54e-07, 1.38e-06, 4.73e-08, 1.24e-06, 1.90e-06, 5.34e-07]    [5.56e-06, 7.00e-06, 8.41e-06, 5.76e-06, 3.10e-06, 3.54e-07, 1.38e-06, 4.73e-08, 1.24e-06, 1.90e-06, 5.34e-07]    []  
STEP 51000 BETA 1.00007546
52000     [1.85e-06, 2.50e-06, 1.79e-06, 1.24e-06, 1.53e-06, 2.14e-07, 2.48e-07, 3.04e-07, 2.52e-07, 1.02e-06, 2.80e-07]    [1.85e-06, 2.50e-06, 1.79e-06, 1.24e-06, 1.53e-06, 2.14e-07, 2.48e-07, 3.04e-07, 2.52e-07, 1.02e-06, 2.80e-07]    []  
STEP 52000 BETA 1.00011134
53000     [2.45e-06, 4.36e-06, 3.33e-06, 3.15e-06, 1.74e-06, 5.70e-07, 3.32e-07, 1.97e-08, 3.04e-07, 1.16e-06, 1.58e-07]    [2.45e-06, 4.36e-06, 3.33e-06, 3.15e-06, 1.74e-06, 5.70e-07, 3.32e-07, 1.97e-08, 3.04e-07, 1.16e-06, 1.58e-07]    []  
STEP 53000 BETA 1.00005472
54000     [1.51e-06, 1.68e-06, 1.26e-06, 7.63e-07, 1.06e-06, 2.02e-07, 8.76e-08, 2.12e-08, 4.04e-08, 9.65e-07, 1.35e-08]    [1.51e-06, 1.68e-06, 1.26e-06, 7.63e-07, 1.06e-06, 2.02e-07, 8.76e-08, 2.12e-08, 4.04e-08, 9.65e-07, 1.35e-08]    []  
STEP 54000 BETA 1.00010717
55000     [1.58e-06, 2.40e-06, 1.72e-06, 1.13e-06, 1.11e-06, 3.23e-07, 1.04e-07, 3.56e-07, 9.27e-08, 1.03e-06, 2.21e-07]    [1.58e-06, 2.40e-06, 1.72e-06, 1.13e-06, 1.11e-06, 3.23e-07, 1.04e-07, 3.56e-07, 9.27e-08, 1.03e-06, 2.21e-07]    []  
STEP 55000 BETA 1.00012088
56000     [2.88e-06, 1.97e-06, 2.09e-06, 1.02e-06, 1.63e-06, 6.59e-07, 4.70e-07, 4.79e-08, 3.50e-07, 1.10e-06, 1.96e-07]    [2.88e-06, 1.97e-06, 2.09e-06, 1.02e-06, 1.63e-06, 6.59e-07, 4.70e-07, 4.79e-08, 3.50e-07, 1.10e-06, 1.96e-07]    []  
STEP 56000 BETA 1.00014281
57000     [2.82e-06, 2.77e-06, 2.30e-06, 2.19e-06, 1.53e-06, 1.14e-06, 1.30e-07, 1.27e-07, 1.05e-07, 1.17e-06, 1.03e-07]    [2.82e-06, 2.77e-06, 2.30e-06, 2.19e-06, 1.53e-06, 1.14e-06, 1.30e-07, 1.27e-07, 1.05e-07, 1.17e-06, 1.03e-07]    []  
STEP 57000 BETA 1.00002003
58000     [1.41e-06, 1.63e-06, 1.21e-06, 7.59e-07, 1.06e-06, 2.50e-07, 7.95e-08, 1.54e-08, 4.36e-08, 9.39e-07, 8.48e-09]    [1.41e-06, 1.63e-06, 1.21e-06, 7.59e-07, 1.06e-06, 2.50e-07, 7.95e-08, 1.54e-08, 4.36e-08, 9.39e-07, 8.48e-09]    []  
STEP 58000 BETA 1.00011194
59000     [4.02e-06, 9.03e-06, 4.95e-06, 4.80e-06, 2.14e-06, 5.34e-07, 1.91e-07, 1.50e-07, 4.95e-07, 1.16e-06, 2.50e-07]    [4.02e-06, 9.03e-06, 4.95e-06, 4.80e-06, 2.14e-06, 5.34e-07, 1.91e-07, 1.50e-07, 4.95e-07, 1.16e-06, 2.50e-07]    []  
STEP 59000 BETA 1.00004327
60000     [3.94e-06, 3.66e-06, 2.15e-06, 3.17e-06, 5.01e-06, 5.23e-07, 5.28e-07, 2.51e-06, 2.92e-07, 1.13e-06, 1.44e-06]    [3.94e-06, 3.66e-06, 2.15e-06, 3.17e-06, 5.01e-06, 5.23e-07, 5.28e-07, 2.51e-06, 2.92e-07, 1.13e-06, 1.44e-06]    []  
STEP 60000 BETA 1.00012839
61000     [1.21e-05, 1.01e-05, 4.31e-06, 5.28e-06, 1.57e-05, 8.05e-06, 2.94e-06, 2.36e-06, 3.19e-06, 3.68e-06, 2.54e-06]    [1.21e-05, 1.01e-05, 4.31e-06, 5.28e-06, 1.57e-05, 8.05e-06, 2.94e-06, 2.36e-06, 3.19e-06, 3.68e-06, 2.54e-06]    []  
STEP 61000 BETA 1.00008368
62000     [3.08e-06, 2.34e-06, 2.73e-06, 1.67e-06, 1.36e-06, 4.09e-07, 8.68e-08, 1.19e-06, 3.48e-08, 1.21e-06, 6.03e-07]    [3.08e-06, 2.34e-06, 2.73e-06, 1.67e-06, 1.36e-06, 4.09e-07, 8.68e-08, 1.19e-06, 3.48e-08, 1.21e-06, 6.03e-07]    []  
STEP 62000 BETA 1.00006485
63000     [1.21e-06, 1.26e-06, 1.03e-06, 5.60e-07, 9.60e-07, 1.78e-07, 6.85e-08, 1.48e-08, 3.18e-08, 8.75e-07, 1.01e-08]    [1.21e-06, 1.26e-06, 1.03e-06, 5.60e-07, 9.60e-07, 1.78e-07, 6.85e-08, 1.48e-08, 3.18e-08, 8.75e-07, 1.01e-08]    []  
STEP 63000 BETA 1.00005281
64000     [4.50e-06, 5.88e-06, 3.14e-06, 2.63e-06, 1.53e-06, 2.29e-07, 8.06e-08, 3.97e-07, 8.54e-08, 9.94e-07, 2.03e-07]    [4.50e-06, 5.88e-06, 3.14e-06, 2.63e-06, 1.53e-06, 2.29e-07, 8.06e-08, 3.97e-07, 8.54e-08, 9.94e-07, 2.03e-07]    []  
STEP 64000 BETA 1.00008607
65000     [1.65e-06, 1.93e-06, 1.32e-06, 1.09e-06, 1.41e-06, 4.07e-07, 2.20e-07, 1.40e-08, 2.18e-07, 9.30e-07, 1.14e-07]    [1.65e-06, 1.93e-06, 1.32e-06, 1.09e-06, 1.41e-06, 4.07e-07, 2.20e-07, 1.40e-08, 2.18e-07, 9.30e-07, 1.14e-07]    []  
STEP 65000 BETA 1.00012445
66000     [1.85e-06, 3.02e-06, 2.47e-06, 2.36e-06, 1.18e-06, 3.53e-07, 1.68e-07, 1.49e-08, 1.29e-07, 9.04e-07, 6.04e-08]    [1.85e-06, 3.02e-06, 2.47e-06, 2.36e-06, 1.18e-06, 3.53e-07, 1.68e-07, 1.49e-08, 1.29e-07, 9.04e-07, 6.04e-08]    []  
STEP 66000 BETA 1.00002539
67000     [1.21e-06, 1.49e-06, 1.22e-06, 7.20e-07, 8.80e-07, 1.57e-07, 7.72e-08, 5.21e-08, 4.22e-08, 8.40e-07, 3.37e-08]    [1.21e-06, 1.49e-06, 1.22e-06, 7.20e-07, 8.80e-07, 1.57e-07, 7.72e-08, 5.21e-08, 4.22e-08, 8.40e-07, 3.37e-08]    []  
STEP 67000 BETA 1.00006008
68000     [1.31e-06, 1.52e-06, 1.26e-06, 7.64e-07, 8.65e-07, 1.86e-07, 6.81e-08, 1.27e-07, 4.37e-08, 8.48e-07, 7.85e-08]    [1.31e-06, 1.52e-06, 1.26e-06, 7.64e-07, 8.65e-07, 1.86e-07, 6.81e-08, 1.27e-07, 4.37e-08, 8.48e-07, 7.85e-08]    []  
STEP 68000 BETA 1.00006735
69000     [1.14e-06, 1.19e-06, 1.00e-06, 5.59e-07, 8.48e-07, 1.82e-07, 8.03e-08, 1.22e-08, 3.73e-08, 8.32e-07, 1.07e-08]    [1.14e-06, 1.19e-06, 1.00e-06, 5.59e-07, 8.48e-07, 1.82e-07, 8.03e-08, 1.22e-08, 3.73e-08, 8.32e-07, 1.07e-08]    []  
STEP 69000 BETA 1.00004625
70000     [4.73e-06, 8.66e-06, 5.83e-06, 6.11e-06, 3.55e-06, 1.47e-06, 8.11e-07, 6.72e-07, 1.31e-06, 1.62e-06, 8.56e-07]    [4.73e-06, 8.66e-06, 5.83e-06, 6.11e-06, 3.55e-06, 1.47e-06, 8.11e-07, 6.72e-07, 1.31e-06, 1.62e-06, 8.56e-07]    []  
STEP 70000 BETA 1.00006115
71000     [1.11e-05, 1.92e-05, 1.30e-05, 9.97e-06, 7.32e-06, 2.81e-07, 7.82e-07, 1.05e-05, 3.62e-07, 3.16e-06, 5.31e-06]    [1.11e-05, 1.92e-05, 1.30e-05, 9.97e-06, 7.32e-06, 2.81e-07, 7.82e-07, 1.05e-05, 3.62e-07, 3.16e-06, 5.31e-06]    []  
STEP 71000 BETA 1.00009334
72000     [2.93e-06, 7.16e-06, 4.13e-06, 5.21e-06, 1.04e-06, 3.16e-07, 8.91e-08, 9.27e-08, 6.41e-08, 7.93e-07, 6.58e-08]    [2.93e-06, 7.16e-06, 4.13e-06, 5.21e-06, 1.04e-06, 3.16e-07, 8.91e-08, 9.27e-08, 6.41e-08, 7.93e-07, 6.58e-08]    []  
STEP 72000 BETA 0.99999034
73000     [1.23e-06, 1.19e-06, 1.09e-06, 5.80e-07, 8.50e-07, 1.71e-07, 1.59e-07, 3.21e-08, 1.37e-07, 7.80e-07, 7.88e-08]    [1.23e-06, 1.19e-06, 1.09e-06, 5.80e-07, 8.50e-07, 1.71e-07, 1.59e-07, 3.21e-08, 1.37e-07, 7.80e-07, 7.88e-08]    []  
STEP 73000 BETA 1.00005555
74000     [1.37e-05, 2.42e-05, 1.71e-05, 1.48e-05, 3.27e-06, 7.36e-07, 8.62e-08, 3.81e-06, 2.22e-07, 2.10e-06, 1.96e-06]    [1.37e-05, 2.42e-05, 1.71e-05, 1.48e-05, 3.27e-06, 7.36e-07, 8.62e-08, 3.81e-06, 2.22e-07, 2.10e-06, 1.96e-06]    []  
STEP 74000 BETA 1.00006604
75000     [1.06e-06, 1.07e-06, 9.57e-07, 5.47e-07, 6.35e-07, 1.44e-07, 6.43e-08, 6.93e-08, 3.73e-08, 7.56e-07, 4.21e-08]    [1.06e-06, 1.07e-06, 9.57e-07, 5.47e-07, 6.35e-07, 1.44e-07, 6.43e-08, 6.93e-08, 3.73e-08, 7.56e-07, 4.21e-08]    []  
STEP 75000 BETA 0.99996167
76000     [9.00e-06, 7.71e-06, 6.24e-06, 4.53e-06, 6.01e-06, 4.70e-06, 1.29e-06, 1.12e-07, 1.07e-06, 2.02e-06, 5.79e-07]    [9.00e-06, 7.71e-06, 6.24e-06, 4.53e-06, 6.01e-06, 4.70e-06, 1.29e-06, 1.12e-07, 1.07e-06, 2.02e-06, 5.79e-07]    []  
STEP 76000 BETA 0.99994445
77000     [1.14e-06, 1.04e-06, 9.71e-07, 5.25e-07, 6.54e-07, 2.66e-07, 6.51e-08, 2.38e-08, 5.02e-08, 7.96e-07, 1.77e-08]    [1.14e-06, 1.04e-06, 9.71e-07, 5.25e-07, 6.54e-07, 2.66e-07, 6.51e-08, 2.38e-08, 5.02e-08, 7.96e-07, 1.77e-08]    []  
STEP 77000 BETA 0.99999505
78000     [1.30e-06, 1.18e-06, 1.14e-06, 6.28e-07, 7.27e-07, 1.68e-07, 1.00e-07, 1.26e-07, 5.98e-08, 7.31e-07, 8.73e-08]    [1.30e-06, 1.18e-06, 1.14e-06, 6.28e-07, 7.27e-07, 1.68e-07, 1.00e-07, 1.26e-07, 5.98e-08, 7.31e-07, 8.73e-08]    []  
STEP 78000 BETA 1.00006235
79000     [1.20e-06, 1.46e-06, 1.20e-06, 6.81e-07, 7.19e-07, 1.21e-07, 1.03e-07, 2.21e-07, 1.05e-07, 7.52e-07, 1.58e-07]    [1.20e-06, 1.46e-06, 1.20e-06, 6.81e-07, 7.19e-07, 1.21e-07, 1.03e-07, 2.21e-07, 1.05e-07, 7.52e-07, 1.58e-07]    []  
STEP 79000 BETA 1.00003242
80000     [2.04e-06, 1.87e-06, 1.99e-06, 2.35e-06, 8.58e-07, 3.91e-07, 1.04e-07, 1.45e-06, 6.24e-08, 1.09e-06, 7.68e-07]    [2.04e-06, 1.87e-06, 1.99e-06, 2.35e-06, 8.58e-07, 3.91e-07, 1.04e-07, 1.45e-06, 6.24e-08, 1.09e-06, 7.68e-07]    []  
STEP 80000 BETA 0.99999225
81000     [1.96e-06, 3.83e-06, 3.05e-06, 2.54e-06, 2.44e-06, 1.61e-07, 4.98e-07, 8.74e-07, 6.18e-07, 1.07e-06, 7.44e-07]    [1.96e-06, 3.83e-06, 3.05e-06, 2.54e-06, 2.44e-06, 1.61e-07, 4.98e-07, 8.74e-07, 6.18e-07, 1.07e-06, 7.44e-07]    []  
STEP 81000 BETA 1.00003064
82000     [1.63e-06, 3.08e-06, 2.76e-06, 2.67e-06, 1.06e-06, 1.39e-07, 3.98e-07, 5.25e-07, 4.15e-07, 9.64e-07, 4.64e-07]    [1.63e-06, 3.08e-06, 2.76e-06, 2.67e-06, 1.06e-06, 1.39e-07, 3.98e-07, 5.25e-07, 4.15e-07, 9.64e-07, 4.64e-07]    []  
STEP 82000 BETA 0.99997574
83000     [1.32e-06, 2.04e-06, 1.42e-06, 1.23e-06, 5.77e-07, 1.32e-07, 7.87e-08, 1.21e-07, 4.84e-08, 7.45e-07, 7.16e-08]    [1.32e-06, 2.04e-06, 1.42e-06, 1.23e-06, 5.77e-07, 1.32e-07, 7.87e-08, 1.21e-07, 4.84e-08, 7.45e-07, 7.16e-08]    []  
STEP 83000 BETA 1.00001395
84000     [1.71e-06, 2.32e-06, 1.84e-06, 9.84e-07, 1.06e-06, 1.19e-07, 1.93e-07, 3.73e-07, 1.35e-07, 7.83e-07, 2.51e-07]    [1.71e-06, 2.32e-06, 1.84e-06, 9.84e-07, 1.06e-06, 1.19e-07, 1.93e-07, 3.73e-07, 1.35e-07, 7.83e-07, 2.51e-07]    []  
STEP 84000 BETA 1.00005877
85000     [4.89e-06, 9.68e-06, 5.04e-06, 5.66e-06, 3.42e-06, 2.13e-06, 2.66e-07, 7.79e-08, 3.70e-07, 1.32e-06, 2.24e-07]    [4.89e-06, 9.68e-06, 5.04e-06, 5.66e-06, 3.42e-06, 2.13e-06, 2.66e-07, 7.79e-08, 3.70e-07, 1.32e-06, 2.24e-07]    []  
STEP 85000 BETA 1.00000250
86000     [2.08e-06, 3.47e-06, 1.90e-06, 1.77e-06, 9.32e-07, 4.14e-07, 8.61e-08, 9.36e-08, 1.37e-07, 8.39e-07, 9.22e-08]    [2.08e-06, 3.47e-06, 1.90e-06, 1.77e-06, 9.32e-07, 4.14e-07, 8.61e-08, 9.36e-08, 1.37e-07, 8.39e-07, 9.22e-08]    []  
STEP 86000 BETA 0.99996567
87000     [1.78e-06, 2.52e-06, 1.79e-06, 1.18e-06, 1.40e-06, 4.21e-07, 1.51e-07, 5.83e-08, 1.59e-07, 7.34e-07, 1.03e-07]    [1.78e-06, 2.52e-06, 1.79e-06, 1.18e-06, 1.40e-06, 4.21e-07, 1.51e-07, 5.83e-08, 1.59e-07, 7.34e-07, 1.03e-07]    []  
STEP 87000 BETA 1.00003624
88000     [9.56e-07, 9.89e-07, 8.82e-07, 5.96e-07, 4.19e-07, 1.24e-07, 4.58e-08, 8.46e-08, 3.23e-08, 7.23e-07, 3.80e-08]    [9.56e-07, 9.89e-07, 8.82e-07, 5.96e-07, 4.19e-07, 1.24e-07, 4.58e-08, 8.46e-08, 3.23e-08, 7.23e-07, 3.80e-08]    []  
STEP 88000 BETA 0.99999362
89000     [4.68e-06, 3.76e-06, 4.02e-06, 4.17e-06, 2.34e-06, 3.23e-06, 2.08e-07, 5.24e-07, 2.38e-07, 1.64e-06, 3.70e-07]    [4.68e-06, 3.76e-06, 4.02e-06, 4.17e-06, 2.34e-06, 3.23e-06, 2.08e-07, 5.24e-07, 2.38e-07, 1.64e-06, 3.70e-07]    []  
STEP 89000 BETA 0.99996287
90000     [8.79e-07, 8.65e-07, 8.08e-07, 4.57e-07, 3.67e-07, 1.07e-07, 4.42e-08, 2.11e-08, 3.11e-08, 6.76e-07, 9.19e-09]    [8.79e-07, 8.65e-07, 8.08e-07, 4.57e-07, 3.67e-07, 1.07e-07, 4.42e-08, 2.11e-08, 3.11e-08, 6.76e-07, 9.19e-09]    []  
STEP 90000 BETA 0.99990630
91000     [8.74e-07, 9.20e-07, 8.46e-07, 5.40e-07, 3.58e-07, 1.07e-07, 5.45e-08, 2.09e-08, 4.02e-08, 6.57e-07, 1.63e-08]    [8.74e-07, 9.20e-07, 8.46e-07, 5.40e-07, 3.58e-07, 1.07e-07, 5.45e-08, 2.09e-08, 4.02e-08, 6.57e-07, 1.63e-08]    []  
STEP 91000 BETA 0.99992448
92000     [1.42e-06, 1.93e-06, 1.76e-06, 1.20e-06, 6.67e-07, 2.82e-07, 1.35e-07, 5.99e-08, 9.29e-08, 7.38e-07, 5.69e-08]    [1.42e-06, 1.93e-06, 1.76e-06, 1.20e-06, 6.67e-07, 2.82e-07, 1.35e-07, 5.99e-08, 9.29e-08, 7.38e-07, 5.69e-08]    []  
STEP 92000 BETA 0.99997211
93000     [5.86e-06, 7.34e-06, 3.94e-06, 2.87e-06, 5.70e-06, 8.39e-07, 7.22e-07, 3.60e-06, 8.27e-07, 1.28e-06, 2.20e-06]    [5.86e-06, 7.34e-06, 3.94e-06, 2.87e-06, 5.70e-06, 8.39e-07, 7.22e-07, 3.60e-06, 8.27e-07, 1.28e-06, 2.20e-06]    []  
STEP 93000 BETA 1.00000000
94000     [1.41e-06, 3.04e-06, 2.15e-06, 2.05e-06, 6.92e-07, 3.76e-07, 8.69e-08, 3.15e-08, 6.99e-08, 7.01e-07, 2.98e-08]    [1.41e-06, 3.04e-06, 2.15e-06, 2.05e-06, 6.92e-07, 3.76e-07, 8.69e-08, 3.15e-08, 6.99e-08, 7.01e-07, 2.98e-08]    []  
STEP 94000 BETA 0.99993932
95000     [1.51e-06, 1.15e-06, 1.53e-06, 7.59e-07, 5.05e-07, 1.76e-07, 8.31e-08, 1.93e-07, 8.78e-08, 7.44e-07, 1.22e-07]    [1.51e-06, 1.15e-06, 1.53e-06, 7.59e-07, 5.05e-07, 1.76e-07, 8.31e-08, 1.93e-07, 8.78e-08, 7.44e-07, 1.22e-07]    []  
STEP 95000 BETA 1.00000060
96000     [2.25e-06, 5.71e-06, 3.24e-06, 5.20e-06, 5.51e-07, 1.14e-07, 1.32e-07, 1.09e-07, 4.56e-08, 7.42e-07, 5.82e-08]    [2.25e-06, 5.71e-06, 3.24e-06, 5.20e-06, 5.51e-07, 1.14e-07, 1.32e-07, 1.09e-07, 4.56e-08, 7.42e-07, 5.82e-08]    []  
STEP 96000 BETA 1.00003505
97000     [5.65e-06, 1.16e-05, 1.28e-05, 7.50e-06, 1.95e-06, 1.03e-07, 2.82e-07, 3.50e-06, 1.26e-07, 1.46e-06, 1.78e-06]    [5.65e-06, 1.16e-05, 1.28e-05, 7.50e-06, 1.95e-06, 1.03e-07, 2.82e-07, 3.50e-06, 1.26e-07, 1.46e-06, 1.78e-06]    []  
STEP 97000 BETA 1.00000262
98000     [1.42e-06, 1.41e-06, 1.40e-06, 9.07e-07, 4.69e-07, 9.48e-08, 7.57e-08, 4.90e-07, 5.46e-08, 7.00e-07, 2.66e-07]    [1.42e-06, 1.41e-06, 1.40e-06, 9.07e-07, 4.69e-07, 9.48e-08, 7.57e-08, 4.90e-07, 5.46e-08, 7.00e-07, 2.66e-07]    []  
STEP 98000 BETA 0.99995625
99000     [8.08e-07, 7.92e-07, 7.52e-07, 4.27e-07, 2.42e-07, 8.70e-08, 4.24e-08, 1.13e-08, 3.17e-08, 6.12e-07, 5.14e-09]    [8.08e-07, 7.92e-07, 7.52e-07, 4.27e-07, 2.42e-07, 8.70e-08, 4.24e-08, 1.13e-08, 3.17e-08, 6.12e-07, 5.14e-09]    []  
STEP 99000 BETA 0.99991292
100000    [1.76e-06, 2.14e-06, 1.14e-06, 1.35e-06, 1.21e-06, 2.33e-07, 4.82e-07, 3.59e-07, 4.58e-07, 7.62e-07, 4.13e-07]    [1.76e-06, 2.14e-06, 1.14e-06, 1.35e-06, 1.21e-06, 2.33e-07, 4.82e-07, 3.59e-07, 4.58e-07, 7.62e-07, 4.13e-07]    []  
STEP 100000 BETA 1.00007510
101000    [1.25e-06, 1.52e-06, 1.28e-06, 1.35e-06, 3.43e-07, 4.43e-07, 5.26e-08, 1.25e-07, 4.17e-08, 7.11e-07, 7.13e-08]    [1.25e-06, 1.52e-06, 1.28e-06, 1.35e-06, 3.43e-07, 4.43e-07, 5.26e-08, 1.25e-07, 4.17e-08, 7.11e-07, 7.13e-08]    []  
STEP 101000 BETA 0.99986154
102000    [8.49e-07, 1.08e-06, 8.26e-07, 5.85e-07, 2.47e-07, 8.03e-08, 4.14e-08, 1.06e-08, 3.50e-08, 6.03e-07, 7.89e-09]    [8.49e-07, 1.08e-06, 8.26e-07, 5.85e-07, 2.47e-07, 8.03e-08, 4.14e-08, 1.06e-08, 3.50e-08, 6.03e-07, 7.89e-09]    []  
STEP 102000 BETA 0.99998456
103000    [9.76e-06, 8.43e-06, 8.47e-06, 7.09e-06, 3.72e-06, 1.37e-07, 2.78e-07, 5.12e-06, 1.94e-07, 1.75e-06, 2.60e-06]    [9.76e-06, 8.43e-06, 8.47e-06, 7.09e-06, 3.72e-06, 1.37e-07, 2.78e-07, 5.12e-06, 1.94e-07, 1.75e-06, 2.60e-06]    []  
STEP 103000 BETA 0.99993426
104000    [7.82e-07, 9.12e-07, 1.49e-06, 6.48e-07, 3.11e-07, 1.01e-07, 6.04e-08, 1.34e-08, 3.91e-08, 5.92e-07, 1.02e-08]    [7.82e-07, 9.12e-07, 1.49e-06, 6.48e-07, 3.11e-07, 1.01e-07, 6.04e-08, 1.34e-08, 3.91e-08, 5.92e-07, 1.02e-08]    []  
STEP 104000 BETA 1.00001967
105000    [9.37e-07, 1.02e-06, 9.14e-07, 7.20e-07, 2.22e-07, 1.04e-07, 5.24e-08, 1.17e-07, 3.24e-08, 5.88e-07, 6.65e-08]    [9.37e-07, 1.02e-06, 9.14e-07, 7.20e-07, 2.22e-07, 1.04e-07, 5.24e-08, 1.17e-07, 3.24e-08, 5.88e-07, 6.65e-08]    []  
STEP 105000 BETA 0.99993044
106000    [9.07e-07, 1.26e-06, 1.04e-06, 6.43e-07, 2.66e-07, 1.02e-07, 4.79e-08, 8.95e-08, 4.54e-08, 5.95e-07, 5.69e-08]    [9.07e-07, 1.26e-06, 1.04e-06, 6.43e-07, 2.66e-07, 1.02e-07, 4.79e-08, 8.95e-08, 4.54e-08, 5.95e-07, 5.69e-08]    []  
STEP 106000 BETA 1.00001335
107000    [2.76e-06, 2.74e-06, 2.53e-06, 2.66e-06, 7.26e-07, 1.81e-06, 1.56e-07, 1.09e-06, 1.31e-07, 1.42e-06, 6.14e-07]    [2.76e-06, 2.74e-06, 2.53e-06, 2.66e-06, 7.26e-07, 1.81e-06, 1.56e-07, 1.09e-06, 1.31e-07, 1.42e-06, 6.14e-07]    []  
STEP 107000 BETA 0.99992162
108000    [2.18e-06, 1.50e-06, 1.76e-06, 1.35e-06, 6.91e-07, 7.87e-08, 1.10e-07, 1.03e-06, 9.95e-08, 7.71e-07, 5.65e-07]    [2.18e-06, 1.50e-06, 1.76e-06, 1.35e-06, 6.91e-07, 7.87e-08, 1.10e-07, 1.03e-06, 9.95e-08, 7.71e-07, 5.65e-07]    []  
STEP 108000 BETA 0.99997503
109000    [6.29e-06, 1.29e-05, 5.67e-06, 5.42e-06, 2.87e-06, 1.69e-06, 2.01e-07, 3.08e-07, 2.80e-07, 1.23e-06, 2.86e-07]    [6.29e-06, 1.29e-05, 5.67e-06, 5.42e-06, 2.87e-06, 1.69e-06, 2.01e-07, 3.08e-07, 2.80e-07, 1.23e-06, 2.86e-07]    []  
STEP 109000 BETA 1.00000846
110000    [2.56e-06, 4.27e-06, 2.90e-06, 2.25e-06, 5.95e-07, 4.97e-07, 4.78e-08, 1.02e-06, 1.07e-07, 9.64e-07, 5.12e-07]    [2.56e-06, 4.27e-06, 2.90e-06, 2.25e-06, 5.95e-07, 4.97e-07, 4.78e-08, 1.02e-06, 1.07e-07, 9.64e-07, 5.12e-07]    []  
STEP 110000 BETA 0.99992830
111000    [4.86e-06, 1.06e-05, 3.98e-06, 4.53e-06, 2.77e-06, 1.92e-06, 3.39e-07, 8.29e-08, 3.15e-07, 9.76e-07, 1.98e-07]    [4.86e-06, 1.06e-05, 3.98e-06, 4.53e-06, 2.77e-06, 1.92e-06, 3.39e-07, 8.29e-08, 3.15e-07, 9.76e-07, 1.98e-07]    []  
STEP 111000 BETA 0.99987531
112000    [7.32e-07, 7.69e-07, 7.42e-07, 4.23e-07, 1.91e-07, 6.82e-08, 4.25e-08, 1.66e-08, 3.50e-08, 5.43e-07, 7.03e-09]    [7.32e-07, 7.69e-07, 7.42e-07, 4.23e-07, 1.91e-07, 6.82e-08, 4.25e-08, 1.66e-08, 3.50e-08, 5.43e-07, 7.03e-09]    []  
STEP 112000 BETA 0.99999028
113000    [9.16e-07, 1.29e-06, 1.03e-06, 7.56e-07, 1.77e-07, 2.92e-07, 4.39e-08, 3.27e-07, 3.38e-08, 6.60e-07, 1.71e-07]    [9.16e-07, 1.29e-06, 1.03e-06, 7.56e-07, 1.77e-07, 2.92e-07, 4.39e-08, 3.27e-07, 3.38e-08, 6.60e-07, 1.71e-07]    []  
STEP 113000 BETA 0.99998045
114000    [1.19e-06, 1.07e-06, 1.23e-06, 6.55e-07, 3.59e-07, 1.08e-07, 4.87e-08, 2.42e-07, 5.14e-08, 5.77e-07, 1.37e-07]    [1.19e-06, 1.07e-06, 1.23e-06, 6.55e-07, 3.59e-07, 1.08e-07, 4.87e-08, 2.42e-07, 5.14e-08, 5.77e-07, 1.37e-07]    []  
STEP 114000 BETA 0.99994504
115000    [9.24e-07, 1.23e-06, 1.04e-06, 9.88e-07, 2.17e-07, 7.00e-08, 4.50e-08, 4.14e-08, 3.00e-08, 5.28e-07, 2.38e-08]    [9.24e-07, 1.23e-06, 1.04e-06, 9.88e-07, 2.17e-07, 7.00e-08, 4.50e-08, 4.14e-08, 3.00e-08, 5.28e-07, 2.38e-08]    []  
STEP 115000 BETA 0.99989682
116000    [3.27e-06, 5.88e-06, 3.68e-06, 2.99e-06, 6.55e-07, 1.49e-07, 6.75e-08, 7.21e-07, 3.67e-08, 7.43e-07, 3.39e-07]    [3.27e-06, 5.88e-06, 3.68e-06, 2.99e-06, 6.55e-07, 1.49e-07, 6.75e-08, 7.21e-07, 3.67e-08, 7.43e-07, 3.39e-07]    []  
STEP 116000 BETA 0.99989450
117000    [1.85e-06, 1.65e-06, 1.12e-06, 1.70e-06, 6.57e-07, 1.48e-06, 1.24e-07, 5.89e-07, 1.25e-07, 1.00e-06, 3.39e-07]    [1.85e-06, 1.65e-06, 1.12e-06, 1.70e-06, 6.57e-07, 1.48e-06, 1.24e-07, 5.89e-07, 1.25e-07, 1.00e-06, 3.39e-07]    []  
STEP 117000 BETA 1.00001454
118000    [8.73e-07, 1.03e-06, 8.41e-07, 5.84e-07, 1.82e-07, 7.20e-08, 1.07e-07, 3.52e-08, 9.56e-08, 5.66e-07, 3.19e-08]    [8.73e-07, 1.03e-06, 8.41e-07, 5.84e-07, 1.82e-07, 7.20e-08, 1.07e-07, 3.52e-08, 9.56e-08, 5.66e-07, 3.19e-08]    []  
STEP 118000 BETA 1.00041473
119000    [9.37e-07, 8.14e-07, 8.97e-07, 5.60e-07, 2.61e-07, 2.42e-07, 4.19e-08, 1.14e-07, 4.20e-08, 5.92e-07, 6.51e-08]    [9.37e-07, 8.14e-07, 8.97e-07, 5.60e-07, 2.61e-07, 2.42e-07, 4.19e-08, 1.14e-07, 4.20e-08, 5.92e-07, 6.51e-08]    []  
STEP 119000 BETA 0.99995953
120000    [7.86e-07, 1.03e-06, 8.50e-07, 5.78e-07, 1.95e-07, 1.10e-07, 3.92e-08, 9.41e-09, 3.56e-08, 5.07e-07, 7.56e-09]    [7.86e-07, 1.03e-06, 8.50e-07, 5.78e-07, 1.95e-07, 1.10e-07, 3.92e-08, 9.41e-09, 3.56e-08, 5.07e-07, 7.56e-09]    []  
STEP 120000 BETA 0.99995083
121000    [7.38e-07, 8.97e-07, 8.78e-07, 5.38e-07, 1.54e-07, 7.46e-08, 3.87e-08, 1.83e-08, 3.00e-08, 4.93e-07, 8.62e-09]    [7.38e-07, 8.97e-07, 8.78e-07, 5.38e-07, 1.54e-07, 7.46e-08, 3.87e-08, 1.83e-08, 3.00e-08, 4.93e-07, 8.62e-09]    []  
STEP 121000 BETA 0.99992085
122000    [1.75e-06, 1.25e-06, 1.42e-06, 1.20e-06, 6.84e-07, 7.11e-08, 7.25e-08, 1.12e-06, 6.16e-08, 7.68e-07, 5.57e-07]    [1.75e-06, 1.25e-06, 1.42e-06, 1.20e-06, 6.84e-07, 7.11e-08, 7.25e-08, 1.12e-06, 6.16e-08, 7.68e-07, 5.57e-07]    []  
STEP 122000 BETA 0.99995369
123000    [2.37e-06, 1.35e-06, 1.91e-06, 1.27e-06, 6.10e-07, 7.50e-08, 4.83e-08, 1.02e-06, 3.86e-08, 7.30e-07, 5.07e-07]    [2.37e-06, 1.35e-06, 1.91e-06, 1.27e-06, 6.10e-07, 7.50e-08, 4.83e-08, 1.02e-06, 3.86e-08, 7.30e-07, 5.07e-07]    []  
STEP 123000 BETA 0.99992883
124000    [1.22e-06, 1.36e-06, 1.36e-06, 1.01e-06, 2.60e-07, 7.30e-08, 6.12e-08, 8.41e-08, 6.44e-08, 4.96e-07, 6.09e-08]    [1.22e-06, 1.36e-06, 1.36e-06, 1.01e-06, 2.60e-07, 7.30e-08, 6.12e-08, 8.41e-08, 6.44e-08, 4.96e-07, 6.09e-08]    []  
STEP 124000 BETA 0.99993467
125000    [6.16e-07, 5.96e-07, 6.43e-07, 3.61e-07, 1.38e-07, 5.70e-08, 3.57e-08, 6.01e-09, 2.80e-08, 4.66e-07, 3.82e-09]    [6.16e-07, 5.96e-07, 6.43e-07, 3.61e-07, 1.38e-07, 5.70e-08, 3.57e-08, 6.01e-09, 2.80e-08, 4.66e-07, 3.82e-09]    []  
STEP 125000 BETA 0.99992567
126000    [3.94e-06, 7.22e-06, 2.96e-06, 3.86e-06, 1.24e-06, 8.87e-07, 1.41e-07, 2.08e-06, 1.88e-07, 1.28e-06, 1.14e-06]    [3.94e-06, 7.22e-06, 2.96e-06, 3.86e-06, 1.24e-06, 8.87e-07, 1.41e-07, 2.08e-06, 1.88e-07, 1.28e-06, 1.14e-06]    []  
STEP 126000 BETA 0.99991602
127000    [7.46e-07, 8.08e-07, 7.98e-07, 7.04e-07, 1.46e-07, 1.28e-07, 3.62e-08, 1.59e-07, 2.99e-08, 5.32e-07, 7.55e-08]    [7.46e-07, 8.08e-07, 7.98e-07, 7.04e-07, 1.46e-07, 1.28e-07, 3.62e-08, 1.59e-07, 2.99e-08, 5.32e-07, 7.55e-08]    []  
STEP 127000 BETA 0.99990749
128000    [9.54e-07, 1.83e-06, 1.28e-06, 8.59e-07, 2.57e-07, 9.42e-08, 1.02e-07, 1.10e-08, 5.99e-08, 4.85e-07, 2.23e-08]    [9.54e-07, 1.83e-06, 1.28e-06, 8.59e-07, 2.57e-07, 9.42e-08, 1.02e-07, 1.10e-08, 5.99e-08, 4.85e-07, 2.23e-08]    []  
STEP 128000 BETA 1.00003564
129000    [6.84e-07, 6.58e-07, 7.16e-07, 4.97e-07, 1.41e-07, 1.02e-07, 3.56e-08, 8.68e-08, 2.91e-08, 4.74e-07, 4.89e-08]    [6.84e-07, 6.58e-07, 7.16e-07, 4.97e-07, 1.41e-07, 1.02e-07, 3.56e-08, 8.68e-08, 2.91e-08, 4.74e-07, 4.89e-08]    []  
STEP 129000 BETA 0.99994820
130000    [1.10e-06, 1.26e-06, 9.49e-07, 5.78e-07, 2.48e-07, 1.22e-07, 4.10e-08, 1.08e-07, 4.57e-08, 4.93e-07, 5.82e-08]    [1.10e-06, 1.26e-06, 9.49e-07, 5.78e-07, 2.48e-07, 1.22e-07, 4.10e-08, 1.08e-07, 4.57e-08, 4.93e-07, 5.82e-08]    []  
STEP 130000 BETA 0.99994618
131000    [6.55e-06, 1.94e-05, 1.04e-05, 1.07e-05, 8.20e-07, 2.09e-07, 1.35e-07, 5.98e-07, 5.16e-08, 6.37e-07, 2.85e-07]    [6.55e-06, 1.94e-05, 1.04e-05, 1.07e-05, 8.20e-07, 2.09e-07, 1.35e-07, 5.98e-07, 5.16e-08, 6.37e-07, 2.85e-07]    []  
STEP 131000 BETA 0.99984342
132000    [9.85e-07, 8.70e-07, 9.79e-07, 6.85e-07, 2.17e-07, 1.42e-07, 3.42e-08, 2.15e-07, 3.33e-08, 5.22e-07, 1.03e-07]    [9.85e-07, 8.70e-07, 9.79e-07, 6.85e-07, 2.17e-07, 1.42e-07, 3.42e-08, 2.15e-07, 3.33e-08, 5.22e-07, 1.03e-07]    []  
STEP 132000 BETA 0.99995458
133000    [9.25e-07, 1.25e-06, 9.34e-07, 6.33e-07, 1.92e-07, 7.45e-08, 3.57e-08, 6.96e-08, 3.36e-08, 4.43e-07, 3.28e-08]    [9.25e-07, 1.25e-06, 9.34e-07, 6.33e-07, 1.92e-07, 7.45e-08, 3.57e-08, 6.96e-08, 3.36e-08, 4.43e-07, 3.28e-08]    []  
STEP 133000 BETA 0.99990952
134000    [2.28e-06, 2.00e-06, 2.01e-06, 1.34e-06, 4.27e-07, 2.90e-07, 3.53e-08, 8.71e-07, 5.43e-08, 7.61e-07, 4.31e-07]    [2.28e-06, 2.00e-06, 2.01e-06, 1.34e-06, 4.27e-07, 2.90e-07, 3.53e-08, 8.71e-07, 5.43e-08, 7.61e-07, 4.31e-07]    []  
STEP 134000 BETA 0.99987042
135000    [7.61e-07, 1.06e-06, 9.64e-07, 5.77e-07, 3.24e-07, 9.86e-08, 6.13e-08, 1.01e-07, 5.01e-08, 4.32e-07, 6.78e-08]    [7.61e-07, 1.06e-06, 9.64e-07, 5.77e-07, 3.24e-07, 9.86e-08, 6.13e-08, 1.01e-07, 5.01e-08, 4.32e-07, 6.78e-08]    []  
STEP 135000 BETA 0.99995077
136000    [5.56e-07, 5.34e-07, 6.04e-07, 3.35e-07, 1.16e-07, 5.05e-08, 3.23e-08, 4.07e-09, 2.62e-08, 4.28e-07, 3.61e-09]    [5.56e-07, 5.34e-07, 6.04e-07, 3.35e-07, 1.16e-07, 5.05e-08, 3.23e-08, 4.07e-09, 2.62e-08, 4.28e-07, 3.61e-09]    []  
STEP 136000 BETA 0.99984783
137000    [1.93e-06, 3.16e-06, 1.81e-06, 1.68e-06, 1.00e-06, 6.18e-07, 1.17e-07, 1.03e-08, 1.10e-07, 5.31e-07, 5.44e-08]    [1.93e-06, 3.16e-06, 1.81e-06, 1.68e-06, 1.00e-06, 6.18e-07, 1.17e-07, 1.03e-08, 1.10e-07, 5.31e-07, 5.44e-08]    []  
STEP 137000 BETA 0.99991798
138000    [2.13e-06, 1.98e-06, 1.79e-06, 1.22e-06, 4.63e-07, 1.38e-07, 5.70e-08, 7.05e-07, 8.95e-08, 6.50e-07, 3.63e-07]    [2.13e-06, 1.98e-06, 1.79e-06, 1.22e-06, 4.63e-07, 1.38e-07, 5.70e-08, 7.05e-07, 8.95e-08, 6.50e-07, 3.63e-07]    []  
STEP 138000 BETA 0.99988687
139000    [7.32e-07, 7.88e-07, 7.92e-07, 5.93e-07, 1.58e-07, 1.05e-07, 3.53e-08, 6.45e-08, 3.20e-08, 4.31e-07, 3.59e-08]    [7.32e-07, 7.88e-07, 7.92e-07, 5.93e-07, 1.58e-07, 1.05e-07, 3.53e-08, 6.45e-08, 3.20e-08, 4.31e-07, 3.59e-08]    []  
STEP 139000 BETA 0.99991173
140000    [5.74e-07, 5.51e-07, 6.09e-07, 3.41e-07, 1.21e-07, 5.41e-08, 3.24e-08, 8.24e-09, 2.95e-08, 4.00e-07, 6.00e-09]    [5.74e-07, 5.51e-07, 6.09e-07, 3.41e-07, 1.21e-07, 5.41e-08, 3.24e-08, 8.24e-09, 2.95e-08, 4.00e-07, 6.00e-09]    []  
STEP 140000 BETA 0.99992657
141000    [2.20e-06, 1.89e-06, 1.87e-06, 1.05e-06, 3.94e-07, 1.33e-07, 3.02e-08, 6.68e-07, 3.43e-08, 6.13e-07, 3.41e-07]    [2.20e-06, 1.89e-06, 1.87e-06, 1.05e-06, 3.94e-07, 1.33e-07, 3.02e-08, 6.68e-07, 3.43e-08, 6.13e-07, 3.41e-07]    []  
STEP 141000 BETA 0.99994153
142000    [8.55e-06, 2.27e-05, 8.72e-06, 9.84e-06, 3.08e-06, 1.18e-06, 3.92e-07, 1.33e-07, 8.61e-07, 1.06e-06, 4.71e-07]    [8.55e-06, 2.27e-05, 8.72e-06, 9.84e-06, 3.08e-06, 1.18e-06, 3.92e-07, 1.33e-07, 8.61e-07, 1.06e-06, 4.71e-07]    []  
STEP 142000 BETA 0.99987566
143000    [8.32e-06, 2.03e-05, 7.63e-06, 7.22e-06, 1.63e-06, 4.21e-07, 6.63e-08, 5.58e-07, 2.51e-07, 7.19e-07, 3.83e-07]    [8.32e-06, 2.03e-05, 7.63e-06, 7.22e-06, 1.63e-06, 4.21e-07, 6.63e-08, 5.58e-07, 2.51e-07, 7.19e-07, 3.83e-07]    []  
STEP 143000 BETA 0.99980927
144000    [6.54e-07, 6.94e-07, 6.46e-07, 5.40e-07, 1.68e-07, 9.97e-08, 3.47e-08, 6.79e-09, 3.23e-08, 3.97e-07, 6.57e-09]    [6.54e-07, 6.94e-07, 6.46e-07, 5.40e-07, 1.68e-07, 9.97e-08, 3.47e-08, 6.79e-09, 3.23e-08, 3.97e-07, 6.57e-09]    []  
STEP 144000 BETA 0.99994600
145000    [4.35e-06, 4.10e-06, 3.12e-06, 3.64e-06, 1.94e-06, 5.24e-08, 4.62e-07, 2.29e-06, 4.90e-07, 1.07e-06, 1.34e-06]    [4.35e-06, 4.10e-06, 3.12e-06, 3.64e-06, 1.94e-06, 5.24e-08, 4.62e-07, 2.29e-06, 4.90e-07, 1.07e-06, 1.34e-06]    []  
STEP 145000 BETA 0.99992490
146000    [1.26e-06, 2.80e-06, 1.39e-06, 1.25e-06, 2.84e-07, 1.40e-07, 6.40e-08, 1.40e-08, 4.86e-08, 3.87e-07, 1.93e-08]    [1.26e-06, 2.80e-06, 1.39e-06, 1.25e-06, 2.84e-07, 1.40e-07, 6.40e-08, 1.40e-08, 4.86e-08, 3.87e-07, 1.93e-08]    []  
STEP 146000 BETA 0.99991971
147000    [5.86e-07, 9.08e-07, 9.49e-07, 7.53e-07, 1.25e-07, 9.54e-08, 3.99e-08, 6.85e-09, 3.55e-08, 3.82e-07, 8.65e-09]    [5.86e-07, 9.08e-07, 9.49e-07, 7.53e-07, 1.25e-07, 9.54e-08, 3.99e-08, 6.85e-09, 3.55e-08, 3.82e-07, 8.65e-09]    []  
STEP 147000 BETA 0.99991387
148000    [6.69e-07, 9.79e-07, 7.43e-07, 5.17e-07, 1.22e-07, 4.58e-08, 3.24e-08, 1.08e-08, 3.04e-08, 3.63e-07, 9.48e-09]    [6.69e-07, 9.79e-07, 7.43e-07, 5.17e-07, 1.22e-07, 4.58e-08, 3.24e-08, 1.08e-08, 3.04e-08, 3.63e-07, 9.48e-09]    []  
STEP 148000 BETA 0.99983424
149000    [9.11e-07, 1.06e-06, 6.66e-07, 5.23e-07, 1.45e-07, 3.75e-07, 6.74e-08, 1.92e-07, 7.24e-08, 5.10e-07, 1.15e-07]    [9.11e-07, 1.06e-06, 6.66e-07, 5.23e-07, 1.45e-07, 3.75e-07, 6.74e-08, 1.92e-07, 7.24e-08, 5.10e-07, 1.15e-07]    []  
STEP 149000 BETA 1.00002146
150000    [3.78e-06, 6.36e-06, 3.28e-06, 2.94e-06, 9.82e-07, 1.04e-06, 9.87e-08, 6.70e-07, 1.67e-07, 9.25e-07, 4.13e-07]    [3.78e-06, 6.36e-06, 3.28e-06, 2.94e-06, 9.82e-07, 1.04e-06, 9.87e-08, 6.70e-07, 1.67e-07, 9.25e-07, 4.13e-07]    []  
STEP 150000 BETA 0.99994999

Best model at step 136000:
  train loss: 2.69e-06
  test loss: 2.69e-06
  test metric: []

'train' took 25993.840186 s

RUN_COMPLETE {'case': 'A12', 'iterations': 150000, 'elapsed_seconds': 25993.84021782875, 'final_beta': [0.9999499917030334], 'final_A_or_beta0': 0.9999499917030334, 'true_A': 1.0, 'relative_l2': {'ux': 0.09581153347964161, 'uy': 0.007223500328721692, 'sxx': 0.12511836206537888, 'syy': 0.20138825389466447, 'sxy': 0.28817004497353016, 'K': 0.22751836710252946, 'mu': 0.31137073003575494, 'E': 0.30196885060970413, 'nu': 0.2709343363182371}, 'split_relative_l2': {'evaluation': {'ux': 0.09581153347964161, 'uy': 0.007223500328721692, 'sxx': 0.12511836206537888, 'syy': 0.20138825389466447, 'sxy': 0.28817004497353016, 'K': 0.22751836710252946, 'mu': 0.31137073003575494, 'E': 0.30196885060970413, 'nu': 0.2709343363182371}, 'validation': {'ux': 0.08824262951681153, 'uy': 0.0066456621677751515, 'sxx': 0.1130808209527014, 'syy': 0.20355436720339337, 'sxy': 0.29844588595928445, 'K': 0.22689518295393687, 'mu': 0.31858008320944303, 'E': 0.3089351743603376, 'nu': 0.2727176917756438}, 'train': {'ux': 0.0806075292449795, 'uy': 0.006283122663918658, 'sxx': 0.10197290265826467, 'syy': 0.20577753430863466, 'sxy': 0.30929557118834955, 'K': 0.22578985118742312, 'mu': 0.3260664723173545, 'E': 0.31611697853881077, 'nu': 0.2724263322323055}}, 'true_reaction_y': 0.27722135186195374, 'pred_reaction_y': 0.22383640706539154, 'pred_reaction_y_stress_branch': 0.22383640706539154, 'pred_reaction_y_constitutive': 0.22334706783294678, 'reaction_rel_error': 0.19257154774626958, 'reaction_rel_error_stress_branch': 0.19257154774626958, 'reaction_rel_error_constitutive': 0.19433670482798915, 'equilibrium_form': 'direct', 'reaction_form': 'stress', 'run_note': 'Boundary_branch_with_standard_observation_loss_and_anchors_formal150k', 'best_step': 136000, 'eval_checkpoint': 'best', 'eval_checkpoint_path': '/public/home/xinxi/wxtian/WXTIAN/PINN/deepxde/boundary_uncertainty_pinn/exp/01.FormalKeyAblation/A12/model/final_model-150000.pt', 'final_model_path': '/public/home/xinxi/wxtian/WXTIAN/PINN/deepxde/boundary_uncertainty_pinn/exp/01.FormalKeyAblation/A12/model/final_model-150000.pt', 'final_train_loss_sum': 2.066158049274236e-05, 'final_test_loss_sum': 2.066158049274236e-05, 'independent_test_loss_available': False, 'loss_history_interval': 1000, 'num_trainable_parameters': 29432}
