Using backend: pytorch
Other supported backends: tensorflow.compat.v1, tensorflow, jax, paddle.
paddle supports more examples now and is recommended.
Compiling model...
'compile' took 0.582568 s

Training model...

Step      Train loss                                                                                              Test loss                                                                                               Test metric
0         [1.63e-01, 1.01e-01, 1.20e-01, 1.23e-01, 3.39e-01, 2.00e-03, 1.79e-02, 8.67e-02, 2.41e-01, 7.46e-02]    [1.63e-01, 1.01e-01, 1.20e-01, 1.23e-01, 3.39e-01, 2.00e-03, 1.79e-02, 8.67e-02, 2.41e-01, 7.46e-02]    []  
1000      [1.38e-03, 1.21e-02, 3.56e-04, 5.41e-04, 3.21e-04, 1.52e-05, 2.46e-05, 3.93e-05, 1.34e-04, 8.92e-05]    [1.38e-03, 1.21e-02, 3.56e-04, 5.41e-04, 3.21e-04, 1.52e-05, 2.46e-05, 3.93e-05, 1.34e-04, 8.92e-05]    []  
STEP 1000 BETA 0.87640208
2000      [5.94e-04, 6.20e-04, 2.20e-04, 2.32e-04, 9.50e-05, 2.62e-05, 6.29e-05, 3.98e-05, 4.64e-05, 2.83e-05]    [5.94e-04, 6.20e-04, 2.20e-04, 2.32e-04, 9.50e-05, 2.62e-05, 6.29e-05, 3.98e-05, 4.64e-05, 2.83e-05]    []  
STEP 2000 BETA 0.91428453
3000      [3.85e-04, 3.08e-04, 4.47e-05, 1.69e-04, 5.27e-05, 2.14e-05, 6.43e-06, 3.41e-05, 2.92e-05, 1.39e-05]    [3.85e-04, 3.08e-04, 4.47e-05, 1.69e-04, 5.27e-05, 2.14e-05, 6.43e-06, 3.41e-05, 2.92e-05, 1.39e-05]    []  
STEP 3000 BETA 0.97775358
4000      [2.92e-04, 2.72e-04, 3.71e-05, 1.33e-04, 2.08e-05, 1.46e-05, 5.93e-06, 3.11e-05, 2.07e-05, 8.34e-06]    [2.92e-04, 2.72e-04, 3.71e-05, 1.33e-04, 2.08e-05, 1.46e-05, 5.93e-06, 3.11e-05, 2.07e-05, 8.34e-06]    []  
STEP 4000 BETA 0.99832493
5000      [2.44e-04, 2.48e-04, 3.51e-05, 8.66e-05, 1.35e-05, 9.81e-06, 3.52e-06, 3.15e-05, 1.72e-05, 7.00e-06]    [2.44e-04, 2.48e-04, 3.51e-05, 8.66e-05, 1.35e-05, 9.81e-06, 3.52e-06, 3.15e-05, 1.72e-05, 7.00e-06]    []  
STEP 5000 BETA 1.01282966
6000      [1.88e-04, 2.19e-04, 2.94e-05, 4.90e-05, 9.71e-06, 5.73e-06, 3.39e-06, 2.73e-05, 1.75e-05, 6.64e-06]    [1.88e-04, 2.19e-04, 2.94e-05, 4.90e-05, 9.71e-06, 5.73e-06, 3.39e-06, 2.73e-05, 1.75e-05, 6.64e-06]    []  
STEP 6000 BETA 1.02510905
7000      [1.23e-04, 1.51e-04, 2.31e-05, 2.28e-05, 9.23e-06, 3.38e-06, 2.99e-06, 1.57e-05, 1.50e-05, 5.68e-06]    [1.23e-04, 1.51e-04, 2.31e-05, 2.28e-05, 9.23e-06, 3.38e-06, 2.99e-06, 1.57e-05, 1.50e-05, 5.68e-06]    []  
STEP 7000 BETA 1.03741241
8000      [1.00e-04, 1.16e-04, 2.27e-05, 1.73e-05, 9.77e-06, 2.44e-06, 1.87e-06, 7.10e-06, 1.14e-05, 6.17e-06]    [1.00e-04, 1.16e-04, 2.27e-05, 1.73e-05, 9.77e-06, 2.44e-06, 1.87e-06, 7.10e-06, 1.14e-05, 6.17e-06]    []  
STEP 8000 BETA 1.04670084
9000      [8.18e-05, 9.13e-05, 2.11e-05, 1.30e-05, 8.00e-06, 1.73e-06, 9.75e-07, 3.52e-06, 7.67e-06, 6.82e-06]    [8.18e-05, 9.13e-05, 2.11e-05, 1.30e-05, 8.00e-06, 1.73e-06, 9.75e-07, 3.52e-06, 7.67e-06, 6.82e-06]    []  
STEP 9000 BETA 1.04848444
10000     [6.15e-05, 6.84e-05, 1.84e-05, 1.14e-05, 6.19e-06, 1.38e-06, 8.60e-07, 1.82e-06, 4.92e-06, 7.60e-06]    [6.15e-05, 6.84e-05, 1.84e-05, 1.14e-05, 6.19e-06, 1.38e-06, 8.60e-07, 1.82e-06, 4.92e-06, 7.60e-06]    []  
STEP 10000 BETA 1.04324806
11000     [4.61e-05, 4.85e-05, 1.58e-05, 9.71e-06, 6.06e-06, 9.45e-07, 1.41e-06, 2.25e-06, 3.27e-06, 7.46e-06]    [4.61e-05, 4.85e-05, 1.58e-05, 9.71e-06, 6.06e-06, 9.45e-07, 1.41e-06, 2.25e-06, 3.27e-06, 7.46e-06]    []  
STEP 11000 BETA 1.03964126
12000     [3.87e-05, 3.66e-05, 1.37e-05, 8.12e-06, 5.54e-06, 7.92e-07, 1.08e-06, 1.26e-06, 2.44e-06, 6.24e-06]    [3.87e-05, 3.66e-05, 1.37e-05, 8.12e-06, 5.54e-06, 7.92e-07, 1.08e-06, 1.26e-06, 2.44e-06, 6.24e-06]    []  
STEP 12000 BETA 1.03610754
13000     [3.74e-05, 2.95e-05, 1.31e-05, 7.20e-06, 9.05e-06, 4.46e-07, 1.53e-06, 1.89e-06, 3.06e-06, 5.74e-06]    [3.74e-05, 2.95e-05, 1.31e-05, 7.20e-06, 9.05e-06, 4.46e-07, 1.53e-06, 1.89e-06, 3.06e-06, 5.74e-06]    []  
STEP 13000 BETA 1.02901769
14000     [5.12e-05, 5.40e-05, 3.86e-05, 3.34e-05, 1.26e-05, 4.46e-06, 1.90e-06, 1.49e-06, 3.46e-06, 6.50e-06]    [5.12e-05, 5.40e-05, 3.86e-05, 3.34e-05, 1.26e-05, 4.46e-06, 1.90e-06, 1.49e-06, 3.46e-06, 6.50e-06]    []  
STEP 14000 BETA 1.02175236
15000     [1.14e-04, 1.38e-04, 6.82e-05, 1.27e-04, 4.07e-05, 5.99e-06, 1.31e-05, 9.08e-07, 3.06e-06, 9.17e-06]    [1.14e-04, 1.38e-04, 6.82e-05, 1.27e-04, 4.07e-05, 5.99e-06, 1.31e-05, 9.08e-07, 3.06e-06, 9.17e-06]    []  
STEP 15000 BETA 1.01754665
16000     [2.16e-05, 1.89e-05, 1.18e-05, 4.59e-06, 4.00e-06, 2.07e-07, 8.63e-07, 4.56e-07, 7.38e-07, 4.19e-06]    [2.16e-05, 1.89e-05, 1.18e-05, 4.59e-06, 4.00e-06, 2.07e-07, 8.63e-07, 4.56e-07, 7.38e-07, 4.19e-06]    []  
STEP 16000 BETA 1.01542771
17000     [1.92e-05, 1.71e-05, 1.11e-05, 3.93e-06, 3.57e-06, 2.03e-07, 8.17e-07, 3.89e-07, 6.77e-07, 3.94e-06]    [1.92e-05, 1.71e-05, 1.11e-05, 3.93e-06, 3.57e-06, 2.03e-07, 8.17e-07, 3.89e-07, 6.77e-07, 3.94e-06]    []  
STEP 17000 BETA 1.01431847
18000     [1.76e-05, 1.60e-05, 1.10e-05, 4.12e-06, 3.33e-06, 1.72e-07, 7.51e-07, 3.25e-07, 8.22e-07, 3.82e-06]    [1.76e-05, 1.60e-05, 1.10e-05, 4.12e-06, 3.33e-06, 1.72e-07, 7.51e-07, 3.25e-07, 8.22e-07, 3.82e-06]    []  
STEP 18000 BETA 1.01198518
19000     [1.61e-05, 1.51e-05, 1.07e-05, 3.45e-06, 3.14e-06, 2.96e-07, 7.07e-07, 3.32e-07, 7.15e-07, 3.33e-06]    [1.61e-05, 1.51e-05, 1.07e-05, 3.45e-06, 3.14e-06, 2.96e-07, 7.07e-07, 3.32e-07, 7.15e-07, 3.33e-06]    []  
STEP 19000 BETA 1.01183534
20000     [2.26e-05, 1.70e-05, 1.55e-05, 5.32e-06, 4.25e-06, 1.04e-06, 7.50e-07, 4.66e-07, 4.28e-07, 4.46e-06]    [2.26e-05, 1.70e-05, 1.55e-05, 5.32e-06, 4.25e-06, 1.04e-06, 7.50e-07, 4.66e-07, 4.28e-07, 4.46e-06]    []  
STEP 20000 BETA 1.00981569
21000     [1.74e-05, 1.60e-05, 1.46e-05, 6.96e-06, 4.48e-06, 6.28e-07, 5.67e-07, 8.10e-07, 7.58e-07, 4.02e-06]    [1.74e-05, 1.60e-05, 1.46e-05, 6.96e-06, 4.48e-06, 6.28e-07, 5.67e-07, 8.10e-07, 7.58e-07, 4.02e-06]    []  
STEP 21000 BETA 1.00880384
22000     [1.28e-05, 1.23e-05, 9.33e-06, 2.81e-06, 2.41e-06, 1.58e-07, 5.39e-07, 3.43e-07, 6.97e-07, 2.99e-06]    [1.28e-05, 1.23e-05, 9.33e-06, 2.81e-06, 2.41e-06, 1.58e-07, 5.39e-07, 3.43e-07, 6.97e-07, 2.99e-06]    []  
STEP 22000 BETA 1.00812197
23000     [3.94e-05, 2.47e-05, 3.50e-05, 1.95e-05, 4.29e-06, 4.20e-06, 4.60e-07, 2.47e-06, 2.06e-06, 5.89e-06]    [3.94e-05, 2.47e-05, 3.50e-05, 1.95e-05, 4.29e-06, 4.20e-06, 4.60e-07, 2.47e-06, 2.06e-06, 5.89e-06]    []  
STEP 23000 BETA 1.00640631
24000     [1.07e-05, 1.10e-05, 9.11e-06, 2.51e-06, 1.87e-06, 1.20e-07, 5.42e-07, 3.18e-07, 6.70e-07, 2.74e-06]    [1.07e-05, 1.10e-05, 9.11e-06, 2.51e-06, 1.87e-06, 1.20e-07, 5.42e-07, 3.18e-07, 6.70e-07, 2.74e-06]    []  
STEP 24000 BETA 1.00647974
25000     [9.06e-06, 9.32e-06, 8.84e-06, 1.73e-06, 1.64e-06, 1.03e-07, 3.69e-07, 2.54e-07, 5.18e-07, 2.58e-06]    [9.06e-06, 9.32e-06, 8.84e-06, 1.73e-06, 1.64e-06, 1.03e-07, 3.69e-07, 2.54e-07, 5.18e-07, 2.58e-06]    []  
STEP 25000 BETA 1.00555182
26000     [2.80e-05, 1.75e-05, 1.97e-05, 7.93e-06, 9.75e-06, 2.13e-06, 8.64e-07, 9.27e-07, 2.49e-06, 2.42e-06]    [2.80e-05, 1.75e-05, 1.97e-05, 7.93e-06, 9.75e-06, 2.13e-06, 8.64e-07, 9.27e-07, 2.49e-06, 2.42e-06]    []  
STEP 26000 BETA 1.00506997
27000     [3.25e-05, 4.48e-05, 4.86e-05, 4.35e-05, 3.61e-06, 2.55e-06, 1.42e-06, 2.29e-06, 1.05e-06, 3.01e-06]    [3.25e-05, 4.48e-05, 4.86e-05, 4.35e-05, 3.61e-06, 2.55e-06, 1.42e-06, 2.29e-06, 1.05e-06, 3.01e-06]    []  
STEP 27000 BETA 1.00296283
28000     [6.96e-06, 7.19e-06, 8.32e-06, 1.49e-06, 9.35e-07, 8.55e-08, 2.99e-07, 2.37e-07, 5.16e-07, 2.26e-06]    [6.96e-06, 7.19e-06, 8.32e-06, 1.49e-06, 9.35e-07, 8.55e-08, 2.99e-07, 2.37e-07, 5.16e-07, 2.26e-06]    []  
STEP 28000 BETA 1.00453103
29000     [8.41e-06, 8.41e-06, 8.51e-06, 2.43e-06, 1.84e-06, 1.10e-07, 3.92e-07, 6.03e-07, 9.95e-07, 2.09e-06]    [8.41e-06, 8.41e-06, 8.51e-06, 2.43e-06, 1.84e-06, 1.10e-07, 3.92e-07, 6.03e-07, 9.95e-07, 2.09e-06]    []  
STEP 29000 BETA 1.00432479
30000     [6.14e-06, 6.24e-06, 8.16e-06, 1.56e-06, 6.16e-07, 1.09e-07, 2.78e-07, 2.77e-07, 5.46e-07, 2.20e-06]    [6.14e-06, 6.24e-06, 8.16e-06, 1.56e-06, 6.16e-07, 1.09e-07, 2.78e-07, 2.77e-07, 5.46e-07, 2.20e-06]    []  
STEP 30000 BETA 1.00357676
31000     [5.53e-06, 5.61e-06, 7.92e-06, 1.55e-06, 6.38e-07, 7.79e-08, 2.63e-07, 2.43e-07, 5.29e-07, 2.01e-06]    [5.53e-06, 5.61e-06, 7.92e-06, 1.55e-06, 6.38e-07, 7.79e-08, 2.63e-07, 2.43e-07, 5.29e-07, 2.01e-06]    []  
STEP 31000 BETA 1.00204611
32000     [1.02e-05, 8.75e-06, 1.02e-05, 3.55e-06, 2.68e-06, 3.90e-07, 7.51e-07, 2.62e-06, 1.80e-06, 2.81e-06]    [1.02e-05, 8.75e-06, 1.02e-05, 3.55e-06, 2.68e-06, 3.90e-07, 7.51e-07, 2.62e-06, 1.80e-06, 2.81e-06]    []  
STEP 32000 BETA 1.00218654
33000     [6.23e-06, 5.98e-06, 8.70e-06, 2.37e-06, 8.92e-07, 1.40e-07, 2.96e-07, 2.06e-07, 6.07e-07, 2.08e-06]    [6.23e-06, 5.98e-06, 8.70e-06, 2.37e-06, 8.92e-07, 1.40e-07, 2.96e-07, 2.06e-07, 6.07e-07, 2.08e-06]    []  
STEP 33000 BETA 1.00264418
34000     [6.28e-06, 5.61e-06, 8.64e-06, 3.28e-06, 1.76e-06, 3.03e-07, 2.59e-07, 4.23e-07, 8.54e-07, 1.94e-06]    [6.28e-06, 5.61e-06, 8.64e-06, 3.28e-06, 1.76e-06, 3.03e-07, 2.59e-07, 4.23e-07, 8.54e-07, 1.94e-06]    []  
STEP 34000 BETA 1.00198197
35000     [2.66e-05, 1.81e-05, 2.68e-05, 1.45e-05, 4.63e-06, 3.01e-06, 5.19e-07, 6.60e-06, 2.94e-06, 4.91e-06]    [2.66e-05, 1.81e-05, 2.68e-05, 1.45e-05, 4.63e-06, 3.01e-06, 5.19e-07, 6.60e-06, 2.94e-06, 4.91e-06]    []  
STEP 35000 BETA 0.99986017
36000     [1.13e-05, 1.13e-05, 1.40e-05, 6.99e-06, 1.71e-06, 1.11e-06, 6.35e-07, 2.62e-06, 2.53e-06, 3.58e-06]    [1.13e-05, 1.13e-05, 1.40e-05, 6.99e-06, 1.71e-06, 1.11e-06, 6.35e-07, 2.62e-06, 2.53e-06, 3.58e-06]    []  
STEP 36000 BETA 0.99957246
37000     [1.30e-05, 6.47e-06, 7.16e-06, 1.35e-06, 5.45e-06, 2.68e-07, 8.16e-07, 1.72e-06, 1.45e-06, 1.77e-06]    [1.30e-05, 6.47e-06, 7.16e-06, 1.35e-06, 5.45e-06, 2.68e-07, 8.16e-07, 1.72e-06, 1.45e-06, 1.77e-06]    []  
STEP 37000 BETA 0.99838340
38000     [4.89e-06, 5.15e-06, 6.84e-06, 2.09e-06, 1.28e-06, 1.02e-07, 2.99e-07, 4.72e-07, 7.49e-07, 1.61e-06]    [4.89e-06, 5.15e-06, 6.84e-06, 2.09e-06, 1.28e-06, 1.02e-07, 2.99e-07, 4.72e-07, 7.49e-07, 1.61e-06]    []  
STEP 38000 BETA 0.99786443
39000     [2.12e-05, 1.34e-05, 8.05e-06, 3.23e-06, 1.35e-05, 7.29e-07, 1.50e-06, 1.88e-06, 1.08e-06, 3.00e-06]    [2.12e-05, 1.34e-05, 8.05e-06, 3.23e-06, 1.35e-05, 7.29e-07, 1.50e-06, 1.88e-06, 1.08e-06, 3.00e-06]    []  
STEP 39000 BETA 0.99789929
40000     [4.14e-06, 6.55e-06, 6.48e-06, 3.49e-06, 1.85e-06, 1.44e-07, 3.98e-07, 1.62e-07, 1.22e-06, 1.77e-06]    [4.14e-06, 6.55e-06, 6.48e-06, 3.49e-06, 1.85e-06, 1.44e-07, 3.98e-07, 1.62e-07, 1.22e-06, 1.77e-06]    []  
STEP 40000 BETA 0.99795210
41000     [1.73e-05, 8.68e-06, 1.50e-05, 3.88e-06, 1.14e-05, 2.48e-07, 1.62e-06, 2.93e-06, 2.40e-06, 3.27e-06]    [1.73e-05, 8.68e-06, 1.50e-05, 3.88e-06, 1.14e-05, 2.48e-07, 1.62e-06, 2.93e-06, 2.40e-06, 3.27e-06]    []  
STEP 41000 BETA 0.99674308
42000     [2.75e-06, 3.04e-06, 5.84e-06, 1.21e-06, 4.29e-07, 8.50e-08, 1.73e-07, 1.85e-07, 4.48e-07, 1.70e-06]    [2.75e-06, 3.04e-06, 5.84e-06, 1.21e-06, 4.29e-07, 8.50e-08, 1.73e-07, 1.85e-07, 4.48e-07, 1.70e-06]    []  
STEP 42000 BETA 0.99601412
43000     [1.33e-05, 2.34e-05, 2.23e-05, 1.93e-05, 1.55e-06, 9.46e-07, 4.22e-07, 2.22e-06, 8.41e-07, 2.35e-06]    [1.33e-05, 2.34e-05, 2.23e-05, 1.93e-05, 1.55e-06, 9.46e-07, 4.22e-07, 2.22e-06, 8.41e-07, 2.35e-06]    []  
STEP 43000 BETA 0.99597317
44000     [1.59e-05, 1.44e-05, 1.63e-05, 1.18e-05, 2.68e-06, 1.25e-06, 7.72e-07, 6.62e-07, 7.79e-07, 2.27e-06]    [1.59e-05, 1.44e-05, 1.63e-05, 1.18e-05, 2.68e-06, 1.25e-06, 7.72e-07, 6.62e-07, 7.79e-07, 2.27e-06]    []  
STEP 44000 BETA 0.99509752
45000     [2.76e-06, 2.91e-06, 5.57e-06, 1.20e-06, 3.86e-07, 1.06e-07, 1.66e-07, 1.63e-07, 4.32e-07, 1.66e-06]    [2.76e-06, 2.91e-06, 5.57e-06, 1.20e-06, 3.86e-07, 1.06e-07, 1.66e-07, 1.63e-07, 4.32e-07, 1.66e-06]    []  
STEP 45000 BETA 0.99523222
46000     [1.11e-05, 8.08e-06, 6.69e-06, 3.76e-06, 3.51e-06, 1.04e-07, 1.69e-06, 2.38e-06, 2.22e-06, 2.45e-06]    [1.11e-05, 8.08e-06, 6.69e-06, 3.76e-06, 3.51e-06, 1.04e-07, 1.69e-06, 2.38e-06, 2.22e-06, 2.45e-06]    []  
STEP 46000 BETA 0.99458808
47000     [5.67e-06, 5.19e-06, 6.69e-06, 2.49e-06, 1.91e-06, 9.84e-08, 4.08e-07, 1.11e-06, 1.20e-06, 1.78e-06]    [5.67e-06, 5.19e-06, 6.69e-06, 2.49e-06, 1.91e-06, 9.84e-08, 4.08e-07, 1.11e-06, 1.20e-06, 1.78e-06]    []  
STEP 47000 BETA 0.99463683
48000     [2.45e-06, 2.71e-06, 5.82e-06, 1.42e-06, 3.31e-07, 9.02e-08, 1.57e-07, 1.40e-07, 3.79e-07, 1.71e-06]    [2.45e-06, 2.71e-06, 5.82e-06, 1.42e-06, 3.31e-07, 9.02e-08, 1.57e-07, 1.40e-07, 3.79e-07, 1.71e-06]    []  
STEP 48000 BETA 0.99444866
49000     [6.80e-06, 4.80e-06, 6.61e-06, 2.97e-06, 1.71e-06, 2.55e-07, 4.65e-07, 3.93e-07, 6.41e-07, 1.61e-06]    [6.80e-06, 4.80e-06, 6.61e-06, 2.97e-06, 1.71e-06, 2.55e-07, 4.65e-07, 3.93e-07, 6.41e-07, 1.61e-06]    []  
STEP 49000 BETA 0.99388176
50000     [1.62e-05, 7.84e-06, 1.16e-05, 5.89e-06, 3.30e-06, 1.10e-06, 7.91e-07, 2.23e-07, 1.23e-06, 2.05e-06]    [1.62e-05, 7.84e-06, 1.16e-05, 5.89e-06, 3.30e-06, 1.10e-06, 7.91e-07, 2.23e-07, 1.23e-06, 2.05e-06]    []  
STEP 50000 BETA 0.99408901
51000     [5.89e-06, 4.55e-06, 8.23e-06, 3.30e-06, 8.58e-07, 4.82e-07, 2.36e-07, 2.11e-07, 5.87e-07, 1.82e-06]    [5.89e-06, 4.55e-06, 8.23e-06, 3.30e-06, 8.58e-07, 4.82e-07, 2.36e-07, 2.11e-07, 5.87e-07, 1.82e-06]    []  
STEP 51000 BETA 0.99384695
52000     [4.64e-06, 6.62e-06, 6.80e-06, 4.03e-06, 2.09e-06, 2.43e-07, 4.88e-07, 5.56e-07, 7.54e-07, 2.00e-06]    [4.64e-06, 6.62e-06, 6.80e-06, 4.03e-06, 2.09e-06, 2.43e-07, 4.88e-07, 5.56e-07, 7.54e-07, 2.00e-06]    []  
STEP 52000 BETA 0.99396032
53000     [2.91e-06, 2.42e-06, 5.67e-06, 1.31e-06, 4.75e-07, 2.25e-07, 1.40e-07, 2.01e-07, 4.02e-07, 1.71e-06]    [2.91e-06, 2.42e-06, 5.67e-06, 1.31e-06, 4.75e-07, 2.25e-07, 1.40e-07, 2.01e-07, 4.02e-07, 1.71e-06]    []  
STEP 53000 BETA 0.99469417
54000     [5.80e-06, 9.77e-06, 1.24e-05, 7.66e-06, 9.42e-07, 2.04e-07, 4.10e-07, 6.33e-07, 2.32e-06, 2.11e-06]    [5.80e-06, 9.77e-06, 1.24e-05, 7.66e-06, 9.42e-07, 2.04e-07, 4.10e-07, 6.33e-07, 2.32e-06, 2.11e-06]    []  
STEP 54000 BETA 0.99395388
55000     [8.06e-06, 9.90e-06, 8.56e-06, 6.59e-06, 1.26e-06, 2.36e-07, 4.96e-07, 2.13e-07, 4.36e-07, 1.84e-06]    [8.06e-06, 9.90e-06, 8.56e-06, 6.59e-06, 1.26e-06, 2.36e-07, 4.96e-07, 2.13e-07, 4.36e-07, 1.84e-06]    []  
STEP 55000 BETA 0.99347180
56000     [1.17e-05, 1.22e-05, 8.04e-06, 8.34e-06, 3.23e-06, 2.80e-07, 2.11e-06, 4.29e-07, 3.32e-06, 2.74e-06]    [1.17e-05, 1.22e-05, 8.04e-06, 8.34e-06, 3.23e-06, 2.80e-07, 2.11e-06, 4.29e-07, 3.32e-06, 2.74e-06]    []  
STEP 56000 BETA 0.99332839
57000     [2.11e-06, 1.89e-06, 4.87e-06, 9.25e-07, 3.20e-07, 9.79e-08, 1.16e-07, 1.76e-07, 3.38e-07, 1.68e-06]    [2.11e-06, 1.89e-06, 4.87e-06, 9.25e-07, 3.20e-07, 9.79e-08, 1.16e-07, 1.76e-07, 3.38e-07, 1.68e-06]    []  
STEP 57000 BETA 0.99381280
58000     [2.80e-06, 3.42e-06, 4.85e-06, 1.59e-06, 7.35e-07, 9.21e-08, 1.45e-07, 2.62e-07, 3.39e-07, 1.69e-06]    [2.80e-06, 3.42e-06, 4.85e-06, 1.59e-06, 7.35e-07, 9.21e-08, 1.45e-07, 2.62e-07, 3.39e-07, 1.69e-06]    []  
STEP 58000 BETA 0.99364620
59000     [4.20e-06, 3.64e-06, 5.56e-06, 2.08e-06, 5.68e-07, 2.12e-07, 1.75e-07, 1.52e-07, 3.41e-07, 1.70e-06]    [4.20e-06, 3.64e-06, 5.56e-06, 2.08e-06, 5.68e-07, 2.12e-07, 1.75e-07, 1.52e-07, 3.41e-07, 1.70e-06]    []  
STEP 59000 BETA 0.99352396
60000     [4.12e-06, 3.30e-06, 6.11e-06, 2.08e-06, 8.78e-07, 2.28e-07, 3.15e-07, 1.27e-06, 8.47e-07, 1.98e-06]    [4.12e-06, 3.30e-06, 6.11e-06, 2.08e-06, 8.78e-07, 2.28e-07, 3.15e-07, 1.27e-06, 8.47e-07, 1.98e-06]    []  
STEP 60000 BETA 0.99362969
61000     [2.40e-06, 2.53e-06, 5.18e-06, 1.15e-06, 3.90e-07, 1.64e-07, 9.18e-08, 3.83e-07, 3.26e-07, 1.66e-06]    [2.40e-06, 2.53e-06, 5.18e-06, 1.15e-06, 3.90e-07, 1.64e-07, 9.18e-08, 3.83e-07, 3.26e-07, 1.66e-06]    []  
STEP 61000 BETA 0.99421412
62000     [6.36e-06, 5.76e-06, 6.77e-06, 3.46e-06, 2.14e-06, 2.60e-07, 7.66e-07, 1.89e-06, 1.81e-06, 2.81e-06]    [6.36e-06, 5.76e-06, 6.77e-06, 3.46e-06, 2.14e-06, 2.60e-07, 7.66e-07, 1.89e-06, 1.81e-06, 2.81e-06]    []  
STEP 62000 BETA 0.99297649
63000     [1.11e-05, 6.17e-06, 1.05e-05, 4.80e-06, 2.10e-06, 1.01e-06, 2.29e-07, 6.39e-07, 6.00e-07, 2.12e-06]    [1.11e-05, 6.17e-06, 1.05e-05, 4.80e-06, 2.10e-06, 1.01e-06, 2.29e-07, 6.39e-07, 6.00e-07, 2.12e-06]    []  
STEP 63000 BETA 0.99376398
64000     [2.44e-06, 2.28e-06, 4.93e-06, 1.27e-06, 4.14e-07, 1.22e-07, 1.75e-07, 3.05e-07, 4.91e-07, 1.78e-06]    [2.44e-06, 2.28e-06, 4.93e-06, 1.27e-06, 4.14e-07, 1.22e-07, 1.75e-07, 3.05e-07, 4.91e-07, 1.78e-06]    []  
STEP 64000 BETA 0.99319559
65000     [2.97e-06, 2.74e-06, 4.87e-06, 1.61e-06, 5.35e-07, 9.07e-08, 2.76e-07, 4.92e-07, 4.65e-07, 1.69e-06]    [2.97e-06, 2.74e-06, 4.87e-06, 1.61e-06, 5.35e-07, 9.07e-08, 2.76e-07, 4.92e-07, 4.65e-07, 1.69e-06]    []  
STEP 65000 BETA 0.99341804
66000     [2.95e-06, 1.86e-06, 5.17e-06, 1.24e-06, 3.81e-07, 1.80e-07, 8.94e-08, 1.90e-07, 3.01e-07, 1.65e-06]    [2.95e-06, 1.86e-06, 5.17e-06, 1.24e-06, 3.81e-07, 1.80e-07, 8.94e-08, 1.90e-07, 3.01e-07, 1.65e-06]    []  
STEP 66000 BETA 0.99311173
67000     [4.26e-06, 1.08e-05, 6.91e-06, 6.94e-06, 3.32e-06, 1.12e-07, 1.00e-06, 3.82e-07, 1.36e-06, 2.11e-06]    [4.26e-06, 1.08e-05, 6.91e-06, 6.94e-06, 3.32e-06, 1.12e-07, 1.00e-06, 3.82e-07, 1.36e-06, 2.11e-06]    []  
STEP 67000 BETA 0.99362922
68000     [2.55e-06, 3.15e-06, 5.13e-06, 2.08e-06, 4.87e-07, 1.15e-07, 8.11e-08, 1.44e-07, 4.53e-07, 1.64e-06]    [2.55e-06, 3.15e-06, 5.13e-06, 2.08e-06, 4.87e-07, 1.15e-07, 8.11e-08, 1.44e-07, 4.53e-07, 1.64e-06]    []  
STEP 68000 BETA 0.99347150
69000     [6.58e-06, 3.04e-06, 4.49e-06, 1.18e-06, 2.79e-06, 1.09e-07, 3.84e-07, 1.31e-06, 5.44e-07, 2.02e-06]    [6.58e-06, 3.04e-06, 4.49e-06, 1.18e-06, 2.79e-06, 1.09e-07, 3.84e-07, 1.31e-06, 5.44e-07, 2.02e-06]    []  
STEP 69000 BETA 0.99343711
70000     [2.66e-06, 4.06e-06, 6.74e-06, 2.41e-06, 5.27e-07, 1.30e-07, 9.58e-08, 4.72e-07, 4.72e-07, 1.76e-06]    [2.66e-06, 4.06e-06, 6.74e-06, 2.41e-06, 5.27e-07, 1.30e-07, 9.58e-08, 4.72e-07, 4.72e-07, 1.76e-06]    []  
STEP 70000 BETA 0.99336666
71000     [8.71e-06, 1.72e-05, 2.35e-05, 1.41e-05, 8.90e-07, 3.79e-07, 9.40e-08, 3.85e-07, 1.25e-06, 1.77e-06]    [8.71e-06, 1.72e-05, 2.35e-05, 1.41e-05, 8.90e-07, 3.79e-07, 9.40e-08, 3.85e-07, 1.25e-06, 1.77e-06]    []  
STEP 71000 BETA 0.99370682
72000     [1.81e-06, 1.55e-06, 4.41e-06, 9.37e-07, 2.49e-07, 1.21e-07, 9.15e-08, 1.47e-07, 3.17e-07, 1.56e-06]    [1.81e-06, 1.55e-06, 4.41e-06, 9.37e-07, 2.49e-07, 1.21e-07, 9.15e-08, 1.47e-07, 3.17e-07, 1.56e-06]    []  
STEP 72000 BETA 0.99331784
73000     [2.92e-05, 4.29e-05, 3.16e-05, 3.40e-05, 1.18e-05, 1.23e-06, 1.53e-06, 1.06e-05, 9.62e-06, 7.01e-06]    [2.92e-05, 4.29e-05, 3.16e-05, 3.40e-05, 1.18e-05, 1.23e-06, 1.53e-06, 1.06e-05, 9.62e-06, 7.01e-06]    []  
STEP 73000 BETA 0.99318922
74000     [1.93e-06, 1.56e-06, 4.68e-06, 9.12e-07, 3.23e-07, 1.03e-07, 7.61e-08, 1.42e-07, 2.57e-07, 1.57e-06]    [1.93e-06, 1.56e-06, 4.68e-06, 9.12e-07, 3.23e-07, 1.03e-07, 7.61e-08, 1.42e-07, 2.57e-07, 1.57e-06]    []  
STEP 74000 BETA 0.99347210
75000     [2.32e-06, 2.60e-06, 4.35e-06, 1.14e-06, 3.93e-07, 1.42e-07, 8.65e-08, 1.64e-07, 2.99e-07, 1.50e-06]    [2.32e-06, 2.60e-06, 4.35e-06, 1.14e-06, 3.93e-07, 1.42e-07, 8.65e-08, 1.64e-07, 2.99e-07, 1.50e-06]    []  
STEP 75000 BETA 0.99324822
76000     [2.97e-06, 3.04e-06, 4.91e-06, 1.82e-06, 5.40e-07, 1.04e-07, 5.05e-07, 5.52e-07, 8.38e-07, 1.81e-06]    [2.97e-06, 3.04e-06, 4.91e-06, 1.82e-06, 5.40e-07, 1.04e-07, 5.05e-07, 5.52e-07, 8.38e-07, 1.81e-06]    []  
STEP 76000 BETA 0.99366248
77000     [3.59e-06, 2.97e-06, 4.98e-06, 1.77e-06, 9.63e-07, 1.69e-07, 3.65e-07, 1.19e-06, 8.93e-07, 1.91e-06]    [3.59e-06, 2.97e-06, 4.98e-06, 1.77e-06, 9.63e-07, 1.69e-07, 3.65e-07, 1.19e-06, 8.93e-07, 1.91e-06]    []  
STEP 77000 BETA 0.99352711
78000     [2.28e-05, 1.93e-05, 8.41e-06, 9.55e-06, 7.84e-06, 2.47e-07, 3.28e-06, 5.34e-06, 6.44e-06, 4.41e-06]    [2.28e-05, 1.93e-05, 8.41e-06, 9.55e-06, 7.84e-06, 2.47e-07, 3.28e-06, 5.34e-06, 6.44e-06, 4.41e-06]    []  
STEP 78000 BETA 0.99318194
79000     [3.63e-06, 3.63e-06, 5.55e-06, 2.38e-06, 6.08e-07, 2.78e-07, 3.29e-07, 9.04e-07, 9.92e-07, 2.04e-06]    [3.63e-06, 3.63e-06, 5.55e-06, 2.38e-06, 6.08e-07, 2.78e-07, 3.29e-07, 9.04e-07, 9.92e-07, 2.04e-06]    []  
STEP 79000 BETA 0.99319768
80000     [1.67e-06, 1.37e-06, 4.15e-06, 7.38e-07, 2.46e-07, 1.28e-07, 6.67e-08, 1.60e-07, 2.49e-07, 1.49e-06]    [1.67e-06, 1.37e-06, 4.15e-06, 7.38e-07, 2.46e-07, 1.28e-07, 6.67e-08, 1.60e-07, 2.49e-07, 1.49e-06]    []  
STEP 80000 BETA 0.99353570
81000     [2.42e-06, 1.47e-06, 4.67e-06, 1.02e-06, 4.21e-07, 2.13e-07, 7.62e-08, 1.77e-07, 2.74e-07, 1.52e-06]    [2.42e-06, 1.47e-06, 4.67e-06, 1.02e-06, 4.21e-07, 2.13e-07, 7.62e-08, 1.77e-07, 2.74e-07, 1.52e-06]    []  
STEP 81000 BETA 0.99343842
82000     [3.22e-06, 2.24e-06, 4.96e-06, 1.50e-06, 4.79e-07, 2.23e-07, 1.73e-07, 1.70e-07, 2.76e-07, 1.58e-06]    [3.22e-06, 2.24e-06, 4.96e-06, 1.50e-06, 4.79e-07, 2.23e-07, 1.73e-07, 1.70e-07, 2.76e-07, 1.58e-06]    []  
STEP 82000 BETA 0.99334210
83000     [2.31e-05, 1.34e-05, 7.39e-06, 4.59e-06, 9.54e-06, 1.53e-07, 2.49e-06, 6.63e-06, 5.03e-06, 4.44e-06]    [2.31e-05, 1.34e-05, 7.39e-06, 4.59e-06, 9.54e-06, 1.53e-07, 2.49e-06, 6.63e-06, 5.03e-06, 4.44e-06]    []  
STEP 83000 BETA 0.99310040
84000     [1.26e-05, 7.57e-06, 4.61e-06, 3.26e-06, 4.90e-06, 1.25e-07, 1.18e-06, 2.70e-06, 1.26e-06, 2.45e-06]    [1.26e-05, 7.57e-06, 4.61e-06, 3.26e-06, 4.90e-06, 1.25e-07, 1.18e-06, 2.70e-06, 1.26e-06, 2.45e-06]    []  
STEP 84000 BETA 0.99345630
85000     [3.33e-06, 6.16e-06, 6.64e-06, 3.98e-06, 3.48e-07, 9.66e-08, 6.56e-07, 2.72e-07, 4.93e-07, 1.67e-06]    [3.33e-06, 6.16e-06, 6.64e-06, 3.98e-06, 3.48e-07, 9.66e-08, 6.56e-07, 2.72e-07, 4.93e-07, 1.67e-06]    []  
STEP 85000 BETA 0.99340063
86000     [5.83e-06, 3.25e-06, 5.32e-06, 1.90e-06, 1.30e-06, 5.70e-07, 1.56e-07, 1.56e-07, 5.07e-07, 1.50e-06]    [5.83e-06, 3.25e-06, 5.32e-06, 1.90e-06, 1.30e-06, 5.70e-07, 1.56e-07, 1.56e-07, 5.07e-07, 1.50e-06]    []  
STEP 86000 BETA 0.99334913
87000     [2.80e-06, 3.82e-06, 6.41e-06, 2.79e-06, 3.17e-07, 2.52e-07, 8.50e-08, 4.58e-07, 2.74e-07, 1.61e-06]    [2.80e-06, 3.82e-06, 6.41e-06, 2.79e-06, 3.17e-07, 2.52e-07, 8.50e-08, 4.58e-07, 2.74e-07, 1.61e-06]    []  
STEP 87000 BETA 0.99392015
88000     [1.92e-06, 1.33e-06, 4.24e-06, 9.04e-07, 4.12e-07, 1.51e-07, 5.76e-08, 2.31e-07, 2.55e-07, 1.46e-06]    [1.92e-06, 1.33e-06, 4.24e-06, 9.04e-07, 4.12e-07, 1.51e-07, 5.76e-08, 2.31e-07, 2.55e-07, 1.46e-06]    []  
STEP 88000 BETA 0.99371755
89000     [3.34e-06, 2.51e-06, 4.13e-06, 1.43e-06, 7.94e-07, 1.19e-07, 4.09e-07, 4.88e-07, 7.76e-07, 1.60e-06]    [3.34e-06, 2.51e-06, 4.13e-06, 1.43e-06, 7.94e-07, 1.19e-07, 4.09e-07, 4.88e-07, 7.76e-07, 1.60e-06]    []  
STEP 89000 BETA 0.99348426
90000     [3.06e-06, 7.95e-06, 6.36e-06, 4.55e-06, 5.03e-07, 9.57e-08, 7.24e-07, 1.90e-07, 4.84e-07, 1.60e-06]    [3.06e-06, 7.95e-06, 6.36e-06, 4.55e-06, 5.03e-07, 9.57e-08, 7.24e-07, 1.90e-07, 4.84e-07, 1.60e-06]    []  
STEP 90000 BETA 0.99360251
91000     [1.31e-05, 1.06e-05, 1.06e-05, 9.18e-06, 2.87e-06, 1.25e-06, 1.67e-06, 3.93e-07, 1.85e-06, 2.53e-06]    [1.31e-05, 1.06e-05, 1.06e-05, 9.18e-06, 2.87e-06, 1.25e-06, 1.67e-06, 3.93e-07, 1.85e-06, 2.53e-06]    []  
STEP 91000 BETA 0.99375826
92000     [5.03e-06, 5.00e-06, 6.37e-06, 3.15e-06, 1.80e-06, 3.51e-07, 1.71e-07, 1.84e-06, 8.96e-07, 2.13e-06]    [5.03e-06, 5.00e-06, 6.37e-06, 3.15e-06, 1.80e-06, 3.51e-07, 1.71e-07, 1.84e-06, 8.96e-07, 2.13e-06]    []  
STEP 92000 BETA 0.99339646
93000     [1.28e-06, 9.39e-07, 3.74e-06, 6.45e-07, 1.57e-07, 7.89e-08, 4.41e-08, 1.45e-07, 2.19e-07, 1.33e-06]    [1.28e-06, 9.39e-07, 3.74e-06, 6.45e-07, 1.57e-07, 7.89e-08, 4.41e-08, 1.45e-07, 2.19e-07, 1.33e-06]    []  
STEP 93000 BETA 0.99315190
94000     [5.83e-06, 1.19e-05, 7.87e-06, 5.78e-06, 1.15e-06, 1.49e-07, 4.21e-07, 6.88e-07, 1.96e-06, 1.91e-06]    [5.83e-06, 1.19e-05, 7.87e-06, 5.78e-06, 1.15e-06, 1.49e-07, 4.21e-07, 6.88e-07, 1.96e-06, 1.91e-06]    []  
STEP 94000 BETA 0.99359453
95000     [2.26e-06, 2.34e-06, 4.14e-06, 1.42e-06, 5.74e-07, 1.21e-07, 1.79e-07, 3.71e-07, 5.45e-07, 1.53e-06]    [2.26e-06, 2.34e-06, 4.14e-06, 1.42e-06, 5.74e-07, 1.21e-07, 1.79e-07, 3.71e-07, 5.45e-07, 1.53e-06]    []  
STEP 95000 BETA 0.99394739
96000     [1.54e-06, 1.17e-06, 3.72e-06, 6.86e-07, 3.19e-07, 9.24e-08, 4.61e-08, 1.67e-07, 2.31e-07, 1.31e-06]    [1.54e-06, 1.17e-06, 3.72e-06, 6.86e-07, 3.19e-07, 9.24e-08, 4.61e-08, 1.67e-07, 2.31e-07, 1.31e-06]    []  
STEP 96000 BETA 0.99378127
97000     [5.86e-06, 6.28e-06, 8.10e-06, 4.56e-06, 1.03e-06, 5.63e-07, 1.13e-07, 2.02e-06, 8.32e-07, 2.16e-06]    [5.86e-06, 6.28e-06, 8.10e-06, 4.56e-06, 1.03e-06, 5.63e-07, 1.13e-07, 2.02e-06, 8.32e-07, 2.16e-06]    []  
STEP 97000 BETA 0.99383909
98000     [1.37e-06, 1.06e-06, 3.74e-06, 7.52e-07, 1.74e-07, 9.97e-08, 5.33e-08, 1.58e-07, 2.53e-07, 1.28e-06]    [1.37e-06, 1.06e-06, 3.74e-06, 7.52e-07, 1.74e-07, 9.97e-08, 5.33e-08, 1.58e-07, 2.53e-07, 1.28e-06]    []  
STEP 98000 BETA 0.99395043
99000     [7.80e-06, 9.61e-06, 1.23e-05, 6.99e-06, 2.29e-06, 2.12e-07, 5.15e-07, 1.93e-06, 2.24e-06, 2.21e-06]    [7.80e-06, 9.61e-06, 1.23e-05, 6.99e-06, 2.29e-06, 2.12e-07, 5.15e-07, 1.93e-06, 2.24e-06, 2.21e-06]    []  
STEP 99000 BETA 0.99400026
100000    [2.96e-06, 2.37e-06, 5.03e-06, 2.05e-06, 6.35e-07, 3.69e-07, 9.23e-08, 1.19e-06, 4.90e-07, 1.60e-06]    [2.96e-06, 2.37e-06, 5.03e-06, 2.05e-06, 6.35e-07, 3.69e-07, 9.23e-08, 1.19e-06, 4.90e-07, 1.60e-06]    []  
STEP 100000 BETA 0.99412131
101000    [1.79e-06, 1.56e-06, 3.84e-06, 1.00e-06, 3.39e-07, 8.57e-08, 1.83e-07, 3.41e-07, 3.73e-07, 1.32e-06]    [1.79e-06, 1.56e-06, 3.84e-06, 1.00e-06, 3.39e-07, 8.57e-08, 1.83e-07, 3.41e-07, 3.73e-07, 1.32e-06]    []  
STEP 101000 BETA 0.99398184
102000    [1.37e-06, 1.06e-06, 3.57e-06, 8.05e-07, 2.09e-07, 7.82e-08, 8.75e-08, 1.41e-07, 2.54e-07, 1.20e-06]    [1.37e-06, 1.06e-06, 3.57e-06, 8.05e-07, 2.09e-07, 7.82e-08, 8.75e-08, 1.41e-07, 2.54e-07, 1.20e-06]    []  
STEP 102000 BETA 0.99395245
103000    [1.42e-06, 1.01e-06, 3.63e-06, 6.34e-07, 2.45e-07, 9.13e-08, 4.41e-08, 1.41e-07, 2.14e-07, 1.16e-06]    [1.42e-06, 1.01e-06, 3.63e-06, 6.34e-07, 2.45e-07, 9.13e-08, 4.41e-08, 1.41e-07, 2.14e-07, 1.16e-06]    []  
STEP 103000 BETA 0.99421740
104000    [1.22e-06, 9.92e-07, 3.50e-06, 6.46e-07, 1.59e-07, 7.67e-08, 3.78e-08, 1.46e-07, 2.11e-07, 1.15e-06]    [1.22e-06, 9.92e-07, 3.50e-06, 6.46e-07, 1.59e-07, 7.67e-08, 3.78e-08, 1.46e-07, 2.11e-07, 1.15e-06]    []  
STEP 104000 BETA 0.99392968
105000    [1.51e-06, 1.95e-06, 3.94e-06, 1.05e-06, 2.01e-07, 7.87e-08, 4.91e-08, 1.62e-07, 2.36e-07, 1.12e-06]    [1.51e-06, 1.95e-06, 3.94e-06, 1.05e-06, 2.01e-07, 7.87e-08, 4.91e-08, 1.62e-07, 2.36e-07, 1.12e-06]    []  
STEP 105000 BETA 0.99441117
106000    [1.94e-06, 1.29e-06, 3.89e-06, 1.06e-06, 3.74e-07, 1.10e-07, 5.32e-08, 5.92e-07, 2.29e-07, 1.21e-06]    [1.94e-06, 1.29e-06, 3.89e-06, 1.06e-06, 3.74e-07, 1.10e-07, 5.32e-08, 5.92e-07, 2.29e-07, 1.21e-06]    []  
STEP 106000 BETA 0.99445242
107000    [1.45e-05, 6.06e-06, 7.51e-06, 3.70e-06, 4.07e-06, 1.26e-06, 5.21e-07, 2.90e-07, 1.05e-06, 1.48e-06]    [1.45e-05, 6.06e-06, 7.51e-06, 3.70e-06, 4.07e-06, 1.26e-06, 5.21e-07, 2.90e-07, 1.05e-06, 1.48e-06]    []  
STEP 107000 BETA 0.99379313
108000    [2.45e-06, 1.73e-06, 3.86e-06, 1.15e-06, 6.16e-07, 7.84e-08, 2.16e-07, 6.58e-07, 5.44e-07, 1.32e-06]    [2.45e-06, 1.73e-06, 3.86e-06, 1.15e-06, 6.16e-07, 7.84e-08, 2.16e-07, 6.58e-07, 5.44e-07, 1.32e-06]    []  
STEP 108000 BETA 0.99402183
109000    [2.49e-06, 2.21e-06, 3.81e-06, 1.17e-06, 8.35e-07, 6.78e-08, 5.45e-08, 5.68e-07, 2.89e-07, 1.13e-06]    [2.49e-06, 2.21e-06, 3.81e-06, 1.17e-06, 8.35e-07, 6.78e-08, 5.45e-08, 5.68e-07, 2.89e-07, 1.13e-06]    []  
STEP 109000 BETA 0.99386621
110000    [2.14e-06, 1.66e-06, 3.59e-06, 1.02e-06, 3.76e-07, 1.66e-07, 5.56e-08, 1.31e-07, 2.55e-07, 1.07e-06]    [2.14e-06, 1.66e-06, 3.59e-06, 1.02e-06, 3.76e-07, 1.66e-07, 5.56e-08, 1.31e-07, 2.55e-07, 1.07e-06]    []  
STEP 110000 BETA 0.99404228
111000    [5.45e-06, 4.31e-06, 7.37e-06, 3.29e-06, 1.45e-06, 3.65e-07, 1.08e-07, 1.63e-06, 2.79e-07, 1.51e-06]    [5.45e-06, 4.31e-06, 7.37e-06, 3.29e-06, 1.45e-06, 3.65e-07, 1.08e-07, 1.63e-06, 2.79e-07, 1.51e-06]    []  
STEP 111000 BETA 0.99423867
112000    [8.04e-06, 1.72e-05, 1.31e-05, 9.54e-06, 9.56e-07, 1.54e-07, 5.37e-08, 1.68e-07, 1.29e-06, 1.31e-06]    [8.04e-06, 1.72e-05, 1.31e-05, 9.54e-06, 9.56e-07, 1.54e-07, 5.37e-08, 1.68e-07, 1.29e-06, 1.31e-06]    []  
STEP 112000 BETA 0.99405742
113000    [1.52e-06, 1.36e-06, 3.29e-06, 8.19e-07, 3.44e-07, 6.91e-08, 4.87e-08, 1.75e-07, 2.48e-07, 1.01e-06]    [1.52e-06, 1.36e-06, 3.29e-06, 8.19e-07, 3.44e-07, 6.91e-08, 4.87e-08, 1.75e-07, 2.48e-07, 1.01e-06]    []  
STEP 113000 BETA 0.99421799
114000    [1.11e-06, 7.49e-07, 3.12e-06, 5.67e-07, 1.41e-07, 5.62e-08, 3.71e-08, 1.28e-07, 1.92e-07, 9.76e-07]    [1.11e-06, 7.49e-07, 3.12e-06, 5.67e-07, 1.41e-07, 5.62e-08, 3.71e-08, 1.28e-07, 1.92e-07, 9.76e-07]    []  
STEP 114000 BETA 0.99424863
115000    [3.42e-06, 2.52e-06, 3.60e-06, 9.93e-07, 1.54e-06, 7.49e-08, 1.36e-07, 1.27e-06, 4.42e-07, 1.22e-06]    [3.42e-06, 2.52e-06, 3.60e-06, 9.93e-07, 1.54e-06, 7.49e-08, 1.36e-07, 1.27e-06, 4.42e-07, 1.22e-06]    []  
STEP 115000 BETA 0.99446750
116000    [5.26e-06, 6.08e-06, 5.06e-06, 2.63e-06, 1.58e-06, 1.15e-07, 5.48e-07, 1.60e-06, 1.41e-06, 1.68e-06]    [5.26e-06, 6.08e-06, 5.06e-06, 2.63e-06, 1.58e-06, 1.15e-07, 5.48e-07, 1.60e-06, 1.41e-06, 1.68e-06]    []  
STEP 116000 BETA 0.99426693
117000    [1.16e-06, 1.08e-06, 3.02e-06, 5.94e-07, 1.80e-07, 6.11e-08, 4.01e-08, 1.29e-07, 2.06e-07, 9.04e-07]    [1.16e-06, 1.08e-06, 3.02e-06, 5.94e-07, 1.80e-07, 6.11e-08, 4.01e-08, 1.29e-07, 2.06e-07, 9.04e-07]    []  
STEP 117000 BETA 0.99441260
118000    [4.99e-06, 4.75e-06, 3.39e-06, 1.63e-06, 1.77e-06, 1.20e-07, 5.52e-07, 1.09e-06, 9.47e-07, 1.34e-06]    [4.99e-06, 4.75e-06, 3.39e-06, 1.63e-06, 1.77e-06, 1.20e-07, 5.52e-07, 1.09e-06, 9.47e-07, 1.34e-06]    []  
STEP 118000 BETA 0.99445039
119000    [2.51e-05, 1.76e-05, 8.77e-06, 7.97e-06, 7.74e-06, 1.17e-06, 1.36e-06, 2.09e-06, 1.15e-06, 1.65e-06]    [2.51e-05, 1.76e-05, 8.77e-06, 7.97e-06, 7.74e-06, 1.17e-06, 1.36e-06, 2.09e-06, 1.15e-06, 1.65e-06]    []  
STEP 119000 BETA 0.99410862
120000    [1.60e-06, 1.06e-06, 3.00e-06, 6.54e-07, 4.05e-07, 8.69e-08, 7.34e-08, 1.47e-07, 2.55e-07, 8.92e-07]    [1.60e-06, 1.06e-06, 3.00e-06, 6.54e-07, 4.05e-07, 8.69e-08, 7.34e-08, 1.47e-07, 2.55e-07, 8.92e-07]    []  
STEP 120000 BETA 0.99462867
121000    [1.72e-06, 1.18e-06, 2.98e-06, 6.95e-07, 3.94e-07, 5.04e-08, 1.30e-07, 3.04e-07, 3.36e-07, 9.28e-07]    [1.72e-06, 1.18e-06, 2.98e-06, 6.95e-07, 3.94e-07, 5.04e-08, 1.30e-07, 3.04e-07, 3.36e-07, 9.28e-07]    []  
STEP 121000 BETA 0.99431676
122000    [4.67e-06, 4.18e-06, 5.17e-06, 2.97e-06, 1.19e-06, 2.15e-07, 6.19e-07, 1.87e-06, 5.63e-07, 1.62e-06]    [4.67e-06, 4.18e-06, 5.17e-06, 2.97e-06, 1.19e-06, 2.15e-07, 6.19e-07, 1.87e-06, 5.63e-07, 1.62e-06]    []  
STEP 122000 BETA 0.99438244
123000    [3.19e-06, 2.20e-06, 3.55e-06, 1.54e-06, 5.16e-07, 2.05e-07, 2.07e-07, 1.20e-07, 3.53e-07, 9.72e-07]    [3.19e-06, 2.20e-06, 3.55e-06, 1.54e-06, 5.16e-07, 2.05e-07, 2.07e-07, 1.20e-07, 3.53e-07, 9.72e-07]    []  
STEP 123000 BETA 0.99424863
124000    [1.36e-06, 8.28e-07, 2.95e-06, 6.69e-07, 2.68e-07, 6.35e-08, 3.59e-08, 3.36e-07, 1.97e-07, 8.85e-07]    [1.36e-06, 8.28e-07, 2.95e-06, 6.69e-07, 2.68e-07, 6.35e-08, 3.59e-08, 3.36e-07, 1.97e-07, 8.85e-07]    []  
STEP 124000 BETA 0.99474698
125000    [1.39e-06, 1.01e-06, 2.90e-06, 7.57e-07, 2.30e-07, 5.11e-08, 8.45e-08, 2.73e-07, 2.24e-07, 8.56e-07]    [1.39e-06, 1.01e-06, 2.90e-06, 7.57e-07, 2.30e-07, 5.11e-08, 8.45e-08, 2.73e-07, 2.24e-07, 8.56e-07]    []  
STEP 125000 BETA 0.99483019
126000    [1.99e-06, 2.41e-06, 3.55e-06, 1.09e-06, 3.92e-07, 1.58e-07, 3.61e-08, 1.66e-07, 2.37e-07, 8.17e-07]    [1.99e-06, 2.41e-06, 3.55e-06, 1.09e-06, 3.92e-07, 1.58e-07, 3.61e-08, 1.66e-07, 2.37e-07, 8.17e-07]    []  
STEP 126000 BETA 0.99528998
127000    [6.70e-06, 1.90e-05, 5.86e-06, 5.54e-06, 2.60e-06, 1.46e-07, 3.44e-07, 1.06e-06, 4.00e-07, 9.72e-07]    [6.70e-06, 1.90e-05, 5.86e-06, 5.54e-06, 2.60e-06, 1.46e-07, 3.44e-07, 1.06e-06, 4.00e-07, 9.72e-07]    []  
STEP 127000 BETA 0.99462032
128000    [4.46e-06, 3.65e-06, 4.06e-06, 2.19e-06, 9.60e-07, 3.06e-07, 2.96e-07, 1.37e-07, 3.71e-07, 9.20e-07]    [4.46e-06, 3.65e-06, 4.06e-06, 2.19e-06, 9.60e-07, 3.06e-07, 2.96e-07, 1.37e-07, 3.71e-07, 9.20e-07]    []  
STEP 128000 BETA 0.99493355
129000    [1.49e-06, 9.33e-07, 2.85e-06, 6.92e-07, 2.60e-07, 1.03e-07, 4.54e-08, 1.15e-07, 2.21e-07, 7.93e-07]    [1.49e-06, 9.33e-07, 2.85e-06, 6.92e-07, 2.60e-07, 1.03e-07, 4.54e-08, 1.15e-07, 2.21e-07, 7.93e-07]    []  
STEP 129000 BETA 0.99456966
130000    [8.38e-06, 5.39e-06, 6.12e-06, 4.51e-06, 2.20e-06, 6.07e-07, 9.03e-07, 1.26e-07, 1.48e-06, 1.35e-06]    [8.38e-06, 5.39e-06, 6.12e-06, 4.51e-06, 2.20e-06, 6.07e-07, 9.03e-07, 1.26e-07, 1.48e-06, 1.35e-06]    []  
STEP 130000 BETA 0.99446172
131000    [1.45e-06, 8.52e-07, 2.77e-06, 6.17e-07, 2.81e-07, 7.34e-08, 8.66e-08, 1.16e-07, 2.54e-07, 7.86e-07]    [1.45e-06, 8.52e-07, 2.77e-06, 6.17e-07, 2.81e-07, 7.34e-08, 8.66e-08, 1.16e-07, 2.54e-07, 7.86e-07]    []  
STEP 131000 BETA 0.99500453
132000    [7.62e-06, 1.13e-05, 8.61e-06, 6.27e-06, 1.45e-06, 4.10e-07, 2.23e-07, 6.09e-07, 1.36e-06, 1.36e-06]    [7.62e-06, 1.13e-05, 8.61e-06, 6.27e-06, 1.45e-06, 4.10e-07, 2.23e-07, 6.09e-07, 1.36e-06, 1.36e-06]    []  
STEP 132000 BETA 0.99477464
133000    [1.18e-06, 1.13e-06, 2.70e-06, 7.11e-07, 1.93e-07, 4.35e-08, 7.10e-08, 1.04e-07, 2.67e-07, 7.55e-07]    [1.18e-06, 1.13e-06, 2.70e-06, 7.11e-07, 1.93e-07, 4.35e-08, 7.10e-08, 1.04e-07, 2.67e-07, 7.55e-07]    []  
STEP 133000 BETA 0.99516302
134000    [2.49e-06, 3.35e-06, 4.08e-06, 2.38e-06, 4.61e-07, 7.18e-08, 1.79e-07, 1.20e-07, 7.16e-07, 8.97e-07]    [2.49e-06, 3.35e-06, 4.08e-06, 2.38e-06, 4.61e-07, 7.18e-08, 1.79e-07, 1.20e-07, 7.16e-07, 8.97e-07]    []  
STEP 134000 BETA 0.99504441
135000    [1.48e-06, 1.39e-06, 3.13e-06, 7.97e-07, 1.34e-06, 1.07e-07, 3.74e-08, 1.67e-07, 2.08e-07, 7.74e-07]    [1.48e-06, 1.39e-06, 3.13e-06, 7.97e-07, 1.34e-06, 1.07e-07, 3.74e-08, 1.67e-07, 2.08e-07, 7.74e-07]    []  
STEP 135000 BETA 0.99658722
136000    [1.50e-06, 2.63e-06, 3.00e-06, 1.36e-06, 5.67e-07, 4.37e-08, 2.00e-07, 2.18e-07, 2.90e-07, 8.06e-07]    [1.50e-06, 2.63e-06, 3.00e-06, 1.36e-06, 5.67e-07, 4.37e-08, 2.00e-07, 2.18e-07, 2.90e-07, 8.06e-07]    []  
STEP 136000 BETA 0.99520701
137000    [2.56e-06, 2.31e-06, 3.58e-06, 1.88e-06, 4.14e-07, 1.56e-07, 7.90e-08, 4.52e-07, 2.11e-07, 8.12e-07]    [2.56e-06, 2.31e-06, 3.58e-06, 1.88e-06, 4.14e-07, 1.56e-07, 7.90e-08, 4.52e-07, 2.11e-07, 8.12e-07]    []  
STEP 137000 BETA 0.99502611
138000    [3.44e-06, 1.75e-06, 3.27e-06, 1.16e-06, 8.32e-07, 3.22e-07, 2.14e-07, 1.16e-07, 3.62e-07, 7.77e-07]    [3.44e-06, 1.75e-06, 3.27e-06, 1.16e-06, 8.32e-07, 3.22e-07, 2.14e-07, 1.16e-07, 3.62e-07, 7.77e-07]    []  
STEP 138000 BETA 0.99523479
139000    [5.87e-06, 6.43e-06, 6.56e-06, 2.54e-06, 1.88e-06, 2.10e-07, 1.58e-06, 3.62e-07, 2.16e-06, 1.54e-06]    [5.87e-06, 6.43e-06, 6.56e-06, 2.54e-06, 1.88e-06, 2.10e-07, 1.58e-06, 3.62e-07, 2.16e-06, 1.54e-06]    []  
STEP 139000 BETA 0.99494338
140000    [2.88e-06, 3.97e-06, 2.94e-06, 1.99e-06, 4.94e-07, 3.86e-08, 4.35e-07, 4.55e-07, 4.20e-07, 8.40e-07]    [2.88e-06, 3.97e-06, 2.94e-06, 1.99e-06, 4.94e-07, 3.86e-08, 4.35e-07, 4.55e-07, 4.20e-07, 8.40e-07]    []  
STEP 140000 BETA 0.99512595
141000    [1.05e-06, 7.27e-07, 2.29e-06, 5.77e-07, 1.66e-07, 3.45e-08, 4.73e-08, 1.36e-07, 2.06e-07, 6.52e-07]    [1.05e-06, 7.27e-07, 2.29e-06, 5.77e-07, 1.66e-07, 3.45e-08, 4.73e-08, 1.36e-07, 2.06e-07, 6.52e-07]    []  
STEP 141000 BETA 0.99513119
142000    [1.05e-06, 7.67e-07, 2.22e-06, 5.58e-07, 2.45e-07, 3.56e-08, 4.04e-08, 1.46e-07, 1.95e-07, 6.42e-07]    [1.05e-06, 7.67e-07, 2.22e-06, 5.58e-07, 2.45e-07, 3.56e-08, 4.04e-08, 1.46e-07, 1.95e-07, 6.42e-07]    []  
STEP 142000 BETA 0.99492615
143000    [1.27e-06, 1.15e-06, 2.39e-06, 8.30e-07, 2.26e-07, 4.08e-08, 3.28e-08, 1.19e-07, 2.29e-07, 6.53e-07]    [1.27e-06, 1.15e-06, 2.39e-06, 8.30e-07, 2.26e-07, 4.08e-08, 3.28e-08, 1.19e-07, 2.29e-07, 6.53e-07]    []  
STEP 143000 BETA 0.99530965
144000    [1.19e-06, 7.98e-07, 2.18e-06, 6.21e-07, 2.11e-07, 6.10e-08, 4.63e-08, 9.60e-08, 2.00e-07, 6.05e-07]    [1.19e-06, 7.98e-07, 2.18e-06, 6.21e-07, 2.11e-07, 6.10e-08, 4.63e-08, 9.60e-08, 2.00e-07, 6.05e-07]    []  
STEP 144000 BETA 0.99522120
145000    [4.23e-06, 6.00e-06, 4.02e-06, 3.02e-06, 8.42e-07, 5.89e-08, 6.83e-08, 4.57e-07, 2.58e-07, 7.22e-07]    [4.23e-06, 6.00e-06, 4.02e-06, 3.02e-06, 8.42e-07, 5.89e-08, 6.83e-08, 4.57e-07, 2.58e-07, 7.22e-07]    []  
STEP 145000 BETA 0.99513465
146000    [2.79e-06, 3.28e-06, 3.59e-06, 2.57e-06, 2.77e-07, 1.89e-07, 2.07e-07, 1.49e-07, 2.29e-07, 6.57e-07]    [2.79e-06, 3.28e-06, 3.59e-06, 2.57e-06, 2.77e-07, 1.89e-07, 2.07e-07, 1.49e-07, 2.29e-07, 6.57e-07]    []  
STEP 146000 BETA 0.99496651
147000    [2.29e-06, 1.96e-06, 2.53e-06, 8.81e-07, 6.54e-07, 1.24e-07, 1.44e-07, 3.15e-07, 3.43e-07, 7.64e-07]    [2.29e-06, 1.96e-06, 2.53e-06, 8.81e-07, 6.54e-07, 1.24e-07, 1.44e-07, 3.15e-07, 3.43e-07, 7.64e-07]    []  
STEP 147000 BETA 0.99532247
148000    [1.25e-06, 1.75e-06, 2.21e-06, 1.00e-06, 1.48e-07, 4.35e-08, 5.70e-08, 1.24e-07, 1.75e-07, 6.09e-07]    [1.25e-06, 1.75e-06, 2.21e-06, 1.00e-06, 1.48e-07, 4.35e-08, 5.70e-08, 1.24e-07, 1.75e-07, 6.09e-07]    []  
STEP 148000 BETA 0.99524772
149000    [5.23e-06, 6.68e-06, 5.36e-06, 3.73e-06, 1.46e-06, 2.67e-07, 7.57e-07, 1.51e-06, 1.54e-06, 1.63e-06]    [5.23e-06, 6.68e-06, 5.36e-06, 3.73e-06, 1.46e-06, 2.67e-07, 7.57e-07, 1.51e-06, 1.54e-06, 1.63e-06]    []  
STEP 149000 BETA 0.99530631
150000    [1.78e-06, 4.26e-06, 3.10e-06, 2.19e-06, 1.92e-07, 3.00e-08, 2.94e-07, 8.77e-08, 2.09e-07, 6.69e-07]    [1.78e-06, 4.26e-06, 3.10e-06, 2.19e-06, 1.92e-07, 3.00e-08, 2.94e-07, 8.77e-08, 2.09e-07, 6.69e-07]    []  
STEP 150000 BETA 0.99517161

Best model at step 141000:
  train loss: 5.89e-06
  test loss: 5.89e-06
  test metric: []

'train' took 22444.990664 s

RUN_COMPLETE {'case': 'A8', 'iterations': 150000, 'elapsed_seconds': 22444.990698337555, 'final_beta': [0.9951716065406799], 'final_A_or_beta0': 0.9951716065406799, 'true_A': 1.0, 'relative_l2': {'ux': 0.0836981135382468, 'uy': 0.007822069945540758, 'sxx': 0.21064197307806043, 'syy': 0.20877547444102107, 'sxy': 0.2662704150744081, 'K': 0.25828509549336937, 'mu': 0.300339779142573, 'E': 0.29328837991152684, 'nu': 0.377237857027456}, 'split_relative_l2': {'evaluation': {'ux': 0.0836981135382468, 'uy': 0.007822069945540758, 'sxx': 0.21064197307806043, 'syy': 0.20877547444102107, 'sxy': 0.2662704150744081, 'K': 0.25828509549336937, 'mu': 0.300339779142573, 'E': 0.29328837991152684, 'nu': 0.377237857027456}, 'validation': {'ux': 0.07315231145640028, 'uy': 0.006950125571646919, 'sxx': 0.21023068796882033, 'syy': 0.21232858392893786, 'sxy': 0.25881395563098497, 'K': 0.2667081169989145, 'mu': 0.30401930697385254, 'E': 0.29922050756867863, 'nu': 0.38117143667985415}, 'train': {'ux': 0.06325419181572733, 'uy': 0.006635966667056617, 'sxx': 0.20918791505934115, 'syy': 0.21660071203996825, 'sxy': 0.2504949667214106, 'K': 0.27519952762518823, 'mu': 0.3083257833879472, 'E': 0.3060620296207863, 'nu': 0.3823721923675764}}, 'true_reaction_y': 0.27722135186195374, 'pred_reaction_y': 0.21800312399864197, 'pred_reaction_y_stress_branch': 0.21800312399864197, 'pred_reaction_y_constitutive': 0.22020423412322998, 'reaction_rel_error': 0.21361351665504721, 'reaction_rel_error_stress_branch': 0.21361351665504721, 'reaction_rel_error_constitutive': 0.2056736155262332, 'equilibrium_form': 'direct', 'reaction_form': 'stress', 'run_note': 'Split_network_learnable_boundary_amplitude_formal150k', 'best_step': 141000, 'eval_checkpoint': 'best', 'eval_checkpoint_path': '/public/home/xinxi/wxtian/WXTIAN/PINN/deepxde/boundary_uncertainty_pinn/exp/01.FormalKeyAblation/A8/model/final_model-150000.pt', 'final_model_path': '/public/home/xinxi/wxtian/WXTIAN/PINN/deepxde/boundary_uncertainty_pinn/exp/01.FormalKeyAblation/A8/model/final_model-150000.pt', 'final_train_loss_sum': 1.28195206343662e-05, 'final_test_loss_sum': 1.28195206343662e-05, 'independent_test_loss_available': False, 'loss_history_interval': 1000, 'num_trainable_parameters': 29432}
