Using backend: pytorch
Other supported backends: tensorflow.compat.v1, tensorflow, jax, paddle.
paddle supports more examples now and is recommended.
Compiling model...
'compile' took 0.551732 s

Training model...

Step      Train loss                                                                                                        Test loss                                                                                                         Test metric
0         [9.91e-02, 1.34e-01, 3.66e-02, 4.19e-01, 4.38e-02, 2.25e-03, 2.77e-04, 6.68e-02, 2.16e-02, 1.25e-02, 2.39e-01]    [9.91e-02, 1.34e-01, 3.66e-02, 4.19e-01, 4.38e-02, 2.25e-03, 2.77e-04, 6.68e-02, 2.16e-02, 1.25e-02, 2.39e-01]    []  
1000      [1.09e-03, 2.86e-03, 1.41e-04, 2.67e-04, 4.23e-04, 5.88e-05, 6.57e-06, 3.92e-05, 6.91e-05, 8.92e-05, 3.87e-07]    [1.09e-03, 2.86e-03, 1.41e-04, 2.67e-04, 4.23e-04, 5.88e-05, 6.57e-06, 3.92e-05, 6.91e-05, 8.92e-05, 3.87e-07]    []  
STEP 1000 BETA 0.93400007
2000      [8.25e-04, 7.33e-04, 8.48e-05, 1.92e-04, 1.63e-04, 1.42e-05, 9.54e-06, 1.34e-05, 5.44e-05, 1.18e-05, 1.21e-09]    [8.25e-04, 7.33e-04, 8.48e-05, 1.92e-04, 1.63e-04, 1.42e-05, 9.54e-06, 1.34e-05, 5.44e-05, 1.18e-05, 1.21e-09]    []  
STEP 2000 BETA 0.96138304
3000      [7.69e-04, 4.55e-04, 8.14e-05, 1.21e-04, 5.98e-05, 9.82e-06, 8.64e-06, 2.49e-05, 3.77e-05, 1.52e-05, 3.80e-07]    [7.69e-04, 4.55e-04, 8.14e-05, 1.21e-04, 5.98e-05, 9.82e-06, 8.64e-06, 2.49e-05, 3.77e-05, 1.52e-05, 3.80e-07]    []  
STEP 3000 BETA 1.01750565
4000      [6.69e-04, 3.72e-04, 1.58e-05, 7.34e-05, 2.13e-05, 6.20e-07, 2.55e-06, 5.80e-06, 2.40e-05, 1.05e-05, 6.19e-08]    [6.69e-04, 3.72e-04, 1.58e-05, 7.34e-05, 2.13e-05, 6.20e-07, 2.55e-06, 5.80e-06, 2.40e-05, 1.05e-05, 6.19e-08]    []  
STEP 4000 BETA 1.01682830
5000      [6.20e-04, 3.30e-04, 1.77e-05, 3.05e-05, 1.81e-05, 3.51e-07, 4.23e-06, 4.24e-06, 1.51e-05, 1.11e-05, 9.26e-07]    [6.20e-04, 3.30e-04, 1.77e-05, 3.05e-05, 1.81e-05, 3.51e-07, 4.23e-06, 4.24e-06, 1.51e-05, 1.11e-05, 9.26e-07]    []  
STEP 5000 BETA 1.01606703
6000      [5.88e-04, 3.62e-04, 1.47e-05, 2.94e-05, 1.94e-05, 4.15e-07, 5.47e-06, 3.48e-06, 1.28e-05, 1.17e-05, 1.48e-05]    [5.88e-04, 3.62e-04, 1.47e-05, 2.94e-05, 1.94e-05, 4.15e-07, 5.47e-06, 3.48e-06, 1.28e-05, 1.17e-05, 1.48e-05]    []  
STEP 6000 BETA 1.01722991
7000      [5.43e-04, 2.66e-04, 4.18e-05, 2.02e-05, 1.37e-05, 3.22e-06, 5.26e-06, 4.38e-06, 9.46e-06, 1.20e-05, 2.99e-06]    [5.43e-04, 2.66e-04, 4.18e-05, 2.02e-05, 1.37e-05, 3.22e-06, 5.26e-06, 4.38e-06, 9.46e-06, 1.20e-05, 2.99e-06]    []  
STEP 7000 BETA 1.01851285
8000      [4.23e-04, 2.31e-04, 1.44e-05, 6.93e-06, 1.22e-05, 3.37e-07, 3.79e-06, 3.10e-06, 6.41e-06, 9.53e-06, 1.25e-07]    [4.23e-04, 2.31e-04, 1.44e-05, 6.93e-06, 1.22e-05, 3.37e-07, 3.79e-06, 3.10e-06, 6.41e-06, 9.53e-06, 1.25e-07]    []  
STEP 8000 BETA 1.01560855
9000      [3.14e-04, 2.05e-04, 1.41e-05, 7.09e-06, 1.10e-05, 6.54e-07, 2.20e-06, 2.99e-06, 4.91e-06, 9.68e-06, 2.22e-07]    [3.14e-04, 2.05e-04, 1.41e-05, 7.09e-06, 1.10e-05, 6.54e-07, 2.20e-06, 2.99e-06, 4.91e-06, 9.68e-06, 2.22e-07]    []  
STEP 9000 BETA 1.01056087
10000     [2.86e-04, 1.93e-04, 3.36e-05, 1.71e-05, 1.19e-05, 1.76e-06, 1.89e-06, 3.12e-06, 6.07e-06, 1.02e-05, 3.19e-08]    [2.86e-04, 1.93e-04, 3.36e-05, 1.71e-05, 1.19e-05, 1.76e-06, 1.89e-06, 3.12e-06, 6.07e-06, 1.02e-05, 3.19e-08]    []  
STEP 10000 BETA 1.00818121
11000     [2.62e-04, 1.83e-04, 7.64e-06, 9.22e-06, 1.43e-05, 3.25e-07, 2.37e-06, 1.60e-06, 4.70e-06, 9.24e-06, 2.80e-06]    [2.62e-04, 1.83e-04, 7.64e-06, 9.22e-06, 1.43e-05, 3.25e-07, 2.37e-06, 1.60e-06, 4.70e-06, 9.24e-06, 2.80e-06]    []  
STEP 11000 BETA 1.00898635
12000     [2.75e-04, 1.99e-04, 2.01e-05, 8.12e-06, 1.26e-05, 4.82e-07, 1.07e-06, 2.91e-06, 3.86e-06, 7.69e-06, 2.67e-06]    [2.75e-04, 1.99e-04, 2.01e-05, 8.12e-06, 1.26e-05, 4.82e-07, 1.07e-06, 2.91e-06, 3.86e-06, 7.69e-06, 2.67e-06]    []  
STEP 12000 BETA 1.00742650
13000     [2.03e-04, 5.38e-04, 4.45e-05, 1.04e-04, 2.05e-05, 6.03e-06, 1.12e-06, 8.78e-06, 5.98e-06, 9.51e-06, 6.81e-05]    [2.03e-04, 5.38e-04, 4.45e-05, 1.04e-04, 2.05e-05, 6.03e-06, 1.12e-06, 8.78e-06, 5.98e-06, 9.51e-06, 6.81e-05]    []  
STEP 13000 BETA 1.00815606
14000     [1.35e-04, 1.30e-04, 6.42e-06, 5.42e-06, 9.37e-06, 2.04e-07, 7.81e-07, 1.85e-07, 2.62e-06, 5.27e-06, 2.38e-10]    [1.35e-04, 1.30e-04, 6.42e-06, 5.42e-06, 9.37e-06, 2.04e-07, 7.81e-07, 1.85e-07, 2.62e-06, 5.27e-06, 2.38e-10]    []  
STEP 14000 BETA 1.01140070
15000     [1.11e-04, 1.22e-04, 5.77e-06, 4.88e-06, 8.87e-06, 1.58e-07, 4.26e-07, 1.19e-07, 2.14e-06, 4.94e-06, 1.42e-07]    [1.11e-04, 1.22e-04, 5.77e-06, 4.88e-06, 8.87e-06, 1.58e-07, 4.26e-07, 1.19e-07, 2.14e-06, 4.94e-06, 1.42e-07]    []  
STEP 15000 BETA 1.00730622
16000     [1.09e-04, 2.06e-04, 1.50e-05, 2.45e-05, 1.40e-05, 9.22e-07, 5.82e-07, 7.21e-07, 3.12e-06, 5.69e-06, 1.35e-05]    [1.09e-04, 2.06e-04, 1.50e-05, 2.45e-05, 1.40e-05, 9.22e-07, 5.82e-07, 7.21e-07, 3.12e-06, 5.69e-06, 1.35e-05]    []  
STEP 16000 BETA 1.00894916
17000     [9.00e-05, 1.02e-04, 4.48e-06, 4.76e-06, 8.34e-06, 1.70e-07, 3.04e-07, 4.03e-07, 1.81e-06, 4.37e-06, 1.29e-07]    [9.00e-05, 1.02e-04, 4.48e-06, 4.76e-06, 8.34e-06, 1.70e-07, 3.04e-07, 4.03e-07, 1.81e-06, 4.37e-06, 1.29e-07]    []  
STEP 17000 BETA 1.00620067
18000     [8.70e-05, 9.32e-05, 4.61e-06, 5.37e-06, 1.06e-05, 2.07e-07, 4.47e-07, 2.89e-07, 1.76e-06, 4.77e-06, 2.92e-07]    [8.70e-05, 9.32e-05, 4.61e-06, 5.37e-06, 1.06e-05, 2.07e-07, 4.47e-07, 2.89e-07, 1.76e-06, 4.77e-06, 2.92e-07]    []  
STEP 18000 BETA 1.00720668
19000     [8.12e-05, 8.47e-05, 2.62e-06, 3.30e-06, 7.58e-06, 2.28e-07, 2.20e-07, 1.27e-07, 1.60e-06, 4.08e-06, 5.25e-09]    [8.12e-05, 8.47e-05, 2.62e-06, 3.30e-06, 7.58e-06, 2.28e-07, 2.20e-07, 1.27e-07, 1.60e-06, 4.08e-06, 5.25e-09]    []  
STEP 19000 BETA 1.00750649
20000     [8.01e-05, 7.71e-05, 2.46e-06, 3.01e-06, 7.09e-06, 1.21e-07, 2.07e-07, 8.65e-08, 1.40e-06, 3.68e-06, 1.64e-08]    [8.01e-05, 7.71e-05, 2.46e-06, 3.01e-06, 7.09e-06, 1.21e-07, 2.07e-07, 8.65e-08, 1.40e-06, 3.68e-06, 1.64e-08]    []  
STEP 20000 BETA 1.00721014
21000     [7.58e-05, 7.13e-05, 2.17e-06, 2.85e-06, 6.37e-06, 9.00e-08, 2.28e-07, 1.55e-07, 1.18e-06, 3.14e-06, 7.77e-08]    [7.58e-05, 7.13e-05, 2.17e-06, 2.85e-06, 6.37e-06, 9.00e-08, 2.28e-07, 1.55e-07, 1.18e-06, 3.14e-06, 7.77e-08]    []  
STEP 21000 BETA 1.00652599
22000     [7.28e-05, 6.68e-05, 2.07e-06, 2.54e-06, 5.92e-06, 5.31e-08, 3.11e-07, 9.99e-08, 1.10e-06, 2.84e-06, 8.68e-08]    [7.28e-05, 6.68e-05, 2.07e-06, 2.54e-06, 5.92e-06, 5.31e-08, 3.11e-07, 9.99e-08, 1.10e-06, 2.84e-06, 8.68e-08]    []  
STEP 22000 BETA 1.00511312
23000     [7.81e-05, 1.27e-04, 8.43e-06, 1.50e-05, 9.39e-06, 8.01e-07, 3.74e-07, 3.20e-06, 1.76e-06, 3.59e-06, 1.15e-05]    [7.81e-05, 1.27e-04, 8.43e-06, 1.50e-05, 9.39e-06, 8.01e-07, 3.74e-07, 3.20e-06, 1.76e-06, 3.59e-06, 1.15e-05]    []  
STEP 23000 BETA 1.00454903
24000     [7.25e-05, 7.23e-05, 1.34e-05, 1.38e-05, 1.08e-05, 5.90e-06, 2.60e-06, 9.14e-06, 8.34e-06, 8.40e-06, 2.27e-07]    [7.25e-05, 7.23e-05, 1.34e-05, 1.38e-05, 1.08e-05, 5.90e-06, 2.60e-06, 9.14e-06, 8.34e-06, 8.40e-06, 2.27e-07]    []  
STEP 24000 BETA 1.00497961
25000     [4.92e-04, 1.09e-04, 5.37e-05, 1.44e-05, 5.18e-05, 3.69e-06, 2.97e-06, 4.86e-07, 6.11e-06, 4.86e-06, 5.87e-06]    [4.92e-04, 1.09e-04, 5.37e-05, 1.44e-05, 5.18e-05, 3.69e-06, 2.97e-06, 4.86e-07, 6.11e-06, 4.86e-06, 5.87e-06]    []  
STEP 25000 BETA 1.00256002
26000     [1.62e-04, 6.46e-05, 1.37e-05, 3.52e-06, 1.42e-05, 1.27e-06, 1.62e-06, 5.24e-07, 3.21e-06, 3.54e-06, 6.78e-08]    [1.62e-04, 6.46e-05, 1.37e-05, 3.52e-06, 1.42e-05, 1.27e-06, 1.62e-06, 5.24e-07, 3.21e-06, 3.54e-06, 6.78e-08]    []  
STEP 26000 BETA 1.00312436
27000     [5.94e-05, 5.08e-05, 2.70e-06, 1.99e-06, 5.76e-06, 8.61e-08, 5.02e-07, 1.35e-07, 7.63e-07, 2.34e-06, 1.23e-07]    [5.94e-05, 5.08e-05, 2.70e-06, 1.99e-06, 5.76e-06, 8.61e-08, 5.02e-07, 1.35e-07, 7.63e-07, 2.34e-06, 1.23e-07]    []  
STEP 27000 BETA 1.00396550
28000     [1.64e-04, 9.67e-05, 4.13e-05, 2.94e-05, 5.83e-05, 6.33e-07, 8.40e-06, 3.94e-06, 2.12e-05, 9.29e-06, 4.58e-06]    [1.64e-04, 9.67e-05, 4.13e-05, 2.94e-05, 5.83e-05, 6.33e-07, 8.40e-06, 3.94e-06, 2.12e-05, 9.29e-06, 4.58e-06]    []  
STEP 28000 BETA 1.00215936
29000     [7.69e-05, 8.48e-05, 1.49e-05, 1.86e-05, 3.81e-05, 3.12e-07, 4.10e-06, 2.23e-06, 9.26e-06, 5.51e-06, 4.42e-06]    [7.69e-05, 8.48e-05, 1.49e-05, 1.86e-05, 3.81e-05, 3.12e-07, 4.10e-06, 2.23e-06, 9.26e-06, 5.51e-06, 4.42e-06]    []  
STEP 29000 BETA 1.00335073
30000     [5.94e-05, 3.96e-04, 1.14e-05, 3.74e-05, 1.85e-05, 1.11e-07, 1.40e-06, 1.60e-06, 6.52e-07, 2.54e-06, 4.16e-05]    [5.94e-05, 3.96e-04, 1.14e-05, 3.74e-05, 1.85e-05, 1.11e-07, 1.40e-06, 1.60e-06, 6.52e-07, 2.54e-06, 4.16e-05]    []  
STEP 30000 BETA 1.00217783
31000     [5.80e-05, 4.39e-05, 2.38e-06, 1.16e-06, 5.11e-06, 2.50e-07, 3.61e-07, 1.81e-07, 5.64e-07, 1.91e-06, 7.33e-08]    [5.80e-05, 4.39e-05, 2.38e-06, 1.16e-06, 5.11e-06, 2.50e-07, 3.61e-07, 1.81e-07, 5.64e-07, 1.91e-06, 7.33e-08]    []  
STEP 31000 BETA 1.00180447
32000     [4.88e-05, 8.52e-05, 1.54e-06, 4.72e-06, 1.84e-05, 3.15e-07, 4.30e-06, 1.11e-06, 4.98e-06, 4.42e-06, 2.26e-06]    [4.88e-05, 8.52e-05, 1.54e-06, 4.72e-06, 1.84e-05, 3.15e-07, 4.30e-06, 1.11e-06, 4.98e-06, 4.42e-06, 2.26e-06]    []  
STEP 32000 BETA 1.00365174
33000     [6.87e-05, 6.19e-05, 1.00e-05, 4.57e-06, 1.15e-05, 1.52e-07, 5.14e-07, 1.69e-06, 1.23e-06, 2.38e-06, 5.19e-07]    [6.87e-05, 6.19e-05, 1.00e-05, 4.57e-06, 1.15e-05, 1.52e-07, 5.14e-07, 1.69e-06, 1.23e-06, 2.38e-06, 5.19e-07]    []  
STEP 33000 BETA 1.00161266
34000     [4.35e-05, 5.23e-05, 1.59e-06, 2.19e-06, 5.45e-06, 2.10e-08, 2.80e-07, 3.93e-07, 4.27e-07, 1.59e-06, 1.53e-06]    [4.35e-05, 5.23e-05, 1.59e-06, 2.19e-06, 5.45e-06, 2.10e-08, 2.80e-07, 3.93e-07, 4.27e-07, 1.59e-06, 1.53e-06]    []  
STEP 34000 BETA 1.00091946
35000     [4.39e-05, 4.37e-05, 1.37e-06, 1.22e-06, 2.61e-05, 4.25e-07, 2.47e-06, 6.32e-06, 2.81e-06, 4.22e-06, 1.17e-08]    [4.39e-05, 4.37e-05, 1.37e-06, 1.22e-06, 2.61e-05, 4.25e-07, 2.47e-06, 6.32e-06, 2.81e-06, 4.22e-06, 1.17e-08]    []  
STEP 35000 BETA 1.00088120
36000     [4.36e-05, 3.60e-05, 2.93e-06, 1.43e-06, 3.13e-06, 4.96e-08, 2.13e-07, 1.32e-07, 4.10e-07, 1.46e-06, 2.72e-08]    [4.36e-05, 3.60e-05, 2.93e-06, 1.43e-06, 3.13e-06, 4.96e-08, 2.13e-07, 1.32e-07, 4.10e-07, 1.46e-06, 2.72e-08]    []  
STEP 36000 BETA 0.99957615
37000     [4.89e-05, 3.68e-05, 3.87e-06, 3.86e-06, 3.35e-06, 7.64e-07, 1.74e-07, 7.49e-07, 3.96e-07, 1.48e-06, 9.34e-07]    [4.89e-05, 3.68e-05, 3.87e-06, 3.86e-06, 3.35e-06, 7.64e-07, 1.74e-07, 7.49e-07, 3.96e-07, 1.48e-06, 9.34e-07]    []  
STEP 37000 BETA 0.99918360
38000     [4.02e-05, 3.69e-05, 1.88e-06, 1.84e-06, 6.89e-06, 1.80e-07, 1.04e-06, 1.52e-06, 1.63e-06, 1.97e-06, 1.66e-08]    [4.02e-05, 3.69e-05, 1.88e-06, 1.84e-06, 6.89e-06, 1.80e-07, 1.04e-06, 1.52e-06, 1.63e-06, 1.97e-06, 1.66e-08]    []  
STEP 38000 BETA 0.99939537
39000     [4.01e-05, 7.67e-05, 3.45e-06, 6.65e-06, 2.61e-05, 4.36e-06, 1.34e-06, 4.91e-08, 1.34e-06, 2.22e-06, 1.21e-06]    [4.01e-05, 7.67e-05, 3.45e-06, 6.65e-06, 2.61e-05, 4.36e-06, 1.34e-06, 4.91e-08, 1.34e-06, 2.22e-06, 1.21e-06]    []  
STEP 39000 BETA 0.99957764
40000     [3.79e-05, 3.67e-05, 2.10e-06, 2.48e-06, 1.32e-05, 2.71e-08, 1.16e-06, 1.74e-06, 2.07e-06, 2.28e-06, 1.95e-07]    [3.79e-05, 3.67e-05, 2.10e-06, 2.48e-06, 1.32e-05, 2.71e-08, 1.16e-06, 1.74e-06, 2.07e-06, 2.28e-06, 1.95e-07]    []  
STEP 40000 BETA 0.99948978
41000     [3.33e-05, 4.16e-05, 1.39e-06, 1.61e-06, 1.10e-05, 2.40e-07, 4.62e-07, 4.24e-07, 5.51e-07, 1.33e-06, 8.30e-07]    [3.33e-05, 4.16e-05, 1.39e-06, 1.61e-06, 1.10e-05, 2.40e-07, 4.62e-07, 4.24e-07, 5.51e-07, 1.33e-06, 8.30e-07]    []  
STEP 41000 BETA 0.99806339
42000     [3.23e-05, 3.43e-05, 1.70e-06, 1.35e-06, 2.74e-06, 7.21e-08, 2.16e-07, 3.62e-08, 2.41e-07, 1.18e-06, 6.63e-07]    [3.23e-05, 3.43e-05, 1.70e-06, 1.35e-06, 2.74e-06, 7.21e-08, 2.16e-07, 3.62e-08, 2.41e-07, 1.18e-06, 6.63e-07]    []  
STEP 42000 BETA 0.99751592
43000     [1.06e-04, 2.28e-04, 5.84e-06, 1.36e-05, 5.89e-05, 3.51e-06, 1.14e-05, 1.86e-07, 1.40e-05, 7.71e-06, 1.69e-05]    [1.06e-04, 2.28e-04, 5.84e-06, 1.36e-05, 5.89e-05, 3.51e-06, 1.14e-05, 1.86e-07, 1.40e-05, 7.71e-06, 1.69e-05]    []  
STEP 43000 BETA 0.99794698
44000     [2.62e-05, 8.89e-05, 1.69e-06, 5.66e-06, 4.81e-06, 7.72e-08, 7.17e-07, 1.78e-08, 5.62e-07, 1.27e-06, 5.77e-06]    [2.62e-05, 8.89e-05, 1.69e-06, 5.66e-06, 4.81e-06, 7.72e-08, 7.17e-07, 1.78e-08, 5.62e-07, 1.27e-06, 5.77e-06]    []  
STEP 44000 BETA 0.99763799
45000     [2.49e-05, 9.69e-05, 3.45e-06, 8.21e-06, 5.60e-06, 2.41e-07, 1.70e-06, 6.97e-07, 1.20e-06, 1.98e-06, 8.39e-06]    [2.49e-05, 9.69e-05, 3.45e-06, 8.21e-06, 5.60e-06, 2.41e-07, 1.70e-06, 6.97e-07, 1.20e-06, 1.98e-06, 8.39e-06]    []  
STEP 45000 BETA 0.99786395
46000     [2.84e-05, 2.91e-05, 1.35e-06, 1.06e-06, 1.56e-05, 1.08e-06, 9.50e-07, 1.80e-07, 1.28e-06, 1.48e-06, 3.50e-07]    [2.84e-05, 2.91e-05, 1.35e-06, 1.06e-06, 1.56e-05, 1.08e-06, 9.50e-07, 1.80e-07, 1.28e-06, 1.48e-06, 3.50e-07]    []  
STEP 46000 BETA 0.99795461
47000     [4.57e-05, 5.51e-05, 6.91e-06, 3.77e-06, 6.50e-06, 1.74e-07, 1.35e-06, 1.90e-07, 1.85e-06, 1.55e-06, 1.00e-06]    [4.57e-05, 5.51e-05, 6.91e-06, 3.77e-06, 6.50e-06, 1.74e-07, 1.35e-06, 1.90e-07, 1.85e-06, 1.55e-06, 1.00e-06]    []  
STEP 47000 BETA 0.99707419
48000     [2.04e-05, 2.10e-05, 1.24e-06, 8.67e-07, 3.12e-06, 8.78e-08, 1.15e-07, 2.14e-07, 2.54e-07, 9.07e-07, 1.94e-09]    [2.04e-05, 2.10e-05, 1.24e-06, 8.67e-07, 3.12e-06, 8.78e-08, 1.15e-07, 2.14e-07, 2.54e-07, 9.07e-07, 1.94e-09]    []  
STEP 48000 BETA 0.99710864
49000     [7.06e-05, 4.50e-05, 1.01e-05, 1.30e-05, 7.65e-06, 2.84e-06, 2.00e-06, 4.72e-06, 5.19e-06, 4.16e-06, 8.02e-08]    [7.06e-05, 4.50e-05, 1.01e-05, 1.30e-05, 7.65e-06, 2.84e-06, 2.00e-06, 4.72e-06, 5.19e-06, 4.16e-06, 8.02e-08]    []  
STEP 49000 BETA 0.99662989
50000     [2.15e-05, 1.96e-05, 1.47e-06, 9.03e-07, 5.61e-06, 3.37e-07, 3.53e-07, 2.09e-06, 4.19e-07, 1.74e-06, 3.94e-08]    [2.15e-05, 1.96e-05, 1.47e-06, 9.03e-07, 5.61e-06, 3.37e-07, 3.53e-07, 2.09e-06, 4.19e-07, 1.74e-06, 3.94e-08]    []  
STEP 50000 BETA 0.99690813
51000     [6.40e-05, 6.41e-05, 1.61e-05, 1.90e-05, 7.18e-06, 3.35e-06, 1.98e-06, 2.57e-06, 5.70e-06, 4.02e-06, 1.73e-09]    [6.40e-05, 6.41e-05, 1.61e-05, 1.90e-05, 7.18e-06, 3.35e-06, 1.98e-06, 2.57e-06, 5.70e-06, 4.02e-06, 1.73e-09]    []  
STEP 51000 BETA 0.99639422
52000     [1.71e-05, 5.70e-05, 9.55e-07, 3.61e-06, 1.00e-05, 1.95e-07, 1.43e-06, 3.23e-07, 1.63e-06, 1.44e-06, 2.94e-06]    [1.71e-05, 5.70e-05, 9.55e-07, 3.61e-06, 1.00e-05, 1.95e-07, 1.43e-06, 3.23e-07, 1.63e-06, 1.44e-06, 2.94e-06]    []  
STEP 52000 BETA 0.99631125
53000     [6.99e-05, 1.78e-05, 5.80e-06, 6.64e-07, 5.54e-06, 1.14e-06, 1.76e-07, 7.31e-07, 2.35e-07, 1.10e-06, 5.12e-08]    [6.99e-05, 1.78e-05, 5.80e-06, 6.64e-07, 5.54e-06, 1.14e-06, 1.76e-07, 7.31e-07, 2.35e-07, 1.10e-06, 5.12e-08]    []  
STEP 53000 BETA 0.99587816
54000     [1.49e-05, 3.45e-05, 1.62e-06, 2.80e-06, 3.37e-06, 1.56e-07, 8.60e-07, 1.97e-07, 1.37e-06, 1.19e-06, 4.93e-07]    [1.49e-05, 3.45e-05, 1.62e-06, 2.80e-06, 3.37e-06, 1.56e-07, 8.60e-07, 1.97e-07, 1.37e-06, 1.19e-06, 4.93e-07]    []  
STEP 54000 BETA 0.99593288
55000     [1.74e-05, 2.08e-05, 5.07e-06, 5.72e-06, 1.89e-05, 3.38e-07, 1.34e-06, 1.50e-06, 9.23e-07, 1.32e-06, 6.47e-07]    [1.74e-05, 2.08e-05, 5.07e-06, 5.72e-06, 1.89e-05, 3.38e-07, 1.34e-06, 1.50e-06, 9.23e-07, 1.32e-06, 6.47e-07]    []  
STEP 55000 BETA 0.99655622
56000     [6.02e-05, 2.98e-05, 1.42e-05, 2.12e-05, 8.18e-06, 1.45e-06, 2.80e-07, 2.09e-07, 5.22e-07, 1.21e-06, 4.45e-06]    [6.02e-05, 2.98e-05, 1.42e-05, 2.12e-05, 8.18e-06, 1.45e-06, 2.80e-07, 2.09e-07, 5.22e-07, 1.21e-06, 4.45e-06]    []  
STEP 56000 BETA 0.99560791
57000     [1.51e-05, 2.99e-05, 2.43e-06, 4.37e-06, 5.69e-06, 3.47e-08, 4.37e-07, 7.30e-07, 1.89e-07, 8.22e-07, 2.51e-06]    [1.51e-05, 2.99e-05, 2.43e-06, 4.37e-06, 5.69e-06, 3.47e-08, 4.37e-07, 7.30e-07, 1.89e-07, 8.22e-07, 2.51e-06]    []  
STEP 57000 BETA 0.99543679
58000     [1.25e-05, 1.88e-05, 1.81e-06, 2.19e-06, 5.19e-06, 4.31e-07, 2.84e-07, 1.96e-09, 2.02e-07, 7.75e-07, 9.12e-07]    [1.25e-05, 1.88e-05, 1.81e-06, 2.19e-06, 5.19e-06, 4.31e-07, 2.84e-07, 1.96e-09, 2.02e-07, 7.75e-07, 9.12e-07]    []  
STEP 58000 BETA 0.99572557
59000     [1.27e-05, 2.92e-05, 1.05e-06, 1.59e-06, 4.37e-06, 3.51e-08, 4.93e-07, 5.47e-07, 5.09e-07, 9.14e-07, 8.82e-07]    [1.27e-05, 2.92e-05, 1.05e-06, 1.59e-06, 4.37e-06, 3.51e-08, 4.93e-07, 5.47e-07, 5.09e-07, 9.14e-07, 8.82e-07]    []  
STEP 59000 BETA 0.99533546
60000     [2.52e-05, 1.82e-05, 3.98e-06, 2.22e-06, 9.13e-06, 5.60e-07, 1.02e-06, 3.85e-06, 8.08e-07, 2.01e-06, 8.60e-07]    [2.52e-05, 1.82e-05, 3.98e-06, 2.22e-06, 9.13e-06, 5.60e-07, 1.02e-06, 3.85e-06, 8.08e-07, 2.01e-06, 8.60e-07]    []  
STEP 60000 BETA 0.99559402
61000     [1.21e-05, 1.62e-05, 2.47e-06, 2.82e-06, 1.83e-06, 5.29e-08, 1.99e-07, 3.12e-08, 9.93e-08, 5.62e-07, 9.45e-07]    [1.21e-05, 1.62e-05, 2.47e-06, 2.82e-06, 1.83e-06, 5.29e-08, 1.99e-07, 3.12e-08, 9.93e-08, 5.62e-07, 9.45e-07]    []  
STEP 61000 BETA 0.99506533
62000     [9.66e-06, 1.22e-05, 7.48e-07, 4.64e-07, 3.44e-06, 4.56e-08, 2.28e-07, 1.44e-07, 2.01e-07, 6.18e-07, 1.01e-08]    [9.66e-06, 1.22e-05, 7.48e-07, 4.64e-07, 3.44e-06, 4.56e-08, 2.28e-07, 1.44e-07, 2.01e-07, 6.18e-07, 1.01e-08]    []  
STEP 62000 BETA 0.99506056
63000     [1.00e-05, 4.61e-05, 9.39e-07, 3.32e-06, 9.11e-06, 1.90e-08, 2.53e-06, 9.46e-07, 2.63e-06, 1.90e-06, 2.85e-06]    [1.00e-05, 4.61e-05, 9.39e-07, 3.32e-06, 9.11e-06, 1.90e-08, 2.53e-06, 9.46e-07, 2.63e-06, 1.90e-06, 2.85e-06]    []  
STEP 63000 BETA 0.99473363
64000     [1.30e-05, 1.04e-04, 1.90e-06, 8.11e-06, 1.06e-05, 3.30e-08, 3.22e-06, 5.07e-07, 4.14e-06, 2.59e-06, 4.95e-06]    [1.30e-05, 1.04e-04, 1.90e-06, 8.11e-06, 1.06e-05, 3.30e-08, 3.22e-06, 5.07e-07, 4.14e-06, 2.59e-06, 4.95e-06]    []  
STEP 64000 BETA 0.99498141
65000     [1.19e-05, 3.07e-05, 1.95e-06, 3.81e-06, 2.52e-06, 6.85e-08, 4.80e-07, 3.58e-07, 1.94e-07, 7.09e-07, 2.96e-06]    [1.19e-05, 3.07e-05, 1.95e-06, 3.81e-06, 2.52e-06, 6.85e-08, 4.80e-07, 3.58e-07, 1.94e-07, 7.09e-07, 2.96e-06]    []  
STEP 65000 BETA 0.99474317
66000     [8.01e-06, 1.35e-05, 5.40e-07, 1.11e-06, 3.60e-06, 2.80e-07, 2.39e-07, 1.34e-06, 2.35e-07, 1.00e-06, 3.25e-08]    [8.01e-06, 1.35e-05, 5.40e-07, 1.11e-06, 3.60e-06, 2.80e-07, 2.39e-07, 1.34e-06, 2.35e-07, 1.00e-06, 3.25e-08]    []  
STEP 66000 BETA 0.99531233
67000     [7.42e-06, 1.07e-05, 7.78e-07, 9.75e-07, 1.38e-06, 6.53e-08, 1.26e-07, 1.22e-07, 8.75e-08, 5.26e-07, 2.48e-08]    [7.42e-06, 1.07e-05, 7.78e-07, 9.75e-07, 1.38e-06, 6.53e-08, 1.26e-07, 1.22e-07, 8.75e-08, 5.26e-07, 2.48e-08]    []  
STEP 67000 BETA 0.99515986
68000     [3.09e-05, 1.23e-05, 2.59e-06, 1.18e-06, 2.65e-06, 3.59e-07, 1.47e-07, 2.87e-07, 1.01e-07, 6.96e-07, 3.50e-07]    [3.09e-05, 1.23e-05, 2.59e-06, 1.18e-06, 2.65e-06, 3.59e-07, 1.47e-07, 2.87e-07, 1.01e-07, 6.96e-07, 3.50e-07]    []  
STEP 68000 BETA 0.99451977
69000     [7.71e-06, 3.56e-05, 8.48e-07, 2.82e-06, 2.43e-06, 5.37e-08, 6.34e-07, 2.70e-08, 8.95e-07, 8.28e-07, 1.22e-06]    [7.71e-06, 3.56e-05, 8.48e-07, 2.82e-06, 2.43e-06, 5.37e-08, 6.34e-07, 2.70e-08, 8.95e-07, 8.28e-07, 1.22e-06]    []  
STEP 69000 BETA 0.99483144
70000     [7.00e-06, 1.24e-05, 6.91e-07, 7.10e-07, 7.15e-06, 9.83e-08, 3.01e-07, 3.18e-07, 3.55e-07, 5.99e-07, 2.65e-07]    [7.00e-06, 1.24e-05, 6.91e-07, 7.10e-07, 7.15e-06, 9.83e-08, 3.01e-07, 3.18e-07, 3.55e-07, 5.99e-07, 2.65e-07]    []  
STEP 70000 BETA 0.99436551
71000     [1.65e-05, 6.58e-05, 1.32e-06, 5.40e-06, 3.70e-06, 1.55e-08, 1.29e-06, 5.53e-08, 9.54e-07, 9.76e-07, 5.60e-06]    [1.65e-05, 6.58e-05, 1.32e-06, 5.40e-06, 3.70e-06, 1.55e-08, 1.29e-06, 5.53e-08, 9.54e-07, 9.76e-07, 5.60e-06]    []  
STEP 71000 BETA 0.99505764
72000     [8.37e-06, 1.66e-05, 7.66e-06, 9.78e-06, 9.35e-06, 4.46e-07, 8.52e-07, 3.17e-07, 3.76e-07, 6.98e-07, 2.27e-06]    [8.37e-06, 1.66e-05, 7.66e-06, 9.78e-06, 9.35e-06, 4.46e-07, 8.52e-07, 3.17e-07, 3.76e-07, 6.98e-07, 2.27e-06]    []  
STEP 72000 BETA 0.99451256
73000     [7.00e-06, 1.98e-05, 8.72e-07, 1.33e-06, 2.71e-06, 1.82e-07, 2.41e-07, 7.59e-09, 2.96e-07, 5.36e-07, 4.72e-07]    [7.00e-06, 1.98e-05, 8.72e-07, 1.33e-06, 2.71e-06, 1.82e-07, 2.41e-07, 7.59e-09, 2.96e-07, 5.36e-07, 4.72e-07]    []  
STEP 73000 BETA 0.99492103
74000     [5.09e-06, 1.11e-05, 4.27e-07, 4.97e-07, 1.28e-06, 5.37e-09, 1.38e-07, 1.99e-08, 9.39e-08, 4.32e-07, 2.63e-07]    [5.09e-06, 1.11e-05, 4.27e-07, 4.97e-07, 1.28e-06, 5.37e-09, 1.38e-07, 1.99e-08, 9.39e-08, 4.32e-07, 2.63e-07]    []  
STEP 74000 BETA 0.99440974
75000     [6.12e-06, 1.19e-05, 3.94e-06, 4.58e-06, 2.26e-06, 3.20e-07, 1.31e-07, 1.41e-08, 1.86e-07, 5.12e-07, 5.60e-07]    [6.12e-06, 1.19e-05, 3.94e-06, 4.58e-06, 2.26e-06, 3.20e-07, 1.31e-07, 1.41e-08, 1.86e-07, 5.12e-07, 5.60e-07]    []  
STEP 75000 BETA 0.99471349
76000     [1.24e-05, 7.82e-05, 2.02e-05, 3.20e-05, 4.32e-06, 1.28e-07, 1.86e-06, 4.05e-07, 2.30e-07, 8.53e-07, 1.72e-05]    [1.24e-05, 7.82e-05, 2.02e-05, 3.20e-05, 4.32e-06, 1.28e-07, 1.86e-06, 4.05e-07, 2.30e-07, 8.53e-07, 1.72e-05]    []  
STEP 76000 BETA 0.99491924
77000     [7.37e-06, 8.72e-06, 6.98e-07, 5.29e-07, 1.58e-06, 3.08e-08, 1.48e-07, 2.36e-07, 1.84e-07, 4.98e-07, 1.97e-10]    [7.37e-06, 8.72e-06, 6.98e-07, 5.29e-07, 1.58e-06, 3.08e-08, 1.48e-07, 2.36e-07, 1.84e-07, 4.98e-07, 1.97e-10]    []  
STEP 77000 BETA 0.99467343
78000     [6.07e-06, 1.29e-05, 7.66e-07, 8.71e-07, 3.91e-06, 4.15e-09, 3.04e-07, 3.51e-07, 4.45e-07, 5.91e-07, 1.09e-07]    [6.07e-06, 1.29e-05, 7.66e-07, 8.71e-07, 3.91e-06, 4.15e-09, 3.04e-07, 3.51e-07, 4.45e-07, 5.91e-07, 1.09e-07]    []  
STEP 78000 BETA 0.99482876
79000     [5.09e-06, 1.22e-05, 4.49e-07, 8.33e-07, 1.03e-05, 1.89e-07, 1.17e-06, 4.43e-07, 1.32e-06, 9.81e-07, 2.86e-07]    [5.09e-06, 1.22e-05, 4.49e-07, 8.33e-07, 1.03e-05, 1.89e-07, 1.17e-06, 4.43e-07, 1.32e-06, 9.81e-07, 2.86e-07]    []  
STEP 79000 BETA 0.99459857
80000     [4.18e-06, 7.86e-06, 3.53e-07, 2.38e-07, 9.57e-07, 2.36e-09, 8.92e-08, 7.62e-09, 8.90e-08, 3.67e-07, 1.20e-09]    [4.18e-06, 7.86e-06, 3.53e-07, 2.38e-07, 9.57e-07, 2.36e-09, 8.92e-08, 7.62e-09, 8.90e-08, 3.67e-07, 1.20e-09]    []  
STEP 80000 BETA 0.99435157
81000     [6.51e-06, 7.77e-06, 5.79e-07, 3.12e-07, 1.02e-06, 7.32e-08, 7.76e-08, 1.02e-07, 6.26e-08, 4.22e-07, 1.22e-09]    [6.51e-06, 7.77e-06, 5.79e-07, 3.12e-07, 1.02e-06, 7.32e-08, 7.76e-08, 1.02e-07, 6.26e-08, 4.22e-07, 1.22e-09]    []  
STEP 81000 BETA 0.99444085
82000     [3.98e-06, 7.57e-06, 3.43e-07, 2.24e-07, 9.02e-07, 3.98e-09, 8.31e-08, 6.63e-09, 5.96e-08, 3.71e-07, 7.70e-09]    [3.98e-06, 7.57e-06, 3.43e-07, 2.24e-07, 9.02e-07, 3.98e-09, 8.31e-08, 6.63e-09, 5.96e-08, 3.71e-07, 7.70e-09]    []  
STEP 82000 BETA 0.99439293
83000     [4.09e-06, 9.71e-06, 1.10e-06, 7.97e-07, 9.73e-07, 2.45e-07, 2.25e-07, 4.20e-07, 1.16e-07, 5.74e-07, 2.13e-07]    [4.09e-06, 9.71e-06, 1.10e-06, 7.97e-07, 9.73e-07, 2.45e-07, 2.25e-07, 4.20e-07, 1.16e-07, 5.74e-07, 2.13e-07]    []  
STEP 83000 BETA 0.99476689
84000     [2.15e-05, 1.37e-05, 4.98e-06, 2.39e-06, 6.31e-06, 7.45e-07, 5.75e-07, 1.09e-07, 1.13e-06, 9.52e-07, 5.06e-09]    [2.15e-05, 1.37e-05, 4.98e-06, 2.39e-06, 6.31e-06, 7.45e-07, 5.75e-07, 1.09e-07, 1.13e-06, 9.52e-07, 5.06e-09]    []  
STEP 84000 BETA 0.99431592
85000     [3.79e-06, 7.99e-06, 3.60e-07, 5.20e-07, 9.16e-07, 4.35e-09, 8.62e-08, 1.43e-08, 7.37e-08, 3.67e-07, 9.14e-08]    [3.79e-06, 7.99e-06, 3.60e-07, 5.20e-07, 9.16e-07, 4.35e-09, 8.62e-08, 1.43e-08, 7.37e-08, 3.67e-07, 9.14e-08]    []  
STEP 85000 BETA 0.99518281
86000     [4.95e-06, 1.23e-05, 1.31e-06, 2.07e-06, 8.47e-06, 1.51e-07, 2.46e-07, 5.36e-07, 2.46e-07, 5.36e-07, 4.00e-08]    [4.95e-06, 1.23e-05, 1.31e-06, 2.07e-06, 8.47e-06, 1.51e-07, 2.46e-07, 5.36e-07, 2.46e-07, 5.36e-07, 4.00e-08]    []  
STEP 86000 BETA 0.99465102
87000     [7.21e-06, 1.79e-05, 5.69e-07, 1.39e-06, 2.06e-06, 1.26e-07, 1.96e-07, 2.35e-08, 2.28e-07, 4.44e-07, 7.84e-07]    [7.21e-06, 1.79e-05, 5.69e-07, 1.39e-06, 2.06e-06, 1.26e-07, 1.96e-07, 2.35e-08, 2.28e-07, 4.44e-07, 7.84e-07]    []  
STEP 87000 BETA 0.99484777
88000     [2.39e-05, 1.08e-05, 2.52e-06, 2.15e-06, 1.98e-06, 2.74e-07, 8.74e-08, 8.91e-07, 5.97e-08, 7.64e-07, 6.25e-08]    [2.39e-05, 1.08e-05, 2.52e-06, 2.15e-06, 1.98e-06, 2.74e-07, 8.74e-08, 8.91e-07, 5.97e-08, 7.64e-07, 6.25e-08]    []  
STEP 88000 BETA 0.99454457
89000     [6.27e-06, 9.78e-06, 4.28e-06, 4.73e-06, 2.12e-06, 1.11e-07, 1.62e-07, 4.17e-07, 1.59e-07, 4.69e-07, 1.18e-06]    [6.27e-06, 9.78e-06, 4.28e-06, 4.73e-06, 2.12e-06, 1.11e-07, 1.62e-07, 4.17e-07, 1.59e-07, 4.69e-07, 1.18e-06]    []  
STEP 89000 BETA 0.99429381
90000     [5.26e-06, 7.23e-06, 9.63e-07, 9.72e-07, 9.44e-07, 8.23e-08, 6.85e-08, 1.41e-07, 1.03e-07, 4.01e-07, 4.39e-08]    [5.26e-06, 7.23e-06, 9.63e-07, 9.72e-07, 9.44e-07, 8.23e-08, 6.85e-08, 1.41e-07, 1.03e-07, 4.01e-07, 4.39e-08]    []  
STEP 90000 BETA 0.99421912
91000     [3.52e-06, 7.55e-06, 4.22e-07, 4.15e-07, 1.57e-06, 3.18e-08, 8.15e-08, 2.34e-08, 8.14e-08, 3.35e-07, 1.73e-07]    [3.52e-06, 7.55e-06, 4.22e-07, 4.15e-07, 1.57e-06, 3.18e-08, 8.15e-08, 2.34e-08, 8.14e-08, 3.35e-07, 1.73e-07]    []  
STEP 91000 BETA 0.99475646
92000     [3.48e-06, 6.55e-06, 3.39e-07, 3.16e-07, 8.20e-07, 3.43e-08, 1.38e-07, 2.00e-08, 9.88e-08, 3.98e-07, 2.41e-08]    [3.48e-06, 6.55e-06, 3.39e-07, 3.16e-07, 8.20e-07, 3.43e-08, 1.38e-07, 2.00e-08, 9.88e-08, 3.98e-07, 2.41e-08]    []  
STEP 92000 BETA 0.99458957
93000     [5.06e-06, 1.79e-05, 6.92e-07, 1.55e-06, 2.29e-06, 1.37e-09, 2.65e-07, 2.26e-07, 1.75e-07, 4.80e-07, 1.21e-06]    [5.06e-06, 1.79e-05, 6.92e-07, 1.55e-06, 2.29e-06, 1.37e-09, 2.65e-07, 2.26e-07, 1.75e-07, 4.80e-07, 1.21e-06]    []  
STEP 93000 BETA 0.99463415
94000     [7.83e-06, 7.02e-06, 7.59e-07, 4.98e-07, 1.04e-06, 3.26e-08, 7.93e-08, 1.52e-07, 5.84e-08, 3.92e-07, 6.75e-08]    [7.83e-06, 7.02e-06, 7.59e-07, 4.98e-07, 1.04e-06, 3.26e-08, 7.93e-08, 1.52e-07, 5.84e-08, 3.92e-07, 6.75e-08]    []  
STEP 94000 BETA 0.99405026
95000     [9.92e-06, 3.84e-05, 2.03e-06, 3.44e-06, 2.18e-06, 1.61e-07, 9.12e-07, 2.15e-07, 1.14e-06, 9.95e-07, 2.16e-06]    [9.92e-06, 3.84e-05, 2.03e-06, 3.44e-06, 2.18e-06, 1.61e-07, 9.12e-07, 2.15e-07, 1.14e-06, 9.95e-07, 2.16e-06]    []  
STEP 95000 BETA 0.99428284
96000     [3.28e-06, 6.08e-06, 3.11e-07, 2.37e-07, 7.61e-07, 4.23e-09, 6.07e-08, 2.21e-08, 5.12e-08, 3.26e-07, 9.61e-11]    [3.28e-06, 6.08e-06, 3.11e-07, 2.37e-07, 7.61e-07, 4.23e-09, 6.07e-08, 2.21e-08, 5.12e-08, 3.26e-07, 9.61e-11]    []  
STEP 96000 BETA 0.99421000
97000     [5.36e-06, 1.27e-05, 5.87e-06, 7.69e-06, 1.47e-06, 6.28e-08, 2.38e-06, 7.75e-08, 1.05e-06, 1.30e-06, 1.66e-06]    [5.36e-06, 1.27e-05, 5.87e-06, 7.69e-06, 1.47e-06, 6.28e-08, 2.38e-06, 7.75e-08, 1.05e-06, 1.30e-06, 1.66e-06]    []  
STEP 97000 BETA 0.99561548
98000     [3.02e-06, 5.84e-06, 2.67e-07, 1.65e-07, 7.35e-07, 1.05e-09, 7.76e-08, 1.01e-08, 6.70e-08, 3.76e-07, 3.81e-09]    [3.02e-06, 5.84e-06, 2.67e-07, 1.65e-07, 7.35e-07, 1.05e-09, 7.76e-08, 1.01e-08, 6.70e-08, 3.76e-07, 3.81e-09]    []  
STEP 98000 BETA 0.99408531
99000     [3.20e-06, 6.92e-06, 4.16e-07, 3.86e-07, 9.39e-07, 6.68e-09, 6.96e-08, 2.25e-08, 8.09e-08, 3.22e-07, 2.49e-08]    [3.20e-06, 6.92e-06, 4.16e-07, 3.86e-07, 9.39e-07, 6.68e-09, 6.96e-08, 2.25e-08, 8.09e-08, 3.22e-07, 2.49e-08]    []  
STEP 99000 BETA 0.99447483
100000    [3.55e-05, 1.42e-05, 3.43e-06, 1.44e-06, 1.31e-05, 1.78e-06, 8.54e-07, 1.56e-07, 1.14e-06, 1.16e-06, 4.09e-07]    [3.55e-05, 1.42e-05, 3.43e-06, 1.44e-06, 1.31e-05, 1.78e-06, 8.54e-07, 1.56e-07, 1.14e-06, 1.16e-06, 4.09e-07]    []  
STEP 100000 BETA 0.99414629
101000    [2.98e-06, 5.69e-06, 2.99e-07, 2.34e-07, 9.51e-07, 6.04e-10, 7.28e-08, 4.40e-08, 8.32e-08, 3.14e-07, 8.58e-10]    [2.98e-06, 5.69e-06, 2.99e-07, 2.34e-07, 9.51e-07, 6.04e-10, 7.28e-08, 4.40e-08, 8.32e-08, 3.14e-07, 8.58e-10]    []  
STEP 101000 BETA 0.99430668
102000    [2.98e-06, 5.86e-06, 4.20e-07, 4.30e-07, 8.04e-07, 4.59e-09, 6.04e-08, 4.42e-08, 5.32e-08, 3.09e-07, 9.82e-08]    [2.98e-06, 5.86e-06, 4.20e-07, 4.30e-07, 8.04e-07, 4.59e-09, 6.04e-08, 4.42e-08, 5.32e-08, 3.09e-07, 9.82e-08]    []  
STEP 102000 BETA 0.99431604
103000    [5.99e-06, 1.55e-05, 1.43e-06, 1.38e-06, 1.36e-06, 2.53e-07, 2.02e-07, 1.78e-07, 2.54e-07, 5.05e-07, 7.93e-07]    [5.99e-06, 1.55e-05, 1.43e-06, 1.38e-06, 1.36e-06, 2.53e-07, 2.02e-07, 1.78e-07, 2.54e-07, 5.05e-07, 7.93e-07]    []  
STEP 103000 BETA 0.99464095
104000    [5.77e-06, 1.54e-05, 3.52e-06, 5.84e-06, 5.42e-06, 1.00e-07, 3.63e-07, 1.52e-07, 1.13e-06, 6.56e-07, 1.69e-07]    [5.77e-06, 1.54e-05, 3.52e-06, 5.84e-06, 5.42e-06, 1.00e-07, 3.63e-07, 1.52e-07, 1.13e-06, 6.56e-07, 1.69e-07]    []  
STEP 104000 BETA 0.99448204
105000    [2.01e-05, 1.70e-05, 5.96e-06, 7.20e-06, 1.72e-06, 2.12e-07, 9.34e-08, 3.05e-07, 4.67e-07, 5.66e-07, 7.45e-08]    [2.01e-05, 1.70e-05, 5.96e-06, 7.20e-06, 1.72e-06, 2.12e-07, 9.34e-08, 3.05e-07, 4.67e-07, 5.66e-07, 7.45e-08]    []  
STEP 105000 BETA 0.99444693
106000    [1.27e-05, 2.94e-05, 1.00e-05, 1.29e-05, 5.85e-06, 1.96e-07, 1.61e-06, 6.44e-08, 4.06e-06, 1.69e-06, 1.81e-08]    [1.27e-05, 2.94e-05, 1.00e-05, 1.29e-05, 5.85e-06, 1.96e-07, 1.61e-06, 6.44e-08, 4.06e-06, 1.69e-06, 1.81e-08]    []  
STEP 106000 BETA 0.99434316
107000    [4.84e-06, 3.37e-05, 3.30e-06, 1.19e-05, 1.85e-05, 1.58e-06, 2.71e-06, 9.47e-08, 1.66e-06, 1.56e-06, 7.42e-06]    [4.84e-06, 3.37e-05, 3.30e-06, 1.19e-05, 1.85e-05, 1.58e-06, 2.71e-06, 9.47e-08, 1.66e-06, 1.56e-06, 7.42e-06]    []  
STEP 107000 BETA 0.99437749
108000    [2.79e-06, 5.82e-06, 7.42e-07, 6.54e-07, 1.18e-06, 9.17e-08, 7.47e-08, 1.01e-08, 5.78e-08, 3.17e-07, 2.45e-07]    [2.79e-06, 5.82e-06, 7.42e-07, 6.54e-07, 1.18e-06, 9.17e-08, 7.47e-08, 1.01e-08, 5.78e-08, 3.17e-07, 2.45e-07]    []  
STEP 108000 BETA 0.99450123
109000    [2.91e-06, 9.66e-06, 6.22e-07, 1.14e-06, 1.07e-06, 1.34e-07, 1.43e-07, 3.13e-08, 8.01e-08, 3.14e-07, 8.64e-07]    [2.91e-06, 9.66e-06, 6.22e-07, 1.14e-06, 1.07e-06, 1.34e-07, 1.43e-07, 3.13e-08, 8.01e-08, 3.14e-07, 8.64e-07]    []  
STEP 109000 BETA 0.99437761
110000    [9.96e-06, 6.72e-06, 1.05e-06, 1.68e-06, 8.93e-07, 3.30e-08, 6.19e-08, 5.77e-08, 6.65e-08, 3.29e-07, 1.05e-09]    [9.96e-06, 6.72e-06, 1.05e-06, 1.68e-06, 8.93e-07, 3.30e-08, 6.19e-08, 5.77e-08, 6.65e-08, 3.29e-07, 1.05e-09]    []  
STEP 110000 BETA 0.99420488
111000    [3.68e-06, 7.22e-06, 6.45e-07, 7.21e-07, 4.68e-06, 4.28e-08, 2.45e-07, 3.13e-07, 2.30e-07, 3.83e-07, 3.80e-07]    [3.68e-06, 7.22e-06, 6.45e-07, 7.21e-07, 4.68e-06, 4.28e-08, 2.45e-07, 3.13e-07, 2.30e-07, 3.83e-07, 3.80e-07]    []  
STEP 111000 BETA 0.99429905
112000    [2.42e-05, 8.83e-06, 4.30e-06, 3.00e-06, 6.52e-06, 1.52e-07, 2.68e-07, 1.88e-06, 1.44e-07, 9.54e-07, 5.90e-07]    [2.42e-05, 8.83e-06, 4.30e-06, 3.00e-06, 6.52e-06, 1.52e-07, 2.68e-07, 1.88e-06, 1.44e-07, 9.54e-07, 5.90e-07]    []  
STEP 112000 BETA 0.99399304
113000    [2.52e-06, 4.77e-06, 2.68e-07, 1.94e-07, 7.58e-07, 1.50e-08, 5.10e-08, 1.16e-08, 4.47e-08, 2.58e-07, 6.89e-09]    [2.52e-06, 4.77e-06, 2.68e-07, 1.94e-07, 7.58e-07, 1.50e-08, 5.10e-08, 1.16e-08, 4.47e-08, 2.58e-07, 6.89e-09]    []  
STEP 113000 BETA 0.99418110
114000    [2.34e-06, 4.34e-06, 2.06e-07, 1.44e-07, 5.83e-07, 1.45e-09, 5.32e-08, 1.13e-08, 4.46e-08, 2.47e-07, 4.92e-09]    [2.34e-06, 4.34e-06, 2.06e-07, 1.44e-07, 5.83e-07, 1.45e-09, 5.32e-08, 1.13e-08, 4.46e-08, 2.47e-07, 4.92e-09]    []  
STEP 114000 BETA 0.99451649
115000    [1.49e-05, 4.06e-05, 7.23e-06, 1.09e-05, 1.35e-05, 4.77e-07, 5.84e-07, 1.95e-07, 4.62e-07, 4.39e-07, 6.58e-06]    [1.49e-05, 4.06e-05, 7.23e-06, 1.09e-05, 1.35e-05, 4.77e-07, 5.84e-07, 1.95e-07, 4.62e-07, 4.39e-07, 6.58e-06]    []  
STEP 115000 BETA 0.99413109
116000    [2.42e-06, 8.44e-06, 4.75e-07, 8.52e-07, 2.68e-06, 5.28e-08, 7.24e-07, 9.82e-08, 6.36e-07, 5.82e-07, 7.54e-07]    [2.42e-06, 8.44e-06, 4.75e-07, 8.52e-07, 2.68e-06, 5.28e-08, 7.24e-07, 9.82e-08, 6.36e-07, 5.82e-07, 7.54e-07]    []  
STEP 116000 BETA 0.99465156
117000    [4.59e-06, 7.99e-06, 7.15e-06, 6.19e-06, 8.40e-07, 1.66e-07, 7.55e-08, 1.25e-07, 5.05e-07, 4.64e-07, 7.40e-07]    [4.59e-06, 7.99e-06, 7.15e-06, 6.19e-06, 8.40e-07, 1.66e-07, 7.55e-08, 1.25e-07, 5.05e-07, 4.64e-07, 7.40e-07]    []  
STEP 117000 BETA 0.99436182
118000    [2.76e-06, 6.86e-06, 5.10e-07, 9.68e-07, 1.23e-06, 7.59e-09, 1.98e-07, 8.53e-08, 3.40e-07, 3.93e-07, 2.10e-08]    [2.76e-06, 6.86e-06, 5.10e-07, 9.68e-07, 1.23e-06, 7.59e-09, 1.98e-07, 8.53e-08, 3.40e-07, 3.93e-07, 2.10e-08]    []  
STEP 118000 BETA 0.99453580
119000    [2.76e-06, 3.10e-05, 2.28e-06, 5.39e-06, 2.60e-06, 1.72e-07, 1.76e-06, 7.31e-07, 1.21e-06, 1.21e-06, 4.61e-06]    [2.76e-06, 3.10e-05, 2.28e-06, 5.39e-06, 2.60e-06, 1.72e-07, 1.76e-06, 7.31e-07, 1.21e-06, 1.21e-06, 4.61e-06]    []  
STEP 119000 BETA 0.99455911
120000    [2.46e-06, 1.42e-05, 5.25e-07, 2.71e-06, 6.09e-07, 2.16e-07, 2.72e-07, 2.26e-07, 1.15e-07, 5.05e-07, 9.82e-07]    [2.46e-06, 1.42e-05, 5.25e-07, 2.71e-06, 6.09e-07, 2.16e-07, 2.72e-07, 2.26e-07, 1.15e-07, 5.05e-07, 9.82e-07]    []  
STEP 120000 BETA 0.99454826
121000    [2.49e-06, 4.46e-06, 2.48e-07, 6.22e-07, 7.28e-07, 2.58e-09, 5.37e-08, 4.01e-08, 4.45e-08, 2.53e-07, 8.95e-09]    [2.49e-06, 4.46e-06, 2.48e-07, 6.22e-07, 7.28e-07, 2.58e-09, 5.37e-08, 4.01e-08, 4.45e-08, 2.53e-07, 8.95e-09]    []  
STEP 121000 BETA 0.99439740
122000    [2.05e-06, 3.69e-06, 2.44e-07, 1.57e-07, 6.19e-07, 6.99e-09, 4.70e-08, 1.45e-08, 4.30e-08, 2.33e-07, 4.60e-12]    [2.05e-06, 3.69e-06, 2.44e-07, 1.57e-07, 6.19e-07, 6.99e-09, 4.70e-08, 1.45e-08, 4.30e-08, 2.33e-07, 4.60e-12]    []  
STEP 122000 BETA 0.99425840
123000    [3.35e-06, 4.12e-06, 4.42e-07, 5.13e-07, 5.53e-07, 3.19e-08, 4.76e-08, 4.48e-08, 5.94e-08, 2.49e-07, 1.95e-08]    [3.35e-06, 4.12e-06, 4.42e-07, 5.13e-07, 5.53e-07, 3.19e-08, 4.76e-08, 4.48e-08, 5.94e-08, 2.49e-07, 1.95e-08]    []  
STEP 123000 BETA 0.99447978
124000    [6.56e-05, 1.07e-05, 6.01e-06, 4.81e-06, 2.79e-06, 2.95e-07, 4.87e-08, 8.50e-07, 5.37e-08, 6.78e-07, 2.07e-09]    [6.56e-05, 1.07e-05, 6.01e-06, 4.81e-06, 2.79e-06, 2.95e-07, 4.87e-08, 8.50e-07, 5.37e-08, 6.78e-07, 2.07e-09]    []  
STEP 124000 BETA 0.99426687
125000    [3.56e-06, 1.82e-05, 4.31e-06, 7.39e-06, 1.69e-06, 6.89e-08, 3.57e-07, 3.65e-07, 5.96e-08, 3.33e-07, 3.58e-06]    [3.56e-06, 1.82e-05, 4.31e-06, 7.39e-06, 1.69e-06, 6.89e-08, 3.57e-07, 3.65e-07, 5.96e-08, 3.33e-07, 3.58e-06]    []  
STEP 125000 BETA 0.99432600
126000    [4.02e-06, 5.06e-06, 9.45e-07, 1.86e-06, 9.10e-07, 7.97e-08, 5.47e-08, 2.92e-08, 1.02e-07, 2.62e-07, 2.77e-07]    [4.02e-06, 5.06e-06, 9.45e-07, 1.86e-06, 9.10e-07, 7.97e-08, 5.47e-08, 2.92e-08, 1.02e-07, 2.62e-07, 2.77e-07]    []  
STEP 126000 BETA 0.99442983
127000    [3.28e-06, 3.25e-06, 3.16e-07, 1.61e-07, 6.01e-07, 1.08e-08, 5.20e-08, 1.37e-08, 5.78e-08, 2.35e-07, 1.57e-10]    [3.28e-06, 3.25e-06, 3.16e-07, 1.61e-07, 6.01e-07, 1.08e-08, 5.20e-08, 1.37e-08, 5.78e-08, 2.35e-07, 1.57e-10]    []  
STEP 127000 BETA 0.99455732
128000    [2.27e-06, 3.32e-06, 3.29e-07, 3.11e-07, 9.37e-07, 4.47e-09, 7.35e-08, 9.97e-08, 9.82e-08, 2.63e-07, 8.27e-09]    [2.27e-06, 3.32e-06, 3.29e-07, 3.11e-07, 9.37e-07, 4.47e-09, 7.35e-08, 9.97e-08, 9.82e-08, 2.63e-07, 8.27e-09]    []  
STEP 128000 BETA 0.99427831
129000    [3.52e-06, 1.55e-05, 4.86e-07, 1.49e-06, 8.69e-06, 8.92e-08, 6.48e-07, 4.26e-07, 1.12e-06, 6.55e-07, 7.97e-07]    [3.52e-06, 1.55e-05, 4.86e-07, 1.49e-06, 8.69e-06, 8.92e-08, 6.48e-07, 4.26e-07, 1.12e-06, 6.55e-07, 7.97e-07]    []  
STEP 129000 BETA 0.99458838
130000    [5.67e-06, 6.41e-06, 1.53e-06, 1.31e-06, 2.76e-06, 2.04e-08, 7.72e-08, 3.00e-07, 8.03e-08, 2.99e-07, 8.86e-09]    [5.67e-06, 6.41e-06, 1.53e-06, 1.31e-06, 2.76e-06, 2.04e-08, 7.72e-08, 3.00e-07, 8.03e-08, 2.99e-07, 8.86e-09]    []  
STEP 130000 BETA 0.99446058
131000    [1.71e-06, 2.85e-06, 1.72e-07, 1.41e-07, 4.20e-07, 4.83e-10, 3.98e-08, 1.32e-08, 3.47e-08, 2.05e-07, 1.08e-08]    [1.71e-06, 2.85e-06, 1.72e-07, 1.41e-07, 4.20e-07, 4.83e-10, 3.98e-08, 1.32e-08, 3.47e-08, 2.05e-07, 1.08e-08]    []  
STEP 131000 BETA 0.99410772
132000    [6.37e-06, 7.31e-06, 1.58e-06, 1.46e-06, 5.38e-06, 2.99e-07, 1.29e-07, 2.87e-08, 2.31e-07, 2.89e-07, 4.81e-07]    [6.37e-06, 7.31e-06, 1.58e-06, 1.46e-06, 5.38e-06, 2.99e-07, 1.29e-07, 2.87e-08, 2.31e-07, 2.89e-07, 4.81e-07]    []  
STEP 132000 BETA 0.99441910
133000    [5.05e-06, 2.92e-05, 6.54e-06, 1.04e-05, 9.03e-06, 2.03e-08, 7.11e-07, 1.20e-06, 2.50e-07, 7.14e-07, 6.39e-06]    [5.05e-06, 2.92e-05, 6.54e-06, 1.04e-05, 9.03e-06, 2.03e-08, 7.11e-07, 1.20e-06, 2.50e-07, 7.14e-07, 6.39e-06]    []  
STEP 133000 BETA 0.99433261
134000    [3.48e-06, 3.33e-06, 8.12e-07, 9.28e-07, 1.09e-06, 7.35e-08, 6.98e-08, 3.40e-07, 1.19e-07, 3.64e-07, 5.38e-08]    [3.48e-06, 3.33e-06, 8.12e-07, 9.28e-07, 1.09e-06, 7.35e-08, 6.98e-08, 3.40e-07, 1.19e-07, 3.64e-07, 5.38e-08]    []  
STEP 134000 BETA 0.99416357
135000    [1.75e-06, 7.39e-06, 3.16e-07, 7.67e-07, 8.97e-07, 3.82e-09, 1.48e-07, 3.94e-08, 1.30e-07, 2.61e-07, 6.91e-07]    [1.75e-06, 7.39e-06, 3.16e-07, 7.67e-07, 8.97e-07, 3.82e-09, 1.48e-07, 3.94e-08, 1.30e-07, 2.61e-07, 6.91e-07]    []  
STEP 135000 BETA 0.99432552
136000    [4.27e-06, 5.51e-06, 1.47e-06, 2.60e-06, 5.06e-07, 5.03e-08, 1.15e-07, 1.12e-07, 3.82e-08, 2.71e-07, 1.12e-06]    [4.27e-06, 5.51e-06, 1.47e-06, 2.60e-06, 5.06e-07, 5.03e-08, 1.15e-07, 1.12e-07, 3.82e-08, 2.71e-07, 1.12e-06]    []  
STEP 136000 BETA 0.99410784
137000    [1.93e-06, 3.46e-06, 7.55e-07, 5.72e-07, 1.52e-06, 6.33e-08, 7.38e-08, 2.85e-08, 6.54e-08, 2.03e-07, 2.98e-08]    [1.93e-06, 3.46e-06, 7.55e-07, 5.72e-07, 1.52e-06, 6.33e-08, 7.38e-08, 2.85e-08, 6.54e-08, 2.03e-07, 2.98e-08]    []  
STEP 137000 BETA 0.99413234
138000    [3.87e-06, 6.82e-06, 2.16e-06, 3.41e-06, 4.87e-07, 5.41e-08, 2.72e-07, 1.08e-07, 4.80e-08, 2.67e-07, 1.32e-06]    [3.87e-06, 6.82e-06, 2.16e-06, 3.41e-06, 4.87e-07, 5.41e-08, 2.72e-07, 1.08e-07, 4.80e-08, 2.67e-07, 1.32e-06]    []  
STEP 138000 BETA 0.99424177
139000    [2.75e-06, 4.21e-06, 5.22e-07, 1.01e-06, 4.26e-07, 3.26e-09, 7.34e-08, 2.04e-08, 3.50e-08, 1.76e-07, 4.16e-07]    [2.75e-06, 4.21e-06, 5.22e-07, 1.01e-06, 4.26e-07, 3.26e-09, 7.34e-08, 2.04e-08, 3.50e-08, 1.76e-07, 4.16e-07]    []  
STEP 139000 BETA 0.99418348
140000    [2.50e-06, 4.23e-06, 7.45e-07, 1.36e-06, 4.08e-07, 5.31e-09, 6.29e-08, 1.68e-08, 4.22e-08, 1.86e-07, 6.51e-07]    [2.50e-06, 4.23e-06, 7.45e-07, 1.36e-06, 4.08e-07, 5.31e-09, 6.29e-08, 1.68e-08, 4.22e-08, 1.86e-07, 6.51e-07]    []  
STEP 140000 BETA 0.99384898
141000    [5.29e-06, 7.02e-06, 6.98e-07, 9.46e-07, 1.19e-06, 5.02e-08, 7.39e-08, 3.24e-07, 4.72e-08, 3.24e-07, 6.30e-07]    [5.29e-06, 7.02e-06, 6.98e-07, 9.46e-07, 1.19e-06, 5.02e-08, 7.39e-08, 3.24e-07, 4.72e-08, 3.24e-07, 6.30e-07]    []  
STEP 141000 BETA 0.99417037
142000    [2.00e-06, 1.99e-05, 2.37e-06, 5.22e-06, 7.04e-07, 1.04e-08, 5.36e-07, 3.44e-08, 1.42e-07, 2.97e-07, 3.70e-06]    [2.00e-06, 1.99e-05, 2.37e-06, 5.22e-06, 7.04e-07, 1.04e-08, 5.36e-07, 3.44e-08, 1.42e-07, 2.97e-07, 3.70e-06]    []  
STEP 142000 BETA 0.99406886
143000    [6.11e-06, 1.19e-05, 1.01e-05, 1.14e-05, 2.10e-06, 2.11e-07, 1.24e-07, 5.26e-08, 1.99e-07, 2.17e-07, 2.17e-06]    [6.11e-06, 1.19e-05, 1.01e-05, 1.14e-05, 2.10e-06, 2.11e-07, 1.24e-07, 5.26e-08, 1.99e-07, 2.17e-07, 2.17e-06]    []  
STEP 143000 BETA 0.99427956
144000    [4.67e-06, 1.51e-05, 2.06e-06, 2.39e-06, 1.18e-05, 3.66e-09, 3.25e-07, 1.19e-06, 3.33e-07, 5.66e-07, 1.89e-06]    [4.67e-06, 1.51e-05, 2.06e-06, 2.39e-06, 1.18e-05, 3.66e-09, 3.25e-07, 1.19e-06, 3.33e-07, 5.66e-07, 1.89e-06]    []  
STEP 144000 BETA 0.99406314
145000    [1.35e-06, 1.97e-06, 1.46e-07, 1.06e-07, 3.63e-07, 2.22e-09, 3.73e-08, 1.12e-08, 3.56e-08, 1.77e-07, 3.12e-09]    [1.35e-06, 1.97e-06, 1.46e-07, 1.06e-07, 3.63e-07, 2.22e-09, 3.73e-08, 1.12e-08, 3.56e-08, 1.77e-07, 3.12e-09]    []  
STEP 145000 BETA 0.99438661
146000    [2.22e-05, 1.09e-05, 2.25e-06, 3.63e-06, 6.20e-06, 9.96e-08, 1.64e-07, 1.56e-06, 1.42e-07, 7.85e-07, 1.39e-07]    [2.22e-05, 1.09e-05, 2.25e-06, 3.63e-06, 6.20e-06, 9.96e-08, 1.64e-07, 1.56e-06, 1.42e-07, 7.85e-07, 1.39e-07]    []  
STEP 146000 BETA 0.99414957
147000    [1.33e-06, 2.52e-06, 1.59e-07, 2.09e-07, 3.64e-07, 2.23e-09, 5.82e-08, 1.83e-08, 5.05e-08, 1.85e-07, 1.27e-07]    [1.33e-06, 2.52e-06, 1.59e-07, 2.09e-07, 3.64e-07, 2.23e-09, 5.82e-08, 1.83e-08, 5.05e-08, 1.85e-07, 1.27e-07]    []  
STEP 147000 BETA 0.99412918
148000    [6.14e-06, 1.67e-05, 1.09e-06, 3.97e-06, 1.09e-06, 2.43e-08, 4.26e-08, 1.85e-07, 5.67e-08, 2.20e-07, 2.44e-07]    [6.14e-06, 1.67e-05, 1.09e-06, 3.97e-06, 1.09e-06, 2.43e-08, 4.26e-08, 1.85e-07, 5.67e-08, 2.20e-07, 2.44e-07]    []  
STEP 148000 BETA 0.99401087
149000    [3.21e-06, 8.48e-06, 3.68e-06, 4.01e-06, 1.02e-06, 5.19e-08, 6.82e-08, 5.83e-08, 3.33e-07, 2.57e-07, 2.95e-08]    [3.21e-06, 8.48e-06, 3.68e-06, 4.01e-06, 1.02e-06, 5.19e-08, 6.82e-08, 5.83e-08, 3.33e-07, 2.57e-07, 2.95e-08]    []  
STEP 149000 BETA 0.99414581
150000    [1.85e-06, 5.01e-06, 2.85e-07, 2.43e-07, 1.00e-06, 1.75e-08, 1.39e-06, 6.92e-08, 1.36e-06, 7.00e-07, 2.65e-10]    [1.85e-06, 5.01e-06, 2.85e-07, 2.43e-07, 1.00e-06, 1.75e-08, 1.39e-06, 6.92e-08, 1.36e-06, 7.00e-07, 2.65e-10]    []  
STEP 150000 BETA 0.99588639

Best model at step 145000:
  train loss: 4.19e-06
  test loss: 4.19e-06
  test metric: []

'train' took 15170.487502 s

/public/home/xinxi/wxtian/anaconda3/envs/pytorch2.1w2/lib/python3.10/site-packages/torch/_utils.py:831: UserWarning: TypedStorage is deprecated. It will be removed in the future and UntypedStorage will be the only storage class. This should only matter to you if you are using storages directly.  To access UntypedStorage directly, use tensor.untyped_storage() instead of tensor.storage()
  return self.fget.__get__(instance, owner)()
RUN_COMPLETE {'case': 'A3', 'iterations': 150000, 'elapsed_seconds': 15170.487541675568, 'final_beta': [0.9958863854408264], 'final_A_or_beta0': 0.9958863854408264, 'true_A': 1.0, 'relative_l2': {'ux': 0.04125555485942484, 'uy': 0.004052085125891772, 'sxx': 0.26601798550305206, 'syy': 0.1191998687111213, 'sxy': 0.2078781161604657, 'K': 0.16292835844088546, 'mu': 0.2526847659320647, 'E': 0.1924282829659759, 'nu': 0.2617047980580045}, 'split_relative_l2': {'evaluation': {'ux': 0.04125555485942484, 'uy': 0.004052085125891772, 'sxx': 0.26601798550305206, 'syy': 0.1191998687111213, 'sxy': 0.2078781161604657, 'K': 0.16292835844088546, 'mu': 0.2526847659320647, 'E': 0.1924282829659759, 'nu': 0.2617047980580045}, 'validation': {'ux': 0.03644214127351961, 'uy': 0.0037019756704428355, 'sxx': 0.26796282703446334, 'syy': 0.11465226388772452, 'sxy': 0.20764474654934295, 'K': 0.16616745989280307, 'mu': 0.23755767298418498, 'E': 0.1786001592567497, 'nu': 0.2632964677889913}, 'train': {'ux': 0.031869614533709435, 'uy': 0.003545934322647143, 'sxx': 0.27214294224353874, 'syy': 0.11020190578731777, 'sxy': 0.2088896057667018, 'K': 0.1714811702142814, 'mu': 0.22199469245027664, 'E': 0.1630325463087046, 'nu': 0.2687255048285804}}, 'true_reaction_y': 0.27722135186195374, 'pred_reaction_y': 0.2772771716117859, 'pred_reaction_y_stress_branch': 0.2772771716117859, 'pred_reaction_y_constitutive': 0.2772287130355835, 'reaction_rel_error': 0.00020135443917663383, 'reaction_rel_error_stress_branch': 0.00020135443917663383, 'reaction_rel_error_constitutive': 2.6553415096972e-05, 'equilibrium_form': 'mixed', 'reaction_form': 'stress', 'run_note': 'PFNN_learnable_boundary_amplitude_with_reaction_formal150k', 'best_step': 145000, 'eval_checkpoint': 'best', 'eval_checkpoint_path': '/public/home/xinxi/wxtian/WXTIAN/PINN/deepxde/boundary_uncertainty_pinn/exp/01.FormalKeyAblation/A3/model/best_model-145000.pt', 'final_model_path': '/public/home/xinxi/wxtian/WXTIAN/PINN/deepxde/boundary_uncertainty_pinn/exp/01.FormalKeyAblation/A3/model/final_model-150000.pt', 'final_train_loss_sum': 1.1928454114240594e-05, 'final_test_loss_sum': 1.1928454114240594e-05, 'independent_test_loss_available': False, 'loss_history_interval': 1000, 'num_trainable_parameters': 34279}
