Using backend: pytorch
Other supported backends: tensorflow.compat.v1, tensorflow, jax, paddle.
paddle supports more examples now and is recommended.
Compiling model...
'compile' took 0.579574 s

Training model...

Step      Train loss                                                                                              Test loss                                                                                               Test metric
0         [9.91e-02, 1.34e-01, 3.66e-02, 4.19e-01, 4.38e-02, 2.25e-03, 2.77e-04, 6.68e-02, 1.47e-02, 1.25e-02]    [9.91e-02, 1.34e-01, 3.66e-02, 4.19e-01, 4.38e-02, 2.25e-03, 2.77e-04, 6.68e-02, 1.47e-02, 1.25e-02]    []  
1000      [9.14e-04, 2.56e-03, 1.68e-04, 2.40e-04, 4.64e-04, 1.17e-05, 1.46e-05, 1.88e-06, 7.03e-05, 3.84e-05]    [9.14e-04, 2.56e-03, 1.68e-04, 2.40e-04, 4.64e-04, 1.17e-05, 1.46e-05, 1.88e-06, 7.03e-05, 3.84e-05]    []  
STEP 1000 BETA 1.00000000
2000      [7.95e-04, 6.63e-04, 1.42e-04, 1.76e-04, 1.09e-04, 1.34e-05, 7.11e-06, 2.59e-06, 6.28e-05, 2.87e-05]    [7.95e-04, 6.63e-04, 1.42e-04, 1.76e-04, 1.09e-04, 1.34e-05, 7.11e-06, 2.59e-06, 6.28e-05, 2.87e-05]    []  
STEP 2000 BETA 1.00000000
3000      [7.29e-04, 4.78e-04, 2.00e-04, 1.61e-04, 3.17e-05, 2.46e-05, 8.97e-06, 2.28e-05, 4.90e-05, 2.04e-05]    [7.29e-04, 4.78e-04, 2.00e-04, 1.61e-04, 3.17e-05, 2.46e-05, 8.97e-06, 2.28e-05, 4.90e-05, 2.04e-05]    []  
STEP 3000 BETA 1.00000000
4000      [1.07e-03, 3.70e-04, 1.01e-03, 1.40e-04, 9.69e-05, 1.05e-04, 1.74e-05, 1.67e-04, 4.66e-05, 8.30e-05]    [1.07e-03, 3.70e-04, 1.01e-03, 1.40e-04, 9.69e-05, 1.05e-04, 1.74e-05, 1.67e-04, 4.66e-05, 8.30e-05]    []  
STEP 4000 BETA 1.00000000
5000      [6.04e-04, 9.39e-04, 1.82e-05, 1.94e-04, 7.57e-05, 2.44e-06, 1.34e-05, 1.24e-05, 4.87e-05, 1.44e-05]    [6.04e-04, 9.39e-04, 1.82e-05, 1.94e-04, 7.57e-05, 2.44e-06, 1.34e-05, 1.24e-05, 4.87e-05, 1.44e-05]    []  
STEP 5000 BETA 1.00000000
6000      [5.41e-04, 2.45e-04, 1.69e-05, 8.99e-05, 1.13e-05, 1.48e-06, 9.04e-06, 4.10e-06, 1.27e-05, 1.01e-05]    [5.41e-04, 2.45e-04, 1.69e-05, 8.99e-05, 1.13e-05, 1.48e-06, 9.04e-06, 4.10e-06, 1.27e-05, 1.01e-05]    []  
STEP 6000 BETA 1.00000000
7000      [4.55e-04, 2.43e-04, 2.02e-05, 8.18e-05, 1.34e-05, 1.58e-06, 6.18e-06, 3.95e-06, 8.80e-06, 1.33e-05]    [4.55e-04, 2.43e-04, 2.02e-05, 8.18e-05, 1.34e-05, 1.58e-06, 6.18e-06, 3.95e-06, 8.80e-06, 1.33e-05]    []  
STEP 7000 BETA 1.00000000
8000      [4.17e-04, 2.45e-04, 2.39e-05, 6.70e-05, 8.82e-06, 2.22e-06, 2.24e-06, 2.29e-06, 5.87e-06, 1.02e-05]    [4.17e-04, 2.45e-04, 2.39e-05, 6.70e-05, 8.82e-06, 2.22e-06, 2.24e-06, 2.29e-06, 5.87e-06, 1.02e-05]    []  
STEP 8000 BETA 1.00000000
9000      [3.67e-04, 1.76e-04, 2.34e-05, 4.87e-05, 7.77e-06, 3.29e-06, 9.36e-07, 1.90e-06, 3.62e-06, 9.44e-06]    [3.67e-04, 1.76e-04, 2.34e-05, 4.87e-05, 7.77e-06, 3.29e-06, 9.36e-07, 1.90e-06, 3.62e-06, 9.44e-06]    []  
STEP 9000 BETA 1.00000000
10000     [3.47e-04, 1.77e-04, 4.17e-05, 6.23e-05, 1.57e-05, 1.02e-05, 7.60e-06, 2.16e-06, 3.84e-06, 9.73e-06]    [3.47e-04, 1.77e-04, 4.17e-05, 6.23e-05, 1.57e-05, 1.02e-05, 7.60e-06, 2.16e-06, 3.84e-06, 9.73e-06]    []  
STEP 10000 BETA 1.00000000
11000     [3.31e-04, 8.13e-04, 3.09e-05, 1.18e-04, 2.53e-05, 3.59e-06, 1.73e-06, 4.77e-06, 4.50e-06, 8.75e-06]    [3.31e-04, 8.13e-04, 3.09e-05, 1.18e-04, 2.53e-05, 3.59e-06, 1.73e-06, 4.77e-06, 4.50e-06, 8.75e-06]    []  
STEP 11000 BETA 1.00000000
12000     [2.61e-04, 1.51e-04, 1.25e-05, 2.33e-05, 6.23e-06, 2.02e-06, 2.52e-07, 1.02e-06, 3.03e-06, 6.01e-06]    [2.61e-04, 1.51e-04, 1.25e-05, 2.33e-05, 6.23e-06, 2.02e-06, 2.52e-07, 1.02e-06, 3.03e-06, 6.01e-06]    []  
STEP 12000 BETA 1.00000000
13000     [9.87e-04, 1.81e-04, 3.03e-04, 8.58e-05, 2.13e-05, 6.88e-06, 3.52e-07, 7.35e-06, 3.08e-05, 1.27e-05]    [9.87e-04, 1.81e-04, 3.03e-04, 8.58e-05, 2.13e-05, 6.88e-06, 3.52e-07, 7.35e-06, 3.08e-05, 1.27e-05]    []  
STEP 13000 BETA 1.00000000
14000     [1.55e-04, 1.46e-04, 1.35e-05, 1.18e-05, 1.52e-05, 1.96e-06, 1.18e-05, 1.13e-06, 1.26e-05, 1.84e-05]    [1.55e-04, 1.46e-04, 1.35e-05, 1.18e-05, 1.52e-05, 1.96e-06, 1.18e-05, 1.13e-06, 1.26e-05, 1.84e-05]    []  
STEP 14000 BETA 1.00000000
15000     [1.46e-04, 1.36e-04, 1.22e-05, 7.76e-06, 8.04e-06, 7.98e-07, 1.51e-06, 1.86e-06, 2.87e-06, 5.06e-06]    [1.46e-04, 1.36e-04, 1.22e-05, 7.76e-06, 8.04e-06, 7.98e-07, 1.51e-06, 1.86e-06, 2.87e-06, 5.06e-06]    []  
STEP 15000 BETA 1.00000000
16000     [1.65e-04, 1.48e-04, 1.61e-04, 1.24e-04, 2.32e-05, 7.43e-06, 9.28e-06, 6.83e-06, 1.07e-05, 8.30e-06]    [1.65e-04, 1.48e-04, 1.61e-04, 1.24e-04, 2.32e-05, 7.43e-06, 9.28e-06, 6.83e-06, 1.07e-05, 8.30e-06]    []  
STEP 16000 BETA 1.00000000
17000     [1.13e-04, 1.20e-04, 6.07e-06, 5.20e-06, 3.86e-06, 3.50e-07, 1.47e-07, 2.77e-07, 1.11e-06, 3.46e-06]    [1.13e-04, 1.20e-04, 6.07e-06, 5.20e-06, 3.86e-06, 3.50e-07, 1.47e-07, 2.77e-07, 1.11e-06, 3.46e-06]    []  
STEP 17000 BETA 1.00000000
18000     [1.14e-04, 1.13e-04, 5.52e-06, 5.06e-06, 3.76e-06, 4.47e-07, 1.74e-07, 5.85e-07, 1.33e-06, 3.09e-06]    [1.14e-04, 1.13e-04, 5.52e-06, 5.06e-06, 3.76e-06, 4.47e-07, 1.74e-07, 5.85e-07, 1.33e-06, 3.09e-06]    []  
STEP 18000 BETA 1.00000000
19000     [9.51e-05, 1.08e-04, 5.01e-06, 4.77e-06, 2.82e-06, 1.16e-07, 6.18e-08, 1.95e-07, 6.56e-07, 2.64e-06]    [9.51e-05, 1.08e-04, 5.01e-06, 4.77e-06, 2.82e-06, 1.16e-07, 6.18e-08, 1.95e-07, 6.56e-07, 2.64e-06]    []  
STEP 19000 BETA 1.00000000
20000     [9.35e-05, 1.02e-04, 5.40e-06, 4.61e-06, 2.89e-06, 1.37e-07, 9.16e-08, 6.13e-07, 5.35e-07, 2.86e-06]    [9.35e-05, 1.02e-04, 5.40e-06, 4.61e-06, 2.89e-06, 1.37e-07, 9.16e-08, 6.13e-07, 5.35e-07, 2.86e-06]    []  
STEP 20000 BETA 1.00000000
21000     [6.81e-05, 9.58e-05, 3.99e-06, 4.72e-06, 3.68e-06, 1.86e-07, 5.98e-07, 6.88e-07, 8.53e-07, 2.78e-06]    [6.81e-05, 9.58e-05, 3.99e-06, 4.72e-06, 3.68e-06, 1.86e-07, 5.98e-07, 6.88e-07, 8.53e-07, 2.78e-06]    []  
STEP 21000 BETA 1.00000000
22000     [4.38e-04, 1.22e-04, 7.08e-05, 1.06e-04, 2.09e-05, 3.74e-06, 6.60e-07, 1.16e-05, 2.28e-05, 9.78e-06]    [4.38e-04, 1.22e-04, 7.08e-05, 1.06e-04, 2.09e-05, 3.74e-06, 6.60e-07, 1.16e-05, 2.28e-05, 9.78e-06]    []  
STEP 22000 BETA 1.00000000
23000     [4.93e-05, 8.84e-05, 2.91e-06, 3.70e-06, 1.48e-06, 1.04e-07, 5.01e-08, 1.14e-07, 2.26e-07, 2.18e-06]    [4.93e-05, 8.84e-05, 2.91e-06, 3.70e-06, 1.48e-06, 1.04e-07, 5.01e-08, 1.14e-07, 2.26e-07, 2.18e-06]    []  
STEP 23000 BETA 1.00000000
24000     [4.43e-05, 8.54e-05, 2.85e-06, 3.47e-06, 1.85e-06, 9.40e-08, 1.02e-07, 1.99e-07, 3.24e-07, 1.95e-06]    [4.43e-05, 8.54e-05, 2.85e-06, 3.47e-06, 1.85e-06, 9.40e-08, 1.02e-07, 1.99e-07, 3.24e-07, 1.95e-06]    []  
STEP 24000 BETA 1.00000000
25000     [3.75e-05, 8.60e-05, 3.13e-06, 4.51e-06, 1.40e-06, 1.69e-07, 5.93e-08, 1.15e-07, 4.92e-07, 1.70e-06]    [3.75e-05, 8.60e-05, 3.13e-06, 4.51e-06, 1.40e-06, 1.69e-07, 5.93e-08, 1.15e-07, 4.92e-07, 1.70e-06]    []  
STEP 25000 BETA 1.00000000
26000     [3.16e-05, 7.99e-05, 2.13e-06, 2.88e-06, 1.10e-06, 1.12e-07, 5.50e-08, 1.14e-07, 1.63e-07, 1.68e-06]    [3.16e-05, 7.99e-05, 2.13e-06, 2.88e-06, 1.10e-06, 1.12e-07, 5.50e-08, 1.14e-07, 1.63e-07, 1.68e-06]    []  
STEP 26000 BETA 1.00000000
27000     [3.60e-05, 8.91e-05, 2.44e-06, 3.54e-06, 1.61e-06, 2.02e-07, 7.61e-08, 1.01e-07, 1.38e-07, 1.62e-06]    [3.60e-05, 8.91e-05, 2.44e-06, 3.54e-06, 1.61e-06, 2.02e-07, 7.61e-08, 1.01e-07, 1.38e-07, 1.62e-06]    []  
STEP 27000 BETA 1.00000000
28000     [2.62e-05, 1.73e-04, 3.56e-06, 1.98e-05, 1.39e-05, 1.28e-06, 6.61e-06, 5.90e-07, 2.38e-06, 3.48e-06]    [2.62e-05, 1.73e-04, 3.56e-06, 1.98e-05, 1.39e-05, 1.28e-06, 6.61e-06, 5.90e-07, 2.38e-06, 3.48e-06]    []  
STEP 28000 BETA 1.00000000
29000     [5.72e-05, 7.19e-05, 4.10e-06, 3.85e-06, 2.18e-05, 2.39e-06, 5.45e-06, 7.18e-07, 4.20e-06, 4.83e-06]    [5.72e-05, 7.19e-05, 4.10e-06, 3.85e-06, 2.18e-05, 2.39e-06, 5.45e-06, 7.18e-07, 4.20e-06, 4.83e-06]    []  
STEP 29000 BETA 1.00000000
30000     [2.13e-05, 6.85e-05, 1.94e-06, 2.30e-06, 2.43e-06, 2.38e-07, 3.62e-07, 1.70e-07, 3.83e-07, 1.67e-06]    [2.13e-05, 6.85e-05, 1.94e-06, 2.30e-06, 2.43e-06, 2.38e-07, 3.62e-07, 1.70e-07, 3.83e-07, 1.67e-06]    []  
STEP 30000 BETA 1.00000000
31000     [1.89e-05, 6.17e-05, 1.36e-06, 1.76e-06, 9.94e-07, 1.29e-07, 8.69e-08, 1.12e-07, 9.71e-08, 1.26e-06]    [1.89e-05, 6.17e-05, 1.36e-06, 1.76e-06, 9.94e-07, 1.29e-07, 8.69e-08, 1.12e-07, 9.71e-08, 1.26e-06]    []  
STEP 31000 BETA 1.00000000
32000     [1.70e-05, 8.60e-05, 1.45e-06, 3.25e-06, 1.55e-06, 1.84e-07, 3.89e-07, 5.82e-08, 3.37e-07, 1.58e-06]    [1.70e-05, 8.60e-05, 1.45e-06, 3.25e-06, 1.55e-06, 1.84e-07, 3.89e-07, 5.82e-08, 3.37e-07, 1.58e-06]    []  
STEP 32000 BETA 1.00000000
33000     [1.61e-05, 5.80e-05, 1.48e-06, 1.99e-06, 1.22e-06, 9.99e-08, 1.97e-07, 1.19e-07, 2.37e-07, 1.18e-06]    [1.61e-05, 5.80e-05, 1.48e-06, 1.99e-06, 1.22e-06, 9.99e-08, 1.97e-07, 1.19e-07, 2.37e-07, 1.18e-06]    []  
STEP 33000 BETA 1.00000000
34000     [2.41e-05, 4.55e-05, 2.25e-06, 1.67e-06, 1.21e-06, 2.21e-07, 1.22e-07, 1.81e-07, 7.04e-08, 1.05e-06]    [2.41e-05, 4.55e-05, 2.25e-06, 1.67e-06, 1.21e-06, 2.21e-07, 1.22e-07, 1.81e-07, 7.04e-08, 1.05e-06]    []  
STEP 34000 BETA 1.00000000
35000     [1.48e-05, 1.25e-04, 1.32e-06, 1.16e-05, 2.85e-06, 1.82e-07, 2.45e-06, 1.35e-07, 5.98e-07, 1.98e-06]    [1.48e-05, 1.25e-04, 1.32e-06, 1.16e-05, 2.85e-06, 1.82e-07, 2.45e-06, 1.35e-07, 5.98e-07, 1.98e-06]    []  
STEP 35000 BETA 1.00000000
36000     [2.00e-05, 3.54e-05, 3.07e-06, 1.65e-06, 1.29e-06, 1.33e-07, 4.28e-07, 4.17e-08, 4.02e-07, 1.22e-06]    [2.00e-05, 3.54e-05, 3.07e-06, 1.65e-06, 1.29e-06, 1.33e-07, 4.28e-07, 4.17e-08, 4.02e-07, 1.22e-06]    []  
STEP 36000 BETA 1.00000000
37000     [1.30e-05, 3.56e-05, 1.02e-06, 1.88e-06, 1.16e-06, 2.09e-07, 1.34e-07, 2.52e-08, 1.13e-07, 9.32e-07]    [1.30e-05, 3.56e-05, 1.02e-06, 1.88e-06, 1.16e-06, 2.09e-07, 1.34e-07, 2.52e-08, 1.13e-07, 9.32e-07]    []  
STEP 37000 BETA 1.00000000
38000     [1.53e-05, 3.18e-05, 3.09e-06, 1.81e-06, 2.06e-05, 2.26e-06, 3.09e-06, 6.73e-07, 3.57e-06, 2.15e-06]    [1.53e-05, 3.18e-05, 3.09e-06, 1.81e-06, 2.06e-05, 2.26e-06, 3.09e-06, 6.73e-07, 3.57e-06, 2.15e-06]    []  
STEP 38000 BETA 1.00000000
39000     [2.15e-05, 2.88e-05, 5.04e-06, 1.71e-06, 4.19e-06, 9.46e-07, 8.38e-07, 1.16e-07, 1.04e-06, 1.21e-06]    [2.15e-05, 2.88e-05, 5.04e-06, 1.71e-06, 4.19e-06, 9.46e-07, 8.38e-07, 1.16e-07, 1.04e-06, 1.21e-06]    []  
STEP 39000 BETA 1.00000000
40000     [1.08e-05, 2.43e-05, 1.45e-06, 1.43e-06, 1.18e-06, 1.48e-07, 1.37e-07, 1.21e-07, 7.04e-08, 8.59e-07]    [1.08e-05, 2.43e-05, 1.45e-06, 1.43e-06, 1.18e-06, 1.48e-07, 1.37e-07, 1.21e-07, 7.04e-08, 8.59e-07]    []  
STEP 40000 BETA 1.00000000
41000     [1.47e-05, 3.43e-05, 5.88e-06, 4.52e-06, 6.95e-06, 5.90e-07, 4.69e-07, 8.86e-07, 4.89e-07, 8.69e-07]    [1.47e-05, 3.43e-05, 5.88e-06, 4.52e-06, 6.95e-06, 5.90e-07, 4.69e-07, 8.86e-07, 4.89e-07, 8.69e-07]    []  
STEP 41000 BETA 1.00000000
42000     [1.74e-05, 2.28e-05, 5.94e-06, 8.79e-06, 2.79e-06, 1.27e-06, 5.32e-07, 1.16e-07, 6.20e-07, 1.04e-06]    [1.74e-05, 2.28e-05, 5.94e-06, 8.79e-06, 2.79e-06, 1.27e-06, 5.32e-07, 1.16e-07, 6.20e-07, 1.04e-06]    []  
STEP 42000 BETA 1.00000000
43000     [1.71e-05, 2.43e-05, 1.56e-06, 3.81e-06, 1.17e-06, 2.32e-07, 3.39e-07, 2.90e-07, 8.37e-08, 8.39e-07]    [1.71e-05, 2.43e-05, 1.56e-06, 3.81e-06, 1.17e-06, 2.32e-07, 3.39e-07, 2.90e-07, 8.37e-08, 8.39e-07]    []  
STEP 43000 BETA 1.00000000
44000     [7.98e-06, 2.40e-05, 7.21e-07, 2.15e-06, 1.22e-06, 3.46e-07, 4.74e-07, 1.29e-07, 1.40e-07, 9.89e-07]    [7.98e-06, 2.40e-05, 7.21e-07, 2.15e-06, 1.22e-06, 3.46e-07, 4.74e-07, 1.29e-07, 1.40e-07, 9.89e-07]    []  
STEP 44000 BETA 1.00000000
45000     [7.46e-05, 8.38e-05, 5.05e-06, 2.77e-06, 5.24e-05, 3.27e-06, 5.49e-06, 4.10e-06, 7.27e-06, 3.96e-06]    [7.46e-05, 8.38e-05, 5.05e-06, 2.77e-06, 5.24e-05, 3.27e-06, 5.49e-06, 4.10e-06, 7.27e-06, 3.96e-06]    []  
STEP 45000 BETA 1.00000000
46000     [9.16e-06, 6.24e-05, 1.16e-06, 4.83e-06, 3.51e-06, 4.04e-07, 3.44e-07, 1.15e-07, 1.48e-07, 7.21e-07]    [9.16e-06, 6.24e-05, 1.16e-06, 4.83e-06, 3.51e-06, 4.04e-07, 3.44e-07, 1.15e-07, 1.48e-07, 7.21e-07]    []  
STEP 46000 BETA 1.00000000
47000     [6.77e-06, 1.72e-05, 6.59e-07, 9.28e-07, 3.06e-06, 4.25e-07, 2.57e-07, 6.20e-08, 4.39e-07, 7.38e-07]    [6.77e-06, 1.72e-05, 6.59e-07, 9.28e-07, 3.06e-06, 4.25e-07, 2.57e-07, 6.20e-08, 4.39e-07, 7.38e-07]    []  
STEP 47000 BETA 1.00000000
48000     [2.05e-05, 5.39e-05, 2.25e-06, 4.20e-06, 4.34e-06, 6.60e-07, 2.67e-07, 6.16e-08, 1.01e-06, 9.23e-07]    [2.05e-05, 5.39e-05, 2.25e-06, 4.20e-06, 4.34e-06, 6.60e-07, 2.67e-07, 6.16e-08, 1.01e-06, 9.23e-07]    []  
STEP 48000 BETA 1.00000000
49000     [9.69e-06, 1.89e-05, 2.24e-06, 3.33e-06, 3.02e-06, 2.30e-06, 2.01e-07, 3.73e-07, 3.08e-07, 1.14e-06]    [9.69e-06, 1.89e-05, 2.24e-06, 3.33e-06, 3.02e-06, 2.30e-06, 2.01e-07, 3.73e-07, 3.08e-07, 1.14e-06]    []  
STEP 49000 BETA 1.00000000
50000     [1.51e-05, 4.63e-05, 1.58e-05, 1.61e-05, 2.65e-06, 5.75e-07, 2.16e-07, 8.12e-07, 1.92e-06, 1.23e-06]    [1.51e-05, 4.63e-05, 1.58e-05, 1.61e-05, 2.65e-06, 5.75e-07, 2.16e-07, 8.12e-07, 1.92e-06, 1.23e-06]    []  
STEP 50000 BETA 1.00000000
51000     [5.42e-06, 1.42e-05, 6.25e-07, 7.03e-07, 1.47e-06, 1.69e-07, 1.03e-07, 5.71e-08, 2.27e-07, 6.29e-07]    [5.42e-06, 1.42e-05, 6.25e-07, 7.03e-07, 1.47e-06, 1.69e-07, 1.03e-07, 5.71e-08, 2.27e-07, 6.29e-07]    []  
STEP 51000 BETA 1.00000000
52000     [1.05e-05, 6.07e-05, 3.21e-06, 1.04e-05, 2.24e-05, 5.96e-07, 1.38e-06, 2.44e-06, 1.05e-06, 1.69e-06]    [1.05e-05, 6.07e-05, 3.21e-06, 1.04e-05, 2.24e-05, 5.96e-07, 1.38e-06, 2.44e-06, 1.05e-06, 1.69e-06]    []  
STEP 52000 BETA 1.00000000
53000     [1.78e-05, 1.14e-04, 6.49e-06, 1.61e-05, 5.01e-06, 4.62e-07, 2.07e-06, 1.99e-07, 3.42e-07, 1.09e-06]    [1.78e-05, 1.14e-04, 6.49e-06, 1.61e-05, 5.01e-06, 4.62e-07, 2.07e-06, 1.99e-07, 3.42e-07, 1.09e-06]    []  
STEP 53000 BETA 1.00000000
54000     [5.90e-06, 5.69e-05, 1.88e-06, 4.17e-06, 2.14e-06, 7.00e-06, 9.92e-07, 5.51e-06, 2.88e-07, 3.56e-06]    [5.90e-06, 5.69e-05, 1.88e-06, 4.17e-06, 2.14e-06, 7.00e-06, 9.92e-07, 5.51e-06, 2.88e-07, 3.56e-06]    []  
STEP 54000 BETA 1.00000000
55000     [7.71e-05, 8.10e-05, 9.91e-06, 7.81e-06, 7.65e-06, 2.21e-06, 2.40e-07, 4.42e-07, 4.19e-07, 1.44e-06]    [7.71e-05, 8.10e-05, 9.91e-06, 7.81e-06, 7.65e-06, 2.21e-06, 2.40e-07, 4.42e-07, 4.19e-07, 1.44e-06]    []  
STEP 55000 BETA 1.00000000
56000     [7.01e-05, 4.33e-05, 5.93e-06, 8.32e-06, 1.26e-05, 1.49e-07, 1.08e-06, 2.33e-06, 4.23e-06, 2.24e-06]    [7.01e-05, 4.33e-05, 5.93e-06, 8.32e-06, 1.26e-05, 1.49e-07, 1.08e-06, 2.33e-06, 4.23e-06, 2.24e-06]    []  
STEP 56000 BETA 1.00000000
57000     [5.68e-06, 1.89e-05, 2.89e-06, 4.00e-06, 2.54e-06, 4.10e-07, 5.85e-07, 6.97e-08, 1.23e-07, 8.72e-07]    [5.68e-06, 1.89e-05, 2.89e-06, 4.00e-06, 2.54e-06, 4.10e-07, 5.85e-07, 6.97e-08, 1.23e-07, 8.72e-07]    []  
STEP 57000 BETA 1.00000000
58000     [9.51e-06, 5.49e-05, 2.27e-06, 6.46e-06, 5.11e-06, 5.32e-07, 2.43e-06, 9.34e-08, 1.14e-06, 1.42e-06]    [9.51e-06, 5.49e-05, 2.27e-06, 6.46e-06, 5.11e-06, 5.32e-07, 2.43e-06, 9.34e-08, 1.14e-06, 1.42e-06]    []  
STEP 58000 BETA 1.00000000
59000     [5.41e-06, 2.92e-05, 9.76e-07, 2.77e-06, 1.34e-06, 1.26e-07, 2.84e-07, 2.71e-08, 6.20e-08, 6.36e-07]    [5.41e-06, 2.92e-05, 9.76e-07, 2.77e-06, 1.34e-06, 1.26e-07, 2.84e-07, 2.71e-08, 6.20e-08, 6.36e-07]    []  
STEP 59000 BETA 1.00000000
60000     [8.27e-06, 2.58e-05, 1.26e-06, 3.33e-06, 3.00e-06, 1.41e-07, 2.50e-07, 6.25e-07, 1.43e-07, 8.15e-07]    [8.27e-06, 2.58e-05, 1.26e-06, 3.33e-06, 3.00e-06, 1.41e-07, 2.50e-07, 6.25e-07, 1.43e-07, 8.15e-07]    []  
STEP 60000 BETA 1.00000000
61000     [1.86e-05, 1.70e-05, 1.85e-06, 2.44e-06, 1.29e-06, 2.96e-07, 3.95e-07, 1.39e-07, 6.98e-08, 7.00e-07]    [1.86e-05, 1.70e-05, 1.85e-06, 2.44e-06, 1.29e-06, 2.96e-07, 3.95e-07, 1.39e-07, 6.98e-08, 7.00e-07]    []  
STEP 61000 BETA 1.00000000
62000     [3.70e-06, 1.47e-05, 6.42e-07, 7.17e-07, 8.39e-07, 4.54e-07, 7.22e-08, 2.21e-07, 1.11e-07, 6.82e-07]    [3.70e-06, 1.47e-05, 6.42e-07, 7.17e-07, 8.39e-07, 4.54e-07, 7.22e-08, 2.21e-07, 1.11e-07, 6.82e-07]    []  
STEP 62000 BETA 1.00000000
63000     [3.65e-06, 1.63e-05, 7.01e-07, 1.76e-06, 2.93e-06, 1.59e-07, 1.65e-06, 1.51e-07, 1.08e-06, 1.38e-06]    [3.65e-06, 1.63e-05, 7.01e-07, 1.76e-06, 2.93e-06, 1.59e-07, 1.65e-06, 1.51e-07, 1.08e-06, 1.38e-06]    []  
STEP 63000 BETA 1.00000000
64000     [1.00e-05, 2.10e-05, 5.90e-06, 1.06e-05, 7.40e-06, 3.32e-07, 1.25e-06, 2.35e-06, 4.69e-07, 1.40e-06]    [1.00e-05, 2.10e-05, 5.90e-06, 1.06e-05, 7.40e-06, 3.32e-07, 1.25e-06, 2.35e-06, 4.69e-07, 1.40e-06]    []  
STEP 64000 BETA 1.00000000
65000     [7.25e-06, 2.94e-05, 6.53e-06, 1.06e-05, 1.02e-06, 2.28e-07, 2.91e-07, 1.35e-07, 4.95e-07, 7.15e-07]    [7.25e-06, 2.94e-05, 6.53e-06, 1.06e-05, 1.02e-06, 2.28e-07, 2.91e-07, 1.35e-07, 4.95e-07, 7.15e-07]    []  
STEP 65000 BETA 1.00000000
66000     [5.24e-06, 2.61e-05, 7.45e-07, 1.53e-06, 1.11e-06, 1.21e-07, 4.02e-07, 2.59e-09, 7.60e-07, 7.57e-07]    [5.24e-06, 2.61e-05, 7.45e-07, 1.53e-06, 1.11e-06, 1.21e-07, 4.02e-07, 2.59e-09, 7.60e-07, 7.57e-07]    []  
STEP 66000 BETA 1.00000000
67000     [1.30e-05, 3.69e-05, 1.22e-05, 2.03e-05, 9.33e-07, 3.59e-07, 1.70e-06, 4.21e-07, 2.02e-07, 1.06e-06]    [1.30e-05, 3.69e-05, 1.22e-05, 2.03e-05, 9.33e-07, 3.59e-07, 1.70e-06, 4.21e-07, 2.02e-07, 1.06e-06]    []  
STEP 67000 BETA 1.00000000
68000     [1.75e-05, 2.36e-05, 2.40e-06, 2.84e-06, 4.47e-06, 4.60e-07, 3.66e-07, 1.94e-08, 1.20e-06, 9.37e-07]    [1.75e-05, 2.36e-05, 2.40e-06, 2.84e-06, 4.47e-06, 4.60e-07, 3.66e-07, 1.94e-08, 1.20e-06, 9.37e-07]    []  
STEP 68000 BETA 1.00000000
69000     [2.47e-05, 1.97e-05, 2.99e-06, 1.18e-06, 1.92e-05, 6.03e-07, 7.98e-07, 1.51e-06, 1.10e-06, 1.30e-06]    [2.47e-05, 1.97e-05, 2.99e-06, 1.18e-06, 1.92e-05, 6.03e-07, 7.98e-07, 1.51e-06, 1.10e-06, 1.30e-06]    []  
STEP 69000 BETA 1.00000000
70000     [3.62e-06, 2.44e-05, 5.31e-07, 1.54e-06, 5.59e-06, 9.28e-07, 8.11e-07, 2.04e-08, 9.54e-07, 1.11e-06]    [3.62e-06, 2.44e-05, 5.31e-07, 1.54e-06, 5.59e-06, 9.28e-07, 8.11e-07, 2.04e-08, 9.54e-07, 1.11e-06]    []  
STEP 70000 BETA 1.00000000
71000     [1.73e-05, 1.09e-05, 4.43e-06, 6.42e-06, 1.07e-06, 2.65e-07, 1.03e-07, 1.25e-07, 6.64e-07, 5.96e-07]    [1.73e-05, 1.09e-05, 4.43e-06, 6.42e-06, 1.07e-06, 2.65e-07, 1.03e-07, 1.25e-07, 6.64e-07, 5.96e-07]    []  
STEP 71000 BETA 1.00000000
72000     [1.12e-05, 1.02e-05, 2.70e-06, 4.98e-06, 8.46e-07, 2.01e-07, 2.05e-07, 1.58e-07, 2.26e-07, 5.64e-07]    [1.12e-05, 1.02e-05, 2.70e-06, 4.98e-06, 8.46e-07, 2.01e-07, 2.05e-07, 1.58e-07, 2.26e-07, 5.64e-07]    []  
STEP 72000 BETA 1.00000000
73000     [4.56e-06, 1.30e-05, 3.56e-06, 3.25e-06, 1.92e-06, 3.52e-07, 1.20e-07, 7.10e-08, 2.92e-07, 4.17e-07]    [4.56e-06, 1.30e-05, 3.56e-06, 3.25e-06, 1.92e-06, 3.52e-07, 1.20e-07, 7.10e-08, 2.92e-07, 4.17e-07]    []  
STEP 73000 BETA 1.00000000
74000     [9.25e-06, 2.07e-05, 7.14e-06, 9.56e-06, 3.27e-06, 4.49e-07, 9.73e-07, 1.82e-07, 1.96e-07, 8.15e-07]    [9.25e-06, 2.07e-05, 7.14e-06, 9.56e-06, 3.27e-06, 4.49e-07, 9.73e-07, 1.82e-07, 1.96e-07, 8.15e-07]    []  
STEP 74000 BETA 1.00000000
75000     [3.14e-05, 3.26e-05, 3.23e-05, 3.85e-05, 6.87e-06, 7.43e-07, 4.69e-07, 5.44e-07, 9.58e-06, 3.15e-06]    [3.14e-05, 3.26e-05, 3.23e-05, 3.85e-05, 6.87e-06, 7.43e-07, 4.69e-07, 5.44e-07, 9.58e-06, 3.15e-06]    []  
STEP 75000 BETA 1.00000000
76000     [2.66e-06, 8.84e-06, 7.80e-07, 6.52e-07, 1.67e-06, 2.83e-07, 1.12e-07, 1.96e-08, 1.37e-07, 4.00e-07]    [2.66e-06, 8.84e-06, 7.80e-07, 6.52e-07, 1.67e-06, 2.83e-07, 1.12e-07, 1.96e-08, 1.37e-07, 4.00e-07]    []  
STEP 76000 BETA 1.00000000
77000     [3.78e-06, 1.16e-05, 2.63e-06, 2.09e-06, 4.05e-06, 3.71e-07, 1.03e-07, 2.48e-07, 4.19e-07, 4.07e-07]    [3.78e-06, 1.16e-05, 2.63e-06, 2.09e-06, 4.05e-06, 3.71e-07, 1.03e-07, 2.48e-07, 4.19e-07, 4.07e-07]    []  
STEP 77000 BETA 1.00000000
78000     [2.96e-05, 1.45e-05, 3.54e-06, 4.24e-06, 9.53e-06, 3.12e-06, 1.74e-06, 3.22e-07, 8.31e-07, 1.45e-06]    [2.96e-05, 1.45e-05, 3.54e-06, 4.24e-06, 9.53e-06, 3.12e-06, 1.74e-06, 3.22e-07, 8.31e-07, 1.45e-06]    []  
STEP 78000 BETA 1.00000000
79000     [6.35e-06, 1.15e-05, 4.76e-06, 4.17e-06, 2.77e-06, 3.74e-07, 2.87e-07, 1.43e-07, 2.51e-07, 4.03e-07]    [6.35e-06, 1.15e-05, 4.76e-06, 4.17e-06, 2.77e-06, 3.74e-07, 2.87e-07, 1.43e-07, 2.51e-07, 4.03e-07]    []  
STEP 79000 BETA 1.00000000
80000     [2.47e-06, 7.45e-06, 5.22e-07, 4.06e-07, 3.62e-06, 6.86e-07, 3.33e-07, 6.86e-09, 4.22e-07, 6.59e-07]    [2.47e-06, 7.45e-06, 5.22e-07, 4.06e-07, 3.62e-06, 6.86e-07, 3.33e-07, 6.86e-09, 4.22e-07, 6.59e-07]    []  
STEP 80000 BETA 1.00000000
81000     [9.66e-06, 3.10e-05, 4.13e-06, 3.25e-06, 1.28e-06, 2.63e-07, 3.32e-07, 3.53e-07, 1.45e-06, 8.79e-07]    [9.66e-06, 3.10e-05, 4.13e-06, 3.25e-06, 1.28e-06, 2.63e-07, 3.32e-07, 3.53e-07, 1.45e-06, 8.79e-07]    []  
STEP 81000 BETA 1.00000000
82000     [2.13e-06, 6.24e-06, 4.53e-07, 3.29e-07, 7.33e-07, 9.43e-08, 6.11e-08, 5.87e-09, 1.63e-07, 3.80e-07]    [2.13e-06, 6.24e-06, 4.53e-07, 3.29e-07, 7.33e-07, 9.43e-08, 6.11e-08, 5.87e-09, 1.63e-07, 3.80e-07]    []  
STEP 82000 BETA 1.00000000
83000     [1.53e-05, 1.04e-05, 3.50e-06, 3.76e-06, 4.71e-06, 1.37e-06, 1.66e-06, 1.09e-07, 7.17e-07, 1.10e-06]    [1.53e-05, 1.04e-05, 3.50e-06, 3.76e-06, 4.71e-06, 1.37e-06, 1.66e-06, 1.09e-07, 7.17e-07, 1.10e-06]    []  
STEP 83000 BETA 1.00000000
84000     [3.07e-06, 1.14e-05, 1.55e-06, 2.27e-06, 2.10e-06, 1.14e-06, 1.66e-07, 2.33e-07, 1.51e-07, 7.16e-07]    [3.07e-06, 1.14e-05, 1.55e-06, 2.27e-06, 2.10e-06, 1.14e-06, 1.66e-07, 2.33e-07, 1.51e-07, 7.16e-07]    []  
STEP 84000 BETA 1.00000000
85000     [9.39e-06, 6.43e-06, 2.58e-06, 3.69e-06, 1.40e-06, 2.19e-07, 7.02e-08, 2.48e-08, 3.40e-07, 4.90e-07]    [9.39e-06, 6.43e-06, 2.58e-06, 3.69e-06, 1.40e-06, 2.19e-07, 7.02e-08, 2.48e-08, 3.40e-07, 4.90e-07]    []  
STEP 85000 BETA 1.00000000
86000     [3.38e-06, 6.74e-06, 6.18e-07, 5.07e-07, 5.78e-07, 7.49e-08, 8.78e-08, 8.54e-09, 2.14e-07, 4.13e-07]    [3.38e-06, 6.74e-06, 6.18e-07, 5.07e-07, 5.78e-07, 7.49e-08, 8.78e-08, 8.54e-09, 2.14e-07, 4.13e-07]    []  
STEP 86000 BETA 1.00000000
87000     [9.83e-06, 1.54e-05, 1.29e-05, 1.23e-05, 4.28e-06, 9.73e-07, 8.01e-08, 1.58e-07, 1.52e-06, 9.71e-07]    [9.83e-06, 1.54e-05, 1.29e-05, 1.23e-05, 4.28e-06, 9.73e-07, 8.01e-08, 1.58e-07, 1.52e-06, 9.71e-07]    []  
STEP 87000 BETA 1.00000000
88000     [1.96e-06, 4.94e-06, 5.96e-07, 4.86e-07, 5.11e-07, 7.23e-08, 1.30e-08, 7.35e-09, 1.28e-07, 3.37e-07]    [1.96e-06, 4.94e-06, 5.96e-07, 4.86e-07, 5.11e-07, 7.23e-08, 1.30e-08, 7.35e-09, 1.28e-07, 3.37e-07]    []  
STEP 88000 BETA 1.00000000
89000     [2.26e-06, 1.35e-05, 1.37e-06, 2.20e-06, 6.58e-06, 5.30e-07, 5.55e-07, 1.35e-07, 5.30e-07, 5.39e-07]    [2.26e-06, 1.35e-05, 1.37e-06, 2.20e-06, 6.58e-06, 5.30e-07, 5.55e-07, 1.35e-07, 5.30e-07, 5.39e-07]    []  
STEP 89000 BETA 1.00000000
90000     [3.09e-06, 1.23e-05, 1.23e-06, 1.54e-06, 7.36e-07, 1.22e-07, 4.74e-08, 1.22e-07, 1.10e-07, 3.54e-07]    [3.09e-06, 1.23e-05, 1.23e-06, 1.54e-06, 7.36e-07, 1.22e-07, 4.74e-08, 1.22e-07, 1.10e-07, 3.54e-07]    []  
STEP 90000 BETA 1.00000000
91000     [4.50e-06, 4.73e-05, 3.42e-06, 7.74e-06, 3.53e-06, 1.76e-07, 7.61e-07, 2.58e-07, 1.29e-07, 4.67e-07]    [4.50e-06, 4.73e-05, 3.42e-06, 7.74e-06, 3.53e-06, 1.76e-07, 7.61e-07, 2.58e-07, 1.29e-07, 4.67e-07]    []  
STEP 91000 BETA 1.00000000
92000     [1.87e-06, 8.66e-06, 1.04e-06, 1.57e-06, 9.71e-07, 8.39e-08, 3.30e-07, 3.62e-08, 1.58e-07, 4.30e-07]    [1.87e-06, 8.66e-06, 1.04e-06, 1.57e-06, 9.71e-07, 8.39e-08, 3.30e-07, 3.62e-08, 1.58e-07, 4.30e-07]    []  
STEP 92000 BETA 1.00000000
93000     [2.09e-06, 4.90e-06, 5.16e-07, 2.91e-07, 8.16e-07, 6.93e-08, 2.87e-08, 3.42e-08, 1.05e-07, 3.32e-07]    [2.09e-06, 4.90e-06, 5.16e-07, 2.91e-07, 8.16e-07, 6.93e-08, 2.87e-08, 3.42e-08, 1.05e-07, 3.32e-07]    []  
STEP 93000 BETA 1.00000000
94000     [1.86e-06, 4.34e-06, 4.41e-07, 3.70e-07, 2.08e-06, 1.48e-07, 8.54e-08, 3.58e-08, 2.45e-07, 3.66e-07]    [1.86e-06, 4.34e-06, 4.41e-07, 3.70e-07, 2.08e-06, 1.48e-07, 8.54e-08, 3.58e-08, 2.45e-07, 3.66e-07]    []  
STEP 94000 BETA 1.00000000
95000     [3.48e-06, 1.05e-05, 5.84e-07, 8.64e-07, 3.21e-06, 1.75e-07, 3.80e-07, 5.88e-08, 7.15e-07, 6.14e-07]    [3.48e-06, 1.05e-05, 5.84e-07, 8.64e-07, 3.21e-06, 1.75e-07, 3.80e-07, 5.88e-08, 7.15e-07, 6.14e-07]    []  
STEP 95000 BETA 1.00000000
96000     [1.77e-06, 5.72e-06, 3.71e-07, 3.64e-07, 1.29e-06, 1.04e-07, 3.51e-08, 4.48e-08, 1.32e-07, 2.88e-07]    [1.77e-06, 5.72e-06, 3.71e-07, 3.64e-07, 1.29e-06, 1.04e-07, 3.51e-08, 4.48e-08, 1.32e-07, 2.88e-07]    []  
STEP 96000 BETA 1.00000000
97000     [8.18e-06, 1.49e-05, 2.65e-06, 5.70e-06, 8.68e-06, 5.63e-07, 5.08e-07, 1.74e-07, 2.28e-06, 1.00e-06]    [8.18e-06, 1.49e-05, 2.65e-06, 5.70e-06, 8.68e-06, 5.63e-07, 5.08e-07, 1.74e-07, 2.28e-06, 1.00e-06]    []  
STEP 97000 BETA 1.00000000
98000     [7.83e-06, 7.20e-06, 1.52e-06, 2.32e-06, 1.01e-06, 2.37e-07, 5.14e-07, 4.69e-07, 1.24e-07, 6.37e-07]    [7.83e-06, 7.20e-06, 1.52e-06, 2.32e-06, 1.01e-06, 2.37e-07, 5.14e-07, 4.69e-07, 1.24e-07, 6.37e-07]    []  
STEP 98000 BETA 1.00000000
99000     [1.42e-06, 3.59e-06, 3.37e-07, 2.40e-07, 5.60e-07, 5.95e-08, 1.93e-08, 7.20e-09, 9.02e-08, 2.92e-07]    [1.42e-06, 3.59e-06, 3.37e-07, 2.40e-07, 5.60e-07, 5.95e-08, 1.93e-08, 7.20e-09, 9.02e-08, 2.92e-07]    []  
STEP 99000 BETA 1.00000000
100000    [1.80e-06, 3.98e-06, 5.25e-07, 3.46e-07, 1.71e-06, 6.28e-08, 7.20e-08, 2.61e-07, 1.51e-07, 3.45e-07]    [1.80e-06, 3.98e-06, 5.25e-07, 3.46e-07, 1.71e-06, 6.28e-08, 7.20e-08, 2.61e-07, 1.51e-07, 3.45e-07]    []  
STEP 100000 BETA 1.00000000
101000    [1.07e-05, 8.67e-06, 1.21e-06, 1.23e-06, 3.70e-06, 7.33e-07, 5.47e-07, 6.28e-08, 4.24e-07, 6.57e-07]    [1.07e-05, 8.67e-06, 1.21e-06, 1.23e-06, 3.70e-06, 7.33e-07, 5.47e-07, 6.28e-08, 4.24e-07, 6.57e-07]    []  
STEP 101000 BETA 1.00000000
102000    [8.62e-06, 5.07e-06, 1.86e-06, 4.93e-07, 1.13e-06, 3.75e-07, 1.90e-07, 1.13e-07, 4.36e-07, 5.35e-07]    [8.62e-06, 5.07e-06, 1.86e-06, 4.93e-07, 1.13e-06, 3.75e-07, 1.90e-07, 1.13e-07, 4.36e-07, 5.35e-07]    []  
STEP 102000 BETA 1.00000000
103000    [2.10e-05, 2.85e-05, 2.19e-05, 3.29e-05, 6.46e-06, 2.78e-06, 1.32e-06, 5.76e-07, 1.57e-06, 1.59e-06]    [2.10e-05, 2.85e-05, 2.19e-05, 3.29e-05, 6.46e-06, 2.78e-06, 1.32e-06, 5.76e-07, 1.57e-06, 1.59e-06]    []  
STEP 103000 BETA 1.00000000
104000    [1.40e-05, 5.55e-06, 5.69e-06, 8.58e-06, 1.30e-06, 1.31e-07, 5.06e-08, 2.27e-07, 1.49e-06, 7.20e-07]    [1.40e-05, 5.55e-06, 5.69e-06, 8.58e-06, 1.30e-06, 1.31e-07, 5.06e-08, 2.27e-07, 1.49e-06, 7.20e-07]    []  
STEP 104000 BETA 1.00000000
105000    [1.35e-06, 3.60e-06, 2.81e-07, 2.93e-07, 5.48e-07, 5.86e-08, 2.69e-08, 7.67e-09, 1.09e-07, 2.72e-07]    [1.35e-06, 3.60e-06, 2.81e-07, 2.93e-07, 5.48e-07, 5.86e-08, 2.69e-08, 7.67e-09, 1.09e-07, 2.72e-07]    []  
STEP 105000 BETA 1.00000000
106000    [2.92e-06, 5.57e-06, 1.37e-06, 1.97e-06, 5.31e-07, 6.48e-08, 1.56e-08, 1.70e-08, 3.74e-07, 3.11e-07]    [2.92e-06, 5.57e-06, 1.37e-06, 1.97e-06, 5.31e-07, 6.48e-08, 1.56e-08, 1.70e-08, 3.74e-07, 3.11e-07]    []  
STEP 106000 BETA 1.00000000
107000    [2.78e-06, 5.59e-05, 9.04e-07, 4.19e-06, 4.21e-06, 1.00e-06, 2.14e-06, 3.33e-07, 2.22e-06, 1.70e-06]    [2.78e-06, 5.59e-05, 9.04e-07, 4.19e-06, 4.21e-06, 1.00e-06, 2.14e-06, 3.33e-07, 2.22e-06, 1.70e-06]    []  
STEP 107000 BETA 1.00000000
108000    [5.81e-06, 5.74e-06, 2.65e-06, 3.30e-06, 6.35e-07, 2.03e-07, 4.20e-08, 1.94e-07, 7.32e-07, 5.83e-07]    [5.81e-06, 5.74e-06, 2.65e-06, 3.30e-06, 6.35e-07, 2.03e-07, 4.20e-08, 1.94e-07, 7.32e-07, 5.83e-07]    []  
STEP 108000 BETA 1.00000000
109000    [8.39e-06, 2.62e-05, 3.20e-06, 4.39e-06, 1.05e-06, 7.43e-08, 5.32e-07, 5.48e-08, 1.30e-07, 3.94e-07]    [8.39e-06, 2.62e-05, 3.20e-06, 4.39e-06, 1.05e-06, 7.43e-08, 5.32e-07, 5.48e-08, 1.30e-07, 3.94e-07]    []  
STEP 109000 BETA 1.00000000
110000    [5.40e-06, 3.07e-06, 1.24e-06, 1.61e-06, 6.01e-07, 8.01e-08, 1.71e-08, 6.96e-08, 2.51e-07, 3.25e-07]    [5.40e-06, 3.07e-06, 1.24e-06, 1.61e-06, 6.01e-07, 8.01e-08, 1.71e-08, 6.96e-08, 2.51e-07, 3.25e-07]    []  
STEP 110000 BETA 1.00000000
111000    [7.01e-06, 6.98e-06, 1.35e-06, 5.58e-07, 5.23e-06, 3.91e-07, 1.79e-07, 1.43e-07, 2.17e-07, 3.16e-07]    [7.01e-06, 6.98e-06, 1.35e-06, 5.58e-07, 5.23e-06, 3.91e-07, 1.79e-07, 1.43e-07, 2.17e-07, 3.16e-07]    []  
STEP 111000 BETA 1.00000000
112000    [1.91e-05, 5.88e-05, 4.77e-06, 3.54e-06, 1.38e-05, 5.25e-07, 2.63e-07, 7.31e-07, 4.05e-07, 5.45e-07]    [1.91e-05, 5.88e-05, 4.77e-06, 3.54e-06, 1.38e-05, 5.25e-07, 2.63e-07, 7.31e-07, 4.05e-07, 5.45e-07]    []  
STEP 112000 BETA 1.00000000
113000    [7.68e-06, 1.06e-05, 8.42e-06, 1.35e-05, 6.18e-07, 2.60e-07, 2.53e-07, 1.17e-07, 9.48e-07, 4.04e-07]    [7.68e-06, 1.06e-05, 8.42e-06, 1.35e-05, 6.18e-07, 2.60e-07, 2.53e-07, 1.17e-07, 9.48e-07, 4.04e-07]    []  
STEP 113000 BETA 1.00000000
114000    [3.45e-06, 1.91e-05, 6.37e-07, 1.48e-06, 1.07e-06, 5.46e-08, 3.79e-07, 3.22e-09, 6.81e-07, 5.36e-07]    [3.45e-06, 1.91e-05, 6.37e-07, 1.48e-06, 1.07e-06, 5.46e-08, 3.79e-07, 3.22e-09, 6.81e-07, 5.36e-07]    []  
STEP 114000 BETA 1.00000000
115000    [1.84e-06, 4.99e-06, 7.14e-07, 5.54e-07, 2.72e-06, 8.81e-08, 3.54e-07, 2.14e-07, 2.59e-07, 4.07e-07]    [1.84e-06, 4.99e-06, 7.14e-07, 5.54e-07, 2.72e-06, 8.81e-08, 3.54e-07, 2.14e-07, 2.59e-07, 4.07e-07]    []  
STEP 115000 BETA 1.00000000
116000    [1.35e-06, 3.09e-06, 9.19e-07, 9.34e-07, 1.09e-06, 8.82e-08, 3.51e-08, 3.44e-08, 1.25e-07, 2.76e-07]    [1.35e-06, 3.09e-06, 9.19e-07, 9.34e-07, 1.09e-06, 8.82e-08, 3.51e-08, 3.44e-08, 1.25e-07, 2.76e-07]    []  
STEP 116000 BETA 1.00000000
117000    [1.02e-06, 2.80e-06, 2.07e-07, 3.15e-07, 6.21e-07, 4.14e-08, 4.40e-08, 4.28e-08, 9.94e-08, 2.46e-07]    [1.02e-06, 2.80e-06, 2.07e-07, 3.15e-07, 6.21e-07, 4.14e-08, 4.40e-08, 4.28e-08, 9.94e-08, 2.46e-07]    []  
STEP 117000 BETA 1.00000000
118000    [2.65e-06, 3.20e-06, 4.08e-07, 2.45e-07, 2.82e-06, 4.74e-07, 1.44e-07, 5.96e-09, 2.39e-07, 3.56e-07]    [2.65e-06, 3.20e-06, 4.08e-07, 2.45e-07, 2.82e-06, 4.74e-07, 1.44e-07, 5.96e-09, 2.39e-07, 3.56e-07]    []  
STEP 118000 BETA 1.00000000
119000    [6.67e-06, 1.58e-05, 1.14e-06, 3.54e-06, 8.05e-07, 2.02e-07, 1.29e-08, 1.50e-07, 4.71e-07, 4.91e-07]    [6.67e-06, 1.58e-05, 1.14e-06, 3.54e-06, 8.05e-07, 2.02e-07, 1.29e-08, 1.50e-07, 4.71e-07, 4.91e-07]    []  
STEP 119000 BETA 1.00000000
120000    [4.38e-06, 5.18e-06, 1.41e-06, 2.23e-06, 2.07e-06, 1.12e-07, 1.89e-07, 3.52e-08, 1.13e-06, 5.24e-07]    [4.38e-06, 5.18e-06, 1.41e-06, 2.23e-06, 2.07e-06, 1.12e-07, 1.89e-07, 3.52e-08, 1.13e-06, 5.24e-07]    []  
STEP 120000 BETA 1.00000000
121000    [1.09e-06, 9.73e-06, 2.81e-07, 8.84e-07, 6.06e-07, 4.07e-08, 1.82e-07, 5.05e-09, 1.81e-07, 2.98e-07]    [1.09e-06, 9.73e-06, 2.81e-07, 8.84e-07, 6.06e-07, 4.07e-08, 1.82e-07, 5.05e-09, 1.81e-07, 2.98e-07]    []  
STEP 121000 BETA 1.00000000
122000    [4.13e-06, 3.97e-05, 1.48e-06, 3.86e-06, 2.97e-06, 1.02e-07, 1.44e-06, 6.36e-07, 7.63e-07, 9.48e-07]    [4.13e-06, 3.97e-05, 1.48e-06, 3.86e-06, 2.97e-06, 1.02e-07, 1.44e-06, 6.36e-07, 7.63e-07, 9.48e-07]    []  
STEP 122000 BETA 1.00000000
123000    [4.57e-06, 3.44e-06, 6.49e-07, 7.99e-07, 1.49e-06, 3.65e-08, 4.63e-08, 1.38e-07, 1.97e-07, 2.76e-07]    [4.57e-06, 3.44e-06, 6.49e-07, 7.99e-07, 1.49e-06, 3.65e-08, 4.63e-08, 1.38e-07, 1.97e-07, 2.76e-07]    []  
STEP 123000 BETA 1.00000000
124000    [1.22e-06, 5.56e-06, 9.03e-07, 1.82e-06, 3.07e-06, 5.19e-07, 9.00e-07, 1.69e-08, 4.20e-07, 5.41e-07]    [1.22e-06, 5.56e-06, 9.03e-07, 1.82e-06, 3.07e-06, 5.19e-07, 9.00e-07, 1.69e-08, 4.20e-07, 5.41e-07]    []  
STEP 124000 BETA 1.00000000
125000    [1.48e-06, 3.02e-06, 4.95e-07, 7.46e-07, 1.21e-06, 1.36e-07, 1.41e-07, 7.18e-09, 1.22e-07, 2.53e-07]    [1.48e-06, 3.02e-06, 4.95e-07, 7.46e-07, 1.21e-06, 1.36e-07, 1.41e-07, 7.18e-09, 1.22e-07, 2.53e-07]    []  
STEP 125000 BETA 1.00000000
126000    [5.63e-06, 1.16e-04, 6.12e-06, 2.08e-05, 3.67e-06, 2.09e-07, 3.69e-06, 7.08e-07, 5.98e-07, 1.39e-06]    [5.63e-06, 1.16e-04, 6.12e-06, 2.08e-05, 3.67e-06, 2.09e-07, 3.69e-06, 7.08e-07, 5.98e-07, 1.39e-06]    []  
STEP 126000 BETA 1.00000000
127000    [8.75e-06, 4.91e-06, 1.31e-06, 6.71e-07, 1.08e-06, 8.49e-07, 9.87e-08, 4.55e-07, 3.17e-07, 5.46e-07]    [8.75e-06, 4.91e-06, 1.31e-06, 6.71e-07, 1.08e-06, 8.49e-07, 9.87e-08, 4.55e-07, 3.17e-07, 5.46e-07]    []  
STEP 127000 BETA 1.00000000
128000    [9.53e-07, 1.74e-06, 1.41e-07, 1.57e-07, 7.97e-07, 5.19e-08, 2.10e-08, 1.48e-08, 9.46e-08, 2.14e-07]    [9.53e-07, 1.74e-06, 1.41e-07, 1.57e-07, 7.97e-07, 5.19e-08, 2.10e-08, 1.48e-08, 9.46e-08, 2.14e-07]    []  
STEP 128000 BETA 1.00000000
129000    [4.04e-06, 1.93e-06, 1.02e-06, 1.79e-06, 6.81e-07, 4.14e-08, 1.93e-08, 5.15e-08, 3.22e-07, 3.04e-07]    [4.04e-06, 1.93e-06, 1.02e-06, 1.79e-06, 6.81e-07, 4.14e-08, 1.93e-08, 5.15e-08, 3.22e-07, 3.04e-07]    []  
STEP 129000 BETA 1.00000000
130000    [2.68e-06, 7.80e-06, 5.48e-07, 4.03e-06, 1.27e-06, 1.46e-07, 1.94e-07, 1.01e-08, 1.89e-07, 3.19e-07]    [2.68e-06, 7.80e-06, 5.48e-07, 4.03e-06, 1.27e-06, 1.46e-07, 1.94e-07, 1.01e-08, 1.89e-07, 3.19e-07]    []  
STEP 130000 BETA 1.00000000
131000    [1.32e-06, 5.07e-06, 5.49e-07, 4.86e-07, 2.87e-06, 1.53e-07, 6.57e-08, 9.84e-08, 1.45e-07, 2.78e-07]    [1.32e-06, 5.07e-06, 5.49e-07, 4.86e-07, 2.87e-06, 1.53e-07, 6.57e-08, 9.84e-08, 1.45e-07, 2.78e-07]    []  
STEP 131000 BETA 1.00000000
132000    [1.80e-06, 1.72e-06, 2.57e-07, 3.30e-07, 4.27e-07, 4.31e-08, 1.00e-08, 3.82e-08, 8.63e-08, 2.51e-07]    [1.80e-06, 1.72e-06, 2.57e-07, 3.30e-07, 4.27e-07, 4.31e-08, 1.00e-08, 3.82e-08, 8.63e-08, 2.51e-07]    []  
STEP 132000 BETA 1.00000000
133000    [1.07e-06, 2.40e-06, 2.19e-07, 6.56e-07, 5.08e-07, 2.92e-08, 3.41e-08, 1.61e-08, 7.70e-08, 2.20e-07]    [1.07e-06, 2.40e-06, 2.19e-07, 6.56e-07, 5.08e-07, 2.92e-08, 3.41e-08, 1.61e-08, 7.70e-08, 2.20e-07]    []  
STEP 133000 BETA 1.00000000
134000    [4.27e-06, 3.57e-06, 1.05e-06, 4.41e-07, 3.41e-06, 1.88e-07, 3.47e-07, 1.25e-07, 3.76e-07, 3.91e-07]    [4.27e-06, 3.57e-06, 1.05e-06, 4.41e-07, 3.41e-06, 1.88e-07, 3.47e-07, 1.25e-07, 3.76e-07, 3.91e-07]    []  
STEP 134000 BETA 1.00000000
135000    [8.85e-07, 2.90e-06, 2.86e-07, 4.87e-07, 8.43e-07, 1.03e-07, 7.52e-08, 5.25e-09, 9.22e-08, 2.42e-07]    [8.85e-07, 2.90e-06, 2.86e-07, 4.87e-07, 8.43e-07, 1.03e-07, 7.52e-08, 5.25e-09, 9.22e-08, 2.42e-07]    []  
STEP 135000 BETA 1.00000000
136000    [5.32e-06, 2.96e-06, 9.50e-07, 1.04e-06, 2.15e-06, 5.81e-07, 1.46e-07, 6.27e-08, 1.27e-07, 4.20e-07]    [5.32e-06, 2.96e-06, 9.50e-07, 1.04e-06, 2.15e-06, 5.81e-07, 1.46e-07, 6.27e-08, 1.27e-07, 4.20e-07]    []  
STEP 136000 BETA 1.00000000
137000    [1.69e-05, 2.74e-06, 2.10e-06, 2.26e-06, 7.68e-07, 2.53e-07, 9.28e-08, 2.74e-07, 1.54e-07, 4.22e-07]    [1.69e-05, 2.74e-06, 2.10e-06, 2.26e-06, 7.68e-07, 2.53e-07, 9.28e-08, 2.74e-07, 1.54e-07, 4.22e-07]    []  
STEP 137000 BETA 1.00000000
138000    [7.53e-06, 3.47e-06, 8.81e-07, 5.96e-07, 2.25e-06, 8.32e-07, 1.58e-07, 1.92e-07, 1.37e-07, 5.07e-07]    [7.53e-06, 3.47e-06, 8.81e-07, 5.96e-07, 2.25e-06, 8.32e-07, 1.58e-07, 1.92e-07, 1.37e-07, 5.07e-07]    []  
STEP 138000 BETA 1.00000000
139000    [9.69e-07, 8.36e-06, 1.86e-07, 5.96e-07, 5.03e-07, 2.98e-08, 1.90e-08, 1.67e-09, 9.77e-08, 2.13e-07]    [9.69e-07, 8.36e-06, 1.86e-07, 5.96e-07, 5.03e-07, 2.98e-08, 1.90e-08, 1.67e-09, 9.77e-08, 2.13e-07]    []  
STEP 139000 BETA 1.00000000
140000    [7.98e-06, 2.01e-06, 1.08e-06, 1.93e-06, 1.20e-06, 4.44e-08, 5.31e-08, 5.87e-08, 5.30e-07, 4.12e-07]    [7.98e-06, 2.01e-06, 1.08e-06, 1.93e-06, 1.20e-06, 4.44e-08, 5.31e-08, 5.87e-08, 5.30e-07, 4.12e-07]    []  
STEP 140000 BETA 1.00000000
141000    [3.72e-06, 5.37e-06, 8.04e-07, 1.68e-06, 1.06e-06, 5.59e-07, 6.42e-07, 2.32e-07, 2.09e-07, 5.52e-07]    [3.72e-06, 5.37e-06, 8.04e-07, 1.68e-06, 1.06e-06, 5.59e-07, 6.42e-07, 2.32e-07, 2.09e-07, 5.52e-07]    []  
STEP 141000 BETA 1.00000000
142000    [1.65e-06, 2.46e-06, 6.37e-07, 2.21e-06, 4.65e-07, 3.65e-07, 8.33e-08, 1.88e-07, 1.17e-07, 2.78e-07]    [1.65e-06, 2.46e-06, 6.37e-07, 2.21e-06, 4.65e-07, 3.65e-07, 8.33e-08, 1.88e-07, 1.17e-07, 2.78e-07]    []  
STEP 142000 BETA 1.00000000
143000    [8.54e-07, 1.59e-06, 2.16e-07, 2.28e-07, 3.92e-07, 3.94e-08, 4.40e-08, 4.43e-09, 7.42e-08, 2.03e-07]    [8.54e-07, 1.59e-06, 2.16e-07, 2.28e-07, 3.92e-07, 3.94e-08, 4.40e-08, 4.43e-09, 7.42e-08, 2.03e-07]    []  
STEP 143000 BETA 1.00000000
144000    [1.64e-05, 1.70e-05, 2.49e-06, 3.11e-06, 1.59e-06, 3.16e-08, 3.78e-07, 1.13e-07, 1.49e-06, 7.94e-07]    [1.64e-05, 1.70e-05, 2.49e-06, 3.11e-06, 1.59e-06, 3.16e-08, 3.78e-07, 1.13e-07, 1.49e-06, 7.94e-07]    []  
STEP 144000 BETA 1.00000000
145000    [8.24e-07, 1.09e-06, 1.23e-07, 1.31e-07, 3.54e-07, 2.38e-08, 2.36e-08, 3.39e-09, 6.54e-08, 1.92e-07]    [8.24e-07, 1.09e-06, 1.23e-07, 1.31e-07, 3.54e-07, 2.38e-08, 2.36e-08, 3.39e-09, 6.54e-08, 1.92e-07]    []  
STEP 145000 BETA 1.00000000
146000    [1.01e-05, 6.41e-06, 1.26e-06, 4.76e-07, 4.47e-06, 2.34e-07, 2.72e-07, 1.52e-07, 3.55e-07, 3.57e-07]    [1.01e-05, 6.41e-06, 1.26e-06, 4.76e-07, 4.47e-06, 2.34e-07, 2.72e-07, 1.52e-07, 3.55e-07, 3.57e-07]    []  
STEP 146000 BETA 1.00000000
147000    [8.50e-07, 1.22e-06, 3.85e-07, 5.13e-07, 3.64e-07, 4.12e-08, 2.85e-08, 1.53e-08, 1.81e-07, 2.49e-07]    [8.50e-07, 1.22e-06, 3.85e-07, 5.13e-07, 3.64e-07, 4.12e-08, 2.85e-08, 1.53e-08, 1.81e-07, 2.49e-07]    []  
STEP 147000 BETA 1.00000000
148000    [7.01e-07, 9.96e-07, 1.10e-07, 1.02e-07, 3.59e-07, 2.39e-08, 9.14e-09, 1.48e-09, 5.73e-08, 1.81e-07]    [7.01e-07, 9.96e-07, 1.10e-07, 1.02e-07, 3.59e-07, 2.39e-08, 9.14e-09, 1.48e-09, 5.73e-08, 1.81e-07]    []  
STEP 148000 BETA 1.00000000
149000    [7.62e-07, 1.03e-06, 1.20e-07, 1.04e-07, 4.15e-07, 2.66e-08, 1.67e-08, 2.62e-09, 7.11e-08, 1.85e-07]    [7.62e-07, 1.03e-06, 1.20e-07, 1.04e-07, 4.15e-07, 2.66e-08, 1.67e-08, 2.62e-09, 7.11e-08, 1.85e-07]    []  
STEP 149000 BETA 1.00000000
150000    [6.95e-07, 9.73e-07, 1.12e-07, 1.08e-07, 3.57e-07, 2.36e-08, 8.50e-09, 1.34e-09, 6.28e-08, 1.97e-07]    [6.95e-07, 9.73e-07, 1.12e-07, 1.08e-07, 3.57e-07, 2.36e-08, 8.50e-09, 1.34e-09, 6.28e-08, 1.97e-07]    []  
STEP 150000 BETA 1.00000000

Best model at step 150000:
  train loss: 2.54e-06
  test loss: 2.54e-06
  test metric: []

'train' took 15305.439392 s

/public/home/xinxi/wxtian/anaconda3/envs/pytorch2.1w2/lib/python3.10/site-packages/torch/_utils.py:831: UserWarning: TypedStorage is deprecated. It will be removed in the future and UntypedStorage will be the only storage class. This should only matter to you if you are using storages directly.  To access UntypedStorage directly, use tensor.untyped_storage() instead of tensor.storage()
  return self.fget.__get__(instance, owner)()
RUN_COMPLETE {'case': 'A0', 'iterations': 150000, 'elapsed_seconds': 15305.439425945282, 'final_beta': [1.0], 'final_A_or_beta0': 1.0, 'true_A': 1.0, 'relative_l2': {'ux': 0.0387785868591143, 'uy': 0.007153730189860385, 'sxx': 0.5201339153597236, 'syy': 0.3116963945294958, 'sxy': 0.22095451874536182, 'K': 0.4943350160949465, 'mu': 0.24292922240172676, 'E': 0.308169461747247, 'nu': 1.02748802584822}, 'split_relative_l2': {'evaluation': {'ux': 0.0387785868591143, 'uy': 0.007153730189860385, 'sxx': 0.5201339153597236, 'syy': 0.3116963945294958, 'sxy': 0.22095451874536182, 'K': 0.4943350160949465, 'mu': 0.24292922240172676, 'E': 0.308169461747247, 'nu': 1.02748802584822}, 'validation': {'ux': 0.030531268739879703, 'uy': 0.005974298315865536, 'sxx': 0.5215209925007755, 'syy': 0.31192988002980443, 'sxy': 0.2093856052665743, 'K': 0.49897976034769165, 'mu': 0.2432720396143816, 'E': 0.309791774422943, 'nu': 1.0349486070801401}, 'train': {'ux': 0.02330200640152454, 'uy': 0.005199085283886957, 'sxx': 0.5249656094734267, 'syy': 0.3127722692957278, 'sxy': 0.19580945629584393, 'K': 0.5042382594582863, 'mu': 0.24279761520736756, 'E': 0.31091665844014615, 'nu': 1.041420613652332}}, 'true_reaction_y': 0.27722135186195374, 'pred_reaction_y': 0.19304044544696808, 'pred_reaction_y_stress_branch': 0.19304044544696808, 'pred_reaction_y_constitutive': 0.19296586513519287, 'reaction_rel_error': 0.3036595336155819, 'reaction_rel_error_stress_branch': 0.3036595336155819, 'reaction_rel_error_constitutive': 0.30392856163695914, 'equilibrium_form': 'mixed', 'reaction_form': 'stress', 'run_note': 'PFNN_true_boundary_formal150k', 'best_step': 150000, 'eval_checkpoint': 'best', 'eval_checkpoint_path': '/public/home/xinxi/wxtian/WXTIAN/PINN/deepxde/boundary_uncertainty_pinn/exp/01.FormalKeyAblation/A0/model/best_model-150000.pt', 'final_model_path': '/public/home/xinxi/wxtian/WXTIAN/PINN/deepxde/boundary_uncertainty_pinn/exp/01.FormalKeyAblation/A0/model/final_model-150000.pt', 'final_train_loss_sum': 2.538629587434116e-06, 'final_test_loss_sum': 2.538629587434116e-06, 'independent_test_loss_available': False, 'loss_history_interval': 1000, 'num_trainable_parameters': 34279}
