Using backend: pytorch
Other supported backends: tensorflow.compat.v1, tensorflow, jax, paddle.
paddle supports more examples now and is recommended.
Compiling model...
'compile' took 0.591937 s

Training model...

Step      Train loss                                                                                              Test loss                                                                                               Test metric
0         [9.91e-02, 1.34e-01, 3.66e-02, 4.19e-01, 4.38e-02, 2.25e-03, 2.77e-04, 6.68e-02, 2.16e-02, 1.25e-02]    [9.91e-02, 1.34e-01, 3.66e-02, 4.19e-01, 4.38e-02, 2.25e-03, 2.77e-04, 6.68e-02, 2.16e-02, 1.25e-02]    []  
1000      [9.22e-04, 2.62e-03, 1.58e-04, 2.50e-04, 4.97e-04, 1.11e-05, 1.50e-05, 1.34e-06, 6.62e-05, 4.29e-05]    [9.22e-04, 2.62e-03, 1.58e-04, 2.50e-04, 4.97e-04, 1.11e-05, 1.50e-05, 1.34e-06, 6.62e-05, 4.29e-05]    []  
STEP 1000 BETA 0.95244324
2000      [7.97e-04, 6.79e-04, 1.49e-04, 1.83e-04, 1.18e-04, 1.38e-05, 6.46e-06, 2.44e-06, 6.06e-05, 2.58e-05]    [7.97e-04, 6.79e-04, 1.49e-04, 1.83e-04, 1.18e-04, 1.38e-05, 6.46e-06, 2.44e-06, 6.06e-05, 2.58e-05]    []  
STEP 2000 BETA 1.00022459
3000      [6.95e-04, 5.04e-04, 6.54e-05, 1.41e-04, 3.11e-05, 1.30e-05, 7.28e-06, 4.87e-06, 4.03e-05, 1.40e-05]    [6.95e-04, 5.04e-04, 6.54e-05, 1.41e-04, 3.11e-05, 1.30e-05, 7.28e-06, 4.87e-06, 4.03e-05, 1.40e-05]    []  
STEP 3000 BETA 1.03056681
4000      [6.42e-04, 4.29e-04, 2.67e-05, 1.19e-04, 1.75e-05, 7.98e-06, 8.72e-06, 6.31e-06, 2.62e-05, 8.40e-06]    [6.42e-04, 4.29e-04, 2.67e-05, 1.19e-04, 1.75e-05, 7.98e-06, 8.72e-06, 6.31e-06, 2.62e-05, 8.40e-06]    []  
STEP 4000 BETA 1.03353226
5000      [5.93e-04, 3.78e-04, 2.10e-05, 1.06e-04, 1.33e-05, 1.98e-06, 7.98e-06, 5.92e-06, 1.70e-05, 8.85e-06]    [5.93e-04, 3.78e-04, 2.10e-05, 1.06e-04, 1.33e-05, 1.98e-06, 7.98e-06, 5.92e-06, 1.70e-05, 8.85e-06]    []  
STEP 5000 BETA 1.03538096
6000      [5.16e-04, 3.23e-04, 2.08e-05, 9.18e-05, 1.27e-05, 8.35e-07, 6.63e-06, 5.17e-06, 9.84e-06, 9.86e-06]    [5.16e-04, 3.23e-04, 2.08e-05, 9.18e-05, 1.27e-05, 8.35e-07, 6.63e-06, 5.17e-06, 9.84e-06, 9.86e-06]    []  
STEP 6000 BETA 1.03859925
7000      [4.41e-04, 3.58e-04, 2.50e-05, 8.55e-05, 2.66e-05, 9.22e-07, 5.21e-06, 5.82e-06, 1.24e-05, 1.29e-05]    [4.41e-04, 3.58e-04, 2.50e-05, 8.55e-05, 2.66e-05, 9.22e-07, 5.21e-06, 5.82e-06, 1.24e-05, 1.29e-05]    []  
STEP 7000 BETA 1.04562986
8000      [3.64e-04, 2.40e-04, 1.22e-05, 5.38e-05, 1.98e-05, 2.23e-06, 3.93e-06, 4.58e-06, 7.71e-06, 1.01e-05]    [3.64e-04, 2.40e-04, 1.22e-05, 5.38e-05, 1.98e-05, 2.23e-06, 3.93e-06, 4.58e-06, 7.71e-06, 1.01e-05]    []  
STEP 8000 BETA 1.05542982
9000      [3.13e-04, 1.90e-04, 1.03e-05, 4.43e-05, 1.36e-05, 2.10e-06, 1.23e-06, 1.39e-06, 3.57e-06, 9.51e-06]    [3.13e-04, 1.90e-04, 1.03e-05, 4.43e-05, 1.36e-05, 2.10e-06, 1.23e-06, 1.39e-06, 3.57e-06, 9.51e-06]    []  
STEP 9000 BETA 1.05326772
10000     [4.03e-04, 2.12e-04, 5.58e-04, 5.90e-04, 4.11e-05, 4.17e-05, 9.29e-06, 1.94e-05, 4.87e-05, 2.39e-05]    [4.03e-04, 2.12e-04, 5.58e-04, 5.90e-04, 4.11e-05, 4.17e-05, 9.29e-06, 1.94e-05, 4.87e-05, 2.39e-05]    []  
STEP 10000 BETA 1.04654050
11000     [2.05e-04, 2.47e-04, 1.07e-05, 3.63e-05, 1.22e-05, 2.05e-06, 5.39e-06, 1.60e-06, 9.91e-06, 1.07e-05]    [2.05e-04, 2.47e-04, 1.07e-05, 3.63e-05, 1.22e-05, 2.05e-06, 5.39e-06, 1.60e-06, 9.91e-06, 1.07e-05]    []  
STEP 11000 BETA 1.04577851
12000     [1.55e-04, 1.55e-04, 9.23e-06, 2.26e-05, 6.81e-06, 1.05e-06, 1.45e-06, 4.27e-07, 1.55e-06, 7.98e-06]    [1.55e-04, 1.55e-04, 9.23e-06, 2.26e-05, 6.81e-06, 1.05e-06, 1.45e-06, 4.27e-07, 1.55e-06, 7.98e-06]    []  
STEP 12000 BETA 1.04057491
13000     [1.30e-04, 1.54e-04, 3.43e-05, 4.82e-05, 7.54e-06, 2.86e-06, 2.54e-06, 1.31e-06, 2.46e-06, 7.99e-06]    [1.30e-04, 1.54e-04, 3.43e-05, 4.82e-05, 7.54e-06, 2.86e-06, 2.54e-06, 1.31e-06, 2.46e-06, 7.99e-06]    []  
STEP 13000 BETA 1.03424942
14000     [1.96e-04, 1.45e-04, 1.52e-05, 1.58e-05, 7.68e-06, 2.45e-06, 1.78e-06, 2.29e-06, 6.81e-07, 7.60e-06]    [1.96e-04, 1.45e-04, 1.52e-05, 1.58e-05, 7.68e-06, 2.45e-06, 1.78e-06, 2.29e-06, 6.81e-07, 7.60e-06]    []  
STEP 14000 BETA 1.03040910
15000     [9.41e-05, 1.36e-04, 1.42e-05, 2.02e-05, 5.16e-06, 7.33e-07, 1.48e-06, 3.43e-07, 8.84e-07, 4.99e-06]    [9.41e-05, 1.36e-04, 1.42e-05, 2.02e-05, 5.16e-06, 7.33e-07, 1.48e-06, 3.43e-07, 8.84e-07, 4.99e-06]    []  
STEP 15000 BETA 1.02380896
16000     [9.66e-05, 1.32e-04, 3.81e-05, 3.50e-05, 3.84e-06, 1.60e-06, 8.69e-07, 1.26e-06, 4.03e-06, 4.70e-06]    [9.66e-05, 1.32e-04, 3.81e-05, 3.50e-05, 3.84e-06, 1.60e-06, 8.69e-07, 1.26e-06, 4.03e-06, 4.70e-06]    []  
STEP 16000 BETA 1.01846874
17000     [7.82e-05, 1.37e-04, 8.53e-06, 1.31e-05, 4.64e-06, 1.22e-06, 1.78e-06, 2.39e-07, 4.07e-07, 4.44e-06]    [7.82e-05, 1.37e-04, 8.53e-06, 1.31e-05, 4.64e-06, 1.22e-06, 1.78e-06, 2.39e-07, 4.07e-07, 4.44e-06]    []  
STEP 17000 BETA 1.01058638
18000     [9.69e-05, 1.42e-04, 6.92e-06, 8.40e-06, 3.66e-06, 1.94e-07, 4.32e-07, 2.57e-07, 2.23e-07, 2.16e-06]    [9.69e-05, 1.42e-04, 6.92e-06, 8.40e-06, 3.66e-06, 1.94e-07, 4.32e-07, 2.57e-07, 2.23e-07, 2.16e-06]    []  
STEP 18000 BETA 1.00627816
19000     [1.14e-04, 1.67e-04, 9.75e-06, 8.83e-06, 1.41e-05, 2.55e-07, 1.18e-06, 4.38e-06, 1.24e-06, 3.83e-06]    [1.14e-04, 1.67e-04, 9.75e-06, 8.83e-06, 1.41e-05, 2.55e-07, 1.18e-06, 4.38e-06, 1.24e-06, 3.83e-06]    []  
STEP 19000 BETA 1.00622666
20000     [5.56e-05, 1.04e-04, 5.51e-06, 5.64e-06, 2.10e-06, 2.02e-07, 2.00e-07, 1.97e-07, 4.76e-07, 1.91e-06]    [5.56e-05, 1.04e-04, 5.51e-06, 5.64e-06, 2.10e-06, 2.02e-07, 2.00e-07, 1.97e-07, 4.76e-07, 1.91e-06]    []  
STEP 20000 BETA 1.00412285
21000     [4.88e-05, 9.90e-05, 3.46e-06, 4.69e-06, 9.82e-06, 6.98e-07, 2.78e-06, 1.24e-06, 2.72e-06, 2.79e-06]    [4.88e-05, 9.90e-05, 3.46e-06, 4.69e-06, 9.82e-06, 6.98e-07, 2.78e-06, 1.24e-06, 2.72e-06, 2.79e-06]    []  
STEP 21000 BETA 1.00380373
22000     [8.24e-05, 9.27e-05, 6.58e-06, 6.68e-06, 3.78e-06, 1.33e-06, 2.26e-07, 3.48e-06, 6.17e-07, 3.18e-06]    [8.24e-05, 9.27e-05, 6.58e-06, 6.68e-06, 3.78e-06, 1.33e-06, 2.26e-07, 3.48e-06, 6.17e-07, 3.18e-06]    []  
STEP 22000 BETA 1.00351155
23000     [4.51e-05, 1.26e-04, 4.38e-06, 7.45e-06, 3.71e-06, 3.25e-07, 3.32e-07, 1.94e-07, 8.75e-07, 2.09e-06]    [4.51e-05, 1.26e-04, 4.38e-06, 7.45e-06, 3.71e-06, 3.25e-07, 3.32e-07, 1.94e-07, 8.75e-07, 2.09e-06]    []  
STEP 23000 BETA 1.00298285
24000     [6.04e-05, 2.32e-04, 2.80e-05, 2.48e-05, 9.45e-06, 1.12e-06, 2.73e-07, 1.75e-06, 2.10e-06, 2.30e-06]    [6.04e-05, 2.32e-04, 2.80e-05, 2.48e-05, 9.45e-06, 1.12e-06, 2.73e-07, 1.75e-06, 2.10e-06, 2.30e-06]    []  
STEP 24000 BETA 1.00185883
25000     [3.91e-05, 7.18e-05, 3.80e-06, 3.88e-06, 2.82e-06, 1.33e-06, 1.36e-07, 9.21e-07, 2.04e-07, 2.25e-06]    [3.91e-05, 7.18e-05, 3.80e-06, 3.88e-06, 2.82e-06, 1.33e-06, 1.36e-07, 9.21e-07, 2.04e-07, 2.25e-06]    []  
STEP 25000 BETA 1.00123715
26000     [2.40e-05, 7.14e-05, 2.70e-06, 3.22e-06, 2.55e-06, 1.29e-07, 1.07e-07, 1.67e-07, 1.21e-07, 1.39e-06]    [2.40e-05, 7.14e-05, 2.70e-06, 3.22e-06, 2.55e-06, 1.29e-07, 1.07e-07, 1.67e-07, 1.21e-07, 1.39e-06]    []  
STEP 26000 BETA 1.00028157
27000     [2.55e-05, 7.76e-05, 5.81e-06, 7.58e-06, 3.79e-06, 8.71e-07, 8.86e-08, 1.14e-07, 9.38e-07, 1.70e-06]    [2.55e-05, 7.76e-05, 5.81e-06, 7.58e-06, 3.79e-06, 8.71e-07, 8.86e-08, 1.14e-07, 9.38e-07, 1.70e-06]    []  
STEP 27000 BETA 1.00054717
28000     [2.47e-05, 1.41e-04, 2.69e-06, 1.70e-05, 5.27e-06, 2.04e-06, 4.24e-06, 9.75e-07, 1.22e-06, 3.08e-06]    [2.47e-05, 1.41e-04, 2.69e-06, 1.70e-05, 5.27e-06, 2.04e-06, 4.24e-06, 9.75e-07, 1.22e-06, 3.08e-06]    []  
STEP 28000 BETA 1.00013900
29000     [5.27e-05, 1.04e-04, 6.41e-06, 9.56e-06, 6.24e-06, 1.28e-06, 1.03e-07, 1.33e-07, 1.40e-06, 2.05e-06]    [5.27e-05, 1.04e-04, 6.41e-06, 9.56e-06, 6.24e-06, 1.28e-06, 1.03e-07, 1.33e-07, 1.40e-06, 2.05e-06]    []  
STEP 29000 BETA 1.00103068
30000     [3.38e-05, 1.35e-04, 8.37e-06, 1.42e-05, 4.83e-06, 6.56e-07, 2.69e-07, 2.16e-07, 2.94e-06, 2.26e-06]    [3.38e-05, 1.35e-04, 8.37e-06, 1.42e-05, 4.83e-06, 6.56e-07, 2.69e-07, 2.16e-07, 2.94e-06, 2.26e-06]    []  
STEP 30000 BETA 1.00100863
31000     [6.19e-05, 5.90e-05, 1.83e-05, 1.42e-05, 4.16e-06, 4.15e-07, 5.13e-07, 1.19e-06, 7.72e-07, 1.74e-06]    [6.19e-05, 5.90e-05, 1.83e-05, 1.42e-05, 4.16e-06, 4.15e-07, 5.13e-07, 1.19e-06, 7.72e-07, 1.74e-06]    []  
STEP 31000 BETA 1.00029743
32000     [1.99e-05, 2.51e-04, 2.72e-06, 2.62e-05, 1.61e-05, 2.18e-06, 5.51e-06, 1.56e-08, 2.86e-06, 3.10e-06]    [1.99e-05, 2.51e-04, 2.72e-06, 2.62e-05, 1.61e-05, 2.18e-06, 5.51e-06, 1.56e-08, 2.86e-06, 3.10e-06]    []  
STEP 32000 BETA 1.00058877
33000     [1.37e-05, 8.02e-05, 2.03e-06, 5.95e-06, 7.34e-06, 1.06e-07, 1.17e-06, 1.16e-06, 3.14e-06, 2.32e-06]    [1.37e-05, 8.02e-05, 2.03e-06, 5.95e-06, 7.34e-06, 1.06e-07, 1.17e-06, 1.16e-06, 3.14e-06, 2.32e-06]    []  
STEP 33000 BETA 1.00129223
34000     [1.28e-05, 5.09e-05, 1.91e-06, 3.96e-06, 2.93e-06, 7.64e-08, 1.48e-07, 4.59e-07, 2.52e-07, 1.04e-06]    [1.28e-05, 5.09e-05, 1.91e-06, 3.96e-06, 2.93e-06, 7.64e-08, 1.48e-07, 4.59e-07, 2.52e-07, 1.04e-06]    []  
STEP 34000 BETA 1.00024748
35000     [3.11e-05, 1.38e-04, 2.95e-05, 6.50e-05, 1.44e-05, 5.34e-07, 2.73e-06, 4.15e-06, 2.93e-06, 2.79e-06]    [3.11e-05, 1.38e-04, 2.95e-05, 6.50e-05, 1.44e-05, 5.34e-07, 2.73e-06, 4.15e-06, 2.93e-06, 2.79e-06]    []  
STEP 35000 BETA 0.99951458
36000     [1.09e-05, 4.37e-05, 2.15e-06, 5.18e-06, 3.20e-06, 3.73e-07, 5.43e-07, 4.24e-08, 1.89e-07, 1.12e-06]    [1.09e-05, 4.37e-05, 2.15e-06, 5.18e-06, 3.20e-06, 3.73e-07, 5.43e-07, 4.24e-08, 1.89e-07, 1.12e-06]    []  
STEP 36000 BETA 0.99921930
37000     [1.23e-05, 4.23e-05, 1.58e-06, 3.46e-06, 2.01e-06, 1.43e-07, 1.64e-07, 6.91e-08, 1.10e-07, 1.01e-06]    [1.23e-05, 4.23e-05, 1.58e-06, 3.46e-06, 2.01e-06, 1.43e-07, 1.64e-07, 6.91e-08, 1.10e-07, 1.01e-06]    []  
STEP 37000 BETA 0.99927896
38000     [1.41e-05, 3.94e-05, 1.50e-06, 2.43e-06, 5.93e-06, 4.18e-07, 2.52e-07, 9.43e-08, 3.30e-07, 1.25e-06]    [1.41e-05, 3.94e-05, 1.50e-06, 2.43e-06, 5.93e-06, 4.18e-07, 2.52e-07, 9.43e-08, 3.30e-07, 1.25e-06]    []  
STEP 38000 BETA 0.99912161
39000     [8.72e-06, 3.69e-05, 1.14e-06, 2.21e-06, 2.68e-06, 9.47e-08, 2.48e-07, 1.43e-07, 3.44e-07, 1.02e-06]    [8.72e-06, 3.69e-05, 1.14e-06, 2.21e-06, 2.68e-06, 9.47e-08, 2.48e-07, 1.43e-07, 3.44e-07, 1.02e-06]    []  
STEP 39000 BETA 0.99846250
40000     [2.15e-05, 7.31e-05, 1.92e-05, 2.50e-05, 7.57e-06, 5.61e-07, 5.60e-07, 1.76e-06, 6.98e-06, 3.55e-06]    [2.15e-05, 7.31e-05, 1.92e-05, 2.50e-05, 7.57e-06, 5.61e-07, 5.60e-07, 1.76e-06, 6.98e-06, 3.55e-06]    []  
STEP 40000 BETA 0.99801826
41000     [8.12e-06, 3.35e-05, 1.68e-06, 2.51e-06, 5.37e-06, 8.49e-08, 3.49e-07, 1.43e-06, 2.59e-07, 1.19e-06]    [8.12e-06, 3.35e-05, 1.68e-06, 2.51e-06, 5.37e-06, 8.49e-08, 3.49e-07, 1.43e-06, 2.59e-07, 1.19e-06]    []  
STEP 41000 BETA 0.99773604
42000     [8.96e-06, 6.82e-05, 1.78e-06, 4.67e-06, 5.96e-06, 2.49e-07, 2.12e-07, 5.48e-07, 3.45e-07, 9.74e-07]    [8.96e-06, 6.82e-05, 1.78e-06, 4.67e-06, 5.96e-06, 2.49e-07, 2.12e-07, 5.48e-07, 3.45e-07, 9.74e-07]    []  
STEP 42000 BETA 0.99702287
43000     [1.00e-05, 4.56e-05, 6.30e-06, 7.44e-06, 2.75e-06, 1.94e-07, 3.52e-07, 9.48e-08, 2.63e-06, 1.60e-06]    [1.00e-05, 4.56e-05, 6.30e-06, 7.44e-06, 2.75e-06, 1.94e-07, 3.52e-07, 9.48e-08, 2.63e-06, 1.60e-06]    []  
STEP 43000 BETA 0.99632359
44000     [1.64e-05, 3.82e-05, 2.31e-06, 3.71e-06, 5.19e-06, 1.48e-07, 2.73e-07, 1.33e-06, 2.21e-07, 1.50e-06]    [1.64e-05, 3.82e-05, 2.31e-06, 3.71e-06, 5.19e-06, 1.48e-07, 2.73e-07, 1.33e-06, 2.21e-07, 1.50e-06]    []  
STEP 44000 BETA 0.99595320
45000     [6.43e-06, 3.37e-05, 1.08e-06, 2.41e-06, 2.56e-06, 1.75e-07, 2.05e-07, 3.35e-08, 2.34e-07, 8.53e-07]    [6.43e-06, 3.37e-05, 1.08e-06, 2.41e-06, 2.56e-06, 1.75e-07, 2.05e-07, 3.35e-08, 2.34e-07, 8.53e-07]    []  
STEP 45000 BETA 0.99528122
46000     [5.81e-06, 3.06e-05, 1.01e-06, 2.02e-06, 2.67e-06, 1.12e-07, 1.28e-07, 5.36e-08, 1.95e-07, 8.46e-07]    [5.81e-06, 3.06e-05, 1.01e-06, 2.02e-06, 2.67e-06, 1.12e-07, 1.28e-07, 5.36e-08, 1.95e-07, 8.46e-07]    []  
STEP 46000 BETA 0.99505156
47000     [1.05e-05, 3.63e-05, 2.59e-06, 2.30e-06, 4.67e-05, 2.55e-06, 5.40e-06, 2.26e-06, 6.71e-06, 3.63e-06]    [1.05e-05, 3.63e-05, 2.59e-06, 2.30e-06, 4.67e-05, 2.55e-06, 5.40e-06, 2.26e-06, 6.71e-06, 3.63e-06]    []  
STEP 47000 BETA 0.99553442
48000     [9.94e-06, 7.76e-05, 9.15e-06, 1.89e-05, 3.84e-06, 2.10e-06, 1.61e-06, 8.02e-07, 1.74e-07, 1.68e-06]    [9.94e-06, 7.76e-05, 9.15e-06, 1.89e-05, 3.84e-06, 2.10e-06, 1.61e-06, 8.02e-07, 1.74e-07, 1.68e-06]    []  
STEP 48000 BETA 0.99463505
49000     [1.09e-05, 2.37e-05, 1.46e-06, 2.53e-06, 1.97e-06, 4.09e-07, 1.34e-07, 1.74e-07, 1.96e-07, 7.81e-07]    [1.09e-05, 2.37e-05, 1.46e-06, 2.53e-06, 1.97e-06, 4.09e-07, 1.34e-07, 1.74e-07, 1.96e-07, 7.81e-07]    []  
STEP 49000 BETA 0.99446750
50000     [1.44e-05, 4.07e-05, 2.97e-06, 6.21e-06, 2.21e-06, 1.87e-06, 1.59e-07, 1.77e-06, 2.35e-07, 1.88e-06]    [1.44e-05, 4.07e-05, 2.97e-06, 6.21e-06, 2.21e-06, 1.87e-06, 1.59e-07, 1.77e-06, 2.35e-07, 1.88e-06]    []  
STEP 50000 BETA 0.99403995
51000     [7.75e-06, 2.32e-05, 1.36e-06, 1.64e-06, 2.20e-06, 1.03e-07, 8.80e-08, 1.20e-07, 1.53e-07, 6.10e-07]    [7.75e-06, 2.32e-05, 1.36e-06, 1.64e-06, 2.20e-06, 1.03e-07, 8.80e-08, 1.20e-07, 1.53e-07, 6.10e-07]    []  
STEP 51000 BETA 0.99391985
52000     [1.82e-05, 9.83e-05, 2.69e-06, 8.34e-06, 4.28e-06, 8.58e-08, 1.91e-07, 3.84e-08, 6.72e-07, 8.24e-07]    [1.82e-05, 9.83e-05, 2.69e-06, 8.34e-06, 4.28e-06, 8.58e-08, 1.91e-07, 3.84e-08, 6.72e-07, 8.24e-07]    []  
STEP 52000 BETA 0.99392819
53000     [4.43e-05, 2.57e-05, 3.90e-06, 3.27e-06, 4.06e-06, 1.55e-07, 1.69e-07, 6.16e-07, 2.39e-07, 6.68e-07]    [4.43e-05, 2.57e-05, 3.90e-06, 3.27e-06, 4.06e-06, 1.55e-07, 1.69e-07, 6.16e-07, 2.39e-07, 6.68e-07]    []  
STEP 53000 BETA 0.99368984
54000     [4.23e-06, 1.98e-05, 8.94e-07, 2.39e-06, 1.26e-06, 6.34e-08, 1.73e-07, 1.98e-08, 1.21e-07, 5.57e-07]    [4.23e-06, 1.98e-05, 8.94e-07, 2.39e-06, 1.26e-06, 6.34e-08, 1.73e-07, 1.98e-08, 1.21e-07, 5.57e-07]    []  
STEP 54000 BETA 0.99383467
55000     [2.88e-05, 4.57e-05, 2.22e-05, 2.35e-05, 2.36e-06, 6.22e-07, 1.03e-07, 1.04e-06, 3.44e-06, 1.56e-06]    [2.88e-05, 4.57e-05, 2.22e-05, 2.35e-05, 2.36e-06, 6.22e-07, 1.03e-07, 1.04e-06, 3.44e-06, 1.56e-06]    []  
STEP 55000 BETA 0.99376625
56000     [1.85e-05, 4.97e-05, 8.12e-06, 1.10e-05, 8.23e-06, 5.48e-06, 1.47e-06, 1.89e-06, 1.32e-06, 2.83e-06]    [1.85e-05, 4.97e-05, 8.12e-06, 1.10e-05, 8.23e-06, 5.48e-06, 1.47e-06, 1.89e-06, 1.32e-06, 2.83e-06]    []  
STEP 56000 BETA 0.99397469
57000     [4.02e-06, 2.55e-05, 1.15e-06, 2.31e-06, 1.40e-06, 5.83e-08, 2.05e-07, 6.48e-08, 1.31e-07, 4.79e-07]    [4.02e-06, 2.55e-05, 1.15e-06, 2.31e-06, 1.40e-06, 5.83e-08, 2.05e-07, 6.48e-08, 1.31e-07, 4.79e-07]    []  
STEP 57000 BETA 0.99375778
58000     [6.94e-06, 4.84e-05, 1.64e-06, 3.95e-06, 2.19e-06, 3.02e-06, 1.55e-07, 2.44e-06, 2.05e-07, 1.95e-06]    [6.94e-06, 4.84e-05, 1.64e-06, 3.95e-06, 2.19e-06, 3.02e-06, 1.55e-07, 2.44e-06, 2.05e-07, 1.95e-06]    []  
STEP 58000 BETA 0.99342126
59000     [4.87e-06, 2.25e-05, 1.26e-06, 1.77e-06, 1.31e-06, 1.18e-07, 2.79e-07, 2.49e-07, 2.91e-07, 5.76e-07]    [4.87e-06, 2.25e-05, 1.26e-06, 1.77e-06, 1.31e-06, 1.18e-07, 2.79e-07, 2.49e-07, 2.91e-07, 5.76e-07]    []  
STEP 59000 BETA 0.99371403
60000     [4.54e-05, 2.13e-05, 4.97e-06, 5.59e-06, 4.55e-06, 9.86e-08, 5.15e-07, 6.33e-07, 1.48e-06, 1.19e-06]    [4.54e-05, 2.13e-05, 4.97e-06, 5.59e-06, 4.55e-06, 9.86e-08, 5.15e-07, 6.33e-07, 1.48e-06, 1.19e-06]    []  
STEP 60000 BETA 0.99366999
61000     [3.47e-06, 1.49e-05, 7.20e-07, 8.38e-07, 1.05e-06, 4.46e-08, 4.58e-08, 7.43e-09, 9.63e-08, 3.97e-07]    [3.47e-06, 1.49e-05, 7.20e-07, 8.38e-07, 1.05e-06, 4.46e-08, 4.58e-08, 7.43e-09, 9.63e-08, 3.97e-07]    []  
STEP 61000 BETA 0.99372154
62000     [5.57e-06, 4.58e-05, 3.11e-06, 7.21e-06, 1.79e-05, 2.13e-06, 1.41e-06, 1.16e-07, 1.04e-06, 1.13e-06]    [5.57e-06, 4.58e-05, 3.11e-06, 7.21e-06, 1.79e-05, 2.13e-06, 1.41e-06, 1.16e-07, 1.04e-06, 1.13e-06]    []  
STEP 62000 BETA 0.99353045
63000     [5.00e-06, 1.70e-05, 2.89e-06, 2.99e-06, 3.85e-06, 3.32e-07, 4.82e-07, 5.55e-08, 1.73e-06, 8.85e-07]    [5.00e-06, 1.70e-05, 2.89e-06, 2.99e-06, 3.85e-06, 3.32e-07, 4.82e-07, 5.55e-08, 1.73e-06, 8.85e-07]    []  
STEP 63000 BETA 0.99362469
64000     [1.74e-05, 2.23e-05, 1.45e-05, 1.96e-05, 7.79e-06, 2.72e-07, 4.90e-07, 7.40e-07, 4.81e-06, 1.76e-06]    [1.74e-05, 2.23e-05, 1.45e-05, 1.96e-05, 7.79e-06, 2.72e-07, 4.90e-07, 7.40e-07, 4.81e-06, 1.76e-06]    []  
STEP 64000 BETA 0.99382168
65000     [3.64e-06, 1.79e-05, 1.04e-06, 2.34e-06, 1.04e-06, 2.49e-07, 4.04e-08, 2.45e-07, 2.28e-07, 4.65e-07]    [3.64e-06, 1.79e-05, 1.04e-06, 2.34e-06, 1.04e-06, 2.49e-07, 4.04e-08, 2.45e-07, 2.28e-07, 4.65e-07]    []  
STEP 65000 BETA 0.99368489
66000     [1.09e-05, 2.14e-05, 2.21e-06, 2.29e-06, 1.37e-06, 6.41e-08, 1.64e-07, 2.81e-08, 8.22e-08, 3.41e-07]    [1.09e-05, 2.14e-05, 2.21e-06, 2.29e-06, 1.37e-06, 6.41e-08, 1.64e-07, 2.81e-08, 8.22e-08, 3.41e-07]    []  
STEP 66000 BETA 0.99377805
67000     [4.85e-06, 1.40e-05, 1.09e-06, 6.44e-07, 1.24e-06, 4.56e-08, 9.23e-08, 2.60e-08, 2.19e-07, 3.60e-07]    [4.85e-06, 1.40e-05, 1.09e-06, 6.44e-07, 1.24e-06, 4.56e-08, 9.23e-08, 2.60e-08, 2.19e-07, 3.60e-07]    []  
STEP 67000 BETA 0.99416459
68000     [6.36e-06, 1.21e-05, 8.80e-07, 5.51e-07, 1.04e-06, 9.22e-08, 3.63e-08, 3.58e-08, 9.31e-08, 3.54e-07]    [6.36e-06, 1.21e-05, 8.80e-07, 5.51e-07, 1.04e-06, 9.22e-08, 3.63e-08, 3.58e-08, 9.31e-08, 3.54e-07]    []  
STEP 68000 BETA 0.99431294
69000     [4.69e-06, 1.91e-05, 6.89e-07, 1.15e-06, 6.80e-06, 8.03e-07, 5.47e-07, 1.38e-08, 6.57e-07, 6.26e-07]    [4.69e-06, 1.91e-05, 6.89e-07, 1.15e-06, 6.80e-06, 8.03e-07, 5.47e-07, 1.38e-08, 6.57e-07, 6.26e-07]    []  
STEP 69000 BETA 0.99411142
70000     [4.72e-06, 2.77e-05, 1.53e-06, 2.24e-06, 5.18e-06, 5.53e-07, 3.33e-07, 2.09e-08, 2.31e-07, 6.48e-07]    [4.72e-06, 2.77e-05, 1.53e-06, 2.24e-06, 5.18e-06, 5.53e-07, 3.33e-07, 2.09e-08, 2.31e-07, 6.48e-07]    []  
STEP 70000 BETA 0.99401689
71000     [3.27e-06, 4.96e-05, 2.45e-06, 6.55e-06, 3.40e-06, 1.95e-06, 3.12e-07, 9.51e-07, 2.54e-07, 1.13e-06]    [3.27e-06, 4.96e-05, 2.45e-06, 6.55e-06, 3.40e-06, 1.95e-06, 3.12e-07, 9.51e-07, 2.54e-07, 1.13e-06]    []  
STEP 71000 BETA 0.99404353
72000     [3.16e-05, 2.41e-05, 1.65e-05, 1.58e-05, 3.03e-06, 3.51e-06, 1.66e-07, 2.34e-06, 2.63e-06, 2.30e-06]    [3.16e-05, 2.41e-05, 1.65e-05, 1.58e-05, 3.03e-06, 3.51e-06, 1.66e-07, 2.34e-06, 2.63e-06, 2.30e-06]    []  
STEP 72000 BETA 0.99398595
73000     [8.17e-06, 1.38e-04, 3.73e-06, 1.19e-05, 4.90e-06, 5.54e-08, 2.68e-07, 1.53e-07, 8.84e-07, 6.64e-07]    [8.17e-06, 1.38e-04, 3.73e-06, 1.19e-05, 4.90e-06, 5.54e-08, 2.68e-07, 1.53e-07, 8.84e-07, 6.64e-07]    []  
STEP 73000 BETA 0.99389166
74000     [3.48e-06, 1.66e-05, 2.54e-06, 3.61e-06, 1.96e-06, 5.31e-07, 1.14e-07, 1.25e-07, 6.80e-07, 5.12e-07]    [3.48e-06, 1.66e-05, 2.54e-06, 3.61e-06, 1.96e-06, 5.31e-07, 1.14e-07, 1.25e-07, 6.80e-07, 5.12e-07]    []  
STEP 74000 BETA 0.99390835
75000     [2.54e-06, 1.22e-05, 5.51e-07, 6.17e-07, 8.79e-07, 2.82e-08, 4.76e-08, 1.81e-08, 8.24e-08, 2.44e-07]    [2.54e-06, 1.22e-05, 5.51e-07, 6.17e-07, 8.79e-07, 2.82e-08, 4.76e-08, 1.81e-08, 8.24e-08, 2.44e-07]    []  
STEP 75000 BETA 0.99399376
76000     [4.03e-06, 1.88e-05, 8.62e-07, 7.81e-07, 7.55e-06, 3.25e-08, 7.03e-07, 6.53e-07, 1.31e-06, 9.12e-07]    [4.03e-06, 1.88e-05, 8.62e-07, 7.81e-07, 7.55e-06, 3.25e-08, 7.03e-07, 6.53e-07, 1.31e-06, 9.12e-07]    []  
STEP 76000 BETA 0.99401760
77000     [6.03e-06, 3.81e-05, 7.02e-07, 7.35e-06, 8.12e-06, 1.25e-07, 2.90e-07, 2.33e-07, 7.38e-07, 5.44e-07]    [6.03e-06, 3.81e-05, 7.02e-07, 7.35e-06, 8.12e-06, 1.25e-07, 2.90e-07, 2.33e-07, 7.38e-07, 5.44e-07]    []  
STEP 77000 BETA 0.99405187
78000     [4.40e-06, 1.01e-05, 9.03e-07, 1.80e-06, 2.13e-06, 6.12e-08, 2.25e-07, 1.24e-07, 1.20e-07, 2.79e-07]    [4.40e-06, 1.01e-05, 9.03e-07, 1.80e-06, 2.13e-06, 6.12e-08, 2.25e-07, 1.24e-07, 1.20e-07, 2.79e-07]    []  
STEP 78000 BETA 0.99391532
79000     [3.74e-06, 1.26e-05, 1.61e-06, 3.37e-06, 3.46e-06, 7.39e-08, 1.35e-07, 1.79e-07, 6.37e-07, 3.64e-07]    [3.74e-06, 1.26e-05, 1.61e-06, 3.37e-06, 3.46e-06, 7.39e-08, 1.35e-07, 1.79e-07, 6.37e-07, 3.64e-07]    []  
STEP 79000 BETA 0.99385470
80000     [6.07e-06, 8.99e-06, 1.90e-06, 2.05e-06, 1.10e-06, 1.13e-07, 4.23e-08, 4.63e-08, 2.59e-07, 2.83e-07]    [6.07e-06, 8.99e-06, 1.90e-06, 2.05e-06, 1.10e-06, 1.13e-07, 4.23e-08, 4.63e-08, 2.59e-07, 2.83e-07]    []  
STEP 80000 BETA 0.99397063
81000     [2.30e-06, 6.87e-06, 4.95e-07, 2.95e-07, 9.41e-07, 4.44e-08, 4.57e-08, 1.32e-08, 1.50e-07, 2.27e-07]    [2.30e-06, 6.87e-06, 4.95e-07, 2.95e-07, 9.41e-07, 4.44e-08, 4.57e-08, 1.32e-08, 1.50e-07, 2.27e-07]    []  
STEP 81000 BETA 0.99389511
82000     [4.35e-06, 8.96e-06, 7.86e-07, 2.06e-06, 2.24e-06, 3.16e-07, 2.08e-07, 1.93e-08, 2.74e-07, 3.38e-07]    [4.35e-06, 8.96e-06, 7.86e-07, 2.06e-06, 2.24e-06, 3.16e-07, 2.08e-07, 1.93e-08, 2.74e-07, 3.38e-07]    []  
STEP 82000 BETA 0.99379951
83000     [1.27e-05, 1.09e-05, 1.22e-06, 7.28e-07, 3.68e-06, 3.80e-08, 2.85e-07, 1.92e-07, 4.56e-07, 4.33e-07]    [1.27e-05, 1.09e-05, 1.22e-06, 7.28e-07, 3.68e-06, 3.80e-08, 2.85e-07, 1.92e-07, 4.56e-07, 4.33e-07]    []  
STEP 83000 BETA 0.99369866
84000     [5.15e-06, 3.38e-05, 2.15e-06, 3.21e-06, 1.68e-06, 7.00e-08, 2.68e-07, 2.02e-08, 1.12e-06, 5.78e-07]    [5.15e-06, 3.38e-05, 2.15e-06, 3.21e-06, 1.68e-06, 7.00e-08, 2.68e-07, 2.02e-08, 1.12e-06, 5.78e-07]    []  
STEP 84000 BETA 0.99364626
85000     [1.90e-05, 1.27e-05, 3.95e-06, 5.25e-07, 1.25e-05, 9.46e-07, 1.17e-06, 6.19e-08, 1.94e-06, 1.04e-06]    [1.90e-05, 1.27e-05, 3.95e-06, 5.25e-07, 1.25e-05, 9.46e-07, 1.17e-06, 6.19e-08, 1.94e-06, 1.04e-06]    []  
STEP 85000 BETA 0.99371648
86000     [8.28e-06, 2.32e-05, 1.11e-05, 9.19e-06, 2.08e-06, 2.14e-07, 1.34e-06, 1.39e-07, 5.67e-06, 2.15e-06]    [8.28e-06, 2.32e-05, 1.11e-05, 9.19e-06, 2.08e-06, 2.14e-07, 1.34e-06, 1.39e-07, 5.67e-06, 2.15e-06]    []  
STEP 86000 BETA 0.99367929
87000     [2.61e-06, 7.02e-06, 1.62e-06, 1.71e-06, 1.41e-06, 1.40e-07, 2.67e-08, 1.68e-08, 2.15e-07, 2.18e-07]    [2.61e-06, 7.02e-06, 1.62e-06, 1.71e-06, 1.41e-06, 1.40e-07, 2.67e-08, 1.68e-08, 2.15e-07, 2.18e-07]    []  
STEP 87000 BETA 0.99348927
88000     [6.84e-06, 1.69e-05, 2.24e-06, 2.89e-06, 1.82e-06, 6.62e-08, 1.56e-07, 1.66e-07, 1.05e-06, 5.06e-07]    [6.84e-06, 1.69e-05, 2.24e-06, 2.89e-06, 1.82e-06, 6.62e-08, 1.56e-07, 1.66e-07, 1.05e-06, 5.06e-07]    []  
STEP 88000 BETA 0.99370074
89000     [1.96e-06, 5.34e-06, 3.52e-07, 2.37e-07, 9.00e-07, 2.55e-08, 2.27e-08, 1.83e-08, 8.50e-08, 1.72e-07]    [1.96e-06, 5.34e-06, 3.52e-07, 2.37e-07, 9.00e-07, 2.55e-08, 2.27e-08, 1.83e-08, 8.50e-08, 1.72e-07]    []  
STEP 89000 BETA 0.99430174
90000     [4.25e-06, 2.31e-05, 2.81e-06, 6.17e-06, 3.75e-06, 3.40e-07, 1.04e-07, 3.78e-08, 5.68e-07, 3.41e-07]    [4.25e-06, 2.31e-05, 2.81e-06, 6.17e-06, 3.75e-06, 3.40e-07, 1.04e-07, 3.78e-08, 5.68e-07, 3.41e-07]    []  
STEP 90000 BETA 0.99330580
91000     [3.06e-06, 9.36e-06, 1.35e-06, 1.21e-06, 3.10e-06, 5.29e-07, 1.44e-07, 2.63e-08, 1.68e-07, 2.55e-07]    [3.06e-06, 9.36e-06, 1.35e-06, 1.21e-06, 3.10e-06, 5.29e-07, 1.44e-07, 2.63e-08, 1.68e-07, 2.55e-07]    []  
STEP 91000 BETA 0.99364173
92000     [3.64e-06, 6.49e-06, 1.53e-06, 1.50e-06, 1.00e-06, 6.31e-08, 1.75e-08, 1.52e-08, 3.04e-07, 2.27e-07]    [3.64e-06, 6.49e-06, 1.53e-06, 1.50e-06, 1.00e-06, 6.31e-08, 1.75e-08, 1.52e-08, 3.04e-07, 2.27e-07]    []  
STEP 92000 BETA 0.99363291
93000     [1.87e-06, 4.37e-06, 3.68e-07, 2.09e-07, 1.19e-06, 6.22e-08, 3.82e-08, 8.63e-09, 9.60e-08, 1.77e-07]    [1.87e-06, 4.37e-06, 3.68e-07, 2.09e-07, 1.19e-06, 6.22e-08, 3.82e-08, 8.63e-09, 9.60e-08, 1.77e-07]    []  
STEP 93000 BETA 0.99393559
94000     [3.34e-06, 4.41e-05, 9.24e-07, 3.76e-06, 3.50e-06, 2.55e-07, 5.87e-07, 2.12e-08, 9.01e-07, 5.76e-07]    [3.34e-06, 4.41e-05, 9.24e-07, 3.76e-06, 3.50e-06, 2.55e-07, 5.87e-07, 2.12e-08, 9.01e-07, 5.76e-07]    []  
STEP 94000 BETA 0.99358207
95000     [1.78e-06, 3.99e-06, 3.19e-07, 1.88e-07, 6.98e-07, 1.67e-08, 1.86e-08, 1.24e-08, 7.66e-08, 1.92e-07]    [1.78e-06, 3.99e-06, 3.19e-07, 1.88e-07, 6.98e-07, 1.67e-08, 1.86e-08, 1.24e-08, 7.66e-08, 1.92e-07]    []  
STEP 95000 BETA 0.99517745
96000     [3.50e-06, 1.43e-05, 5.15e-06, 8.77e-06, 7.65e-06, 1.00e-06, 8.03e-07, 6.12e-08, 3.25e-07, 4.45e-07]    [3.50e-06, 1.43e-05, 5.15e-06, 8.77e-06, 7.65e-06, 1.00e-06, 8.03e-07, 6.12e-08, 3.25e-07, 4.45e-07]    []  
STEP 96000 BETA 0.99361998
97000     [2.57e-06, 6.67e-06, 5.69e-07, 3.85e-06, 1.83e-06, 2.90e-07, 1.39e-07, 3.55e-08, 1.75e-07, 2.49e-07]    [2.57e-06, 6.67e-06, 5.69e-07, 3.85e-06, 1.83e-06, 2.90e-07, 1.39e-07, 3.55e-08, 1.75e-07, 2.49e-07]    []  
STEP 97000 BETA 0.99390215
98000     [3.77e-06, 6.51e-06, 2.82e-06, 3.88e-06, 1.20e-06, 1.04e-07, 4.90e-08, 2.37e-08, 6.52e-07, 3.19e-07]    [3.77e-06, 6.51e-06, 2.82e-06, 3.88e-06, 1.20e-06, 1.04e-07, 4.90e-08, 2.37e-08, 6.52e-07, 3.19e-07]    []  
STEP 98000 BETA 0.99372077
99000     [4.92e-06, 6.97e-06, 2.58e-06, 2.13e-06, 1.18e-06, 5.82e-08, 4.82e-08, 1.69e-07, 1.47e-07, 2.05e-07]    [4.92e-06, 6.97e-06, 2.58e-06, 2.13e-06, 1.18e-06, 5.82e-08, 4.82e-08, 1.69e-07, 1.47e-07, 2.05e-07]    []  
STEP 99000 BETA 0.99398381
100000    [1.94e-05, 2.25e-05, 2.62e-05, 2.69e-05, 6.46e-06, 4.35e-07, 4.50e-07, 3.84e-07, 6.58e-06, 1.98e-06]    [1.94e-05, 2.25e-05, 2.62e-05, 2.69e-05, 6.46e-06, 4.35e-07, 4.50e-07, 3.84e-07, 6.58e-06, 1.98e-06]    []  
STEP 100000 BETA 0.99382240
101000    [1.19e-05, 2.94e-05, 1.47e-05, 1.73e-05, 3.04e-06, 8.85e-07, 1.31e-07, 2.99e-07, 3.21e-06, 1.13e-06]    [1.19e-05, 2.94e-05, 1.47e-05, 1.73e-05, 3.04e-06, 8.85e-07, 1.31e-07, 2.99e-07, 3.21e-06, 1.13e-06]    []  
STEP 101000 BETA 0.99351829
102000    [6.61e-06, 5.30e-06, 1.59e-06, 2.28e-06, 9.00e-07, 5.12e-08, 1.93e-08, 7.89e-08, 3.46e-07, 2.34e-07]    [6.61e-06, 5.30e-06, 1.59e-06, 2.28e-06, 9.00e-07, 5.12e-08, 1.93e-08, 7.89e-08, 3.46e-07, 2.34e-07]    []  
STEP 102000 BETA 0.99368930
103000    [2.04e-06, 5.45e-06, 6.54e-07, 4.19e-07, 3.31e-06, 4.25e-08, 3.28e-07, 4.57e-07, 2.62e-07, 3.23e-07]    [2.04e-06, 5.45e-06, 6.54e-07, 4.19e-07, 3.31e-06, 4.25e-08, 3.28e-07, 4.57e-07, 2.62e-07, 3.23e-07]    []  
STEP 103000 BETA 0.99379015
104000    [1.90e-06, 3.94e-06, 7.21e-07, 7.48e-07, 6.59e-07, 5.46e-08, 2.07e-08, 3.15e-08, 2.19e-07, 2.13e-07]    [1.90e-06, 3.94e-06, 7.21e-07, 7.48e-07, 6.59e-07, 5.46e-08, 2.07e-08, 3.15e-08, 2.19e-07, 2.13e-07]    []  
STEP 104000 BETA 0.99385864
105000    [1.51e-05, 4.92e-06, 3.23e-06, 2.36e-06, 1.71e-06, 7.75e-08, 1.38e-07, 3.63e-07, 7.56e-08, 2.81e-07]    [1.51e-05, 4.92e-06, 3.23e-06, 2.36e-06, 1.71e-06, 7.75e-08, 1.38e-07, 3.63e-07, 7.56e-08, 2.81e-07]    []  
STEP 105000 BETA 0.99381012
106000    [7.48e-06, 2.60e-05, 4.42e-06, 4.10e-06, 1.63e-05, 1.36e-06, 1.21e-06, 3.75e-08, 3.46e-06, 1.46e-06]    [7.48e-06, 2.60e-05, 4.42e-06, 4.10e-06, 1.63e-05, 1.36e-06, 1.21e-06, 3.75e-08, 3.46e-06, 1.46e-06]    []  
STEP 106000 BETA 0.99408692
107000    [1.31e-05, 3.30e-06, 1.60e-06, 2.87e-07, 1.02e-06, 4.32e-08, 1.36e-08, 9.64e-08, 7.49e-08, 2.00e-07]    [1.31e-05, 3.30e-06, 1.60e-06, 2.87e-07, 1.02e-06, 4.32e-08, 1.36e-08, 9.64e-08, 7.49e-08, 2.00e-07]    []  
STEP 107000 BETA 0.99414694
108000    [8.30e-06, 8.79e-06, 1.07e-06, 6.16e-07, 1.79e-05, 3.36e-07, 1.06e-06, 7.32e-07, 1.59e-06, 8.70e-07]    [8.30e-06, 8.79e-06, 1.07e-06, 6.16e-07, 1.79e-05, 3.36e-07, 1.06e-06, 7.32e-07, 1.59e-06, 8.70e-07]    []  
STEP 108000 BETA 0.99392962
109000    [1.56e-05, 3.45e-06, 1.83e-06, 9.72e-07, 2.11e-06, 2.43e-07, 3.96e-08, 8.55e-07, 2.02e-07, 5.78e-07]    [1.56e-05, 3.45e-06, 1.83e-06, 9.72e-07, 2.11e-06, 2.43e-07, 3.96e-08, 8.55e-07, 2.02e-07, 5.78e-07]    []  
STEP 109000 BETA 0.99387652
110000    [2.78e-06, 3.47e-06, 6.69e-07, 3.37e-07, 3.17e-06, 4.08e-08, 7.85e-08, 1.83e-07, 1.86e-07, 1.70e-07]    [2.78e-06, 3.47e-06, 6.69e-07, 3.37e-07, 3.17e-06, 4.08e-08, 7.85e-08, 1.83e-07, 1.86e-07, 1.70e-07]    []  
STEP 110000 BETA 0.99371624
111000    [5.80e-06, 5.98e-06, 2.02e-06, 2.64e-06, 7.84e-07, 1.96e-07, 8.09e-08, 1.76e-07, 1.41e-07, 2.64e-07]    [5.80e-06, 5.98e-06, 2.02e-06, 2.64e-06, 7.84e-07, 1.96e-07, 8.09e-08, 1.76e-07, 1.41e-07, 2.64e-07]    []  
STEP 111000 BETA 0.99398530
112000    [2.20e-06, 1.51e-05, 6.74e-07, 2.53e-06, 9.73e-07, 1.28e-07, 6.48e-08, 2.19e-08, 8.83e-08, 1.51e-07]    [2.20e-06, 1.51e-05, 6.74e-07, 2.53e-06, 9.73e-07, 1.28e-07, 6.48e-08, 2.19e-08, 8.83e-08, 1.51e-07]    []  
STEP 112000 BETA 0.99365079
113000    [1.55e-05, 3.11e-06, 1.85e-06, 6.72e-07, 1.74e-06, 2.18e-07, 3.66e-08, 6.09e-07, 7.03e-08, 4.43e-07]    [1.55e-05, 3.11e-06, 1.85e-06, 6.72e-07, 1.74e-06, 2.18e-07, 3.66e-08, 6.09e-07, 7.03e-08, 4.43e-07]    []  
STEP 113000 BETA 0.99383962
114000    [4.50e-06, 1.06e-05, 5.09e-06, 7.44e-06, 7.63e-07, 8.22e-08, 5.58e-08, 2.93e-08, 6.99e-07, 2.52e-07]    [4.50e-06, 1.06e-05, 5.09e-06, 7.44e-06, 7.63e-07, 8.22e-08, 5.58e-08, 2.93e-08, 6.99e-07, 2.52e-07]    []  
STEP 114000 BETA 0.99405932
115000    [2.11e-06, 3.01e-06, 8.40e-07, 1.19e-06, 9.11e-07, 8.30e-08, 1.80e-07, 1.63e-07, 1.42e-07, 2.74e-07]    [2.11e-06, 3.01e-06, 8.40e-07, 1.19e-06, 9.11e-07, 8.30e-08, 1.80e-07, 1.63e-07, 1.42e-07, 2.74e-07]    []  
STEP 115000 BETA 0.99386925
116000    [1.05e-05, 2.59e-05, 5.87e-06, 7.45e-06, 2.01e-06, 1.89e-07, 1.85e-07, 3.31e-08, 2.18e-06, 7.54e-07]    [1.05e-05, 2.59e-05, 5.87e-06, 7.45e-06, 2.01e-06, 1.89e-07, 1.85e-07, 3.31e-08, 2.18e-06, 7.54e-07]    []  
STEP 116000 BETA 0.99411500
117000    [1.43e-06, 1.23e-05, 1.64e-06, 4.50e-06, 8.75e-07, 2.93e-08, 2.83e-07, 3.28e-08, 8.62e-08, 1.54e-07]    [1.43e-06, 1.23e-05, 1.64e-06, 4.50e-06, 8.75e-07, 2.93e-08, 2.83e-07, 3.28e-08, 8.62e-08, 1.54e-07]    []  
STEP 117000 BETA 0.99420029
118000    [2.31e-06, 9.09e-06, 1.03e-06, 1.74e-06, 9.68e-06, 6.40e-07, 2.34e-07, 6.36e-08, 5.15e-07, 3.37e-07]    [2.31e-06, 9.09e-06, 1.03e-06, 1.74e-06, 9.68e-06, 6.40e-07, 2.34e-07, 6.36e-08, 5.15e-07, 3.37e-07]    []  
STEP 118000 BETA 0.99398923
119000    [2.72e-06, 9.87e-06, 7.29e-07, 2.89e-06, 8.14e-07, 2.13e-07, 2.38e-07, 1.51e-07, 6.45e-08, 2.60e-07]    [2.72e-06, 9.87e-06, 7.29e-07, 2.89e-06, 8.14e-07, 2.13e-07, 2.38e-07, 1.51e-07, 6.45e-08, 2.60e-07]    []  
STEP 119000 BETA 0.99408054
120000    [3.21e-06, 1.19e-05, 1.47e-06, 3.49e-06, 7.39e-07, 4.66e-08, 2.50e-07, 6.63e-08, 5.31e-08, 1.76e-07]    [3.21e-06, 1.19e-05, 1.47e-06, 3.49e-06, 7.39e-07, 4.66e-08, 2.50e-07, 6.63e-08, 5.31e-08, 1.76e-07]    []  
STEP 120000 BETA 0.99411625
121000    [1.36e-06, 2.59e-06, 3.47e-07, 2.82e-07, 6.77e-07, 1.41e-08, 4.54e-08, 1.14e-08, 1.75e-07, 1.53e-07]    [1.36e-06, 2.59e-06, 3.47e-07, 2.82e-07, 6.77e-07, 1.41e-08, 4.54e-08, 1.14e-08, 1.75e-07, 1.53e-07]    []  
STEP 121000 BETA 0.99429077
122000    [2.78e-06, 8.24e-06, 2.02e-06, 1.71e-06, 1.03e-06, 9.71e-08, 1.23e-08, 1.15e-08, 3.30e-07, 2.03e-07]    [2.78e-06, 8.24e-06, 2.02e-06, 1.71e-06, 1.03e-06, 9.71e-08, 1.23e-08, 1.15e-08, 3.30e-07, 2.03e-07]    []  
STEP 122000 BETA 0.99419385
123000    [1.70e-06, 4.19e-05, 2.34e-06, 7.54e-06, 1.66e-06, 1.29e-07, 4.75e-07, 3.97e-07, 1.01e-07, 3.52e-07]    [1.70e-06, 4.19e-05, 2.34e-06, 7.54e-06, 1.66e-06, 1.29e-07, 4.75e-07, 3.97e-07, 1.01e-07, 3.52e-07]    []  
STEP 123000 BETA 0.99402225
124000    [1.57e-05, 4.02e-05, 1.70e-05, 2.29e-05, 2.70e-06, 3.64e-07, 1.14e-07, 1.21e-07, 4.65e-06, 1.45e-06]    [1.57e-05, 4.02e-05, 1.70e-05, 2.29e-05, 2.70e-06, 3.64e-07, 1.14e-07, 1.21e-07, 4.65e-06, 1.45e-06]    []  
STEP 124000 BETA 0.99416798
125000    [3.25e-06, 9.07e-06, 6.69e-07, 1.84e-06, 1.48e-05, 6.81e-07, 8.16e-07, 1.65e-07, 1.56e-06, 7.01e-07]    [3.25e-06, 9.07e-06, 6.69e-07, 1.84e-06, 1.48e-05, 6.81e-07, 8.16e-07, 1.65e-07, 1.56e-06, 7.01e-07]    []  
STEP 125000 BETA 0.99413061
126000    [1.67e-06, 1.66e-05, 6.63e-07, 1.54e-06, 1.16e-06, 7.40e-08, 1.59e-07, 1.36e-08, 3.62e-07, 2.65e-07]    [1.67e-06, 1.66e-05, 6.63e-07, 1.54e-06, 1.16e-06, 7.40e-08, 1.59e-07, 1.36e-08, 3.62e-07, 2.65e-07]    []  
STEP 126000 BETA 0.99417448
127000    [1.37e-06, 2.46e-06, 4.29e-07, 4.79e-07, 8.00e-07, 3.86e-08, 2.10e-08, 6.43e-09, 1.60e-07, 1.52e-07]    [1.37e-06, 2.46e-06, 4.29e-07, 4.79e-07, 8.00e-07, 3.86e-08, 2.10e-08, 6.43e-09, 1.60e-07, 1.52e-07]    []  
STEP 127000 BETA 0.99410617
128000    [1.10e-06, 1.66e-06, 1.97e-07, 1.31e-07, 5.32e-07, 1.26e-08, 6.66e-09, 5.39e-09, 5.06e-08, 1.23e-07]    [1.10e-06, 1.66e-06, 1.97e-07, 1.31e-07, 5.32e-07, 1.26e-08, 6.66e-09, 5.39e-09, 5.06e-08, 1.23e-07]    []  
STEP 128000 BETA 0.99569827
129000    [1.12e-06, 1.96e-06, 2.58e-07, 1.83e-07, 5.21e-07, 6.40e-08, 2.63e-08, 5.10e-08, 5.46e-08, 1.31e-07]    [1.12e-06, 1.96e-06, 2.58e-07, 1.83e-07, 5.21e-07, 6.40e-08, 2.63e-08, 5.10e-08, 5.46e-08, 1.31e-07]    []  
STEP 129000 BETA 0.99397433
130000    [9.30e-06, 3.77e-05, 3.75e-06, 3.75e-06, 3.85e-06, 1.35e-06, 5.37e-07, 5.24e-07, 1.40e-06, 1.14e-06]    [9.30e-06, 3.77e-05, 3.75e-06, 3.75e-06, 3.85e-06, 1.35e-06, 5.37e-07, 5.24e-07, 1.40e-06, 1.14e-06]    []  
STEP 130000 BETA 0.99420851
131000    [5.22e-06, 1.19e-05, 4.06e-06, 6.59e-06, 6.76e-07, 1.73e-07, 2.13e-08, 1.18e-07, 5.03e-07, 2.77e-07]    [5.22e-06, 1.19e-05, 4.06e-06, 6.59e-06, 6.76e-07, 1.73e-07, 2.13e-08, 1.18e-07, 5.03e-07, 2.77e-07]    []  
STEP 131000 BETA 0.99400729
132000    [1.52e-06, 4.52e-06, 7.77e-07, 8.08e-07, 1.38e-06, 6.69e-08, 5.13e-08, 3.40e-07, 8.34e-08, 2.15e-07]    [1.52e-06, 4.52e-06, 7.77e-07, 8.08e-07, 1.38e-06, 6.69e-08, 5.13e-08, 3.40e-07, 8.34e-08, 2.15e-07]    []  
STEP 132000 BETA 0.99413019
133000    [1.02e-06, 1.41e-06, 1.90e-07, 1.09e-07, 4.96e-07, 1.31e-08, 6.58e-09, 4.38e-09, 5.29e-08, 1.11e-07]    [1.02e-06, 1.41e-06, 1.90e-07, 1.09e-07, 4.96e-07, 1.31e-08, 6.58e-09, 4.38e-09, 5.29e-08, 1.11e-07]    []  
STEP 133000 BETA 0.99457091
134000    [1.28e-06, 2.97e-06, 3.76e-07, 7.54e-07, 5.36e-07, 4.09e-08, 8.66e-08, 5.75e-08, 8.18e-08, 1.66e-07]    [1.28e-06, 2.97e-06, 3.76e-07, 7.54e-07, 5.36e-07, 4.09e-08, 8.66e-08, 5.75e-08, 8.18e-08, 1.66e-07]    []  
STEP 134000 BETA 0.99392402
135000    [5.04e-06, 3.05e-06, 1.35e-06, 5.41e-07, 1.02e-05, 2.29e-07, 2.76e-07, 4.87e-07, 3.20e-07, 3.14e-07]    [5.04e-06, 3.05e-06, 1.35e-06, 5.41e-07, 1.02e-05, 2.29e-07, 2.76e-07, 4.87e-07, 3.20e-07, 3.14e-07]    []  
STEP 135000 BETA 0.99424791
136000    [1.12e-06, 1.99e-06, 2.45e-07, 2.75e-07, 2.88e-06, 1.41e-07, 7.87e-08, 3.94e-08, 1.60e-07, 1.70e-07]    [1.12e-06, 1.99e-06, 2.45e-07, 2.75e-07, 2.88e-06, 1.41e-07, 7.87e-08, 3.94e-08, 1.60e-07, 1.70e-07]    []  
STEP 136000 BETA 0.99434346
137000    [4.70e-06, 2.16e-05, 3.69e-06, 4.44e-06, 1.58e-06, 5.74e-08, 2.22e-07, 9.00e-08, 1.44e-06, 6.13e-07]    [4.70e-06, 2.16e-05, 3.69e-06, 4.44e-06, 1.58e-06, 5.74e-08, 2.22e-07, 9.00e-08, 1.44e-06, 6.13e-07]    []  
STEP 137000 BETA 0.99414146
138000    [6.55e-06, 2.93e-05, 1.10e-05, 1.10e-05, 7.82e-07, 1.42e-07, 5.09e-07, 9.95e-08, 1.08e-07, 2.27e-07]    [6.55e-06, 2.93e-05, 1.10e-05, 1.10e-05, 7.82e-07, 1.42e-07, 5.09e-07, 9.95e-08, 1.08e-07, 2.27e-07]    []  
STEP 138000 BETA 0.99384284
139000    [3.49e-06, 1.38e-06, 4.40e-07, 2.03e-07, 1.55e-06, 2.36e-08, 2.94e-08, 8.87e-08, 1.11e-07, 1.37e-07]    [3.49e-06, 1.38e-06, 4.40e-07, 2.03e-07, 1.55e-06, 2.36e-08, 2.94e-08, 8.87e-08, 1.11e-07, 1.37e-07]    []  
STEP 139000 BETA 0.99418187
140000    [1.97e-06, 4.69e-06, 2.45e-06, 2.21e-06, 1.22e-06, 4.95e-08, 1.24e-08, 6.62e-08, 4.10e-07, 2.11e-07]    [1.97e-06, 4.69e-06, 2.45e-06, 2.21e-06, 1.22e-06, 4.95e-08, 1.24e-08, 6.62e-08, 4.10e-07, 2.11e-07]    []  
STEP 140000 BETA 0.99425083
141000    [5.25e-06, 5.28e-06, 2.91e-06, 2.78e-06, 3.74e-06, 3.79e-08, 1.58e-07, 6.57e-07, 7.81e-07, 4.98e-07]    [5.25e-06, 5.28e-06, 2.91e-06, 2.78e-06, 3.74e-06, 3.79e-08, 1.58e-07, 6.57e-07, 7.81e-07, 4.98e-07]    []  
STEP 141000 BETA 0.99404067
142000    [1.32e-06, 5.49e-06, 6.29e-07, 7.28e-07, 1.71e-06, 4.03e-08, 3.87e-08, 5.46e-08, 8.71e-08, 1.32e-07]    [1.32e-06, 5.49e-06, 6.29e-07, 7.28e-07, 1.71e-06, 4.03e-08, 3.87e-08, 5.46e-08, 8.71e-08, 1.32e-07]    []  
STEP 142000 BETA 0.99396527
143000    [2.70e-06, 8.55e-06, 1.59e-06, 3.83e-06, 8.73e-06, 3.33e-07, 1.96e-07, 2.04e-07, 6.49e-07, 3.02e-07]    [2.70e-06, 8.55e-06, 1.59e-06, 3.83e-06, 8.73e-06, 3.33e-07, 1.96e-07, 2.04e-07, 6.49e-07, 3.02e-07]    []  
STEP 143000 BETA 0.99406207
144000    [3.57e-06, 3.12e-05, 4.80e-06, 5.74e-06, 8.12e-07, 1.66e-06, 2.39e-08, 1.30e-06, 6.73e-07, 1.32e-06]    [3.57e-06, 3.12e-05, 4.80e-06, 5.74e-06, 8.12e-07, 1.66e-06, 2.39e-08, 1.30e-06, 6.73e-07, 1.32e-06]    []  
STEP 144000 BETA 0.99492121
145000    [1.90e-06, 6.83e-06, 5.49e-07, 2.11e-06, 8.28e-06, 9.70e-07, 2.04e-07, 9.48e-09, 6.43e-07, 3.90e-07]    [1.90e-06, 6.83e-06, 5.49e-07, 2.11e-06, 8.28e-06, 9.70e-07, 2.04e-07, 9.48e-09, 6.43e-07, 3.90e-07]    []  
STEP 145000 BETA 0.99385417
146000    [1.33e-06, 1.15e-06, 3.29e-07, 1.56e-07, 4.69e-07, 4.37e-08, 1.22e-08, 3.00e-08, 8.49e-08, 1.30e-07]    [1.33e-06, 1.15e-06, 3.29e-07, 1.56e-07, 4.69e-07, 4.37e-08, 1.22e-08, 3.00e-08, 8.49e-08, 1.30e-07]    []  
STEP 146000 BETA 0.99385220
147000    [1.28e-06, 2.36e-06, 4.68e-07, 5.80e-07, 4.96e-07, 1.21e-08, 2.91e-08, 7.66e-09, 5.83e-08, 1.15e-07]    [1.28e-06, 2.36e-06, 4.68e-07, 5.80e-07, 4.96e-07, 1.21e-08, 2.91e-08, 7.66e-09, 5.83e-08, 1.15e-07]    []  
STEP 147000 BETA 0.99359190
148000    [9.08e-07, 1.14e-06, 2.26e-07, 1.69e-07, 4.56e-07, 7.76e-09, 7.94e-09, 6.30e-09, 5.29e-08, 1.10e-07]    [9.08e-07, 1.14e-06, 2.26e-07, 1.69e-07, 4.56e-07, 7.76e-09, 7.94e-09, 6.30e-09, 5.29e-08, 1.10e-07]    []  
STEP 148000 BETA 0.99386925
149000    [8.94e-06, 1.04e-05, 5.58e-06, 5.44e-06, 1.76e-06, 8.21e-08, 2.51e-08, 2.79e-07, 8.61e-07, 3.93e-07]    [8.94e-06, 1.04e-05, 5.58e-06, 5.44e-06, 1.76e-06, 8.21e-08, 2.51e-08, 2.79e-07, 8.61e-07, 3.93e-07]    []  
STEP 149000 BETA 0.99390441
150000    [9.52e-07, 5.15e-06, 7.96e-07, 1.57e-06, 4.65e-07, 1.61e-08, 8.47e-08, 7.27e-09, 5.81e-08, 1.13e-07]    [9.52e-07, 5.15e-06, 7.96e-07, 1.57e-06, 4.65e-07, 1.61e-08, 8.47e-08, 7.27e-09, 5.81e-08, 1.13e-07]    []  
STEP 150000 BETA 0.99406546

Best model at step 148000:
  train loss: 3.09e-06
  test loss: 3.09e-06
  test metric: []

'train' took 15020.949839 s

RUN_COMPLETE {'case': 'A2', 'iterations': 150000, 'elapsed_seconds': 15020.949868679047, 'final_beta': [0.9940654635429382], 'final_A_or_beta0': 0.9940654635429382, 'true_A': 1.0, 'relative_l2': {'ux': 0.03246304379971944, 'uy': 0.00533914252497088, 'sxx': 0.4598612223068265, 'syy': 0.29718660473122366, 'sxy': 0.19268794007409912, 'K': 0.44520116255635434, 'mu': 0.2518358026160405, 'E': 0.2966942467781292, 'nu': 0.9368009780831413}, 'split_relative_l2': {'evaluation': {'ux': 0.03246304379971944, 'uy': 0.00533914252497088, 'sxx': 0.4598612223068265, 'syy': 0.29718660473122366, 'sxy': 0.19268794007409912, 'K': 0.44520116255635434, 'mu': 0.2518358026160405, 'E': 0.2966942467781292, 'nu': 0.9368009780831413}, 'validation': {'ux': 0.023846648888187685, 'uy': 0.004505141030880731, 'sxx': 0.46083644911949434, 'syy': 0.30012806818384935, 'sxy': 0.18833540659392212, 'K': 0.4513475211269827, 'mu': 0.25301346163195654, 'E': 0.30101964021342537, 'nu': 0.9434788759718791}, 'train': {'ux': 0.01652196679321626, 'uy': 0.004040287394868184, 'sxx': 0.46253129972744705, 'syy': 0.30371069039515575, 'sxy': 0.18260187392533997, 'K': 0.4574706214770435, 'mu': 0.25298066192899393, 'E': 0.305544298439445, 'nu': 0.953793864283548}}, 'true_reaction_y': 0.27722135186195374, 'pred_reaction_y': 0.20475953817367554, 'pred_reaction_y_stress_branch': 0.20475953817367554, 'pred_reaction_y_constitutive': 0.20313262939453125, 'reaction_rel_error': 0.2613861205182355, 'reaction_rel_error_stress_branch': 0.2613861205182355, 'reaction_rel_error_constitutive': 0.2672547477657809, 'equilibrium_form': 'mixed', 'reaction_form': 'stress', 'run_note': 'PFNN_learnable_boundary_amplitude_formal150k', 'best_step': 148000, 'eval_checkpoint': 'best', 'eval_checkpoint_path': '/public/home/xinxi/wxtian/WXTIAN/PINN/deepxde/boundary_uncertainty_pinn/exp/01.FormalKeyAblation/A2/model/final_model-150000.pt', 'final_model_path': '/public/home/xinxi/wxtian/WXTIAN/PINN/deepxde/boundary_uncertainty_pinn/exp/01.FormalKeyAblation/A2/model/final_model-150000.pt', 'final_train_loss_sum': 9.211614269588608e-06, 'final_test_loss_sum': 9.211614269588608e-06, 'independent_test_loss_available': False, 'loss_history_interval': 1000, 'num_trainable_parameters': 34279}
