Using backend: pytorch
Other supported backends: tensorflow.compat.v1, tensorflow, jax, paddle.
paddle supports more examples now and is recommended.
Compiling model...
'compile' took 0.559142 s

Training model...

Step      Train loss                                                                                                        Test loss                                                                                                         Test metric
0         [1.63e-01, 1.01e-01, 1.20e-01, 1.23e-01, 3.39e-01, 2.00e-03, 1.79e-02, 8.67e-02, 2.41e-01, 7.46e-02, 2.33e-01]    [1.63e-01, 1.01e-01, 1.20e-01, 1.23e-01, 3.39e-01, 2.00e-03, 1.79e-02, 8.67e-02, 2.41e-01, 7.46e-02, 2.33e-01]    []  
1000      [1.39e-03, 1.58e-03, 7.57e-04, 6.55e-04, 1.68e-04, 2.01e-05, 1.45e-04, 4.86e-05, 1.73e-05, 1.43e-04, 2.68e-06]    [1.39e-03, 1.58e-03, 7.57e-04, 6.55e-04, 1.68e-04, 2.01e-05, 1.45e-04, 4.86e-05, 1.73e-05, 1.43e-04, 2.68e-06]    []  
STEP 1000 BETA 0.87253606
2000      [5.41e-04, 5.52e-04, 3.40e-04, 2.23e-04, 6.55e-05, 2.60e-05, 1.96e-05, 1.50e-05, 8.14e-06, 3.55e-05, 6.74e-08]    [5.41e-04, 5.52e-04, 3.40e-04, 2.23e-04, 6.55e-05, 2.60e-05, 1.96e-05, 1.50e-05, 8.14e-06, 3.55e-05, 6.74e-08]    []  
STEP 2000 BETA 0.96861583
3000      [4.46e-04, 4.15e-04, 8.31e-05, 1.56e-04, 3.64e-05, 1.63e-05, 6.49e-06, 2.47e-05, 1.10e-05, 2.15e-05, 6.46e-08]    [4.46e-04, 4.15e-04, 8.31e-05, 1.56e-04, 3.64e-05, 1.63e-05, 6.49e-06, 2.47e-05, 1.10e-05, 2.15e-05, 6.46e-08]    []  
STEP 3000 BETA 1.02237570
4000      [3.50e-04, 3.28e-04, 4.21e-05, 1.06e-04, 1.73e-05, 8.60e-06, 4.16e-06, 1.63e-05, 1.57e-05, 1.50e-05, 1.86e-09]    [3.50e-04, 3.28e-04, 4.21e-05, 1.06e-04, 1.73e-05, 8.60e-06, 4.16e-06, 1.63e-05, 1.57e-05, 1.50e-05, 1.86e-09]    []  
STEP 4000 BETA 1.03040111
5000      [3.02e-04, 2.79e-04, 2.29e-05, 5.96e-05, 1.53e-05, 5.05e-06, 6.10e-06, 1.16e-05, 1.79e-05, 1.28e-05, 2.39e-07]    [3.02e-04, 2.79e-04, 2.29e-05, 5.96e-05, 1.53e-05, 5.05e-06, 6.10e-06, 1.16e-05, 1.79e-05, 1.28e-05, 2.39e-07]    []  
STEP 5000 BETA 1.03625596
6000      [2.97e-04, 3.27e-04, 2.19e-04, 2.63e-04, 1.93e-05, 9.40e-06, 7.42e-06, 1.20e-05, 2.74e-05, 1.45e-05, 6.71e-05]    [2.97e-04, 3.27e-04, 2.19e-04, 2.63e-04, 1.93e-05, 9.40e-06, 7.42e-06, 1.20e-05, 2.74e-05, 1.45e-05, 6.71e-05]    []  
STEP 6000 BETA 1.03322697
7000      [3.97e-04, 6.67e-04, 8.46e-04, 8.79e-04, 1.19e-05, 4.12e-05, 8.56e-06, 3.61e-05, 8.49e-05, 4.63e-05, 2.81e-04]    [3.97e-04, 6.67e-04, 8.46e-04, 8.79e-04, 1.19e-05, 4.12e-05, 8.56e-06, 3.61e-05, 8.49e-05, 4.63e-05, 2.81e-04]    []  
STEP 7000 BETA 1.03512788
8000      [1.70e-04, 1.80e-04, 1.95e-05, 4.24e-05, 5.38e-06, 1.10e-06, 6.40e-06, 3.21e-06, 6.36e-06, 8.09e-06, 1.19e-09]    [1.70e-04, 1.80e-04, 1.95e-05, 4.24e-05, 5.38e-06, 1.10e-06, 6.40e-06, 3.21e-06, 6.36e-06, 8.09e-06, 1.19e-09]    []  
STEP 8000 BETA 1.04212809
9000      [1.16e-04, 1.18e-04, 1.48e-05, 3.12e-05, 4.96e-06, 1.12e-06, 3.68e-06, 1.48e-06, 4.44e-06, 7.41e-06, 5.65e-09]    [1.16e-04, 1.18e-04, 1.48e-05, 3.12e-05, 4.96e-06, 1.12e-06, 3.68e-06, 1.48e-06, 4.44e-06, 7.41e-06, 5.65e-09]    []  
STEP 9000 BETA 1.04079914
10000     [9.35e-05, 8.05e-05, 1.60e-05, 2.18e-05, 7.19e-06, 2.03e-06, 2.75e-06, 1.49e-06, 5.55e-06, 6.85e-06, 1.89e-06]    [9.35e-05, 8.05e-05, 1.60e-05, 2.18e-05, 7.19e-06, 2.03e-06, 2.75e-06, 1.49e-06, 5.55e-06, 6.85e-06, 1.89e-06]    []  
STEP 10000 BETA 1.04737353
11000     [7.11e-05, 5.77e-05, 1.26e-05, 1.08e-05, 4.68e-06, 1.15e-06, 1.28e-06, 9.15e-07, 4.16e-06, 6.76e-06, 9.79e-08]    [7.11e-05, 5.77e-05, 1.26e-05, 1.08e-05, 4.68e-06, 1.15e-06, 1.28e-06, 9.15e-07, 4.16e-06, 6.76e-06, 9.79e-08]    []  
STEP 11000 BETA 1.04261208
12000     [7.24e-05, 6.62e-05, 2.19e-05, 2.91e-05, 1.68e-05, 1.68e-06, 7.31e-06, 3.43e-06, 8.77e-06, 8.11e-06, 8.96e-06]    [7.24e-05, 6.62e-05, 2.19e-05, 2.91e-05, 1.68e-05, 1.68e-06, 7.31e-06, 3.43e-06, 8.77e-06, 8.11e-06, 8.96e-06]    []  
STEP 12000 BETA 1.03936553
13000     [5.29e-05, 4.37e-05, 1.85e-05, 1.07e-05, 1.44e-05, 2.23e-06, 1.73e-06, 1.31e-05, 5.39e-06, 8.65e-06, 4.64e-07]    [5.29e-05, 4.37e-05, 1.85e-05, 1.07e-05, 1.44e-05, 2.23e-06, 1.73e-06, 1.31e-05, 5.39e-06, 8.65e-06, 4.64e-07]    []  
STEP 13000 BETA 1.03800225
14000     [9.64e-05, 8.18e-05, 2.68e-05, 3.94e-05, 2.22e-05, 6.36e-06, 3.35e-06, 2.20e-06, 8.44e-06, 5.58e-06, 1.27e-05]    [9.64e-05, 8.18e-05, 2.68e-05, 3.94e-05, 2.22e-05, 6.36e-06, 3.35e-06, 2.20e-06, 8.44e-06, 5.58e-06, 1.27e-05]    []  
STEP 14000 BETA 1.03475475
15000     [6.30e-05, 6.60e-05, 8.99e-05, 8.03e-05, 2.03e-05, 5.71e-06, 5.26e-06, 2.94e-05, 2.40e-05, 1.87e-05, 2.82e-05]    [6.30e-05, 6.60e-05, 8.99e-05, 8.03e-05, 2.03e-05, 5.71e-06, 5.26e-06, 2.94e-05, 2.40e-05, 1.87e-05, 2.82e-05]    []  
STEP 15000 BETA 1.03255236
16000     [3.11e-05, 3.35e-05, 1.24e-05, 1.18e-05, 5.03e-06, 6.12e-07, 1.98e-06, 9.66e-07, 3.91e-06, 5.16e-06, 2.85e-06]    [3.11e-05, 3.35e-05, 1.24e-05, 1.18e-05, 5.03e-06, 6.12e-07, 1.98e-06, 9.66e-07, 3.91e-06, 5.16e-06, 2.85e-06]    []  
STEP 16000 BETA 1.02996862
17000     [2.79e-05, 2.56e-05, 1.18e-05, 6.36e-06, 7.19e-06, 6.61e-07, 1.02e-06, 1.32e-06, 3.66e-06, 4.01e-06, 3.06e-08]    [2.79e-05, 2.56e-05, 1.18e-05, 6.36e-06, 7.19e-06, 6.61e-07, 1.02e-06, 1.32e-06, 3.66e-06, 4.01e-06, 3.06e-08]    []  
STEP 17000 BETA 1.03143001
18000     [3.21e-05, 3.28e-05, 2.86e-05, 2.62e-05, 8.73e-06, 6.79e-07, 1.93e-06, 5.99e-06, 6.89e-06, 5.27e-06, 1.19e-05]    [3.21e-05, 3.28e-05, 2.86e-05, 2.62e-05, 8.73e-06, 6.79e-07, 1.93e-06, 5.99e-06, 6.89e-06, 5.27e-06, 1.19e-05]    []  
STEP 18000 BETA 1.02867675
19000     [2.38e-05, 2.00e-05, 1.24e-05, 6.54e-06, 3.83e-06, 4.65e-07, 8.68e-07, 4.00e-07, 2.64e-06, 4.51e-06, 5.38e-07]    [2.38e-05, 2.00e-05, 1.24e-05, 6.54e-06, 3.83e-06, 4.65e-07, 8.68e-07, 4.00e-07, 2.64e-06, 4.51e-06, 5.38e-07]    []  
STEP 19000 BETA 1.02898121
20000     [2.54e-05, 1.84e-05, 1.17e-05, 5.74e-06, 5.41e-06, 4.47e-07, 1.05e-06, 5.58e-07, 2.34e-06, 4.53e-06, 1.21e-06]    [2.54e-05, 1.84e-05, 1.17e-05, 5.74e-06, 5.41e-06, 4.47e-07, 1.05e-06, 5.58e-07, 2.34e-06, 4.53e-06, 1.21e-06]    []  
STEP 20000 BETA 1.02637064
21000     [2.72e-05, 1.67e-05, 1.17e-05, 4.86e-06, 8.14e-06, 5.44e-07, 1.35e-06, 1.73e-06, 3.43e-06, 3.63e-06, 5.07e-07]    [2.72e-05, 1.67e-05, 1.17e-05, 4.86e-06, 8.14e-06, 5.44e-07, 1.35e-06, 1.73e-06, 3.43e-06, 3.63e-06, 5.07e-07]    []  
STEP 21000 BETA 1.02479959
22000     [1.64e-05, 1.35e-05, 9.43e-06, 3.24e-06, 2.53e-06, 1.88e-07, 3.69e-07, 1.01e-07, 1.97e-06, 3.38e-06, 2.65e-08]    [1.64e-05, 1.35e-05, 9.43e-06, 3.24e-06, 2.53e-06, 1.88e-07, 3.69e-07, 1.01e-07, 1.97e-06, 3.38e-06, 2.65e-08]    []  
STEP 22000 BETA 1.02451754
23000     [1.52e-05, 1.22e-05, 9.33e-06, 3.02e-06, 2.46e-06, 1.57e-07, 2.92e-07, 9.79e-08, 1.93e-06, 3.34e-06, 5.50e-08]    [1.52e-05, 1.22e-05, 9.33e-06, 3.02e-06, 2.46e-06, 1.57e-07, 2.92e-07, 9.79e-08, 1.93e-06, 3.34e-06, 5.50e-08]    []  
STEP 23000 BETA 1.02356780
24000     [1.60e-05, 1.18e-05, 9.69e-06, 3.11e-06, 3.20e-06, 2.81e-07, 4.04e-07, 1.29e-07, 2.11e-06, 3.01e-06, 9.20e-08]    [1.60e-05, 1.18e-05, 9.69e-06, 3.11e-06, 3.20e-06, 2.81e-07, 4.04e-07, 1.29e-07, 2.11e-06, 3.01e-06, 9.20e-08]    []  
STEP 24000 BETA 1.02487123
25000     [1.51e-05, 1.09e-05, 9.78e-06, 3.21e-06, 3.09e-06, 1.69e-07, 6.50e-07, 7.89e-08, 2.18e-06, 3.40e-06, 2.66e-08]    [1.51e-05, 1.09e-05, 9.78e-06, 3.21e-06, 3.09e-06, 1.69e-07, 6.50e-07, 7.89e-08, 2.18e-06, 3.40e-06, 2.66e-08]    []  
STEP 25000 BETA 1.02235341
26000     [1.29e-05, 1.09e-05, 9.10e-06, 3.04e-06, 2.65e-06, 1.31e-07, 7.10e-07, 3.50e-07, 2.02e-06, 3.38e-06, 1.55e-08]    [1.29e-05, 1.09e-05, 9.10e-06, 3.04e-06, 2.65e-06, 1.31e-07, 7.10e-07, 3.50e-07, 2.02e-06, 3.38e-06, 1.55e-08]    []  
STEP 26000 BETA 1.02322185
27000     [1.07e-05, 8.62e-06, 8.65e-06, 2.03e-06, 2.06e-06, 1.14e-07, 2.32e-07, 2.82e-07, 1.59e-06, 2.87e-06, 3.01e-08]    [1.07e-05, 8.62e-06, 8.65e-06, 2.03e-06, 2.06e-06, 1.14e-07, 2.32e-07, 2.82e-07, 1.59e-06, 2.87e-06, 3.01e-08]    []  
STEP 27000 BETA 1.02228487
28000     [3.64e-05, 7.92e-05, 1.67e-05, 4.14e-05, 1.58e-05, 2.47e-07, 1.02e-05, 1.66e-06, 1.43e-05, 9.65e-06, 3.83e-06]    [3.64e-05, 7.92e-05, 1.67e-05, 4.14e-05, 1.58e-05, 2.47e-07, 1.02e-05, 1.66e-06, 1.43e-05, 9.65e-06, 3.83e-06]    []  
STEP 28000 BETA 1.02171814
29000     [1.12e-05, 8.13e-06, 9.22e-06, 2.92e-06, 2.47e-06, 2.49e-07, 2.90e-07, 1.47e-07, 1.31e-06, 3.10e-06, 2.65e-07]    [1.12e-05, 8.13e-06, 9.22e-06, 2.92e-06, 2.47e-06, 2.49e-07, 2.90e-07, 1.47e-07, 1.31e-06, 3.10e-06, 2.65e-07]    []  
STEP 29000 BETA 1.02303338
30000     [1.54e-05, 7.81e-06, 1.04e-05, 2.98e-06, 3.13e-06, 6.31e-07, 4.28e-07, 3.66e-07, 1.66e-06, 2.95e-06, 1.03e-07]    [1.54e-05, 7.81e-06, 1.04e-05, 2.98e-06, 3.13e-06, 6.31e-07, 4.28e-07, 3.66e-07, 1.66e-06, 2.95e-06, 1.03e-07]    []  
STEP 30000 BETA 1.02094972
31000     [1.22e-05, 1.13e-05, 1.62e-05, 1.04e-05, 4.38e-06, 3.64e-07, 4.40e-07, 4.18e-06, 1.61e-06, 4.38e-06, 5.83e-06]    [1.22e-05, 1.13e-05, 1.62e-05, 1.04e-05, 4.38e-06, 3.64e-07, 4.40e-07, 4.18e-06, 1.61e-06, 4.38e-06, 5.83e-06]    []  
STEP 31000 BETA 1.02023149
32000     [1.02e-05, 1.25e-05, 1.03e-05, 5.42e-06, 2.30e-06, 3.04e-07, 4.99e-07, 6.18e-07, 1.72e-06, 3.17e-06, 2.81e-08]    [1.02e-05, 1.25e-05, 1.03e-05, 5.42e-06, 2.30e-06, 3.04e-07, 4.99e-07, 6.18e-07, 1.72e-06, 3.17e-06, 2.81e-08]    []  
STEP 32000 BETA 1.01956046
33000     [1.18e-05, 9.68e-06, 1.49e-05, 8.88e-06, 3.43e-06, 2.50e-07, 5.31e-07, 3.41e-06, 2.46e-06, 3.27e-06, 3.50e-06]    [1.18e-05, 9.68e-06, 1.49e-05, 8.88e-06, 3.43e-06, 2.50e-07, 5.31e-07, 3.41e-06, 2.46e-06, 3.27e-06, 3.50e-06]    []  
STEP 33000 BETA 1.01971865
34000     [6.93e-06, 1.06e-05, 1.34e-05, 9.67e-06, 1.48e-06, 1.08e-07, 7.07e-07, 2.17e-07, 7.62e-07, 2.20e-06, 6.09e-06]    [6.93e-06, 1.06e-05, 1.34e-05, 9.67e-06, 1.48e-06, 1.08e-07, 7.07e-07, 2.17e-07, 7.62e-07, 2.20e-06, 6.09e-06]    []  
STEP 34000 BETA 1.01877928
35000     [1.12e-05, 5.91e-06, 9.00e-06, 2.40e-06, 3.03e-06, 4.67e-07, 4.24e-07, 4.49e-07, 9.37e-07, 2.95e-06, 3.81e-08]    [1.12e-05, 5.91e-06, 9.00e-06, 2.40e-06, 3.03e-06, 4.67e-07, 4.24e-07, 4.49e-07, 9.37e-07, 2.95e-06, 3.81e-08]    []  
STEP 35000 BETA 1.02042377
36000     [1.13e-05, 9.10e-06, 8.27e-06, 3.90e-06, 3.46e-06, 2.29e-07, 7.59e-07, 2.07e-07, 1.85e-06, 2.60e-06, 2.03e-07]    [1.13e-05, 9.10e-06, 8.27e-06, 3.90e-06, 3.46e-06, 2.29e-07, 7.59e-07, 2.07e-07, 1.85e-06, 2.60e-06, 2.03e-07]    []  
STEP 36000 BETA 1.01795542
37000     [1.42e-05, 2.48e-05, 2.04e-05, 1.78e-05, 4.76e-06, 1.07e-06, 1.66e-06, 6.61e-07, 3.97e-06, 3.46e-06, 5.81e-07]    [1.42e-05, 2.48e-05, 2.04e-05, 1.78e-05, 4.76e-06, 1.07e-06, 1.66e-06, 6.61e-07, 3.97e-06, 3.46e-06, 5.81e-07]    []  
STEP 37000 BETA 1.01602674
38000     [4.16e-06, 5.35e-06, 8.43e-06, 3.66e-06, 1.15e-06, 3.98e-08, 3.33e-07, 2.22e-07, 6.50e-07, 1.96e-06, 1.77e-06]    [4.16e-06, 5.35e-06, 8.43e-06, 3.66e-06, 1.15e-06, 3.98e-08, 3.33e-07, 2.22e-07, 6.50e-07, 1.96e-06, 1.77e-06]    []  
STEP 38000 BETA 1.01637447
39000     [3.92e-06, 4.48e-06, 7.08e-06, 1.93e-06, 1.43e-06, 6.66e-08, 2.66e-07, 4.59e-07, 6.04e-07, 2.04e-06, 9.18e-08]    [3.92e-06, 4.48e-06, 7.08e-06, 1.93e-06, 1.43e-06, 6.66e-08, 2.66e-07, 4.59e-07, 6.04e-07, 2.04e-06, 9.18e-08]    []  
STEP 39000 BETA 1.01637006
40000     [1.12e-05, 7.56e-06, 9.26e-06, 4.27e-06, 2.26e-06, 7.99e-07, 2.54e-07, 2.31e-06, 6.59e-07, 3.14e-06, 4.37e-07]    [1.12e-05, 7.56e-06, 9.26e-06, 4.27e-06, 2.26e-06, 7.99e-07, 2.54e-07, 2.31e-06, 6.59e-07, 3.14e-06, 4.37e-07]    []  
STEP 40000 BETA 1.01479220
41000     [9.72e-06, 6.66e-06, 7.48e-06, 3.17e-06, 3.44e-06, 2.05e-07, 8.08e-07, 6.04e-07, 1.42e-06, 2.18e-06, 1.10e-06]    [9.72e-06, 6.66e-06, 7.48e-06, 3.17e-06, 3.44e-06, 2.05e-07, 8.08e-07, 6.04e-07, 1.42e-06, 2.18e-06, 1.10e-06]    []  
STEP 41000 BETA 1.01470315
42000     [3.96e-06, 5.30e-06, 1.11e-05, 5.79e-06, 7.08e-07, 1.03e-07, 2.05e-07, 2.81e-07, 6.14e-07, 1.93e-06, 3.28e-06]    [3.96e-06, 5.30e-06, 1.11e-05, 5.79e-06, 7.08e-07, 1.03e-07, 2.05e-07, 2.81e-07, 6.14e-07, 1.93e-06, 3.28e-06]    []  
STEP 42000 BETA 1.01365554
43000     [7.30e-05, 4.40e-05, 4.77e-05, 4.85e-05, 1.64e-05, 5.70e-06, 2.48e-06, 1.26e-05, 1.95e-06, 9.42e-06, 2.81e-05]    [7.30e-05, 4.40e-05, 4.77e-05, 4.85e-05, 1.64e-05, 5.70e-06, 2.48e-06, 1.26e-05, 1.95e-06, 9.42e-06, 2.81e-05]    []  
STEP 43000 BETA 1.01298237
44000     [4.85e-06, 1.01e-05, 8.76e-06, 6.50e-06, 2.98e-06, 6.33e-08, 7.51e-07, 5.13e-07, 6.98e-07, 1.66e-06, 3.30e-06]    [4.85e-06, 1.01e-05, 8.76e-06, 6.50e-06, 2.98e-06, 6.33e-08, 7.51e-07, 5.13e-07, 6.98e-07, 1.66e-06, 3.30e-06]    []  
STEP 44000 BETA 1.01336288
45000     [8.59e-06, 1.11e-05, 1.48e-05, 1.10e-05, 3.06e-06, 3.29e-07, 6.09e-07, 3.12e-06, 4.67e-07, 2.36e-06, 7.78e-06]    [8.59e-06, 1.11e-05, 1.48e-05, 1.10e-05, 3.06e-06, 3.29e-07, 6.09e-07, 3.12e-06, 4.67e-07, 2.36e-06, 7.78e-06]    []  
STEP 45000 BETA 1.01287591
46000     [2.31e-06, 2.61e-06, 5.96e-06, 1.19e-06, 6.19e-07, 4.72e-08, 1.48e-07, 1.62e-07, 4.54e-07, 1.69e-06, 5.61e-09]    [2.31e-06, 2.61e-06, 5.96e-06, 1.19e-06, 6.19e-07, 4.72e-08, 1.48e-07, 1.62e-07, 4.54e-07, 1.69e-06, 5.61e-09]    []  
STEP 46000 BETA 1.01285589
47000     [2.54e-06, 3.20e-06, 5.94e-06, 1.49e-06, 6.84e-07, 3.52e-08, 3.04e-07, 1.22e-07, 4.54e-07, 1.80e-06, 2.53e-07]    [2.54e-06, 3.20e-06, 5.94e-06, 1.49e-06, 6.84e-07, 3.52e-08, 3.04e-07, 1.22e-07, 4.54e-07, 1.80e-06, 2.53e-07]    []  
STEP 47000 BETA 1.01194429
48000     [1.11e-05, 5.54e-06, 7.40e-06, 3.64e-06, 4.50e-06, 2.91e-07, 9.05e-07, 4.56e-07, 2.01e-06, 2.13e-06, 1.11e-07]    [1.11e-05, 5.54e-06, 7.40e-06, 3.64e-06, 4.50e-06, 2.91e-07, 9.05e-07, 4.56e-07, 2.01e-06, 2.13e-06, 1.11e-07]    []  
STEP 48000 BETA 1.01124799
49000     [1.16e-05, 4.79e-06, 8.07e-06, 2.56e-06, 2.87e-06, 7.64e-07, 1.85e-07, 1.68e-06, 6.13e-07, 2.69e-06, 1.37e-07]    [1.16e-05, 4.79e-06, 8.07e-06, 2.56e-06, 2.87e-06, 7.64e-07, 1.85e-07, 1.68e-06, 6.13e-07, 2.69e-06, 1.37e-07]    []  
STEP 49000 BETA 1.01121747
50000     [4.57e-06, 6.58e-06, 1.33e-05, 8.21e-06, 8.60e-07, 2.10e-07, 1.27e-07, 3.69e-07, 1.16e-06, 2.00e-06, 3.71e-06]    [4.57e-06, 6.58e-06, 1.33e-05, 8.21e-06, 8.60e-07, 2.10e-07, 1.27e-07, 3.69e-07, 1.16e-06, 2.00e-06, 3.71e-06]    []  
STEP 50000 BETA 1.01111925
51000     [2.45e-06, 2.32e-06, 5.70e-06, 1.10e-06, 7.29e-07, 7.95e-08, 1.52e-07, 1.46e-07, 4.06e-07, 1.60e-06, 4.00e-08]    [2.45e-06, 2.32e-06, 5.70e-06, 1.10e-06, 7.29e-07, 7.95e-08, 1.52e-07, 1.46e-07, 4.06e-07, 1.60e-06, 4.00e-08]    []  
STEP 51000 BETA 1.01095474
52000     [4.06e-06, 6.37e-06, 7.82e-06, 4.54e-06, 1.00e-06, 1.49e-07, 5.18e-07, 1.20e-07, 5.44e-07, 1.96e-06, 2.51e-06]    [4.06e-06, 6.37e-06, 7.82e-06, 4.54e-06, 1.00e-06, 1.49e-07, 5.18e-07, 1.20e-07, 5.44e-07, 1.96e-06, 2.51e-06]    []  
STEP 52000 BETA 1.01048529
53000     [1.15e-05, 2.95e-05, 1.86e-05, 1.92e-05, 8.17e-06, 5.27e-07, 2.15e-06, 2.84e-07, 3.48e-06, 3.76e-06, 2.18e-07]    [1.15e-05, 2.95e-05, 1.86e-05, 1.92e-05, 8.17e-06, 5.27e-07, 2.15e-06, 2.84e-07, 3.48e-06, 3.76e-06, 2.18e-07]    []  
STEP 53000 BETA 1.01017523
54000     [8.21e-06, 6.83e-06, 7.00e-06, 2.69e-06, 4.91e-06, 5.42e-07, 6.19e-07, 4.55e-07, 9.58e-07, 1.46e-06, 2.24e-08]    [8.21e-06, 6.83e-06, 7.00e-06, 2.69e-06, 4.91e-06, 5.42e-07, 6.19e-07, 4.55e-07, 9.58e-07, 1.46e-06, 2.24e-08]    []  
STEP 54000 BETA 1.00939083
55000     [9.19e-06, 1.16e-05, 1.89e-05, 1.36e-05, 1.95e-06, 7.80e-07, 1.21e-07, 6.88e-07, 1.67e-06, 2.39e-06, 6.19e-06]    [9.19e-06, 1.16e-05, 1.89e-05, 1.36e-05, 1.95e-06, 7.80e-07, 1.21e-07, 6.88e-07, 1.67e-06, 2.39e-06, 6.19e-06]    []  
STEP 55000 BETA 1.00937295
56000     [9.33e-06, 9.85e-06, 1.04e-05, 6.98e-06, 5.86e-06, 4.25e-07, 6.95e-07, 7.00e-07, 1.04e-06, 2.37e-06, 3.22e-06]    [9.33e-06, 9.85e-06, 1.04e-05, 6.98e-06, 5.86e-06, 4.25e-07, 6.95e-07, 7.00e-07, 1.04e-06, 2.37e-06, 3.22e-06]    []  
STEP 56000 BETA 1.00979674
57000     [1.47e-05, 1.19e-05, 1.51e-05, 9.86e-06, 5.12e-06, 1.63e-06, 4.93e-07, 3.59e-07, 1.67e-06, 2.17e-06, 2.94e-06]    [1.47e-05, 1.19e-05, 1.51e-05, 9.86e-06, 5.12e-06, 1.63e-06, 4.93e-07, 3.59e-07, 1.67e-06, 2.17e-06, 2.94e-06]    []  
STEP 57000 BETA 1.00894296
58000     [6.05e-06, 4.69e-06, 6.83e-06, 2.41e-06, 2.59e-06, 4.24e-07, 3.03e-07, 1.34e-07, 7.70e-07, 1.53e-06, 2.93e-07]    [6.05e-06, 4.69e-06, 6.83e-06, 2.41e-06, 2.59e-06, 4.24e-07, 3.03e-07, 1.34e-07, 7.70e-07, 1.53e-06, 2.93e-07]    []  
STEP 58000 BETA 1.00989187
59000     [9.52e-06, 1.71e-05, 9.29e-06, 1.03e-05, 3.22e-06, 2.39e-07, 1.78e-06, 1.10e-07, 1.47e-06, 2.48e-06, 4.75e-06]    [9.52e-06, 1.71e-05, 9.29e-06, 1.03e-05, 3.22e-06, 2.39e-07, 1.78e-06, 1.10e-07, 1.47e-06, 2.48e-06, 4.75e-06]    []  
STEP 59000 BETA 1.00853384
60000     [6.31e-06, 5.45e-06, 5.57e-06, 9.95e-07, 3.04e-06, 2.18e-08, 4.27e-07, 2.28e-06, 6.00e-07, 2.56e-06, 4.14e-10]    [6.31e-06, 5.45e-06, 5.57e-06, 9.95e-07, 3.04e-06, 2.18e-08, 4.27e-07, 2.28e-06, 6.00e-07, 2.56e-06, 4.14e-10]    []  
STEP 60000 BETA 1.00948250
61000     [6.35e-06, 6.21e-06, 8.00e-06, 4.45e-06, 2.49e-06, 6.47e-08, 6.29e-07, 5.58e-07, 1.67e-06, 1.97e-06, 5.93e-07]    [6.35e-06, 6.21e-06, 8.00e-06, 4.45e-06, 2.49e-06, 6.47e-08, 6.29e-07, 5.58e-07, 1.67e-06, 1.97e-06, 5.93e-07]    []  
STEP 61000 BETA 1.00867879
62000     [3.28e-06, 4.60e-06, 1.14e-05, 5.33e-06, 6.83e-07, 3.10e-07, 2.05e-07, 3.18e-07, 8.26e-07, 1.74e-06, 1.34e-06]    [3.28e-06, 4.60e-06, 1.14e-05, 5.33e-06, 6.83e-07, 3.10e-07, 2.05e-07, 3.18e-07, 8.26e-07, 1.74e-06, 1.34e-06]    []  
STEP 62000 BETA 1.00819445
63000     [2.24e-06, 2.83e-06, 6.10e-06, 2.09e-06, 5.93e-07, 2.72e-08, 1.39e-07, 1.35e-07, 5.71e-07, 1.50e-06, 3.01e-07]    [2.24e-06, 2.83e-06, 6.10e-06, 2.09e-06, 5.93e-07, 2.72e-08, 1.39e-07, 1.35e-07, 5.71e-07, 1.50e-06, 3.01e-07]    []  
STEP 63000 BETA 1.00834310
64000     [6.87e-06, 6.10e-06, 5.36e-06, 2.24e-06, 3.15e-06, 2.02e-07, 7.06e-07, 4.62e-07, 1.03e-06, 1.99e-06, 1.00e-09]    [6.87e-06, 6.10e-06, 5.36e-06, 2.24e-06, 3.15e-06, 2.02e-07, 7.06e-07, 4.62e-07, 1.03e-06, 1.99e-06, 1.00e-09]    []  
STEP 64000 BETA 1.00801170
65000     [3.54e-06, 1.97e-06, 5.73e-06, 1.62e-06, 1.15e-06, 1.32e-07, 1.73e-07, 7.95e-08, 4.72e-07, 1.43e-06, 1.59e-07]    [3.54e-06, 1.97e-06, 5.73e-06, 1.62e-06, 1.15e-06, 1.32e-07, 1.73e-07, 7.95e-08, 4.72e-07, 1.43e-06, 1.59e-07]    []  
STEP 65000 BETA 1.00779665
66000     [1.25e-06, 1.49e-06, 4.90e-06, 8.51e-07, 2.30e-07, 2.81e-08, 7.74e-08, 8.47e-08, 2.49e-07, 1.42e-06, 1.45e-08]    [1.25e-06, 1.49e-06, 4.90e-06, 8.51e-07, 2.30e-07, 2.81e-08, 7.74e-08, 8.47e-08, 2.49e-07, 1.42e-06, 1.45e-08]    []  
STEP 66000 BETA 1.00721812
67000     [2.84e-06, 2.64e-06, 5.42e-06, 1.42e-06, 6.22e-07, 1.03e-07, 1.86e-07, 4.50e-07, 2.62e-07, 1.61e-06, 2.86e-07]    [2.84e-06, 2.64e-06, 5.42e-06, 1.42e-06, 6.22e-07, 1.03e-07, 1.86e-07, 4.50e-07, 2.62e-07, 1.61e-06, 2.86e-07]    []  
STEP 67000 BETA 1.00758958
68000     [3.50e-06, 7.68e-06, 5.88e-06, 3.32e-06, 1.09e-06, 5.48e-08, 5.21e-07, 4.16e-07, 9.85e-07, 1.89e-06, 8.61e-08]    [3.50e-06, 7.68e-06, 5.88e-06, 3.32e-06, 1.09e-06, 5.48e-08, 5.21e-07, 4.16e-07, 9.85e-07, 1.89e-06, 8.61e-08]    []  
STEP 68000 BETA 1.00698781
69000     [1.76e-05, 2.83e-05, 3.06e-05, 2.79e-05, 6.69e-06, 5.05e-07, 6.88e-07, 6.49e-06, 3.12e-06, 3.15e-06, 1.97e-05]    [1.76e-05, 2.83e-05, 3.06e-05, 2.79e-05, 6.69e-06, 5.05e-07, 6.88e-07, 6.49e-06, 3.12e-06, 3.15e-06, 1.97e-05]    []  
STEP 69000 BETA 1.00679791
70000     [1.24e-06, 1.72e-06, 4.87e-06, 8.85e-07, 3.25e-07, 4.07e-08, 6.77e-08, 6.44e-08, 1.88e-07, 1.40e-06, 4.38e-08]    [1.24e-06, 1.72e-06, 4.87e-06, 8.85e-07, 3.25e-07, 4.07e-08, 6.77e-08, 6.44e-08, 1.88e-07, 1.40e-06, 4.38e-08]    []  
STEP 70000 BETA 1.00725400
71000     [2.67e-06, 3.08e-06, 6.47e-06, 2.77e-06, 8.92e-07, 2.50e-08, 1.58e-07, 3.21e-07, 6.24e-07, 1.37e-06, 9.49e-07]    [2.67e-06, 3.08e-06, 6.47e-06, 2.77e-06, 8.92e-07, 2.50e-08, 1.58e-07, 3.21e-07, 6.24e-07, 1.37e-06, 9.49e-07]    []  
STEP 71000 BETA 1.00657237
72000     [2.32e-06, 3.57e-06, 6.90e-06, 3.22e-06, 4.80e-07, 1.21e-07, 8.08e-08, 7.46e-08, 3.05e-07, 1.36e-06, 1.29e-06]    [2.32e-06, 3.57e-06, 6.90e-06, 3.22e-06, 4.80e-07, 1.21e-07, 8.08e-08, 7.46e-08, 3.05e-07, 1.36e-06, 1.29e-06]    []  
STEP 72000 BETA 1.00719225
73000     [1.08e-05, 1.22e-05, 1.77e-05, 1.43e-05, 1.97e-06, 1.25e-06, 9.24e-08, 1.47e-06, 1.02e-06, 2.34e-06, 8.63e-06]    [1.08e-05, 1.22e-05, 1.77e-05, 1.43e-05, 1.97e-06, 1.25e-06, 9.24e-08, 1.47e-06, 1.02e-06, 2.34e-06, 8.63e-06]    []  
STEP 73000 BETA 1.00583470
74000     [5.07e-06, 4.33e-06, 5.03e-06, 1.91e-06, 2.21e-06, 1.20e-07, 5.57e-07, 3.42e-07, 8.77e-07, 1.66e-06, 4.86e-11]    [5.07e-06, 4.33e-06, 5.03e-06, 1.91e-06, 2.21e-06, 1.20e-07, 5.57e-07, 3.42e-07, 8.77e-07, 1.66e-06, 4.86e-11]    []  
STEP 74000 BETA 1.00573742
75000     [1.78e-06, 1.65e-06, 4.79e-06, 9.10e-07, 5.49e-07, 8.33e-08, 1.50e-07, 6.49e-08, 2.79e-07, 1.19e-06, 1.23e-08]    [1.78e-06, 1.65e-06, 4.79e-06, 9.10e-07, 5.49e-07, 8.33e-08, 1.50e-07, 6.49e-08, 2.79e-07, 1.19e-06, 1.23e-08]    []  
STEP 75000 BETA 1.00602043
76000     [2.05e-06, 1.94e-06, 5.94e-06, 1.89e-06, 5.37e-07, 2.96e-08, 1.00e-07, 7.23e-08, 3.83e-07, 1.26e-06, 3.77e-07]    [2.05e-06, 1.94e-06, 5.94e-06, 1.89e-06, 5.37e-07, 2.96e-08, 1.00e-07, 7.23e-08, 3.83e-07, 1.26e-06, 3.77e-07]    []  
STEP 76000 BETA 1.00603962
77000     [4.42e-06, 8.35e-06, 7.74e-06, 8.17e-06, 6.75e-07, 5.88e-07, 6.08e-07, 1.72e-06, 3.00e-07, 2.11e-06, 2.98e-06]    [4.42e-06, 8.35e-06, 7.74e-06, 8.17e-06, 6.75e-07, 5.88e-07, 6.08e-07, 1.72e-06, 3.00e-07, 2.11e-06, 2.98e-06]    []  
STEP 77000 BETA 1.00630796
78000     [1.02e-06, 1.06e-06, 4.51e-06, 6.39e-07, 2.03e-07, 2.26e-08, 6.64e-08, 6.33e-08, 1.84e-07, 1.20e-06, 2.10e-09]    [1.02e-06, 1.06e-06, 4.51e-06, 6.39e-07, 2.03e-07, 2.26e-08, 6.64e-08, 6.33e-08, 1.84e-07, 1.20e-06, 2.10e-09]    []  
STEP 78000 BETA 1.00515223
79000     [8.13e-06, 9.78e-06, 8.70e-06, 5.39e-06, 3.02e-06, 1.55e-07, 6.36e-07, 2.13e-06, 1.62e-06, 2.51e-06, 8.99e-07]    [8.13e-06, 9.78e-06, 8.70e-06, 5.39e-06, 3.02e-06, 1.55e-07, 6.36e-07, 2.13e-06, 1.62e-06, 2.51e-06, 8.99e-07]    []  
STEP 79000 BETA 1.00571811
80000     [1.45e-06, 1.22e-06, 4.50e-06, 6.95e-07, 4.49e-07, 6.26e-08, 8.65e-08, 5.34e-08, 2.05e-07, 1.22e-06, 1.20e-09]    [1.45e-06, 1.22e-06, 4.50e-06, 6.95e-07, 4.49e-07, 6.26e-08, 8.65e-08, 5.34e-08, 2.05e-07, 1.22e-06, 1.20e-09]    []  
STEP 80000 BETA 1.00507772
81000     [6.96e-06, 1.27e-05, 7.68e-06, 6.26e-06, 4.30e-06, 8.18e-07, 1.21e-06, 5.14e-08, 1.32e-06, 1.53e-06, 4.25e-07]    [6.96e-06, 1.27e-05, 7.68e-06, 6.26e-06, 4.30e-06, 8.18e-07, 1.21e-06, 5.14e-08, 1.32e-06, 1.53e-06, 4.25e-07]    []  
STEP 81000 BETA 1.00493324
82000     [7.16e-06, 1.21e-05, 2.07e-05, 1.76e-05, 1.81e-06, 4.43e-07, 9.36e-08, 1.68e-07, 1.35e-06, 1.44e-06, 1.01e-05]    [7.16e-06, 1.21e-05, 2.07e-05, 1.76e-05, 1.81e-06, 4.43e-07, 9.36e-08, 1.68e-07, 1.35e-06, 1.44e-06, 1.01e-05]    []  
STEP 82000 BETA 1.00484598
83000     [4.89e-06, 3.83e-06, 5.33e-06, 8.61e-07, 1.67e-06, 3.39e-08, 1.25e-07, 9.04e-07, 2.25e-07, 1.33e-06, 1.44e-07]    [4.89e-06, 3.83e-06, 5.33e-06, 8.61e-07, 1.67e-06, 3.39e-08, 1.25e-07, 9.04e-07, 2.25e-07, 1.33e-06, 1.44e-07]    []  
STEP 83000 BETA 1.00503552
84000     [2.83e-06, 3.61e-06, 4.96e-06, 2.07e-06, 1.04e-06, 2.00e-08, 3.24e-07, 3.48e-07, 6.09e-07, 1.30e-06, 5.31e-08]    [2.83e-06, 3.61e-06, 4.96e-06, 2.07e-06, 1.04e-06, 2.00e-08, 3.24e-07, 3.48e-07, 6.09e-07, 1.30e-06, 5.31e-08]    []  
STEP 84000 BETA 1.00479245
85000     [3.90e-06, 3.53e-06, 5.13e-06, 1.48e-06, 2.37e-06, 1.22e-07, 2.57e-07, 5.26e-07, 4.76e-07, 1.47e-06, 4.44e-07]    [3.90e-06, 3.53e-06, 5.13e-06, 1.48e-06, 2.37e-06, 1.22e-07, 2.57e-07, 5.26e-07, 4.76e-07, 1.47e-06, 4.44e-07]    []  
STEP 85000 BETA 1.00459969
86000     [7.33e-06, 2.11e-06, 6.91e-06, 2.50e-06, 1.90e-06, 6.18e-07, 6.96e-08, 1.67e-06, 2.48e-07, 2.07e-06, 3.50e-07]    [7.33e-06, 2.11e-06, 6.91e-06, 2.50e-06, 1.90e-06, 6.18e-07, 6.96e-08, 1.67e-06, 2.48e-07, 2.07e-06, 3.50e-07]    []  
STEP 86000 BETA 1.00460577
87000     [5.34e-06, 6.19e-06, 7.81e-06, 4.61e-06, 2.40e-06, 1.90e-07, 6.31e-07, 5.73e-08, 4.44e-07, 1.05e-06, 2.98e-06]    [5.34e-06, 6.19e-06, 7.81e-06, 4.61e-06, 2.40e-06, 1.90e-07, 6.31e-07, 5.73e-08, 4.44e-07, 1.05e-06, 2.98e-06]    []  
STEP 87000 BETA 1.00424075
88000     [2.63e-06, 1.87e-06, 5.08e-06, 1.31e-06, 8.98e-07, 2.95e-08, 6.48e-08, 4.46e-07, 1.91e-07, 1.29e-06, 2.03e-07]    [2.63e-06, 1.87e-06, 5.08e-06, 1.31e-06, 8.98e-07, 2.95e-08, 6.48e-08, 4.46e-07, 1.91e-07, 1.29e-06, 2.03e-07]    []  
STEP 88000 BETA 1.00510538
89000     [2.43e-06, 4.59e-06, 7.61e-06, 4.57e-06, 4.49e-07, 1.82e-07, 1.48e-07, 1.03e-07, 3.20e-07, 1.12e-06, 3.35e-06]    [2.43e-06, 4.59e-06, 7.61e-06, 4.57e-06, 4.49e-07, 1.82e-07, 1.48e-07, 1.03e-07, 3.20e-07, 1.12e-06, 3.35e-06]    []  
STEP 89000 BETA 1.00404072
90000     [6.85e-06, 1.72e-05, 1.23e-05, 1.32e-05, 4.87e-06, 2.99e-07, 1.26e-06, 4.67e-07, 6.53e-07, 9.87e-07, 9.49e-06]    [6.85e-06, 1.72e-05, 1.23e-05, 1.32e-05, 4.87e-06, 2.99e-07, 1.26e-06, 4.67e-07, 6.53e-07, 9.87e-07, 9.49e-06]    []  
STEP 90000 BETA 1.00393999
91000     [2.30e-06, 2.36e-06, 5.24e-06, 1.47e-06, 9.32e-07, 1.90e-07, 1.05e-07, 9.08e-08, 1.90e-07, 1.09e-06, 6.59e-07]    [2.30e-06, 2.36e-06, 5.24e-06, 1.47e-06, 9.32e-07, 1.90e-07, 1.05e-07, 9.08e-08, 1.90e-07, 1.09e-06, 6.59e-07]    []  
STEP 91000 BETA 1.00360346
92000     [1.67e-06, 1.69e-06, 5.24e-06, 1.22e-06, 3.40e-07, 8.18e-08, 6.92e-08, 5.83e-08, 1.64e-07, 1.02e-06, 5.22e-07]    [1.67e-06, 1.69e-06, 5.24e-06, 1.22e-06, 3.40e-07, 8.18e-08, 6.92e-08, 5.83e-08, 1.64e-07, 1.02e-06, 5.22e-07]    []  
STEP 92000 BETA 1.00384140
93000     [2.53e-06, 1.85e-06, 5.25e-06, 1.48e-06, 6.01e-07, 1.47e-07, 5.96e-08, 4.60e-07, 1.85e-07, 1.27e-06, 6.45e-07]    [2.53e-06, 1.85e-06, 5.25e-06, 1.48e-06, 6.01e-07, 1.47e-07, 5.96e-08, 4.60e-07, 1.85e-07, 1.27e-06, 6.45e-07]    []  
STEP 93000 BETA 1.00383317
94000     [9.83e-07, 1.25e-06, 4.40e-06, 8.59e-07, 2.92e-07, 3.00e-08, 7.31e-08, 4.44e-08, 1.60e-07, 1.03e-06, 2.41e-07]    [9.83e-07, 1.25e-06, 4.40e-06, 8.59e-07, 2.92e-07, 3.00e-08, 7.31e-08, 4.44e-08, 1.60e-07, 1.03e-06, 2.41e-07]    []  
STEP 94000 BETA 1.00368607
95000     [4.55e-06, 2.78e-06, 6.11e-06, 1.90e-06, 1.51e-06, 6.64e-08, 1.59e-07, 6.77e-08, 5.26e-07, 1.06e-06, 2.93e-07]    [4.55e-06, 2.78e-06, 6.11e-06, 1.90e-06, 1.51e-06, 6.64e-08, 1.59e-07, 6.77e-08, 5.26e-07, 1.06e-06, 2.93e-07]    []  
STEP 95000 BETA 1.00383246
96000     [1.36e-06, 1.33e-06, 4.47e-06, 7.64e-07, 4.82e-07, 2.65e-08, 8.02e-08, 1.78e-07, 1.93e-07, 9.36e-07, 4.91e-08]    [1.36e-06, 1.33e-06, 4.47e-06, 7.64e-07, 4.82e-07, 2.65e-08, 8.02e-08, 1.78e-07, 1.93e-07, 9.36e-07, 4.91e-08]    []  
STEP 96000 BETA 1.00395048
97000     [3.02e-06, 1.23e-05, 9.79e-06, 9.83e-06, 1.38e-06, 4.44e-08, 4.93e-07, 3.30e-07, 1.82e-07, 1.30e-06, 5.95e-06]    [3.02e-06, 1.23e-05, 9.79e-06, 9.83e-06, 1.38e-06, 4.44e-08, 4.93e-07, 3.30e-07, 1.82e-07, 1.30e-06, 5.95e-06]    []  
STEP 97000 BETA 1.00325608
98000     [8.43e-07, 8.18e-07, 4.11e-06, 5.40e-07, 1.91e-07, 2.63e-08, 5.67e-08, 3.76e-08, 1.51e-07, 9.22e-07, 6.28e-08]    [8.43e-07, 8.18e-07, 4.11e-06, 5.40e-07, 1.91e-07, 2.63e-08, 5.67e-08, 3.76e-08, 1.51e-07, 9.22e-07, 6.28e-08]    []  
STEP 98000 BETA 1.00272822
99000     [1.89e-06, 1.96e-06, 4.81e-06, 1.15e-06, 6.24e-07, 2.73e-08, 7.98e-08, 2.05e-07, 2.74e-07, 1.06e-06, 1.51e-07]    [1.89e-06, 1.96e-06, 4.81e-06, 1.15e-06, 6.24e-07, 2.73e-08, 7.98e-08, 2.05e-07, 2.74e-07, 1.06e-06, 1.51e-07]    []  
STEP 99000 BETA 1.00330424
100000    [5.79e-06, 1.68e-05, 2.19e-05, 2.08e-05, 1.55e-06, 3.59e-07, 4.01e-07, 1.35e-06, 1.16e-06, 1.70e-06, 1.50e-05]    [5.79e-06, 1.68e-05, 2.19e-05, 2.08e-05, 1.55e-06, 3.59e-07, 4.01e-07, 1.35e-06, 1.16e-06, 1.70e-06, 1.50e-05]    []  
STEP 100000 BETA 1.00236535
101000    [1.39e-05, 1.71e-05, 1.04e-05, 1.14e-05, 4.37e-06, 1.01e-06, 1.94e-06, 2.15e-07, 1.28e-06, 2.09e-06, 6.25e-06]    [1.39e-05, 1.71e-05, 1.04e-05, 1.14e-05, 4.37e-06, 1.01e-06, 1.94e-06, 2.15e-07, 1.28e-06, 2.09e-06, 6.25e-06]    []  
STEP 101000 BETA 1.00242901
102000    [6.99e-06, 4.90e-06, 7.77e-06, 4.62e-06, 1.62e-06, 6.65e-07, 1.67e-07, 1.14e-06, 2.51e-07, 1.62e-06, 2.77e-06]    [6.99e-06, 4.90e-06, 7.77e-06, 4.62e-06, 1.62e-06, 6.65e-07, 1.67e-07, 1.14e-06, 2.51e-07, 1.62e-06, 2.77e-06]    []  
STEP 102000 BETA 1.00229955
103000    [1.30e-05, 8.70e-06, 1.09e-05, 8.33e-06, 8.40e-06, 2.81e-07, 1.03e-06, 1.66e-06, 1.96e-06, 1.92e-06, 5.93e-06]    [1.30e-05, 8.70e-06, 1.09e-05, 8.33e-06, 8.40e-06, 2.81e-07, 1.03e-06, 1.66e-06, 1.96e-06, 1.92e-06, 5.93e-06]    []  
STEP 103000 BETA 1.00287712
104000    [9.19e-07, 1.12e-06, 4.07e-06, 6.89e-07, 2.05e-07, 4.94e-08, 5.94e-08, 4.88e-08, 1.48e-07, 8.06e-07, 1.35e-07]    [9.19e-07, 1.12e-06, 4.07e-06, 6.89e-07, 2.05e-07, 4.94e-08, 5.94e-08, 4.88e-08, 1.48e-07, 8.06e-07, 1.35e-07]    []  
STEP 104000 BETA 1.00244081
105000    [9.92e-07, 1.70e-06, 4.47e-06, 1.37e-06, 1.98e-07, 5.18e-08, 1.03e-07, 7.99e-08, 1.31e-07, 8.96e-07, 8.99e-07]    [9.92e-07, 1.70e-06, 4.47e-06, 1.37e-06, 1.98e-07, 5.18e-08, 1.03e-07, 7.99e-08, 1.31e-07, 8.96e-07, 8.99e-07]    []  
STEP 105000 BETA 1.00193143
106000    [2.44e-06, 2.57e-06, 5.09e-06, 1.63e-06, 1.42e-06, 8.92e-08, 2.29e-07, 1.42e-07, 3.10e-07, 9.68e-07, 7.83e-07]    [2.44e-06, 2.57e-06, 5.09e-06, 1.63e-06, 1.42e-06, 8.92e-08, 2.29e-07, 1.42e-07, 3.10e-07, 9.68e-07, 7.83e-07]    []  
STEP 106000 BETA 1.00170791
107000    [1.15e-06, 1.25e-06, 3.77e-06, 4.69e-07, 3.17e-07, 2.23e-08, 7.87e-08, 1.60e-07, 1.57e-07, 8.36e-07, 1.20e-09]    [1.15e-06, 1.25e-06, 3.77e-06, 4.69e-07, 3.17e-07, 2.23e-08, 7.87e-08, 1.60e-07, 1.57e-07, 8.36e-07, 1.20e-09]    []  
STEP 107000 BETA 1.00186133
108000    [1.18e-06, 8.32e-07, 3.62e-06, 3.76e-07, 5.07e-07, 5.60e-08, 7.69e-08, 3.94e-08, 1.65e-07, 8.20e-07, 2.63e-09]    [1.18e-06, 8.32e-07, 3.62e-06, 3.76e-07, 5.07e-07, 5.60e-08, 7.69e-08, 3.94e-08, 1.65e-07, 8.20e-07, 2.63e-09]    []  
STEP 108000 BETA 1.00238311
109000    [1.02e-06, 1.05e-06, 3.85e-06, 6.64e-07, 2.78e-07, 3.35e-08, 6.68e-08, 1.93e-07, 1.53e-07, 7.87e-07, 2.07e-07]    [1.02e-06, 1.05e-06, 3.85e-06, 6.64e-07, 2.78e-07, 3.35e-08, 6.68e-08, 1.93e-07, 1.53e-07, 7.87e-07, 2.07e-07]    []  
STEP 109000 BETA 1.00133288
110000    [5.95e-06, 8.44e-06, 6.85e-06, 4.51e-06, 1.87e-06, 3.89e-07, 4.85e-07, 6.82e-07, 1.05e-06, 1.58e-06, 8.18e-08]    [5.95e-06, 8.44e-06, 6.85e-06, 4.51e-06, 1.87e-06, 3.89e-07, 4.85e-07, 6.82e-07, 1.05e-06, 1.58e-06, 8.18e-08]    []  
STEP 110000 BETA 1.00149810
111000    [8.79e-06, 9.77e-06, 6.54e-06, 4.97e-06, 3.75e-06, 1.10e-07, 7.73e-07, 6.97e-07, 1.92e-06, 1.46e-06, 6.87e-07]    [8.79e-06, 9.77e-06, 6.54e-06, 4.97e-06, 3.75e-06, 1.10e-07, 7.73e-07, 6.97e-07, 1.92e-06, 1.46e-06, 6.87e-07]    []  
STEP 111000 BETA 1.00115812
112000    [1.43e-06, 2.31e-06, 4.00e-06, 1.55e-06, 4.53e-07, 1.24e-08, 2.34e-07, 1.32e-07, 2.54e-07, 8.68e-07, 5.68e-07]    [1.43e-06, 2.31e-06, 4.00e-06, 1.55e-06, 4.53e-07, 1.24e-08, 2.34e-07, 1.32e-07, 2.54e-07, 8.68e-07, 5.68e-07]    []  
STEP 112000 BETA 1.00198531
113000    [1.02e-06, 8.83e-07, 3.59e-06, 4.64e-07, 3.43e-07, 1.44e-08, 5.35e-08, 1.24e-07, 1.36e-07, 7.59e-07, 6.46e-09]    [1.02e-06, 8.83e-07, 3.59e-06, 4.64e-07, 3.43e-07, 1.44e-08, 5.35e-08, 1.24e-07, 1.36e-07, 7.59e-07, 6.46e-09]    []  
STEP 113000 BETA 1.00114250
114000    [1.93e-06, 3.34e-06, 4.08e-06, 1.37e-06, 6.92e-07, 5.37e-08, 1.30e-07, 3.16e-08, 3.99e-07, 7.95e-07, 7.92e-08]    [1.93e-06, 3.34e-06, 4.08e-06, 1.37e-06, 6.92e-07, 5.37e-08, 1.30e-07, 3.16e-08, 3.99e-07, 7.95e-07, 7.92e-08]    []  
STEP 114000 BETA 1.00104189
115000    [1.08e-06, 1.08e-06, 3.59e-06, 6.48e-07, 2.92e-07, 2.16e-08, 7.71e-08, 9.79e-08, 1.28e-07, 7.75e-07, 2.29e-07]    [1.08e-06, 1.08e-06, 3.59e-06, 6.48e-07, 2.92e-07, 2.16e-08, 7.71e-08, 9.79e-08, 1.28e-07, 7.75e-07, 2.29e-07]    []  
STEP 115000 BETA 1.00085092
116000    [2.62e-06, 3.29e-06, 4.52e-06, 2.22e-06, 6.47e-07, 1.13e-07, 2.68e-07, 3.52e-07, 2.08e-07, 1.01e-06, 7.65e-07]    [2.62e-06, 3.29e-06, 4.52e-06, 2.22e-06, 6.47e-07, 1.13e-07, 2.68e-07, 3.52e-07, 2.08e-07, 1.01e-06, 7.65e-07]    []  
STEP 116000 BETA 1.00100386
117000    [6.98e-06, 3.01e-06, 5.33e-06, 2.50e-06, 2.15e-06, 9.57e-07, 1.92e-07, 5.16e-07, 4.55e-07, 1.34e-06, 2.23e-07]    [6.98e-06, 3.01e-06, 5.33e-06, 2.50e-06, 2.15e-06, 9.57e-07, 1.92e-07, 5.16e-07, 4.55e-07, 1.34e-06, 2.23e-07]    []  
STEP 117000 BETA 1.00148237
118000    [2.53e-06, 5.67e-06, 4.84e-06, 3.25e-06, 8.22e-07, 6.97e-08, 4.96e-07, 8.29e-08, 2.62e-07, 1.02e-06, 1.61e-06]    [2.53e-06, 5.67e-06, 4.84e-06, 3.25e-06, 8.22e-07, 6.97e-08, 4.96e-07, 8.29e-08, 2.62e-07, 1.02e-06, 1.61e-06]    []  
STEP 118000 BETA 1.00071383
119000    [2.18e-06, 1.65e-06, 3.40e-06, 3.18e-07, 1.35e-06, 2.96e-08, 1.46e-07, 5.26e-07, 2.39e-07, 7.63e-07, 9.80e-09]    [2.18e-06, 1.65e-06, 3.40e-06, 3.18e-07, 1.35e-06, 2.96e-08, 1.46e-07, 5.26e-07, 2.39e-07, 7.63e-07, 9.80e-09]    []  
STEP 119000 BETA 1.00087786
120000    [4.50e-06, 2.02e-06, 4.95e-06, 2.07e-06, 1.47e-06, 2.97e-07, 1.94e-07, 2.20e-07, 4.72e-07, 9.63e-07, 5.01e-07]    [4.50e-06, 2.02e-06, 4.95e-06, 2.07e-06, 1.47e-06, 2.97e-07, 1.94e-07, 2.20e-07, 4.72e-07, 9.63e-07, 5.01e-07]    []  
STEP 120000 BETA 1.00057459
121000    [1.90e-06, 2.23e-06, 3.31e-06, 7.00e-07, 8.01e-07, 1.66e-07, 1.46e-07, 4.24e-08, 2.45e-07, 7.14e-07, 1.89e-07]    [1.90e-06, 2.23e-06, 3.31e-06, 7.00e-07, 8.01e-07, 1.66e-07, 1.46e-07, 4.24e-08, 2.45e-07, 7.14e-07, 1.89e-07]    []  
STEP 121000 BETA 1.00155938
122000    [6.95e-06, 4.12e-06, 4.03e-06, 1.19e-06, 4.85e-06, 4.35e-07, 5.40e-07, 5.56e-07, 6.50e-07, 8.13e-07, 4.68e-07]    [6.95e-06, 4.12e-06, 4.03e-06, 1.19e-06, 4.85e-06, 4.35e-07, 5.40e-07, 5.56e-07, 6.50e-07, 8.13e-07, 4.68e-07]    []  
STEP 122000 BETA 1.00034189
123000    [6.70e-06, 9.18e-06, 7.24e-06, 5.99e-06, 1.84e-06, 3.19e-07, 9.61e-07, 5.25e-07, 6.38e-07, 1.42e-06, 2.09e-06]    [6.70e-06, 9.18e-06, 7.24e-06, 5.99e-06, 1.84e-06, 3.19e-07, 9.61e-07, 5.25e-07, 6.38e-07, 1.42e-06, 2.09e-06]    []  
STEP 123000 BETA 1.00062335
124000    [1.21e-06, 1.22e-06, 3.60e-06, 9.29e-07, 4.29e-07, 1.98e-08, 8.59e-08, 5.45e-08, 2.75e-07, 6.79e-07, 1.98e-07]    [1.21e-06, 1.22e-06, 3.60e-06, 9.29e-07, 4.29e-07, 1.98e-08, 8.59e-08, 5.45e-08, 2.75e-07, 6.79e-07, 1.98e-07]    []  
STEP 124000 BETA 1.00022280
125000    [7.84e-07, 1.13e-06, 3.31e-06, 6.80e-07, 3.36e-07, 1.87e-08, 6.64e-08, 6.40e-08, 1.18e-07, 6.69e-07, 2.57e-07]    [7.84e-07, 1.13e-06, 3.31e-06, 6.80e-07, 3.36e-07, 1.87e-08, 6.64e-08, 6.40e-08, 1.18e-07, 6.69e-07, 2.57e-07]    []  
STEP 125000 BETA 1.00003207
126000    [1.88e-06, 3.53e-06, 4.09e-06, 2.27e-06, 6.55e-07, 3.60e-08, 3.56e-07, 7.34e-08, 3.75e-07, 8.74e-07, 5.52e-07]    [1.88e-06, 3.53e-06, 4.09e-06, 2.27e-06, 6.55e-07, 3.60e-08, 3.56e-07, 7.34e-08, 3.75e-07, 8.74e-07, 5.52e-07]    []  
STEP 126000 BETA 1.00053859
127000    [5.73e-07, 4.73e-07, 2.86e-06, 2.37e-07, 1.85e-07, 1.35e-08, 4.70e-08, 3.11e-08, 1.11e-07, 6.11e-07, 2.49e-12]    [5.73e-07, 4.73e-07, 2.86e-06, 2.37e-07, 1.85e-07, 1.35e-08, 4.70e-08, 3.11e-08, 1.11e-07, 6.11e-07, 2.49e-12]    []  
STEP 127000 BETA 1.00008023
128000    [4.48e-06, 1.41e-05, 1.38e-05, 1.33e-05, 4.76e-07, 4.79e-07, 5.51e-07, 1.75e-07, 2.14e-07, 9.40e-07, 1.09e-05]    [4.48e-06, 1.41e-05, 1.38e-05, 1.33e-05, 4.76e-07, 4.79e-07, 5.51e-07, 1.75e-07, 2.14e-07, 9.40e-07, 1.09e-05]    []  
STEP 128000 BETA 1.00006139
129000    [2.45e-06, 2.64e-06, 5.86e-06, 2.90e-06, 1.00e-06, 4.85e-08, 1.58e-07, 2.89e-07, 6.62e-07, 8.00e-07, 1.35e-06]    [2.45e-06, 2.64e-06, 5.86e-06, 2.90e-06, 1.00e-06, 4.85e-08, 1.58e-07, 2.89e-07, 6.62e-07, 8.00e-07, 1.35e-06]    []  
STEP 129000 BETA 0.99984384
130000    [2.05e-06, 1.10e-06, 2.96e-06, 3.82e-07, 9.34e-07, 1.25e-07, 1.17e-07, 2.97e-08, 1.88e-07, 6.23e-07, 4.41e-08]    [2.05e-06, 1.10e-06, 2.96e-06, 3.82e-07, 9.34e-07, 1.25e-07, 1.17e-07, 2.97e-08, 1.88e-07, 6.23e-07, 4.41e-08]    []  
STEP 130000 BETA 1.00002217
131000    [3.11e-06, 4.87e-06, 4.02e-06, 2.67e-06, 8.82e-07, 7.01e-08, 1.92e-07, 1.63e-07, 5.05e-07, 8.03e-07, 3.86e-08]    [3.11e-06, 4.87e-06, 4.02e-06, 2.67e-06, 8.82e-07, 7.01e-08, 1.92e-07, 1.63e-07, 5.05e-07, 8.03e-07, 3.86e-08]    []  
STEP 131000 BETA 0.99980611
132000    [5.51e-07, 5.87e-07, 2.60e-06, 3.00e-07, 1.72e-07, 1.65e-08, 4.88e-08, 3.92e-08, 1.07e-07, 5.36e-07, 6.56e-08]    [5.51e-07, 5.87e-07, 2.60e-06, 3.00e-07, 1.72e-07, 1.65e-08, 4.88e-08, 3.92e-08, 1.07e-07, 5.36e-07, 6.56e-08]    []  
STEP 132000 BETA 0.99970925
133000    [4.03e-06, 1.10e-05, 6.80e-06, 5.88e-06, 1.81e-06, 1.84e-08, 1.11e-06, 2.35e-07, 6.54e-07, 8.93e-07, 2.22e-06]    [4.03e-06, 1.10e-05, 6.80e-06, 5.88e-06, 1.81e-06, 1.84e-08, 1.11e-06, 2.35e-07, 6.54e-07, 8.93e-07, 2.22e-06]    []  
STEP 133000 BETA 0.99964881
134000    [3.02e-06, 1.83e-06, 4.07e-06, 1.10e-06, 9.09e-07, 2.63e-07, 5.71e-08, 1.20e-06, 1.09e-07, 9.50e-07, 2.88e-07]    [3.02e-06, 1.83e-06, 4.07e-06, 1.10e-06, 9.09e-07, 2.63e-07, 5.71e-08, 1.20e-06, 1.09e-07, 9.50e-07, 2.88e-07]    []  
STEP 134000 BETA 0.99988836
135000    [1.43e-06, 1.69e-06, 3.21e-06, 1.16e-06, 4.63e-07, 4.11e-08, 1.00e-07, 3.34e-07, 9.67e-08, 6.83e-07, 6.52e-07]    [1.43e-06, 1.69e-06, 3.21e-06, 1.16e-06, 4.63e-07, 4.11e-08, 1.00e-07, 3.34e-07, 9.67e-08, 6.83e-07, 6.52e-07]    []  
STEP 135000 BETA 0.99966717
136000    [5.68e-07, 4.58e-07, 2.04e-06, 2.32e-07, 2.08e-07, 2.40e-08, 4.77e-08, 3.04e-08, 8.89e-08, 5.28e-07, 1.68e-08]    [5.68e-07, 4.58e-07, 2.04e-06, 2.32e-07, 2.08e-07, 2.40e-08, 4.77e-08, 3.04e-08, 8.89e-08, 5.28e-07, 1.68e-08]    []  
STEP 136000 BETA 0.99938971
137000    [3.55e-06, 1.91e-06, 2.27e-06, 3.57e-07, 2.12e-06, 2.01e-07, 1.79e-07, 7.50e-08, 2.61e-07, 6.29e-07, 1.54e-08]    [3.55e-06, 1.91e-06, 2.27e-06, 3.57e-07, 2.12e-06, 2.01e-07, 1.79e-07, 7.50e-08, 2.61e-07, 6.29e-07, 1.54e-08]    []  
STEP 137000 BETA 0.99927711
138000    [8.63e-06, 5.20e-06, 4.99e-06, 3.07e-06, 2.72e-06, 9.80e-07, 3.72e-07, 5.45e-07, 4.52e-07, 1.16e-06, 3.99e-07]    [8.63e-06, 5.20e-06, 4.99e-06, 3.07e-06, 2.72e-06, 9.80e-07, 3.72e-07, 5.45e-07, 4.52e-07, 1.16e-06, 3.99e-07]    []  
STEP 138000 BETA 0.99943274
139000    [2.82e-06, 5.11e-06, 5.91e-06, 3.56e-06, 5.56e-07, 3.15e-07, 4.16e-07, 2.20e-07, 1.67e-07, 6.40e-07, 3.00e-06]    [2.82e-06, 5.11e-06, 5.91e-06, 3.56e-06, 5.56e-07, 3.15e-07, 4.16e-07, 2.20e-07, 1.67e-07, 6.40e-07, 3.00e-06]    []  
STEP 139000 BETA 0.99943519
140000    [4.36e-06, 9.53e-06, 1.04e-05, 9.56e-06, 1.16e-06, 1.00e-07, 4.79e-08, 1.10e-07, 7.81e-07, 6.96e-07, 5.53e-06]    [4.36e-06, 9.53e-06, 1.04e-05, 9.56e-06, 1.16e-06, 1.00e-07, 4.79e-08, 1.10e-07, 7.81e-07, 6.96e-07, 5.53e-06]    []  
STEP 140000 BETA 0.99873084
141000    [3.87e-06, 4.80e-06, 4.04e-06, 1.47e-06, 2.42e-06, 1.21e-07, 2.06e-07, 6.13e-07, 3.25e-07, 6.84e-07, 5.96e-08]    [3.87e-06, 4.80e-06, 4.04e-06, 1.47e-06, 2.42e-06, 1.21e-07, 2.06e-07, 6.13e-07, 3.25e-07, 6.84e-07, 5.96e-08]    []  
STEP 141000 BETA 0.99910587
142000    [4.62e-06, 3.76e-06, 3.99e-06, 2.80e-06, 1.91e-06, 6.68e-07, 3.03e-07, 2.49e-07, 3.29e-07, 9.13e-07, 4.67e-07]    [4.62e-06, 3.76e-06, 3.99e-06, 2.80e-06, 1.91e-06, 6.68e-07, 3.03e-07, 2.49e-07, 3.29e-07, 9.13e-07, 4.67e-07]    []  
STEP 142000 BETA 0.99891984
143000    [3.85e-07, 3.59e-07, 1.31e-06, 1.83e-07, 1.49e-07, 1.28e-08, 3.80e-08, 2.83e-08, 9.04e-08, 4.51e-07, 6.28e-11]    [3.85e-07, 3.59e-07, 1.31e-06, 1.83e-07, 1.49e-07, 1.28e-08, 3.80e-08, 2.83e-08, 9.04e-08, 4.51e-07, 6.28e-11]    []  
STEP 143000 BETA 0.99880630
144000    [9.04e-07, 1.14e-06, 1.70e-06, 3.73e-07, 6.09e-07, 3.10e-08, 6.95e-08, 1.57e-07, 1.22e-07, 4.95e-07, 9.16e-08]    [9.04e-07, 1.14e-06, 1.70e-06, 3.73e-07, 6.09e-07, 3.10e-08, 6.95e-08, 1.57e-07, 1.22e-07, 4.95e-07, 9.16e-08]    []  
STEP 144000 BETA 0.99884462
145000    [1.06e-06, 8.12e-07, 1.59e-06, 5.18e-07, 6.25e-07, 2.21e-08, 7.60e-08, 1.67e-07, 1.91e-07, 4.95e-07, 2.81e-07]    [1.06e-06, 8.12e-07, 1.59e-06, 5.18e-07, 6.25e-07, 2.21e-08, 7.60e-08, 1.67e-07, 1.91e-07, 4.95e-07, 2.81e-07]    []  
STEP 145000 BETA 0.99879903
146000    [3.65e-06, 1.01e-05, 8.02e-06, 6.53e-06, 2.31e-06, 2.07e-07, 9.71e-07, 7.92e-08, 3.83e-07, 6.03e-07, 3.80e-06]    [3.65e-06, 1.01e-05, 8.02e-06, 6.53e-06, 2.31e-06, 2.07e-07, 9.71e-07, 7.92e-08, 3.83e-07, 6.03e-07, 3.80e-06]    []  
STEP 146000 BETA 0.99857205
147000    [1.12e-05, 1.46e-05, 5.04e-06, 5.25e-06, 6.85e-06, 1.23e-06, 9.03e-07, 3.12e-07, 2.75e-07, 8.57e-07, 1.56e-06]    [1.12e-05, 1.46e-05, 5.04e-06, 5.25e-06, 6.85e-06, 1.23e-06, 9.03e-07, 3.12e-07, 2.75e-07, 8.57e-07, 1.56e-06]    []  
STEP 147000 BETA 1.00245786
148000    [5.95e-07, 4.18e-07, 1.09e-06, 2.14e-07, 2.68e-07, 1.27e-08, 3.52e-08, 1.15e-07, 8.33e-08, 4.45e-07, 1.90e-09]    [5.95e-07, 4.18e-07, 1.09e-06, 2.14e-07, 2.68e-07, 1.27e-08, 3.52e-08, 1.15e-07, 8.33e-08, 4.45e-07, 1.90e-09]    []  
STEP 148000 BETA 0.99849617
149000    [4.71e-07, 1.05e-06, 1.57e-06, 7.00e-07, 2.15e-07, 1.15e-08, 1.12e-07, 3.92e-08, 9.03e-08, 3.77e-07, 3.71e-07]    [4.71e-07, 1.05e-06, 1.57e-06, 7.00e-07, 2.15e-07, 1.15e-08, 1.12e-07, 3.92e-08, 9.03e-08, 3.77e-07, 3.71e-07]    []  
STEP 149000 BETA 0.99830091
150000    [7.98e-06, 6.19e-06, 4.25e-06, 3.51e-06, 4.64e-06, 3.08e-07, 8.37e-07, 2.67e-07, 1.73e-06, 1.05e-06, 3.57e-07]    [7.98e-06, 6.19e-06, 4.25e-06, 3.51e-06, 4.64e-06, 3.08e-07, 8.37e-07, 2.67e-07, 1.73e-06, 1.05e-06, 3.57e-07]    []  
STEP 150000 BETA 0.99872202

Best model at step 143000:
  train loss: 3.00e-06
  test loss: 3.00e-06
  test metric: []

'train' took 23343.091697 s

RUN_COMPLETE {'case': 'A9', 'iterations': 150000, 'elapsed_seconds': 23343.091727018356, 'final_beta': [0.9987220168113708], 'final_A_or_beta0': 0.9987220168113708, 'true_A': 1.0, 'relative_l2': {'ux': 0.07450051556403266, 'uy': 0.011348506419793191, 'sxx': 0.1473434073782173, 'syy': 0.0694716761142055, 'sxy': 0.15171802769378454, 'K': 0.10715457708629082, 'mu': 0.2039383980472529, 'E': 0.18246058345204913, 'nu': 0.17199186685140086}, 'split_relative_l2': {'evaluation': {'ux': 0.07450051556403266, 'uy': 0.011348506419793191, 'sxx': 0.1473434073782173, 'syy': 0.0694716761142055, 'sxy': 0.15171802769378454, 'K': 0.10715457708629082, 'mu': 0.2039383980472529, 'E': 0.18246058345204913, 'nu': 0.17199186685140086}, 'validation': {'ux': 0.06473386088595898, 'uy': 0.011526562945172243, 'sxx': 0.14413807794619385, 'syy': 0.06508968784827653, 'sxy': 0.14591947361861748, 'K': 0.09919324607294687, 'mu': 0.2002458089973435, 'E': 0.17864863255562646, 'nu': 0.16982901169313755}, 'train': {'ux': 0.05528201876481748, 'uy': 0.011885305611993153, 'sxx': 0.1400707141941852, 'syy': 0.06112833809236659, 'sxy': 0.1412066835438658, 'K': 0.09238815513017883, 'mu': 0.19609565332006348, 'E': 0.17453965822637418, 'nu': 0.16747639123840033}}, 'true_reaction_y': 0.27722135186195374, 'pred_reaction_y': 0.27662384510040283, 'pred_reaction_y_stress_branch': 0.2768344581127167, 'pred_reaction_y_constitutive': 0.27662384510040283, 'reaction_rel_error': 0.0021553417784582656, 'reaction_rel_error_stress_branch': 0.0013956130963112977, 'reaction_rel_error_constitutive': 0.0021553417784582656, 'equilibrium_form': 'direct', 'reaction_form': 'constitutive', 'run_note': 'Split_network_learnable_boundary_amplitude_with_reaction_formal150k', 'best_step': 143000, 'eval_checkpoint': 'best', 'eval_checkpoint_path': '/public/home/xinxi/wxtian/WXTIAN/PINN/deepxde/boundary_uncertainty_pinn/exp/01.FormalKeyAblation/A9/model/final_model-150000.pt', 'final_model_path': '/public/home/xinxi/wxtian/WXTIAN/PINN/deepxde/boundary_uncertainty_pinn/exp/01.FormalKeyAblation/A9/model/final_model-150000.pt', 'final_train_loss_sum': 3.113121056230739e-05, 'final_test_loss_sum': 3.113121056230739e-05, 'independent_test_loss_available': False, 'loss_history_interval': 1000, 'num_trainable_parameters': 29432}
