Using backend: pytorch
Other supported backends: tensorflow.compat.v1, tensorflow, jax, paddle.
paddle supports more examples now and is recommended.
Compiling model...
'compile' took 0.555036 s

Training model...

Step      Train loss                                                                                                                  Test loss                                                                                                                   Test metric
0         [1.37e-01, 9.15e-02, 7.03e-02, 1.29e-02, 3.46e-01, 2.00e-03, 1.79e-02, 8.67e-02, 1.18e-01, 5.58e-01, 1.56e-01, 1.26e+00]    [1.37e-01, 9.15e-02, 7.03e-02, 1.29e-02, 3.46e-01, 2.00e-03, 1.79e-02, 8.67e-02, 1.18e-01, 5.58e-01, 1.56e-01, 1.26e+00]    []  
1000      [1.26e-03, 1.58e-03, 5.19e-04, 5.25e-04, 1.47e-04, 8.58e-05, 6.24e-05, 4.34e-05, 3.23e-05, 2.68e-04, 1.67e-04, 1.07e-06]    [1.26e-03, 1.58e-03, 5.19e-04, 5.25e-04, 1.47e-04, 8.58e-05, 6.24e-05, 4.34e-05, 3.23e-05, 2.68e-04, 1.67e-04, 1.07e-06]    []  
STEP 1000 BETA 0.98148084
2000      [4.85e-04, 9.39e-04, 6.49e-04, 6.67e-04, 1.07e-04, 1.11e-04, 1.40e-05, 7.41e-06, 1.03e-04, 8.89e-04, 8.38e-05, 5.12e-04]    [4.85e-04, 9.39e-04, 6.49e-04, 6.67e-04, 1.07e-04, 1.11e-04, 1.40e-05, 7.41e-06, 1.03e-04, 8.89e-04, 8.38e-05, 5.12e-04]    []  
STEP 2000 BETA 1.00085151
3000      [3.68e-04, 3.65e-04, 8.38e-05, 1.66e-04, 3.47e-05, 4.50e-05, 1.27e-05, 3.18e-05, 9.32e-06, 9.38e-05, 2.26e-05, 7.80e-07]    [3.68e-04, 3.65e-04, 8.38e-05, 1.66e-04, 3.47e-05, 4.50e-05, 1.27e-05, 3.18e-05, 9.32e-06, 9.38e-05, 2.26e-05, 7.80e-07]    []  
STEP 3000 BETA 1.00798666
4000      [3.14e-04, 1.90e-04, 3.92e-05, 1.35e-04, 2.09e-05, 3.69e-05, 8.11e-06, 1.53e-05, 6.33e-06, 6.61e-05, 1.58e-05, 8.52e-08]    [3.14e-04, 1.90e-04, 3.92e-05, 1.35e-04, 2.09e-05, 3.69e-05, 8.11e-06, 1.53e-05, 6.33e-06, 6.61e-05, 1.58e-05, 8.52e-08]    []  
STEP 4000 BETA 1.01135921
5000      [2.47e-04, 1.37e-04, 3.19e-05, 8.47e-05, 1.55e-05, 3.47e-05, 8.23e-06, 6.98e-06, 4.51e-06, 5.02e-05, 1.14e-05, 1.40e-06]    [2.47e-04, 1.37e-04, 3.19e-05, 8.47e-05, 1.55e-05, 3.47e-05, 8.23e-06, 6.98e-06, 4.51e-06, 5.02e-05, 1.14e-05, 1.40e-06]    []  
STEP 5000 BETA 1.00832570
6000      [1.88e-04, 1.16e-04, 3.86e-05, 7.27e-05, 1.00e-05, 3.38e-05, 5.46e-06, 3.28e-06, 4.21e-06, 5.08e-05, 8.62e-06, 7.25e-07]    [1.88e-04, 1.16e-04, 3.86e-05, 7.27e-05, 1.00e-05, 3.38e-05, 5.46e-06, 3.28e-06, 4.21e-06, 5.08e-05, 8.62e-06, 7.25e-07]    []  
STEP 6000 BETA 1.00771856
7000      [1.32e-04, 9.33e-05, 3.13e-05, 5.71e-05, 7.52e-06, 3.21e-05, 5.50e-06, 2.16e-06, 1.99e-06, 4.24e-05, 9.44e-06, 8.69e-06]    [1.32e-04, 9.33e-05, 3.13e-05, 5.71e-05, 7.52e-06, 3.21e-05, 5.50e-06, 2.16e-06, 1.99e-06, 4.24e-05, 9.44e-06, 8.69e-06]    []  
STEP 7000 BETA 1.00696945
8000      [8.85e-05, 7.22e-05, 2.11e-05, 3.96e-05, 5.04e-06, 2.85e-05, 1.55e-06, 2.69e-06, 1.44e-06, 3.15e-05, 5.23e-06, 5.82e-08]    [8.85e-05, 7.22e-05, 2.11e-05, 3.96e-05, 5.04e-06, 2.85e-05, 1.55e-06, 2.69e-06, 1.44e-06, 3.15e-05, 5.23e-06, 5.82e-08]    []  
STEP 8000 BETA 1.00793004
9000      [1.47e-04, 3.25e-04, 5.03e-04, 6.20e-04, 3.19e-05, 5.37e-05, 7.30e-07, 2.48e-05, 6.71e-05, 8.21e-04, 1.62e-05, 4.32e-04]    [1.47e-04, 3.25e-04, 5.03e-04, 6.20e-04, 3.19e-05, 5.37e-05, 7.30e-07, 2.48e-05, 6.71e-05, 8.21e-04, 1.62e-05, 4.32e-04]    []  
STEP 9000 BETA 1.00722420
10000     [4.69e-05, 5.07e-05, 1.48e-05, 8.89e-06, 9.65e-06, 2.44e-05, 1.20e-06, 1.29e-06, 3.33e-06, 3.97e-05, 2.03e-05, 9.73e-06]    [4.69e-05, 5.07e-05, 1.48e-05, 8.89e-06, 9.65e-06, 2.44e-05, 1.20e-06, 1.29e-06, 3.33e-06, 3.97e-05, 2.03e-05, 9.73e-06]    []  
STEP 10000 BETA 1.00449181
11000     [3.67e-05, 5.79e-05, 3.61e-05, 3.36e-05, 3.32e-06, 2.03e-05, 1.10e-06, 7.88e-07, 2.85e-06, 3.54e-05, 3.10e-06, 7.92e-06]    [3.67e-05, 5.79e-05, 3.61e-05, 3.36e-05, 3.32e-06, 2.03e-05, 1.10e-06, 7.88e-07, 2.85e-06, 3.54e-05, 3.10e-06, 7.92e-06]    []  
STEP 11000 BETA 1.00500071
12000     [7.46e-05, 9.51e-05, 3.67e-05, 3.97e-05, 2.73e-05, 1.77e-05, 1.90e-05, 3.89e-05, 1.54e-05, 2.15e-04, 1.21e-04, 1.82e-04]    [7.46e-05, 9.51e-05, 3.67e-05, 3.97e-05, 2.73e-05, 1.77e-05, 1.90e-05, 3.89e-05, 1.54e-05, 2.15e-04, 1.21e-04, 1.82e-04]    []  
STEP 12000 BETA 1.00380528
13000     [1.89e-05, 3.32e-05, 1.17e-05, 6.07e-06, 2.27e-06, 1.25e-05, 1.20e-06, 1.24e-06, 9.99e-07, 1.11e-05, 2.07e-06, 5.63e-08]    [1.89e-05, 3.32e-05, 1.17e-05, 6.07e-06, 2.27e-06, 1.25e-05, 1.20e-06, 1.24e-06, 9.99e-07, 1.11e-05, 2.07e-06, 5.63e-08]    []  
STEP 13000 BETA 1.00324523
14000     [4.85e-05, 7.61e-05, 5.65e-05, 5.57e-05, 1.43e-05, 1.16e-05, 4.61e-06, 1.15e-05, 2.71e-05, 2.02e-04, 4.72e-05, 2.38e-04]    [4.85e-05, 7.61e-05, 5.65e-05, 5.57e-05, 1.43e-05, 1.16e-05, 4.61e-06, 1.15e-05, 2.71e-05, 2.02e-04, 4.72e-05, 2.38e-04]    []  
STEP 14000 BETA 1.00267398
15000     [1.88e-05, 3.58e-05, 1.94e-05, 1.66e-05, 2.59e-06, 9.47e-06, 1.17e-06, 1.87e-06, 1.86e-06, 1.61e-05, 2.02e-06, 1.31e-05]    [1.88e-05, 3.58e-05, 1.94e-05, 1.66e-05, 2.59e-06, 9.47e-06, 1.17e-06, 1.87e-06, 1.86e-06, 1.61e-05, 2.02e-06, 1.31e-05]    []  
STEP 15000 BETA 1.00095248
16000     [1.31e-05, 2.39e-05, 9.91e-06, 4.72e-06, 2.42e-06, 6.64e-06, 1.12e-06, 4.74e-07, 8.09e-07, 8.56e-06, 1.46e-06, 4.78e-07]    [1.31e-05, 2.39e-05, 9.91e-06, 4.72e-06, 2.42e-06, 6.64e-06, 1.12e-06, 4.74e-07, 8.09e-07, 8.56e-06, 1.46e-06, 4.78e-07]    []  
STEP 16000 BETA 1.00135899
17000     [1.37e-05, 2.38e-05, 1.04e-05, 6.40e-06, 4.11e-06, 6.83e-06, 5.28e-07, 9.05e-07, 7.09e-07, 8.60e-06, 3.40e-06, 1.53e-06]    [1.37e-05, 2.38e-05, 1.04e-05, 6.40e-06, 4.11e-06, 6.83e-06, 5.28e-07, 9.05e-07, 7.09e-07, 8.60e-06, 3.40e-06, 1.53e-06]    []  
STEP 17000 BETA 1.00069499
18000     [1.07e-05, 2.07e-05, 8.27e-06, 5.20e-06, 3.11e-06, 4.35e-06, 1.13e-06, 1.08e-06, 1.43e-06, 4.78e-06, 3.83e-06, 8.82e-06]    [1.07e-05, 2.07e-05, 8.27e-06, 5.20e-06, 3.11e-06, 4.35e-06, 1.13e-06, 1.08e-06, 1.43e-06, 4.78e-06, 3.83e-06, 8.82e-06]    []  
STEP 18000 BETA 1.00082552
19000     [1.07e-05, 1.91e-05, 7.77e-06, 4.51e-06, 4.00e-06, 3.77e-06, 1.23e-06, 2.07e-06, 1.13e-06, 8.18e-06, 5.22e-06, 1.87e-06]    [1.07e-05, 1.91e-05, 7.77e-06, 4.51e-06, 4.00e-06, 3.77e-06, 1.23e-06, 2.07e-06, 1.13e-06, 8.18e-06, 5.22e-06, 1.87e-06]    []  
STEP 19000 BETA 1.00067115
20000     [7.60e-06, 1.60e-05, 5.16e-06, 2.93e-06, 1.69e-06, 3.43e-06, 6.31e-07, 4.52e-07, 5.82e-07, 1.84e-06, 1.05e-06, 8.88e-08]    [7.60e-06, 1.60e-05, 5.16e-06, 2.93e-06, 1.69e-06, 3.43e-06, 6.31e-07, 4.52e-07, 5.82e-07, 1.84e-06, 1.05e-06, 8.88e-08]    []  
STEP 20000 BETA 1.00135446
21000     [2.85e-05, 5.15e-05, 2.88e-05, 3.40e-05, 7.92e-06, 7.12e-06, 2.57e-06, 3.45e-06, 7.06e-06, 5.76e-05, 1.34e-05, 7.31e-05]    [2.85e-05, 5.15e-05, 2.88e-05, 3.40e-05, 7.92e-06, 7.12e-06, 2.57e-06, 3.45e-06, 7.06e-06, 5.76e-05, 1.34e-05, 7.31e-05]    []  
STEP 21000 BETA 0.99987525
22000     [2.02e-05, 3.21e-05, 1.62e-05, 1.50e-05, 4.30e-06, 3.70e-06, 2.34e-06, 4.51e-06, 5.25e-06, 5.21e-05, 1.32e-05, 4.96e-05]    [2.02e-05, 3.21e-05, 1.62e-05, 1.50e-05, 4.30e-06, 3.70e-06, 2.34e-06, 4.51e-06, 5.25e-06, 5.21e-05, 1.32e-05, 4.96e-05]    []  
STEP 22000 BETA 1.00059175
23000     [3.04e-05, 5.71e-05, 3.75e-05, 4.50e-05, 7.80e-06, 5.03e-06, 1.49e-06, 1.95e-06, 8.15e-06, 3.71e-05, 1.02e-05, 7.61e-05]    [3.04e-05, 5.71e-05, 3.75e-05, 4.50e-05, 7.80e-06, 5.03e-06, 1.49e-06, 1.95e-06, 8.15e-06, 3.71e-05, 1.02e-05, 7.61e-05]    []  
STEP 23000 BETA 1.00001764
24000     [6.41e-06, 1.17e-05, 4.00e-06, 2.75e-06, 1.81e-06, 2.65e-06, 6.59e-07, 2.37e-07, 5.79e-07, 1.82e-06, 1.10e-06, 2.43e-07]    [6.41e-06, 1.17e-05, 4.00e-06, 2.75e-06, 1.81e-06, 2.65e-06, 6.59e-07, 2.37e-07, 5.79e-07, 1.82e-06, 1.10e-06, 2.43e-07]    []  
STEP 24000 BETA 1.00079310
25000     [5.82e-06, 1.10e-05, 3.97e-06, 2.98e-06, 1.51e-06, 2.38e-06, 4.73e-07, 2.32e-07, 4.11e-07, 1.49e-06, 1.14e-06, 2.34e-08]    [5.82e-06, 1.10e-05, 3.97e-06, 2.98e-06, 1.51e-06, 2.38e-06, 4.73e-07, 2.32e-07, 4.11e-07, 1.49e-06, 1.14e-06, 2.34e-08]    []  
STEP 25000 BETA 0.99994957
26000     [7.66e-06, 1.36e-05, 5.78e-06, 5.05e-06, 1.96e-06, 2.33e-06, 6.96e-07, 6.58e-07, 1.27e-06, 1.11e-05, 2.84e-06, 1.05e-05]    [7.66e-06, 1.36e-05, 5.78e-06, 5.05e-06, 1.96e-06, 2.33e-06, 6.96e-07, 6.58e-07, 1.27e-06, 1.11e-05, 2.84e-06, 1.05e-05]    []  
STEP 26000 BETA 0.99985498
27000     [9.07e-06, 1.09e-05, 5.86e-06, 4.47e-06, 5.71e-06, 3.31e-06, 1.31e-06, 2.01e-06, 1.11e-06, 9.33e-06, 8.42e-06, 2.93e-07]    [9.07e-06, 1.09e-05, 5.86e-06, 4.47e-06, 5.71e-06, 3.31e-06, 1.31e-06, 2.01e-06, 1.11e-06, 9.33e-06, 8.42e-06, 2.93e-07]    []  
STEP 27000 BETA 0.99988937
28000     [8.63e-06, 1.62e-05, 9.65e-06, 9.15e-06, 5.27e-06, 3.21e-06, 1.21e-06, 5.11e-07, 1.44e-06, 4.55e-06, 3.97e-06, 1.57e-05]    [8.63e-06, 1.62e-05, 9.65e-06, 9.15e-06, 5.27e-06, 3.21e-06, 1.21e-06, 5.11e-07, 1.44e-06, 4.55e-06, 3.97e-06, 1.57e-05]    []  
STEP 28000 BETA 0.99982560
29000     [5.83e-06, 7.42e-06, 3.21e-06, 2.74e-06, 1.44e-06, 2.01e-06, 5.14e-07, 3.34e-07, 3.20e-07, 4.23e-06, 7.32e-07, 4.22e-08]    [5.83e-06, 7.42e-06, 3.21e-06, 2.74e-06, 1.44e-06, 2.01e-06, 5.14e-07, 3.34e-07, 3.20e-07, 4.23e-06, 7.32e-07, 4.22e-08]    []  
STEP 29000 BETA 1.00004876
30000     [4.65e-06, 6.43e-06, 2.33e-06, 2.00e-06, 1.32e-06, 1.90e-06, 5.03e-07, 2.44e-07, 2.88e-07, 2.27e-06, 6.20e-07, 6.86e-07]    [4.65e-06, 6.43e-06, 2.33e-06, 2.00e-06, 1.32e-06, 1.90e-06, 5.03e-07, 2.44e-07, 2.88e-07, 2.27e-06, 6.20e-07, 6.86e-07]    []  
STEP 30000 BETA 1.00031936
31000     [1.18e-05, 1.80e-05, 8.81e-06, 8.69e-06, 2.37e-06, 2.66e-06, 6.09e-07, 7.37e-07, 1.32e-06, 2.13e-05, 1.76e-06, 1.36e-05]    [1.18e-05, 1.80e-05, 8.81e-06, 8.69e-06, 2.37e-06, 2.66e-06, 6.09e-07, 7.37e-07, 1.32e-06, 2.13e-05, 1.76e-06, 1.36e-05]    []  
STEP 31000 BETA 0.99996805
32000     [4.09e-06, 5.43e-06, 2.04e-06, 1.90e-06, 1.32e-06, 1.71e-06, 4.28e-07, 1.94e-07, 2.09e-07, 1.23e-06, 4.36e-07, 3.89e-09]    [4.09e-06, 5.43e-06, 2.04e-06, 1.90e-06, 1.32e-06, 1.71e-06, 4.28e-07, 1.94e-07, 2.09e-07, 1.23e-06, 4.36e-07, 3.89e-09]    []  
STEP 32000 BETA 1.00016928
33000     [6.38e-06, 9.87e-06, 4.87e-06, 4.95e-06, 1.94e-06, 2.11e-06, 4.56e-07, 3.37e-07, 6.50e-07, 6.49e-06, 8.22e-07, 5.68e-06]    [6.38e-06, 9.87e-06, 4.87e-06, 4.95e-06, 1.94e-06, 2.11e-06, 4.56e-07, 3.37e-07, 6.50e-07, 6.49e-06, 8.22e-07, 5.68e-06]    []  
STEP 33000 BETA 0.99977261
34000     [7.48e-06, 1.08e-05, 5.86e-06, 6.87e-06, 4.17e-06, 1.82e-06, 4.90e-07, 2.95e-06, 3.89e-07, 1.58e-05, 6.56e-06, 3.68e-07]    [7.48e-06, 1.08e-05, 5.86e-06, 6.87e-06, 4.17e-06, 1.82e-06, 4.90e-07, 2.95e-06, 3.89e-07, 1.58e-05, 6.56e-06, 3.68e-07]    []  
STEP 34000 BETA 0.99976575
35000     [4.89e-06, 5.28e-06, 2.06e-06, 2.23e-06, 2.18e-06, 2.05e-06, 1.28e-06, 3.00e-07, 8.92e-07, 2.72e-06, 3.58e-06, 1.07e-05]    [4.89e-06, 5.28e-06, 2.06e-06, 2.23e-06, 2.18e-06, 2.05e-06, 1.28e-06, 3.00e-07, 8.92e-07, 2.72e-06, 3.58e-06, 1.07e-05]    []  
STEP 35000 BETA 0.99951595
36000     [1.21e-05, 1.68e-05, 1.56e-05, 1.13e-05, 9.08e-06, 4.03e-06, 1.93e-06, 2.05e-06, 1.11e-06, 1.31e-05, 1.51e-05, 2.23e-07]    [1.21e-05, 1.68e-05, 1.56e-05, 1.13e-05, 9.08e-06, 4.03e-06, 1.93e-06, 2.05e-06, 1.11e-06, 1.31e-05, 1.51e-05, 2.23e-07]    []  
STEP 36000 BETA 0.99987465
37000     [4.17e-06, 4.62e-06, 2.23e-06, 2.19e-06, 1.17e-06, 1.45e-06, 3.38e-07, 3.25e-07, 1.94e-07, 3.68e-06, 4.17e-07, 1.21e-06]    [4.17e-06, 4.62e-06, 2.23e-06, 2.19e-06, 1.17e-06, 1.45e-06, 3.38e-07, 3.25e-07, 1.94e-07, 3.68e-06, 4.17e-07, 1.21e-06]    []  
STEP 37000 BETA 0.99977022
38000     [3.24e-06, 3.88e-06, 1.74e-06, 1.84e-06, 1.06e-06, 1.26e-06, 2.75e-07, 6.21e-08, 1.12e-07, 8.51e-07, 3.03e-07, 4.28e-08]    [3.24e-06, 3.88e-06, 1.74e-06, 1.84e-06, 1.06e-06, 1.26e-06, 2.75e-07, 6.21e-08, 1.12e-07, 8.51e-07, 3.03e-07, 4.28e-08]    []  
STEP 38000 BETA 0.99970895
39000     [3.19e-06, 3.82e-06, 1.75e-06, 1.85e-06, 1.06e-06, 1.19e-06, 2.94e-07, 1.06e-07, 1.34e-07, 1.60e-06, 3.20e-07, 3.16e-07]    [3.19e-06, 3.82e-06, 1.75e-06, 1.85e-06, 1.06e-06, 1.19e-06, 2.94e-07, 1.06e-07, 1.34e-07, 1.60e-06, 3.20e-07, 3.16e-07]    []  
STEP 39000 BETA 0.99985534
40000     [5.61e-06, 6.29e-06, 3.75e-06, 4.64e-06, 1.53e-06, 1.17e-06, 4.10e-07, 5.17e-07, 1.37e-07, 6.40e-06, 1.25e-06, 1.83e-06]    [5.61e-06, 6.29e-06, 3.75e-06, 4.64e-06, 1.53e-06, 1.17e-06, 4.10e-07, 5.17e-07, 1.37e-07, 6.40e-06, 1.25e-06, 1.83e-06]    []  
STEP 40000 BETA 0.99964547
41000     [4.96e-06, 7.69e-06, 4.78e-06, 5.37e-06, 2.11e-06, 1.67e-06, 3.48e-07, 1.88e-07, 4.09e-07, 4.15e-06, 4.86e-07, 3.56e-06]    [4.96e-06, 7.69e-06, 4.78e-06, 5.37e-06, 2.11e-06, 1.67e-06, 3.48e-07, 1.88e-07, 4.09e-07, 4.15e-06, 4.86e-07, 3.56e-06]    []  
STEP 41000 BETA 0.99934131
42000     [2.03e-05, 2.80e-05, 1.03e-05, 1.86e-05, 1.26e-05, 3.99e-06, 8.31e-07, 4.86e-06, 1.01e-06, 3.09e-05, 1.55e-05, 1.28e-07]    [2.03e-05, 2.80e-05, 1.03e-05, 1.86e-05, 1.26e-05, 3.99e-06, 8.31e-07, 4.86e-06, 1.01e-06, 3.09e-05, 1.55e-05, 1.28e-07]    []  
STEP 42000 BETA 0.99958646
43000     [4.70e-06, 6.83e-06, 4.73e-06, 4.48e-06, 1.91e-06, 1.62e-06, 5.80e-07, 1.59e-07, 1.71e-07, 3.52e-06, 1.71e-06, 5.17e-07]    [4.70e-06, 6.83e-06, 4.73e-06, 4.48e-06, 1.91e-06, 1.62e-06, 5.80e-07, 1.59e-07, 1.71e-07, 3.52e-06, 1.71e-06, 5.17e-07]    []  
STEP 43000 BETA 0.99941021
44000     [2.95e-06, 3.68e-06, 1.93e-06, 2.18e-06, 1.10e-06, 1.02e-06, 3.28e-07, 1.46e-07, 1.09e-07, 1.02e-06, 5.10e-07, 4.35e-10]    [2.95e-06, 3.68e-06, 1.93e-06, 2.18e-06, 1.10e-06, 1.02e-06, 3.28e-07, 1.46e-07, 1.09e-07, 1.02e-06, 5.10e-07, 4.35e-10]    []  
STEP 44000 BETA 0.99946624
45000     [2.39e-05, 1.94e-05, 1.16e-05, 1.41e-05, 1.74e-05, 1.51e-06, 1.87e-06, 1.54e-05, 2.99e-06, 1.04e-04, 2.60e-05, 1.95e-05]    [2.39e-05, 1.94e-05, 1.16e-05, 1.41e-05, 1.74e-05, 1.51e-06, 1.87e-06, 1.54e-05, 2.99e-06, 1.04e-04, 2.60e-05, 1.95e-05]    []  
STEP 45000 BETA 0.99949038
46000     [2.44e-06, 2.84e-06, 1.53e-06, 1.57e-06, 1.12e-06, 9.68e-07, 3.36e-07, 3.27e-07, 1.24e-07, 1.70e-06, 5.89e-07, 3.03e-07]    [2.44e-06, 2.84e-06, 1.53e-06, 1.57e-06, 1.12e-06, 9.68e-07, 3.36e-07, 3.27e-07, 1.24e-07, 1.70e-06, 5.89e-07, 3.03e-07]    []  
STEP 46000 BETA 0.99942815
47000     [2.15e-06, 2.46e-06, 1.44e-06, 1.41e-06, 8.63e-07, 8.68e-07, 2.60e-07, 7.17e-08, 9.62e-08, 6.40e-07, 1.92e-07, 1.72e-08]    [2.15e-06, 2.46e-06, 1.44e-06, 1.41e-06, 8.63e-07, 8.68e-07, 2.60e-07, 7.17e-08, 9.62e-08, 6.40e-07, 1.92e-07, 1.72e-08]    []  
STEP 47000 BETA 0.99936199
48000     [3.55e-06, 4.24e-06, 3.07e-06, 2.28e-06, 3.25e-06, 9.70e-07, 2.70e-07, 1.24e-06, 4.22e-07, 8.29e-06, 3.61e-06, 2.08e-07]    [3.55e-06, 4.24e-06, 3.07e-06, 2.28e-06, 3.25e-06, 9.70e-07, 2.70e-07, 1.24e-06, 4.22e-07, 8.29e-06, 3.61e-06, 2.08e-07]    []  
STEP 48000 BETA 0.99928188
49000     [2.06e-06, 2.37e-06, 1.46e-06, 1.38e-06, 8.61e-07, 7.78e-07, 2.25e-07, 6.32e-08, 1.11e-07, 7.85e-07, 2.38e-07, 2.15e-07]    [2.06e-06, 2.37e-06, 1.46e-06, 1.38e-06, 8.61e-07, 7.78e-07, 2.25e-07, 6.32e-08, 1.11e-07, 7.85e-07, 2.38e-07, 2.15e-07]    []  
STEP 49000 BETA 0.99929047
50000     [4.53e-06, 4.59e-06, 2.01e-06, 1.91e-06, 2.55e-06, 1.41e-06, 2.31e-07, 1.20e-07, 3.12e-07, 4.79e-06, 2.76e-06, 3.84e-07]    [4.53e-06, 4.59e-06, 2.01e-06, 1.91e-06, 2.55e-06, 1.41e-06, 2.31e-07, 1.20e-07, 3.12e-07, 4.79e-06, 2.76e-06, 3.84e-07]    []  
STEP 50000 BETA 0.99925941
51000     [3.68e-06, 4.14e-06, 2.42e-06, 2.14e-06, 1.50e-06, 1.30e-06, 4.20e-07, 3.92e-08, 2.31e-07, 6.24e-06, 1.03e-06, 1.38e-06]    [3.68e-06, 4.14e-06, 2.42e-06, 2.14e-06, 1.50e-06, 1.30e-06, 4.20e-07, 3.92e-08, 2.31e-07, 6.24e-06, 1.03e-06, 1.38e-06]    []  
STEP 51000 BETA 0.99931991
52000     [4.93e-06, 5.56e-06, 3.83e-06, 3.90e-06, 1.40e-06, 1.13e-06, 3.81e-07, 7.96e-08, 1.19e-07, 7.15e-06, 8.67e-07, 1.59e-07]    [4.93e-06, 5.56e-06, 3.83e-06, 3.90e-06, 1.40e-06, 1.13e-06, 3.81e-07, 7.96e-08, 1.19e-07, 7.15e-06, 8.67e-07, 1.59e-07]    []  
STEP 52000 BETA 0.99921626
53000     [4.59e-06, 8.15e-06, 5.55e-06, 6.11e-06, 1.57e-06, 8.42e-07, 3.19e-07, 2.90e-07, 3.05e-07, 2.34e-06, 5.56e-07, 1.26e-06]    [4.59e-06, 8.15e-06, 5.55e-06, 6.11e-06, 1.57e-06, 8.42e-07, 3.19e-07, 2.90e-07, 3.05e-07, 2.34e-06, 5.56e-07, 1.26e-06]    []  
STEP 53000 BETA 0.99938470
54000     [4.45e-06, 3.83e-06, 2.47e-06, 1.55e-06, 3.53e-06, 1.23e-06, 3.61e-07, 2.82e-07, 5.43e-07, 4.55e-06, 4.78e-06, 3.98e-07]    [4.45e-06, 3.83e-06, 2.47e-06, 1.55e-06, 3.53e-06, 1.23e-06, 3.61e-07, 2.82e-07, 5.43e-07, 4.55e-06, 4.78e-06, 3.98e-07]    []  
STEP 54000 BETA 0.99909967
55000     [3.55e-06, 3.02e-06, 1.87e-06, 1.93e-06, 3.21e-06, 1.12e-06, 4.83e-07, 2.04e-06, 2.54e-07, 9.25e-06, 2.96e-06, 6.78e-07]    [3.55e-06, 3.02e-06, 1.87e-06, 1.93e-06, 3.21e-06, 1.12e-06, 4.83e-07, 2.04e-06, 2.54e-07, 9.25e-06, 2.96e-06, 6.78e-07]    []  
STEP 55000 BETA 0.99926728
56000     [2.05e-06, 2.45e-06, 1.51e-06, 1.41e-06, 1.01e-06, 6.68e-07, 2.48e-07, 4.96e-08, 1.39e-07, 9.39e-07, 6.70e-07, 4.66e-08]    [2.05e-06, 2.45e-06, 1.51e-06, 1.41e-06, 1.01e-06, 6.68e-07, 2.48e-07, 4.96e-08, 1.39e-07, 9.39e-07, 6.70e-07, 4.66e-08]    []  
STEP 56000 BETA 0.99925327
57000     [4.61e-06, 4.01e-06, 2.66e-06, 1.98e-06, 2.17e-06, 9.99e-07, 4.10e-07, 7.58e-08, 3.52e-07, 3.19e-06, 3.18e-06, 4.81e-07]    [4.61e-06, 4.01e-06, 2.66e-06, 1.98e-06, 2.17e-06, 9.99e-07, 4.10e-07, 7.58e-08, 3.52e-07, 3.19e-06, 3.18e-06, 4.81e-07]    []  
STEP 57000 BETA 0.99913001
58000     [1.85e-06, 1.76e-06, 1.47e-06, 1.19e-06, 8.24e-07, 5.78e-07, 2.07e-07, 1.67e-07, 8.92e-08, 1.18e-06, 2.12e-07, 3.28e-08]    [1.85e-06, 1.76e-06, 1.47e-06, 1.19e-06, 8.24e-07, 5.78e-07, 2.07e-07, 1.67e-07, 8.92e-08, 1.18e-06, 2.12e-07, 3.28e-08]    []  
STEP 58000 BETA 0.99923146
59000     [3.58e-06, 3.62e-06, 1.86e-06, 1.95e-06, 2.57e-06, 1.53e-06, 5.21e-07, 1.65e-07, 2.53e-07, 5.80e-06, 2.52e-06, 3.37e-07]    [3.58e-06, 3.62e-06, 1.86e-06, 1.95e-06, 2.57e-06, 1.53e-06, 5.21e-07, 1.65e-07, 2.53e-07, 5.80e-06, 2.52e-06, 3.37e-07]    []  
STEP 59000 BETA 0.99900836
60000     [2.60e-06, 2.19e-06, 2.39e-06, 1.93e-06, 1.15e-06, 5.85e-07, 2.34e-07, 3.63e-07, 8.85e-08, 1.95e-06, 2.55e-07, 4.41e-09]    [2.60e-06, 2.19e-06, 2.39e-06, 1.93e-06, 1.15e-06, 5.85e-07, 2.34e-07, 3.63e-07, 8.85e-08, 1.95e-06, 2.55e-07, 4.41e-09]    []  
STEP 60000 BETA 0.99921256
61000     [2.52e-06, 2.67e-06, 2.50e-06, 1.85e-06, 1.18e-06, 5.29e-07, 3.79e-07, 3.83e-07, 3.85e-07, 5.04e-06, 8.56e-07, 2.58e-06]    [2.52e-06, 2.67e-06, 2.50e-06, 1.85e-06, 1.18e-06, 5.29e-07, 3.79e-07, 3.83e-07, 3.85e-07, 5.04e-06, 8.56e-07, 2.58e-06]    []  
STEP 61000 BETA 0.99902821
62000     [2.62e-06, 4.50e-06, 4.05e-06, 3.31e-06, 8.37e-07, 7.51e-07, 2.55e-07, 4.61e-07, 1.71e-07, 4.92e-06, 2.34e-07, 6.28e-07]    [2.62e-06, 4.50e-06, 4.05e-06, 3.31e-06, 8.37e-07, 7.51e-07, 2.55e-07, 4.61e-07, 1.71e-07, 4.92e-06, 2.34e-07, 6.28e-07]    []  
STEP 62000 BETA 0.99911320
63000     [1.40e-06, 1.44e-06, 1.29e-06, 9.07e-07, 7.80e-07, 5.08e-07, 2.17e-07, 4.24e-08, 9.21e-08, 7.98e-07, 1.59e-07, 3.86e-08]    [1.40e-06, 1.44e-06, 1.29e-06, 9.07e-07, 7.80e-07, 5.08e-07, 2.17e-07, 4.24e-08, 9.21e-08, 7.98e-07, 1.59e-07, 3.86e-08]    []  
STEP 63000 BETA 0.99920756
64000     [1.97e-05, 3.79e-05, 2.65e-05, 2.50e-05, 2.70e-06, 7.13e-07, 5.44e-07, 5.20e-07, 1.54e-07, 1.38e-05, 2.64e-06, 7.65e-08]    [1.97e-05, 3.79e-05, 2.65e-05, 2.50e-05, 2.70e-06, 7.13e-07, 5.44e-07, 5.20e-07, 1.54e-07, 1.38e-05, 2.64e-06, 7.65e-08]    []  
STEP 64000 BETA 0.99928916
65000     [1.18e-05, 2.47e-05, 2.12e-05, 2.02e-05, 1.77e-06, 8.06e-07, 3.91e-07, 1.44e-07, 1.71e-07, 4.21e-06, 2.29e-06, 2.71e-07]    [1.18e-05, 2.47e-05, 2.12e-05, 2.02e-05, 1.77e-06, 8.06e-07, 3.91e-07, 1.44e-07, 1.71e-07, 4.21e-06, 2.29e-06, 2.71e-07]    []  
STEP 65000 BETA 0.99908626
66000     [1.33e-06, 1.42e-06, 1.35e-06, 9.64e-07, 7.51e-07, 4.77e-07, 2.31e-07, 4.45e-08, 1.28e-07, 5.95e-07, 1.93e-07, 3.22e-07]    [1.33e-06, 1.42e-06, 1.35e-06, 9.64e-07, 7.51e-07, 4.77e-07, 2.31e-07, 4.45e-08, 1.28e-07, 5.95e-07, 1.93e-07, 3.22e-07]    []  
STEP 66000 BETA 0.99916869
67000     [5.60e-06, 9.06e-06, 4.87e-06, 4.53e-06, 3.07e-06, 1.08e-06, 3.80e-07, 4.81e-08, 2.73e-07, 6.74e-06, 1.33e-06, 1.31e-06]    [5.60e-06, 9.06e-06, 4.87e-06, 4.53e-06, 3.07e-06, 1.08e-06, 3.80e-07, 4.81e-08, 2.73e-07, 6.74e-06, 1.33e-06, 1.31e-06]    []  
STEP 67000 BETA 0.99871343
68000     [7.02e-06, 1.50e-05, 1.17e-05, 9.54e-06, 3.20e-06, 4.63e-07, 2.30e-07, 7.06e-07, 6.55e-07, 7.31e-06, 1.51e-06, 3.38e-06]    [7.02e-06, 1.50e-05, 1.17e-05, 9.54e-06, 3.20e-06, 4.63e-07, 2.30e-07, 7.06e-07, 6.55e-07, 7.31e-06, 1.51e-06, 3.38e-06]    []  
STEP 68000 BETA 0.99930519
69000     [4.08e-06, 4.55e-06, 5.61e-06, 4.38e-06, 1.25e-06, 4.42e-07, 2.39e-07, 6.74e-08, 1.64e-07, 7.78e-07, 9.30e-07, 1.12e-07]    [4.08e-06, 4.55e-06, 5.61e-06, 4.38e-06, 1.25e-06, 4.42e-07, 2.39e-07, 6.74e-08, 1.64e-07, 7.78e-07, 9.30e-07, 1.12e-07]    []  
STEP 69000 BETA 0.99900675
70000     [2.10e-06, 2.84e-06, 2.12e-06, 1.54e-06, 1.35e-06, 7.07e-07, 2.65e-07, 9.98e-08, 1.12e-07, 2.07e-06, 8.23e-07, 4.91e-09]    [2.10e-06, 2.84e-06, 2.12e-06, 1.54e-06, 1.35e-06, 7.07e-07, 2.65e-07, 9.98e-08, 1.12e-07, 2.07e-06, 8.23e-07, 4.91e-09]    []  
STEP 70000 BETA 0.99902296
71000     [4.26e-06, 6.87e-06, 5.56e-06, 3.59e-06, 4.89e-06, 7.76e-07, 4.56e-07, 1.75e-06, 8.12e-07, 9.02e-06, 4.14e-06, 6.21e-06]    [4.26e-06, 6.87e-06, 5.56e-06, 3.59e-06, 4.89e-06, 7.76e-07, 4.56e-07, 1.75e-06, 8.12e-07, 9.02e-06, 4.14e-06, 6.21e-06]    []  
STEP 71000 BETA 0.99872172
72000     [1.15e-06, 1.06e-06, 1.15e-06, 6.72e-07, 7.14e-07, 4.19e-07, 2.07e-07, 6.48e-08, 8.23e-08, 3.85e-07, 2.23e-07, 5.31e-08]    [1.15e-06, 1.06e-06, 1.15e-06, 6.72e-07, 7.14e-07, 4.19e-07, 2.07e-07, 6.48e-08, 8.23e-08, 3.85e-07, 2.23e-07, 5.31e-08]    []  
STEP 72000 BETA 0.99914557
73000     [3.32e-06, 6.07e-06, 3.80e-06, 2.92e-06, 1.60e-06, 4.95e-07, 2.12e-07, 7.41e-08, 1.57e-07, 3.20e-06, 2.33e-07, 4.25e-07]    [3.32e-06, 6.07e-06, 3.80e-06, 2.92e-06, 1.60e-06, 4.95e-07, 2.12e-07, 7.41e-08, 1.57e-07, 3.20e-06, 2.33e-07, 4.25e-07]    []  
STEP 73000 BETA 0.99912572
74000     [1.77e-06, 1.67e-06, 1.30e-06, 8.26e-07, 1.20e-06, 6.25e-07, 2.80e-07, 1.20e-07, 1.32e-07, 1.53e-06, 1.14e-06, 1.44e-07]    [1.77e-06, 1.67e-06, 1.30e-06, 8.26e-07, 1.20e-06, 6.25e-07, 2.80e-07, 1.20e-07, 1.32e-07, 1.53e-06, 1.14e-06, 1.44e-07]    []  
STEP 74000 BETA 0.99909639
75000     [4.70e-06, 7.11e-06, 4.22e-06, 3.85e-06, 1.19e-06, 5.44e-07, 3.28e-07, 6.89e-08, 1.31e-07, 2.00e-06, 1.14e-06, 8.47e-08]    [4.70e-06, 7.11e-06, 4.22e-06, 3.85e-06, 1.19e-06, 5.44e-07, 3.28e-07, 6.89e-08, 1.31e-07, 2.00e-06, 1.14e-06, 8.47e-08]    []  
STEP 75000 BETA 0.99890423
76000     [1.05e-06, 9.67e-07, 1.10e-06, 6.13e-07, 6.71e-07, 3.81e-07, 2.04e-07, 5.14e-08, 7.76e-08, 3.87e-07, 1.56e-07, 1.06e-10]    [1.05e-06, 9.67e-07, 1.10e-06, 6.13e-07, 6.71e-07, 3.81e-07, 2.04e-07, 5.14e-08, 7.76e-08, 3.87e-07, 1.56e-07, 1.06e-10]    []  
STEP 76000 BETA 0.99908876
77000     [9.69e-06, 1.92e-05, 1.13e-05, 1.19e-05, 3.33e-06, 7.48e-07, 4.19e-07, 1.61e-07, 2.83e-07, 3.66e-06, 1.32e-06, 1.45e-07]    [9.69e-06, 1.92e-05, 1.13e-05, 1.19e-05, 3.33e-06, 7.48e-07, 4.19e-07, 1.61e-07, 2.83e-07, 3.66e-06, 1.32e-06, 1.45e-07]    []  
STEP 77000 BETA 0.99911207
78000     [1.77e-06, 2.68e-06, 2.63e-06, 1.91e-06, 8.85e-07, 4.67e-07, 2.08e-07, 5.14e-08, 1.08e-07, 8.29e-07, 3.33e-07, 5.81e-07]    [1.77e-06, 2.68e-06, 2.63e-06, 1.91e-06, 8.85e-07, 4.67e-07, 2.08e-07, 5.14e-08, 1.08e-07, 8.29e-07, 3.33e-07, 5.81e-07]    []  
STEP 78000 BETA 0.99901837
79000     [7.71e-06, 3.12e-06, 5.41e-06, 4.23e-06, 1.48e-06, 3.45e-07, 2.19e-07, 1.10e-06, 1.57e-07, 1.02e-05, 1.42e-07, 4.76e-07]    [7.71e-06, 3.12e-06, 5.41e-06, 4.23e-06, 1.48e-06, 3.45e-07, 2.19e-07, 1.10e-06, 1.57e-07, 1.02e-05, 1.42e-07, 4.76e-07]    []  
STEP 79000 BETA 0.99915564
80000     [1.24e-06, 1.34e-06, 1.24e-06, 9.24e-07, 7.23e-07, 3.54e-07, 2.12e-07, 2.31e-07, 9.53e-08, 1.28e-06, 4.00e-07, 2.89e-07]    [1.24e-06, 1.34e-06, 1.24e-06, 9.24e-07, 7.23e-07, 3.54e-07, 2.12e-07, 2.31e-07, 9.53e-08, 1.28e-06, 4.00e-07, 2.89e-07]    []  
STEP 80000 BETA 0.99923694
81000     [1.79e-05, 3.71e-05, 1.97e-05, 2.00e-05, 2.98e-06, 6.47e-07, 9.16e-07, 1.89e-07, 1.27e-07, 5.14e-06, 3.64e-06, 1.02e-06]    [1.79e-05, 3.71e-05, 1.97e-05, 2.00e-05, 2.98e-06, 6.47e-07, 9.16e-07, 1.89e-07, 1.27e-07, 5.14e-06, 3.64e-06, 1.02e-06]    []  
STEP 81000 BETA 0.99908990
82000     [1.44e-06, 1.62e-06, 1.59e-06, 1.07e-06, 9.83e-07, 4.49e-07, 2.48e-07, 1.90e-07, 1.14e-07, 8.69e-07, 6.37e-07, 2.69e-08]    [1.44e-06, 1.62e-06, 1.59e-06, 1.07e-06, 9.83e-07, 4.49e-07, 2.48e-07, 1.90e-07, 1.14e-07, 8.69e-07, 6.37e-07, 2.69e-08]    []  
STEP 82000 BETA 0.99914110
83000     [2.32e-06, 2.39e-06, 1.74e-06, 1.29e-06, 1.60e-06, 4.81e-07, 2.61e-07, 2.95e-07, 1.81e-07, 2.53e-06, 1.64e-06, 3.03e-07]    [2.32e-06, 2.39e-06, 1.74e-06, 1.29e-06, 1.60e-06, 4.81e-07, 2.61e-07, 2.95e-07, 1.81e-07, 2.53e-06, 1.64e-06, 3.03e-07]    []  
STEP 83000 BETA 0.99919236
84000     [4.31e-06, 2.74e-06, 2.47e-06, 1.59e-06, 1.76e-06, 5.95e-07, 2.81e-07, 3.55e-07, 1.33e-07, 2.07e-06, 4.52e-07, 2.47e-07]    [4.31e-06, 2.74e-06, 2.47e-06, 1.59e-06, 1.76e-06, 5.95e-07, 2.81e-07, 3.55e-07, 1.33e-07, 2.07e-06, 4.52e-07, 2.47e-07]    []  
STEP 84000 BETA 0.99974036
85000     [9.86e-07, 9.93e-07, 1.03e-06, 5.94e-07, 6.05e-07, 2.95e-07, 1.89e-07, 4.87e-08, 9.26e-08, 3.76e-07, 1.58e-07, 5.02e-08]    [9.86e-07, 9.93e-07, 1.03e-06, 5.94e-07, 6.05e-07, 2.95e-07, 1.89e-07, 4.87e-08, 9.26e-08, 3.76e-07, 1.58e-07, 5.02e-08]    []  
STEP 85000 BETA 0.99922353
86000     [9.78e-07, 9.00e-07, 9.54e-07, 5.29e-07, 6.48e-07, 3.03e-07, 2.01e-07, 7.38e-08, 9.42e-08, 4.02e-07, 3.03e-07, 1.18e-07]    [9.78e-07, 9.00e-07, 9.54e-07, 5.29e-07, 6.48e-07, 3.03e-07, 2.01e-07, 7.38e-08, 9.42e-08, 4.02e-07, 3.03e-07, 1.18e-07]    []  
STEP 86000 BETA 0.99913585
87000     [1.29e-06, 1.02e-06, 1.16e-06, 7.25e-07, 7.53e-07, 3.03e-07, 2.08e-07, 2.45e-07, 9.58e-08, 1.12e-06, 2.98e-07, 4.23e-08]    [1.29e-06, 1.02e-06, 1.16e-06, 7.25e-07, 7.53e-07, 3.03e-07, 2.08e-07, 2.45e-07, 9.58e-08, 1.12e-06, 2.98e-07, 4.23e-08]    []  
STEP 87000 BETA 0.99906379
88000     [8.76e-07, 8.02e-07, 8.69e-07, 4.77e-07, 5.59e-07, 2.64e-07, 1.77e-07, 4.30e-08, 7.67e-08, 3.43e-07, 1.47e-07, 5.14e-12]    [8.76e-07, 8.02e-07, 8.69e-07, 4.77e-07, 5.59e-07, 2.64e-07, 1.77e-07, 4.30e-08, 7.67e-08, 3.43e-07, 1.47e-07, 5.14e-12]    []  
STEP 88000 BETA 0.99909323
89000     [1.43e-06, 1.89e-06, 1.92e-06, 1.26e-06, 6.98e-07, 2.67e-07, 2.42e-07, 3.66e-08, 1.01e-07, 4.52e-07, 2.85e-07, 2.14e-07]    [1.43e-06, 1.89e-06, 1.92e-06, 1.26e-06, 6.98e-07, 2.67e-07, 2.42e-07, 3.66e-08, 1.01e-07, 4.52e-07, 2.85e-07, 2.14e-07]    []  
STEP 89000 BETA 0.99904126
90000     [1.71e-06, 2.13e-06, 1.61e-06, 1.13e-06, 1.32e-06, 3.20e-07, 1.79e-07, 9.29e-08, 1.39e-07, 1.12e-06, 5.57e-07, 1.03e-07]    [1.71e-06, 2.13e-06, 1.61e-06, 1.13e-06, 1.32e-06, 3.20e-07, 1.79e-07, 9.29e-08, 1.39e-07, 1.12e-06, 5.57e-07, 1.03e-07]    []  
STEP 90000 BETA 0.99893868
91000     [2.27e-06, 1.36e-06, 1.70e-06, 8.81e-07, 9.13e-07, 3.16e-07, 2.50e-07, 6.60e-08, 2.48e-07, 1.85e-06, 9.80e-07, 8.98e-07]    [2.27e-06, 1.36e-06, 1.70e-06, 8.81e-07, 9.13e-07, 3.16e-07, 2.50e-07, 6.60e-08, 2.48e-07, 1.85e-06, 9.80e-07, 8.98e-07]    []  
STEP 91000 BETA 0.99901158
92000     [1.58e-06, 1.41e-06, 1.04e-06, 6.47e-07, 9.59e-07, 4.73e-07, 2.25e-07, 6.04e-08, 1.77e-07, 1.86e-06, 1.01e-06, 3.03e-07]    [1.58e-06, 1.41e-06, 1.04e-06, 6.47e-07, 9.59e-07, 4.73e-07, 2.25e-07, 6.04e-08, 1.77e-07, 1.86e-06, 1.01e-06, 3.03e-07]    []  
STEP 92000 BETA 0.99903923
93000     [9.73e-06, 1.49e-05, 5.58e-06, 5.59e-06, 4.15e-06, 1.46e-06, 5.27e-07, 7.27e-08, 4.73e-07, 9.01e-06, 6.43e-06, 4.72e-07]    [9.73e-06, 1.49e-05, 5.58e-06, 5.59e-06, 4.15e-06, 1.46e-06, 5.27e-07, 7.27e-08, 4.73e-07, 9.01e-06, 6.43e-06, 4.72e-07]    []  
STEP 93000 BETA 0.99910754
94000     [1.38e-06, 1.10e-06, 1.19e-06, 7.48e-07, 5.75e-07, 2.57e-07, 2.16e-07, 4.73e-08, 1.41e-07, 9.85e-07, 6.11e-07, 1.28e-06]    [1.38e-06, 1.10e-06, 1.19e-06, 7.48e-07, 5.75e-07, 2.57e-07, 2.16e-07, 4.73e-08, 1.41e-07, 9.85e-07, 6.11e-07, 1.28e-06]    []  
STEP 94000 BETA 0.99906236
95000     [1.95e-06, 2.12e-06, 1.62e-06, 1.17e-06, 6.54e-07, 2.63e-07, 1.88e-07, 4.99e-08, 9.05e-08, 1.54e-06, 3.65e-07, 1.16e-08]    [1.95e-06, 2.12e-06, 1.62e-06, 1.17e-06, 6.54e-07, 2.63e-07, 1.88e-07, 4.99e-08, 9.05e-08, 1.54e-06, 3.65e-07, 1.16e-08]    []  
STEP 95000 BETA 0.99918932
96000     [1.83e-06, 3.49e-06, 2.35e-06, 9.24e-07, 2.05e-06, 1.49e-06, 4.68e-07, 5.47e-08, 4.13e-07, 1.09e-05, 2.07e-06, 6.26e-06]    [1.83e-06, 3.49e-06, 2.35e-06, 9.24e-07, 2.05e-06, 1.49e-06, 4.68e-07, 5.47e-08, 4.13e-07, 1.09e-05, 2.07e-06, 6.26e-06]    []  
STEP 96000 BETA 0.99794358
97000     [1.35e-06, 1.32e-06, 1.16e-06, 9.44e-07, 6.07e-07, 2.11e-07, 1.63e-07, 1.95e-07, 7.80e-08, 1.30e-06, 1.99e-07, 1.76e-08]    [1.35e-06, 1.32e-06, 1.16e-06, 9.44e-07, 6.07e-07, 2.11e-07, 1.63e-07, 1.95e-07, 7.80e-08, 1.30e-06, 1.99e-07, 1.76e-08]    []  
STEP 97000 BETA 0.99916416
98000     [8.22e-07, 7.78e-07, 7.94e-07, 4.60e-07, 5.30e-07, 3.39e-07, 2.04e-07, 3.26e-08, 8.50e-08, 3.67e-07, 1.33e-07, 3.66e-11]    [8.22e-07, 7.78e-07, 7.94e-07, 4.60e-07, 5.30e-07, 3.39e-07, 2.04e-07, 3.26e-08, 8.50e-08, 3.67e-07, 1.33e-07, 3.66e-11]    []  
STEP 98000 BETA 0.99878901
99000     [1.52e-06, 1.96e-06, 1.06e-06, 1.14e-06, 7.30e-07, 2.69e-07, 2.08e-07, 7.38e-08, 9.75e-08, 9.36e-07, 4.94e-07, 1.44e-10]    [1.52e-06, 1.96e-06, 1.06e-06, 1.14e-06, 7.30e-07, 2.69e-07, 2.08e-07, 7.38e-08, 9.75e-08, 9.36e-07, 4.94e-07, 1.44e-10]    []  
STEP 99000 BETA 0.99863440
100000    [1.20e-06, 1.29e-06, 1.00e-06, 8.53e-07, 6.15e-07, 2.21e-07, 1.52e-07, 6.20e-08, 9.80e-08, 8.52e-07, 2.25e-07, 5.25e-08]    [1.20e-06, 1.29e-06, 1.00e-06, 8.53e-07, 6.15e-07, 2.21e-07, 1.52e-07, 6.20e-08, 9.80e-08, 8.52e-07, 2.25e-07, 5.25e-08]    []  
STEP 100000 BETA 0.99908620
101000    [4.09e-06, 5.62e-06, 4.11e-06, 4.31e-06, 1.56e-06, 7.80e-07, 2.81e-07, 3.61e-08, 2.16e-07, 6.84e-06, 1.69e-06, 7.90e-08]    [4.09e-06, 5.62e-06, 4.11e-06, 4.31e-06, 1.56e-06, 7.80e-07, 2.81e-07, 3.61e-08, 2.16e-07, 6.84e-06, 1.69e-06, 7.90e-08]    []  
STEP 101000 BETA 0.99916613
102000    [6.75e-06, 2.58e-06, 5.20e-06, 1.27e-06, 2.14e-06, 5.04e-07, 6.25e-07, 3.36e-08, 6.02e-07, 3.59e-06, 4.05e-06, 4.13e-06]    [6.75e-06, 2.58e-06, 5.20e-06, 1.27e-06, 2.14e-06, 5.04e-07, 6.25e-07, 3.36e-08, 6.02e-07, 3.59e-06, 4.05e-06, 4.13e-06]    []  
STEP 102000 BETA 0.99902618
103000    [7.74e-07, 7.30e-07, 7.26e-07, 4.43e-07, 5.17e-07, 2.99e-07, 2.01e-07, 3.70e-08, 8.68e-08, 3.38e-07, 1.40e-07, 2.93e-11]    [7.74e-07, 7.30e-07, 7.26e-07, 4.43e-07, 5.17e-07, 2.99e-07, 2.01e-07, 3.70e-08, 8.68e-08, 3.38e-07, 1.40e-07, 2.93e-11]    []  
STEP 103000 BETA 0.99882239
104000    [8.49e-07, 9.06e-07, 7.35e-07, 5.13e-07, 5.02e-07, 1.92e-07, 1.51e-07, 3.68e-08, 7.91e-08, 3.43e-07, 1.51e-07, 5.01e-11]    [8.49e-07, 9.06e-07, 7.35e-07, 5.13e-07, 5.02e-07, 1.92e-07, 1.51e-07, 3.68e-08, 7.91e-08, 3.43e-07, 1.51e-07, 5.01e-11]    []  
STEP 104000 BETA 0.99915850
105000    [3.64e-06, 5.84e-06, 3.81e-06, 2.58e-06, 1.71e-06, 3.06e-07, 2.63e-07, 4.00e-07, 1.45e-07, 2.33e-06, 1.62e-06, 8.12e-08]    [3.64e-06, 5.84e-06, 3.81e-06, 2.58e-06, 1.71e-06, 3.06e-07, 2.63e-07, 4.00e-07, 1.45e-07, 2.33e-06, 1.62e-06, 8.12e-08]    []  
STEP 105000 BETA 0.99913538
106000    [4.08e-06, 4.18e-06, 3.23e-06, 2.70e-06, 8.14e-07, 2.42e-07, 2.03e-07, 4.65e-07, 8.92e-08, 4.93e-06, 2.38e-07, 2.06e-12]    [4.08e-06, 4.18e-06, 3.23e-06, 2.70e-06, 8.14e-07, 2.42e-07, 2.03e-07, 4.65e-07, 8.92e-08, 4.93e-06, 2.38e-07, 2.06e-12]    []  
STEP 106000 BETA 0.99914992
107000    [9.75e-07, 8.71e-07, 7.30e-07, 5.09e-07, 6.12e-07, 2.51e-07, 1.72e-07, 7.39e-08, 8.87e-08, 5.78e-07, 3.36e-07, 4.69e-09]    [9.75e-07, 8.71e-07, 7.30e-07, 5.09e-07, 6.12e-07, 2.51e-07, 1.72e-07, 7.39e-08, 8.87e-08, 5.78e-07, 3.36e-07, 4.69e-09]    []  
STEP 107000 BETA 0.99932134
108000    [5.24e-06, 6.91e-06, 4.58e-06, 5.25e-06, 1.00e-06, 2.39e-07, 1.58e-07, 3.93e-07, 8.15e-08, 5.46e-06, 3.39e-07, 2.62e-08]    [5.24e-06, 6.91e-06, 4.58e-06, 5.25e-06, 1.00e-06, 2.39e-07, 1.58e-07, 3.93e-07, 8.15e-08, 5.46e-06, 3.39e-07, 2.62e-08]    []  
STEP 108000 BETA 0.99903661
109000    [1.52e-05, 2.96e-05, 1.04e-05, 1.11e-05, 4.05e-06, 8.43e-07, 8.23e-07, 1.14e-07, 4.19e-07, 6.65e-06, 6.91e-06, 1.14e-06]    [1.52e-05, 2.96e-05, 1.04e-05, 1.11e-05, 4.05e-06, 8.43e-07, 8.23e-07, 1.14e-07, 4.19e-07, 6.65e-06, 6.91e-06, 1.14e-06]    []  
STEP 109000 BETA 0.99918324
110000    [8.47e-07, 7.31e-07, 6.18e-07, 4.05e-07, 6.21e-07, 2.00e-07, 1.64e-07, 3.44e-08, 1.06e-07, 5.49e-07, 3.73e-07, 1.14e-07]    [8.47e-07, 7.31e-07, 6.18e-07, 4.05e-07, 6.21e-07, 2.00e-07, 1.64e-07, 3.44e-08, 1.06e-07, 5.49e-07, 3.73e-07, 1.14e-07]    []  
STEP 110000 BETA 0.99924958
111000    [3.64e-06, 3.81e-06, 4.10e-06, 2.18e-06, 6.16e-07, 1.97e-07, 1.77e-07, 6.89e-08, 9.03e-08, 1.95e-06, 3.46e-07, 1.62e-08]    [3.64e-06, 3.81e-06, 4.10e-06, 2.18e-06, 6.16e-07, 1.97e-07, 1.77e-07, 6.89e-08, 9.03e-08, 1.95e-06, 3.46e-07, 1.62e-08]    []  
STEP 111000 BETA 0.99912822
112000    [7.38e-07, 6.86e-07, 5.96e-07, 4.39e-07, 4.84e-07, 1.57e-07, 1.50e-07, 3.15e-08, 7.86e-08, 4.32e-07, 1.60e-07, 1.84e-08]    [7.38e-07, 6.86e-07, 5.96e-07, 4.39e-07, 4.84e-07, 1.57e-07, 1.50e-07, 3.15e-08, 7.86e-08, 4.32e-07, 1.60e-07, 1.84e-08]    []  
STEP 112000 BETA 0.99924314
113000    [6.73e-07, 6.32e-07, 5.78e-07, 3.91e-07, 4.50e-07, 1.63e-07, 1.48e-07, 3.47e-08, 7.49e-08, 2.98e-07, 1.20e-07, 5.36e-13]    [6.73e-07, 6.32e-07, 5.78e-07, 3.91e-07, 4.50e-07, 1.63e-07, 1.48e-07, 3.47e-08, 7.49e-08, 2.98e-07, 1.20e-07, 5.36e-13]    []  
STEP 113000 BETA 0.99916142
114000    [3.63e-06, 5.65e-06, 2.01e-06, 2.43e-06, 1.46e-06, 2.79e-07, 2.93e-07, 2.46e-07, 1.78e-07, 2.27e-06, 2.15e-06, 1.50e-07]    [3.63e-06, 5.65e-06, 2.01e-06, 2.43e-06, 1.46e-06, 2.79e-07, 2.93e-07, 2.46e-07, 1.78e-07, 2.27e-06, 2.15e-06, 1.50e-07]    []  
STEP 114000 BETA 0.99921024
115000    [8.95e-06, 1.70e-05, 1.02e-05, 9.04e-06, 1.58e-06, 1.85e-07, 2.11e-07, 3.97e-07, 1.34e-07, 5.67e-06, 6.52e-07, 2.78e-08]    [8.95e-06, 1.70e-05, 1.02e-05, 9.04e-06, 1.58e-06, 1.85e-07, 2.11e-07, 3.97e-07, 1.34e-07, 5.67e-06, 6.52e-07, 2.78e-08]    []  
STEP 115000 BETA 0.99936396
116000    [2.54e-06, 3.50e-06, 2.40e-06, 1.95e-06, 6.77e-07, 1.52e-07, 1.61e-07, 3.93e-08, 7.37e-08, 6.31e-07, 4.09e-07, 5.16e-08]    [2.54e-06, 3.50e-06, 2.40e-06, 1.95e-06, 6.77e-07, 1.52e-07, 1.61e-07, 3.93e-08, 7.37e-08, 6.31e-07, 4.09e-07, 5.16e-08]    []  
STEP 116000 BETA 0.99928010
117000    [2.94e-06, 3.32e-06, 2.23e-06, 2.50e-06, 1.46e-06, 6.44e-07, 2.54e-07, 6.49e-08, 2.01e-07, 3.82e-06, 1.63e-06, 2.38e-07]    [2.94e-06, 3.32e-06, 2.23e-06, 2.50e-06, 1.46e-06, 6.44e-07, 2.54e-07, 6.49e-08, 2.01e-07, 3.82e-06, 1.63e-06, 2.38e-07]    []  
STEP 117000 BETA 0.99917954
118000    [5.76e-06, 1.13e-05, 4.35e-06, 5.08e-06, 1.66e-06, 2.68e-07, 3.34e-07, 3.07e-07, 1.44e-07, 2.53e-06, 2.15e-06, 1.66e-07]    [5.76e-06, 1.13e-05, 4.35e-06, 5.08e-06, 1.66e-06, 2.68e-07, 3.34e-07, 3.07e-07, 1.44e-07, 2.53e-06, 2.15e-06, 1.66e-07]    []  
STEP 118000 BETA 0.99940830
119000    [6.47e-07, 5.96e-07, 5.51e-07, 3.75e-07, 4.21e-07, 1.51e-07, 1.40e-07, 3.65e-08, 7.53e-08, 2.87e-07, 1.15e-07, 1.54e-11]    [6.47e-07, 5.96e-07, 5.51e-07, 3.75e-07, 4.21e-07, 1.51e-07, 1.40e-07, 3.65e-08, 7.53e-08, 2.87e-07, 1.15e-07, 1.54e-11]    []  
STEP 119000 BETA 0.99925786
120000    [6.57e-07, 6.21e-07, 5.58e-07, 3.84e-07, 4.22e-07, 1.50e-07, 1.36e-07, 3.93e-08, 7.51e-08, 2.89e-07, 1.07e-07, 2.86e-10]    [6.57e-07, 6.21e-07, 5.58e-07, 3.84e-07, 4.22e-07, 1.50e-07, 1.36e-07, 3.93e-08, 7.51e-08, 2.89e-07, 1.07e-07, 2.86e-10]    []  
STEP 120000 BETA 0.99934047
121000    [1.86e-06, 1.17e-06, 1.45e-06, 9.40e-07, 7.60e-07, 1.37e-07, 1.43e-07, 2.61e-07, 9.68e-08, 3.10e-06, 2.53e-07, 1.06e-07]    [1.86e-06, 1.17e-06, 1.45e-06, 9.40e-07, 7.60e-07, 1.37e-07, 1.43e-07, 2.61e-07, 9.68e-08, 3.10e-06, 2.53e-07, 1.06e-07]    []  
STEP 121000 BETA 0.99931479
122000    [1.62e-06, 1.76e-06, 9.28e-07, 1.10e-06, 9.01e-07, 2.13e-07, 2.24e-07, 2.83e-07, 1.48e-07, 1.43e-06, 1.11e-06, 5.63e-07]    [1.62e-06, 1.76e-06, 9.28e-07, 1.10e-06, 9.01e-07, 2.13e-07, 2.24e-07, 2.83e-07, 1.48e-07, 1.43e-06, 1.11e-06, 5.63e-07]    []  
STEP 122000 BETA 0.99933624
123000    [4.33e-06, 2.89e-06, 3.96e-06, 3.06e-06, 1.03e-06, 1.12e-06, 2.99e-07, 7.66e-07, 2.20e-07, 1.98e-05, 1.26e-06, 1.10e-06]    [4.33e-06, 2.89e-06, 3.96e-06, 3.06e-06, 1.03e-06, 1.12e-06, 2.99e-07, 7.66e-07, 2.20e-07, 1.98e-05, 1.26e-06, 1.10e-06]    []  
STEP 123000 BETA 0.99932486
124000    [1.86e-06, 4.07e-06, 2.00e-06, 1.97e-06, 9.48e-07, 2.45e-07, 1.31e-07, 2.75e-08, 9.65e-08, 9.50e-07, 2.17e-07, 1.96e-07]    [1.86e-06, 4.07e-06, 2.00e-06, 1.97e-06, 9.48e-07, 2.45e-07, 1.31e-07, 2.75e-08, 9.65e-08, 9.50e-07, 2.17e-07, 1.96e-07]    []  
STEP 124000 BETA 0.99923897
125000    [7.78e-07, 6.56e-07, 6.01e-07, 4.40e-07, 4.59e-07, 1.37e-07, 1.25e-07, 4.86e-08, 7.75e-08, 6.31e-07, 1.51e-07, 2.86e-09]    [7.78e-07, 6.56e-07, 6.01e-07, 4.40e-07, 4.59e-07, 1.37e-07, 1.25e-07, 4.86e-08, 7.75e-08, 6.31e-07, 1.51e-07, 2.86e-09]    []  
STEP 125000 BETA 0.99939954
126000    [1.26e-06, 1.98e-06, 1.58e-06, 1.15e-06, 4.69e-07, 1.57e-07, 1.43e-07, 1.14e-07, 7.89e-08, 6.26e-07, 1.35e-07, 1.09e-08]    [1.26e-06, 1.98e-06, 1.58e-06, 1.15e-06, 4.69e-07, 1.57e-07, 1.43e-07, 1.14e-07, 7.89e-08, 6.26e-07, 1.35e-07, 1.09e-08]    []  
STEP 126000 BETA 0.99941093
127000    [1.47e-06, 1.11e-06, 6.92e-07, 6.41e-07, 8.99e-07, 2.53e-07, 1.85e-07, 6.65e-08, 1.60e-07, 1.18e-06, 9.29e-07, 4.17e-07]    [1.47e-06, 1.11e-06, 6.92e-07, 6.41e-07, 8.99e-07, 2.53e-07, 1.85e-07, 6.65e-08, 1.60e-07, 1.18e-06, 9.29e-07, 4.17e-07]    []  
STEP 127000 BETA 0.99943870
128000    [5.63e-06, 1.11e-05, 3.77e-06, 4.39e-06, 1.85e-06, 4.17e-07, 4.02e-07, 3.24e-07, 1.96e-07, 2.91e-06, 3.11e-06, 3.99e-07]    [5.63e-06, 1.11e-05, 3.77e-06, 4.39e-06, 1.85e-06, 4.17e-07, 4.02e-07, 3.24e-07, 1.96e-07, 2.91e-06, 3.11e-06, 3.99e-07]    []  
STEP 128000 BETA 0.99949843
129000    [6.05e-07, 5.63e-07, 5.01e-07, 3.53e-07, 3.86e-07, 1.39e-07, 1.25e-07, 3.63e-08, 7.51e-08, 2.68e-07, 1.03e-07, 3.01e-10]    [6.05e-07, 5.63e-07, 5.01e-07, 3.53e-07, 3.86e-07, 1.39e-07, 1.25e-07, 3.63e-08, 7.51e-08, 2.68e-07, 1.03e-07, 3.01e-10]    []  
STEP 129000 BETA 0.99950409
130000    [1.36e-06, 1.88e-06, 1.01e-06, 9.55e-07, 5.86e-07, 1.50e-07, 1.80e-07, 2.85e-08, 9.64e-08, 5.53e-07, 4.28e-07, 1.46e-07]    [1.36e-06, 1.88e-06, 1.01e-06, 9.55e-07, 5.86e-07, 1.50e-07, 1.80e-07, 2.85e-08, 9.64e-08, 5.53e-07, 4.28e-07, 1.46e-07]    []  
STEP 130000 BETA 0.99938291
131000    [7.98e-07, 8.59e-07, 5.73e-07, 4.68e-07, 4.38e-07, 1.42e-07, 1.25e-07, 2.45e-08, 7.51e-08, 4.51e-07, 1.85e-07, 3.02e-10]    [7.98e-07, 8.59e-07, 5.73e-07, 4.68e-07, 4.38e-07, 1.42e-07, 1.25e-07, 2.45e-08, 7.51e-08, 4.51e-07, 1.85e-07, 3.02e-10]    []  
STEP 131000 BETA 0.99946141
132000    [1.54e-06, 2.06e-06, 1.39e-06, 1.11e-06, 1.21e-06, 1.60e-07, 1.43e-07, 4.12e-07, 1.47e-07, 3.16e-06, 5.71e-07, 3.16e-07]    [1.54e-06, 2.06e-06, 1.39e-06, 1.11e-06, 1.21e-06, 1.60e-07, 1.43e-07, 4.12e-07, 1.47e-07, 3.16e-06, 5.71e-07, 3.16e-07]    []  
STEP 132000 BETA 0.99935287
133000    [1.97e-06, 1.64e-06, 1.39e-06, 1.21e-06, 6.83e-07, 1.24e-07, 1.38e-07, 1.94e-07, 8.53e-08, 2.52e-06, 3.39e-07, 5.51e-08]    [1.97e-06, 1.64e-06, 1.39e-06, 1.21e-06, 6.83e-07, 1.24e-07, 1.38e-07, 1.94e-07, 8.53e-08, 2.52e-06, 3.39e-07, 5.51e-08]    []  
STEP 133000 BETA 0.99946374
134000    [1.21e-06, 1.06e-06, 1.20e-06, 6.39e-07, 5.60e-07, 1.37e-07, 1.35e-07, 1.70e-07, 7.45e-08, 9.24e-07, 1.34e-07, 1.55e-09]    [1.21e-06, 1.06e-06, 1.20e-06, 6.39e-07, 5.60e-07, 1.37e-07, 1.35e-07, 1.70e-07, 7.45e-08, 9.24e-07, 1.34e-07, 1.55e-09]    []  
STEP 134000 BETA 0.99955606
135000    [9.99e-07, 1.06e-06, 7.47e-07, 5.11e-07, 4.69e-07, 3.54e-07, 1.32e-07, 1.00e-07, 7.74e-08, 4.10e-06, 2.07e-07, 7.76e-08]    [9.99e-07, 1.06e-06, 7.47e-07, 5.11e-07, 4.69e-07, 3.54e-07, 1.32e-07, 1.00e-07, 7.74e-08, 4.10e-06, 2.07e-07, 7.76e-08]    []  
STEP 135000 BETA 0.99924678
136000    [1.90e-06, 2.53e-06, 2.23e-06, 1.37e-06, 4.98e-07, 1.31e-07, 1.21e-07, 5.22e-08, 6.70e-08, 7.51e-07, 2.20e-07, 2.09e-08]    [1.90e-06, 2.53e-06, 2.23e-06, 1.37e-06, 4.98e-07, 1.31e-07, 1.21e-07, 5.22e-08, 6.70e-08, 7.51e-07, 2.20e-07, 2.09e-08]    []  
STEP 136000 BETA 0.99957085
137000    [2.18e-06, 2.12e-06, 1.31e-06, 1.29e-06, 1.02e-06, 4.11e-07, 1.68e-07, 2.35e-08, 1.57e-07, 2.70e-06, 1.34e-06, 1.53e-07]    [2.18e-06, 2.12e-06, 1.31e-06, 1.29e-06, 1.02e-06, 4.11e-07, 1.68e-07, 2.35e-08, 1.57e-07, 2.70e-06, 1.34e-06, 1.53e-07]    []  
STEP 137000 BETA 0.99955714
138000    [5.72e-07, 5.16e-07, 4.54e-07, 3.26e-07, 3.54e-07, 1.16e-07, 1.14e-07, 2.85e-08, 6.95e-08, 2.62e-07, 1.07e-07, 2.99e-09]    [5.72e-07, 5.16e-07, 4.54e-07, 3.26e-07, 3.54e-07, 1.16e-07, 1.14e-07, 2.85e-08, 6.95e-08, 2.62e-07, 1.07e-07, 2.99e-09]    []  
STEP 138000 BETA 0.99956530
139000    [3.84e-06, 3.72e-06, 3.50e-06, 2.36e-06, 9.33e-07, 1.97e-07, 1.66e-07, 7.89e-07, 9.53e-08, 5.27e-06, 2.81e-07, 7.68e-08]    [3.84e-06, 3.72e-06, 3.50e-06, 2.36e-06, 9.33e-07, 1.97e-07, 1.66e-07, 7.89e-07, 9.53e-08, 5.27e-06, 2.81e-07, 7.68e-08]    []  
STEP 139000 BETA 0.99928629
140000    [5.63e-07, 5.07e-07, 4.50e-07, 3.23e-07, 3.47e-07, 1.22e-07, 1.14e-07, 2.79e-08, 7.25e-08, 2.65e-07, 9.65e-08, 5.04e-12]    [5.63e-07, 5.07e-07, 4.50e-07, 3.23e-07, 3.47e-07, 1.22e-07, 1.14e-07, 2.79e-08, 7.25e-08, 2.65e-07, 9.65e-08, 5.04e-12]    []  
STEP 140000 BETA 0.99954152
141000    [9.63e-07, 1.11e-06, 7.59e-07, 5.73e-07, 3.79e-07, 1.16e-07, 1.19e-07, 2.94e-08, 7.83e-08, 3.88e-07, 2.13e-07, 6.94e-09]    [9.63e-07, 1.11e-06, 7.59e-07, 5.73e-07, 3.79e-07, 1.16e-07, 1.19e-07, 2.94e-08, 7.83e-08, 3.88e-07, 2.13e-07, 6.94e-09]    []  
STEP 141000 BETA 0.99954987
142000    [7.87e-07, 9.56e-07, 7.68e-07, 5.43e-07, 3.72e-07, 1.30e-07, 1.37e-07, 2.55e-08, 7.74e-08, 4.31e-07, 1.81e-07, 2.30e-08]    [7.87e-07, 9.56e-07, 7.68e-07, 5.43e-07, 3.72e-07, 1.30e-07, 1.37e-07, 2.55e-08, 7.74e-08, 4.31e-07, 1.81e-07, 2.30e-08]    []  
STEP 142000 BETA 0.99951172
143000    [1.26e-06, 9.62e-07, 8.05e-07, 7.28e-07, 9.17e-07, 1.89e-07, 1.74e-07, 4.57e-07, 1.30e-07, 2.29e-06, 7.37e-07, 7.82e-07]    [1.26e-06, 9.62e-07, 8.05e-07, 7.28e-07, 9.17e-07, 1.89e-07, 1.74e-07, 4.57e-07, 1.30e-07, 2.29e-06, 7.37e-07, 7.82e-07]    []  
STEP 143000 BETA 0.99938512
144000    [5.82e-07, 5.40e-07, 4.67e-07, 3.45e-07, 3.46e-07, 1.22e-07, 1.07e-07, 2.24e-08, 6.99e-08, 3.29e-07, 1.07e-07, 6.94e-11]    [5.82e-07, 5.40e-07, 4.67e-07, 3.45e-07, 3.46e-07, 1.22e-07, 1.07e-07, 2.24e-08, 6.99e-08, 3.29e-07, 1.07e-07, 6.94e-11]    []  
STEP 144000 BETA 0.99959296
145000    [5.89e-07, 5.59e-07, 4.85e-07, 3.62e-07, 3.44e-07, 1.18e-07, 1.11e-07, 2.39e-08, 7.19e-08, 2.99e-07, 1.03e-07, 6.35e-10]    [5.89e-07, 5.59e-07, 4.85e-07, 3.62e-07, 3.44e-07, 1.18e-07, 1.11e-07, 2.39e-08, 7.19e-08, 2.99e-07, 1.03e-07, 6.35e-10]    []  
STEP 145000 BETA 0.99963772
146000    [3.39e-06, 3.01e-06, 1.18e-06, 1.44e-06, 1.68e-06, 3.02e-07, 5.41e-07, 2.61e-07, 4.20e-07, 1.95e-06, 4.00e-06, 2.93e-06]    [3.39e-06, 3.01e-06, 1.18e-06, 1.44e-06, 1.68e-06, 3.02e-07, 5.41e-07, 2.61e-07, 4.20e-07, 1.95e-06, 4.00e-06, 2.93e-06]    []  
STEP 146000 BETA 0.99935097
147000    [3.91e-06, 8.94e-06, 5.71e-06, 5.67e-06, 1.01e-06, 4.66e-07, 1.71e-07, 4.63e-08, 1.52e-07, 3.48e-06, 5.64e-07, 2.46e-07]    [3.91e-06, 8.94e-06, 5.71e-06, 5.67e-06, 1.01e-06, 4.66e-07, 1.71e-07, 4.63e-08, 1.52e-07, 3.48e-06, 5.64e-07, 2.46e-07]    []  
STEP 147000 BETA 0.99939126
148000    [4.51e-06, 2.70e-06, 2.36e-06, 2.70e-06, 1.76e-06, 1.24e-07, 1.73e-07, 1.00e-06, 1.43e-07, 8.79e-06, 1.34e-06, 2.13e-07]    [4.51e-06, 2.70e-06, 2.36e-06, 2.70e-06, 1.76e-06, 1.24e-07, 1.73e-07, 1.00e-06, 1.43e-07, 8.79e-06, 1.34e-06, 2.13e-07]    []  
STEP 148000 BETA 0.99963361
149000    [5.45e-07, 4.74e-07, 4.20e-07, 3.03e-07, 3.29e-07, 1.02e-07, 1.08e-07, 1.87e-08, 7.08e-08, 2.69e-07, 1.10e-07, 3.35e-09]    [5.45e-07, 4.74e-07, 4.20e-07, 3.03e-07, 3.29e-07, 1.02e-07, 1.08e-07, 1.87e-08, 7.08e-08, 2.69e-07, 1.10e-07, 3.35e-09]    []  
STEP 149000 BETA 0.99956810
150000    [2.26e-06, 3.25e-06, 3.51e-06, 1.42e-06, 1.71e-06, 2.81e-07, 3.41e-07, 4.65e-07, 4.21e-07, 2.25e-06, 1.93e-06, 4.37e-06]    [2.26e-06, 3.25e-06, 3.51e-06, 1.42e-06, 1.71e-06, 2.81e-07, 3.41e-07, 4.65e-07, 4.21e-07, 2.25e-06, 1.93e-06, 4.37e-06]    []  
STEP 150000 BETA 0.99957848

Best model at step 149000:
  train loss: 2.75e-06
  test loss: 2.75e-06
  test metric: []

'train' took 25727.674375 s

RUN_COMPLETE {'case': 'A13', 'iterations': 150000, 'elapsed_seconds': 25727.674404621124, 'final_beta': [0.9995784759521484], 'final_A_or_beta0': 0.9995784759521484, 'true_A': 1.0, 'relative_l2': {'ux': 0.033104645821687775, 'uy': 0.005621484568854601, 'sxx': 0.12012257712960323, 'syy': 0.16349743818325177, 'sxy': 0.1974148964763612, 'K': 0.20631354903507548, 'mu': 0.22157705123413265, 'E': 0.21876703531327057, 'nu': 0.21821734953460706}, 'split_relative_l2': {'evaluation': {'ux': 0.033104645821687775, 'uy': 0.005621484568854601, 'sxx': 0.12012257712960323, 'syy': 0.16349743818325177, 'sxy': 0.1974148964763612, 'K': 0.20631354903507548, 'mu': 0.22157705123413265, 'E': 0.21876703531327057, 'nu': 0.21821734953460706}, 'validation': {'ux': 0.02710483271949661, 'uy': 0.005544133564374429, 'sxx': 0.11321417377869118, 'syy': 0.16538133940557115, 'sxy': 0.20440641921515665, 'K': 0.2081388250344474, 'mu': 0.22500965902149833, 'E': 0.22277358470683506, 'nu': 0.21835975731446097}, 'train': {'ux': 0.022436554455132162, 'uy': 0.005590407046926021, 'sxx': 0.10690977940750045, 'syy': 0.16721341870576142, 'sxy': 0.21162557166600787, 'K': 0.20971112326659905, 'mu': 0.2286081273613143, 'E': 0.22689363857615802, 'nu': 0.2163845104323257}}, 'true_reaction_y': 0.27722135186195374, 'pred_reaction_y': 0.23272602260112762, 'pred_reaction_y_stress_branch': 0.23272602260112762, 'pred_reaction_y_constitutive': 0.23359857499599457, 'reaction_rel_error': 0.16050469764256356, 'reaction_rel_error_stress_branch': 0.16050469764256356, 'reaction_rel_error_constitutive': 0.15735720417208118, 'equilibrium_form': 'direct', 'reaction_form': 'stress', 'run_note': 'Boundary_branch_with_decoupled_observation_loss_formal150k', 'best_step': 149000, 'eval_checkpoint': 'best', 'eval_checkpoint_path': '/public/home/xinxi/wxtian/WXTIAN/PINN/deepxde/boundary_uncertainty_pinn/exp/01.FormalKeyAblation/A13/model/final_model-150000.pt', 'final_model_path': '/public/home/xinxi/wxtian/WXTIAN/PINN/deepxde/boundary_uncertainty_pinn/exp/01.FormalKeyAblation/A13/model/final_model-150000.pt', 'final_train_loss_sum': 2.2203210392035544e-05, 'final_test_loss_sum': 2.2203210392035544e-05, 'independent_test_loss_available': False, 'loss_history_interval': 1000, 'num_trainable_parameters': 29432}
