===== START A7 =====
run_dir=/public/home/xinxi/wxtian/WXTIAN/PINN/deepxde/boundary_uncertainty_pinn/exp/01.FormalKeyAblation/A7
run_stamp=20260705_0110_formal150k_vizfix1000
case=A7
run_name=A7
node=comput4
device_index=1
conda_env=pytorch2.1w2
iterations=150000
display_every=1000
checkpoint_every=5000
num_domain=500
num_boundary=160
obs_grid=8
val_grid=21
test_grid=51
anchor_count=4
reaction_points=80
width=48
depth=3
material_width=48
material_depth=3
wide_width=80
wide_depth=4
boundary_modes=1
seed=42
physics_weight=1.0
momentum_weight=<default>
constitutive_weight=<default>
boundary_weight=1.0
obs_weight=1.0
obs_material_weight=20.0
obs_boundary_weight=20.0
anchor_weight=1.0
reaction_weight=1.0
gradient_diagnostic_period=0
equilibrium_form=direct
reaction_form=stress
eval_checkpoint=best
run_note=Split_network_wrong_fixed_boundary_formal150k
cuda_visible_devices=1
start_time=2026-07-05 01:10:56
===== DONE A7 =====
end_time=2026-07-05 07:34:06
