Using backend: pytorch
Other supported backends: tensorflow.compat.v1, tensorflow, jax, paddle.
paddle supports more examples now and is recommended.
Compiling model...
'compile' took 0.572293 s

Training model...

Step      Train loss                                                                                              Test loss                                                                                               Test metric
0         [1.63e-01, 1.01e-01, 1.20e-01, 1.23e-01, 3.39e-01, 2.00e-03, 1.79e-02, 8.67e-02, 2.41e-01, 7.46e-02]    [1.63e-01, 1.01e-01, 1.20e-01, 1.23e-01, 3.39e-01, 2.00e-03, 1.79e-02, 8.67e-02, 2.41e-01, 7.46e-02]    []  
1000      [1.39e-03, 1.20e-02, 3.31e-04, 5.80e-04, 2.89e-04, 1.58e-05, 1.85e-05, 2.86e-05, 1.13e-04, 1.13e-04]    [1.39e-03, 1.20e-02, 3.31e-04, 5.80e-04, 2.89e-04, 1.58e-05, 1.85e-05, 2.86e-05, 1.13e-04, 1.13e-04]    []  
STEP 1000 BETA 0.85000002
2000      [6.59e-04, 7.73e-04, 2.24e-04, 2.65e-04, 9.47e-05, 3.76e-05, 6.26e-05, 4.29e-05, 4.84e-05, 6.63e-05]    [6.59e-04, 7.73e-04, 2.24e-04, 2.65e-04, 9.47e-05, 3.76e-05, 6.26e-05, 4.29e-05, 4.84e-05, 6.63e-05]    []  
STEP 2000 BETA 0.85000002
3000      [4.23e-04, 3.19e-04, 4.20e-05, 1.67e-04, 5.71e-05, 2.72e-05, 1.20e-05, 3.78e-05, 4.09e-05, 6.73e-05]    [4.23e-04, 3.19e-04, 4.20e-05, 1.67e-04, 5.71e-05, 2.72e-05, 1.20e-05, 3.78e-05, 4.09e-05, 6.73e-05]    []  
STEP 3000 BETA 0.85000002
4000      [3.42e-04, 2.87e-04, 3.21e-05, 1.38e-04, 4.54e-05, 2.46e-05, 8.82e-06, 3.02e-05, 3.56e-05, 6.94e-05]    [3.42e-04, 2.87e-04, 3.21e-05, 1.38e-04, 4.54e-05, 2.46e-05, 8.82e-06, 3.02e-05, 3.56e-05, 6.94e-05]    []  
STEP 4000 BETA 0.85000002
5000      [2.33e-04, 2.32e-04, 3.28e-05, 9.57e-05, 1.23e-05, 1.59e-05, 3.81e-06, 2.01e-05, 3.41e-05, 6.22e-05]    [2.33e-04, 2.32e-04, 3.28e-05, 9.57e-05, 1.23e-05, 1.59e-05, 3.81e-06, 2.01e-05, 3.41e-05, 6.22e-05]    []  
STEP 5000 BETA 0.85000002
6000      [1.88e-04, 1.91e-04, 3.05e-05, 5.51e-05, 1.95e-05, 9.58e-06, 2.79e-06, 1.48e-05, 3.28e-05, 6.07e-05]    [1.88e-04, 1.91e-04, 3.05e-05, 5.51e-05, 1.95e-05, 9.58e-06, 2.79e-06, 1.48e-05, 3.28e-05, 6.07e-05]    []  
STEP 6000 BETA 0.85000002
7000      [1.32e-04, 1.64e-04, 2.48e-05, 2.92e-05, 2.31e-05, 6.69e-06, 6.18e-06, 1.27e-05, 3.69e-05, 4.98e-05]    [1.32e-04, 1.64e-04, 2.48e-05, 2.92e-05, 2.31e-05, 6.69e-06, 6.18e-06, 1.27e-05, 3.69e-05, 4.98e-05]    []  
STEP 7000 BETA 0.85000002
8000      [1.06e-04, 1.21e-04, 1.57e-05, 1.75e-05, 8.42e-06, 3.30e-06, 2.27e-06, 5.20e-06, 2.61e-05, 5.42e-05]    [1.06e-04, 1.21e-04, 1.57e-05, 1.75e-05, 8.42e-06, 3.30e-06, 2.27e-06, 5.20e-06, 2.61e-05, 5.42e-05]    []  
STEP 8000 BETA 0.85000002
9000      [8.82e-05, 9.72e-05, 1.58e-05, 1.37e-05, 8.63e-06, 1.65e-06, 2.22e-06, 3.13e-06, 2.60e-05, 4.79e-05]    [8.82e-05, 9.72e-05, 1.58e-05, 1.37e-05, 8.63e-06, 1.65e-06, 2.22e-06, 3.13e-06, 2.60e-05, 4.79e-05]    []  
STEP 9000 BETA 0.85000002
10000     [6.91e-05, 7.54e-05, 1.71e-05, 1.14e-05, 6.39e-06, 8.29e-07, 9.44e-07, 1.65e-06, 1.94e-05, 4.60e-05]    [6.91e-05, 7.54e-05, 1.71e-05, 1.14e-05, 6.39e-06, 8.29e-07, 9.44e-07, 1.65e-06, 1.94e-05, 4.60e-05]    []  
STEP 10000 BETA 0.85000002
11000     [5.71e-05, 6.36e-05, 1.70e-05, 1.06e-05, 7.66e-06, 8.20e-07, 1.34e-06, 3.79e-06, 2.33e-05, 3.96e-05]    [5.71e-05, 6.36e-05, 1.70e-05, 1.06e-05, 7.66e-06, 8.20e-07, 1.34e-06, 3.79e-06, 2.33e-05, 3.96e-05]    []  
STEP 11000 BETA 0.85000002
12000     [4.43e-05, 4.89e-05, 1.61e-05, 9.12e-06, 5.77e-06, 2.67e-07, 5.09e-07, 8.82e-07, 1.47e-05, 3.92e-05]    [4.43e-05, 4.89e-05, 1.61e-05, 9.12e-06, 5.77e-06, 2.67e-07, 5.09e-07, 8.82e-07, 1.47e-05, 3.92e-05]    []  
STEP 12000 BETA 0.85000002
13000     [3.66e-05, 3.96e-05, 1.44e-05, 8.06e-06, 5.54e-06, 3.68e-07, 6.90e-07, 7.83e-07, 1.40e-05, 3.79e-05]    [3.66e-05, 3.96e-05, 1.44e-05, 8.06e-06, 5.54e-06, 3.68e-07, 6.90e-07, 7.83e-07, 1.40e-05, 3.79e-05]    []  
STEP 13000 BETA 0.85000002
14000     [3.52e-05, 3.78e-05, 2.07e-05, 1.41e-05, 1.55e-05, 7.61e-07, 1.78e-06, 7.65e-06, 2.20e-05, 3.38e-05]    [3.52e-05, 3.78e-05, 2.07e-05, 1.41e-05, 1.55e-05, 7.61e-07, 1.78e-06, 7.65e-06, 2.20e-05, 3.38e-05]    []  
STEP 14000 BETA 0.85000002
15000     [2.72e-05, 2.63e-05, 1.31e-05, 6.24e-06, 8.16e-06, 4.42e-07, 1.46e-06, 2.28e-06, 1.59e-05, 3.19e-05]    [2.72e-05, 2.63e-05, 1.31e-05, 6.24e-06, 8.16e-06, 4.42e-07, 1.46e-06, 2.28e-06, 1.59e-05, 3.19e-05]    []  
STEP 15000 BETA 0.85000002
16000     [2.27e-05, 2.28e-05, 1.33e-05, 5.96e-06, 4.75e-06, 6.26e-07, 1.39e-06, 1.24e-06, 1.47e-05, 3.10e-05]    [2.27e-05, 2.28e-05, 1.33e-05, 5.96e-06, 4.75e-06, 6.26e-07, 1.39e-06, 1.24e-06, 1.47e-05, 3.10e-05]    []  
STEP 16000 BETA 0.85000002
17000     [8.89e-05, 4.71e-05, 1.57e-05, 1.28e-05, 5.33e-05, 7.89e-07, 1.42e-05, 2.71e-05, 1.24e-05, 5.82e-05]    [8.89e-05, 4.71e-05, 1.57e-05, 1.28e-05, 5.33e-05, 7.89e-07, 1.42e-05, 2.71e-05, 1.24e-05, 5.82e-05]    []  
STEP 17000 BETA 0.85000002
18000     [3.18e-05, 1.86e-05, 1.58e-05, 5.16e-06, 5.72e-06, 1.17e-06, 8.35e-07, 1.49e-06, 1.07e-05, 3.27e-05]    [3.18e-05, 1.86e-05, 1.58e-05, 5.16e-06, 5.72e-06, 1.17e-06, 8.35e-07, 1.49e-06, 1.07e-05, 3.27e-05]    []  
STEP 18000 BETA 0.85000002
19000     [1.81e-05, 2.19e-05, 1.73e-05, 1.15e-05, 2.94e-06, 5.58e-07, 6.36e-07, 5.33e-07, 6.67e-06, 3.34e-05]    [1.81e-05, 2.19e-05, 1.73e-05, 1.15e-05, 2.94e-06, 5.58e-07, 6.36e-07, 5.33e-07, 6.67e-06, 3.34e-05]    []  
STEP 19000 BETA 0.85000002
20000     [2.78e-05, 1.85e-05, 1.10e-05, 4.56e-06, 1.06e-05, 3.29e-07, 2.94e-06, 4.69e-06, 6.14e-06, 3.57e-05]    [2.78e-05, 1.85e-05, 1.10e-05, 4.56e-06, 1.06e-05, 3.29e-07, 2.94e-06, 4.69e-06, 6.14e-06, 3.57e-05]    []  
STEP 20000 BETA 0.85000002
21000     [1.18e-05, 1.15e-05, 9.37e-06, 2.77e-06, 2.16e-06, 1.59e-07, 4.69e-07, 4.22e-07, 8.35e-06, 2.93e-05]    [1.18e-05, 1.15e-05, 9.37e-06, 2.77e-06, 2.16e-06, 1.59e-07, 4.69e-07, 4.22e-07, 8.35e-06, 2.93e-05]    []  
STEP 21000 BETA 0.85000002
22000     [5.69e-05, 1.14e-04, 1.18e-04, 9.86e-05, 1.44e-05, 3.50e-06, 2.43e-06, 8.96e-06, 1.55e-05, 2.74e-05]    [5.69e-05, 1.14e-04, 1.18e-04, 9.86e-05, 1.44e-05, 3.50e-06, 2.43e-06, 8.96e-06, 1.55e-05, 2.74e-05]    []  
STEP 22000 BETA 0.85000002
23000     [5.86e-05, 5.67e-05, 4.98e-05, 4.01e-05, 9.35e-06, 1.61e-07, 3.46e-06, 1.02e-05, 1.17e-05, 2.93e-05]    [5.86e-05, 5.67e-05, 4.98e-05, 4.01e-05, 9.35e-06, 1.61e-07, 3.46e-06, 1.02e-05, 1.17e-05, 2.93e-05]    []  
STEP 23000 BETA 0.85000002
24000     [6.14e-05, 4.10e-05, 3.02e-05, 2.56e-05, 7.23e-06, 3.89e-06, 9.28e-07, 5.10e-06, 3.23e-06, 3.85e-05]    [6.14e-05, 4.10e-05, 3.02e-05, 2.56e-05, 7.23e-06, 3.89e-06, 9.28e-07, 5.10e-06, 3.23e-06, 3.85e-05]    []  
STEP 24000 BETA 0.85000002
25000     [3.87e-05, 4.95e-05, 3.76e-05, 3.45e-05, 1.71e-06, 9.16e-07, 2.26e-06, 3.37e-06, 6.14e-06, 2.91e-05]    [3.87e-05, 4.95e-05, 3.76e-05, 3.45e-05, 1.71e-06, 9.16e-07, 2.26e-06, 3.37e-06, 6.14e-06, 2.91e-05]    []  
STEP 25000 BETA 0.85000002
26000     [8.16e-06, 7.58e-06, 8.89e-06, 2.75e-06, 1.00e-06, 5.00e-08, 3.10e-07, 3.80e-07, 4.97e-06, 2.87e-05]    [8.16e-06, 7.58e-06, 8.89e-06, 2.75e-06, 1.00e-06, 5.00e-08, 3.10e-07, 3.80e-07, 4.97e-06, 2.87e-05]    []  
STEP 26000 BETA 0.85000002
27000     [3.06e-05, 2.96e-05, 3.13e-05, 2.99e-05, 6.40e-06, 2.37e-06, 9.94e-07, 1.04e-05, 2.33e-05, 2.43e-05]    [3.06e-05, 2.96e-05, 3.13e-05, 2.99e-05, 6.40e-06, 2.37e-06, 9.94e-07, 1.04e-05, 2.33e-05, 2.43e-05]    []  
STEP 27000 BETA 0.85000002
28000     [8.23e-06, 6.46e-06, 8.93e-06, 2.91e-06, 2.59e-06, 6.83e-08, 2.76e-07, 1.13e-06, 6.36e-06, 2.67e-05]    [8.23e-06, 6.46e-06, 8.93e-06, 2.91e-06, 2.59e-06, 6.83e-08, 2.76e-07, 1.13e-06, 6.36e-06, 2.67e-05]    []  
STEP 28000 BETA 0.85000002
29000     [2.09e-05, 2.30e-05, 2.67e-05, 2.20e-05, 1.76e-06, 3.69e-07, 9.66e-07, 2.42e-06, 5.24e-06, 2.67e-05]    [2.09e-05, 2.30e-05, 2.67e-05, 2.20e-05, 1.76e-06, 3.69e-07, 9.66e-07, 2.42e-06, 5.24e-06, 2.67e-05]    []  
STEP 29000 BETA 0.85000002
30000     [5.88e-06, 5.44e-06, 8.24e-06, 2.36e-06, 6.45e-07, 4.19e-08, 1.67e-07, 1.81e-07, 4.65e-06, 2.67e-05]    [5.88e-06, 5.44e-06, 8.24e-06, 2.36e-06, 6.45e-07, 4.19e-08, 1.67e-07, 1.81e-07, 4.65e-06, 2.67e-05]    []  
STEP 30000 BETA 0.85000002
31000     [9.49e-06, 9.18e-06, 9.89e-06, 4.15e-06, 1.81e-06, 6.12e-08, 7.74e-07, 1.39e-06, 3.15e-06, 2.83e-05]    [9.49e-06, 9.18e-06, 9.89e-06, 4.15e-06, 1.81e-06, 6.12e-08, 7.74e-07, 1.39e-06, 3.15e-06, 2.83e-05]    []  
STEP 31000 BETA 0.85000002
32000     [1.14e-05, 1.20e-05, 9.25e-06, 9.36e-06, 3.53e-06, 5.65e-07, 8.24e-07, 3.79e-06, 2.61e-06, 3.06e-05]    [1.14e-05, 1.20e-05, 9.25e-06, 9.36e-06, 3.53e-06, 5.65e-07, 8.24e-07, 3.79e-06, 2.61e-06, 3.06e-05]    []  
STEP 32000 BETA 0.85000002
33000     [1.24e-05, 1.03e-05, 8.45e-06, 3.09e-06, 4.26e-06, 2.99e-07, 7.66e-07, 1.76e-06, 8.88e-06, 2.44e-05]    [1.24e-05, 1.03e-05, 8.45e-06, 3.09e-06, 4.26e-06, 2.99e-07, 7.66e-07, 1.76e-06, 8.88e-06, 2.44e-05]    []  
STEP 33000 BETA 0.85000002
34000     [5.26e-06, 5.36e-06, 8.03e-06, 2.68e-06, 6.75e-07, 6.47e-08, 2.77e-07, 4.93e-07, 2.95e-06, 2.66e-05]    [5.26e-06, 5.36e-06, 8.03e-06, 2.68e-06, 6.75e-07, 6.47e-08, 2.77e-07, 4.93e-07, 2.95e-06, 2.66e-05]    []  
STEP 34000 BETA 0.85000002
35000     [1.25e-05, 1.64e-05, 1.32e-05, 9.29e-06, 2.32e-06, 4.06e-07, 9.93e-07, 3.75e-06, 9.00e-06, 2.41e-05]    [1.25e-05, 1.64e-05, 1.32e-05, 9.29e-06, 2.32e-06, 4.06e-07, 9.93e-07, 3.75e-06, 9.00e-06, 2.41e-05]    []  
STEP 35000 BETA 0.85000002
36000     [2.48e-05, 3.92e-05, 1.84e-05, 2.84e-05, 6.35e-06, 2.14e-06, 3.29e-06, 1.22e-05, 2.65e-05, 2.37e-05]    [2.48e-05, 3.92e-05, 1.84e-05, 2.84e-05, 6.35e-06, 2.14e-06, 3.29e-06, 1.22e-05, 2.65e-05, 2.37e-05]    []  
STEP 36000 BETA 0.85000002
37000     [2.22e-05, 1.00e-05, 1.08e-05, 6.22e-06, 1.35e-05, 9.47e-08, 3.10e-06, 1.08e-05, 2.72e-06, 3.20e-05]    [2.22e-05, 1.00e-05, 1.08e-05, 6.22e-06, 1.35e-05, 9.47e-08, 3.10e-06, 1.08e-05, 2.72e-06, 3.20e-05]    []  
STEP 37000 BETA 0.85000002
38000     [6.68e-06, 5.20e-06, 8.84e-06, 2.86e-06, 8.79e-07, 2.99e-07, 1.51e-07, 5.13e-07, 3.89e-06, 2.45e-05]    [6.68e-06, 5.20e-06, 8.84e-06, 2.86e-06, 8.79e-07, 2.99e-07, 1.51e-07, 5.13e-07, 3.89e-06, 2.45e-05]    []  
STEP 38000 BETA 0.85000002
39000     [4.22e-06, 3.63e-06, 7.27e-06, 1.79e-06, 5.64e-07, 1.32e-07, 1.92e-07, 1.88e-07, 3.27e-06, 2.45e-05]    [4.22e-06, 3.63e-06, 7.27e-06, 1.79e-06, 5.64e-07, 1.32e-07, 1.92e-07, 1.88e-07, 3.27e-06, 2.45e-05]    []  
STEP 39000 BETA 0.85000002
40000     [1.07e-05, 1.06e-05, 1.37e-05, 6.57e-06, 1.18e-06, 5.90e-07, 3.02e-07, 4.25e-07, 4.00e-06, 2.38e-05]    [1.07e-05, 1.06e-05, 1.37e-05, 6.57e-06, 1.18e-06, 5.90e-07, 3.02e-07, 4.25e-07, 4.00e-06, 2.38e-05]    []  
STEP 40000 BETA 0.85000002
41000     [4.17e-06, 4.07e-06, 7.35e-06, 2.13e-06, 4.87e-07, 1.54e-07, 2.22e-07, 3.69e-07, 2.34e-06, 2.51e-05]    [4.17e-06, 4.07e-06, 7.35e-06, 2.13e-06, 4.87e-07, 1.54e-07, 2.22e-07, 3.69e-07, 2.34e-06, 2.51e-05]    []  
STEP 41000 BETA 0.85000002
42000     [3.46e-06, 3.26e-06, 6.80e-06, 1.55e-06, 5.92e-07, 1.05e-07, 1.41e-07, 1.49e-07, 2.98e-06, 2.45e-05]    [3.46e-06, 3.26e-06, 6.80e-06, 1.55e-06, 5.92e-07, 1.05e-07, 1.41e-07, 1.49e-07, 2.98e-06, 2.45e-05]    []  
STEP 42000 BETA 0.85000002
43000     [1.04e-05, 2.03e-05, 1.39e-05, 1.16e-05, 4.78e-06, 3.04e-07, 7.43e-07, 4.06e-06, 1.26e-05, 2.13e-05]    [1.04e-05, 2.03e-05, 1.39e-05, 1.16e-05, 4.78e-06, 3.04e-07, 7.43e-07, 4.06e-06, 1.26e-05, 2.13e-05]    []  
STEP 43000 BETA 0.85000002
44000     [5.37e-06, 3.77e-06, 7.52e-06, 2.86e-06, 1.46e-06, 1.38e-07, 2.23e-07, 1.27e-06, 4.56e-06, 2.33e-05]    [5.37e-06, 3.77e-06, 7.52e-06, 2.86e-06, 1.46e-06, 1.38e-07, 2.23e-07, 1.27e-06, 4.56e-06, 2.33e-05]    []  
STEP 44000 BETA 0.85000002
45000     [3.81e-06, 3.06e-06, 6.84e-06, 1.69e-06, 7.32e-07, 1.38e-07, 3.00e-07, 2.43e-07, 2.43e-06, 2.40e-05]    [3.81e-06, 3.06e-06, 6.84e-06, 1.69e-06, 7.32e-07, 1.38e-07, 3.00e-07, 2.43e-07, 2.43e-06, 2.40e-05]    []  
STEP 45000 BETA 0.85000002
46000     [3.25e-06, 2.95e-06, 6.59e-06, 1.58e-06, 4.89e-07, 1.28e-07, 2.53e-07, 4.12e-07, 1.87e-06, 2.44e-05]    [3.25e-06, 2.95e-06, 6.59e-06, 1.58e-06, 4.89e-07, 1.28e-07, 2.53e-07, 4.12e-07, 1.87e-06, 2.44e-05]    []  
STEP 46000 BETA 0.85000002
47000     [8.54e-06, 8.54e-06, 7.65e-06, 3.65e-06, 3.05e-06, 1.02e-06, 2.50e-07, 1.41e-07, 4.62e-06, 2.22e-05]    [8.54e-06, 8.54e-06, 7.65e-06, 3.65e-06, 3.05e-06, 1.02e-06, 2.50e-07, 1.41e-07, 4.62e-06, 2.22e-05]    []  
STEP 47000 BETA 0.85000002
48000     [3.08e-06, 2.90e-06, 6.34e-06, 1.47e-06, 7.46e-07, 1.11e-07, 1.65e-07, 2.70e-07, 2.88e-06, 2.34e-05]    [3.08e-06, 2.90e-06, 6.34e-06, 1.47e-06, 7.46e-07, 1.11e-07, 1.65e-07, 2.70e-07, 2.88e-06, 2.34e-05]    []  
STEP 48000 BETA 0.85000002
49000     [3.95e-06, 3.71e-06, 7.22e-06, 2.20e-06, 9.80e-07, 1.26e-07, 2.10e-07, 8.68e-07, 1.87e-06, 2.40e-05]    [3.95e-06, 3.71e-06, 7.22e-06, 2.20e-06, 9.80e-07, 1.26e-07, 2.10e-07, 8.68e-07, 1.87e-06, 2.40e-05]    []  
STEP 49000 BETA 0.85000002
50000     [6.83e-06, 7.73e-06, 8.21e-06, 4.53e-06, 2.51e-06, 5.35e-07, 4.88e-07, 1.20e-06, 7.33e-07, 2.60e-05]    [6.83e-06, 7.73e-06, 8.21e-06, 4.53e-06, 2.51e-06, 5.35e-07, 4.88e-07, 1.20e-06, 7.33e-07, 2.60e-05]    []  
STEP 50000 BETA 0.85000002
51000     [3.54e-06, 3.43e-06, 6.49e-06, 1.65e-06, 8.71e-07, 3.41e-07, 1.21e-07, 1.49e-07, 3.15e-06, 2.24e-05]    [3.54e-06, 3.43e-06, 6.49e-06, 1.65e-06, 8.71e-07, 3.41e-07, 1.21e-07, 1.49e-07, 3.15e-06, 2.24e-05]    []  
STEP 51000 BETA 0.85000002
52000     [5.11e-06, 9.18e-06, 9.58e-06, 5.54e-06, 1.84e-06, 1.46e-07, 6.52e-07, 1.89e-06, 7.49e-07, 2.69e-05]    [5.11e-06, 9.18e-06, 9.58e-06, 5.54e-06, 1.84e-06, 1.46e-07, 6.52e-07, 1.89e-06, 7.49e-07, 2.69e-05]    []  
STEP 52000 BETA 0.85000002
53000     [2.17e-06, 2.43e-06, 6.19e-06, 1.25e-06, 4.34e-07, 8.52e-08, 1.55e-07, 1.96e-07, 1.84e-06, 2.31e-05]    [2.17e-06, 2.43e-06, 6.19e-06, 1.25e-06, 4.34e-07, 8.52e-08, 1.55e-07, 1.96e-07, 1.84e-06, 2.31e-05]    []  
STEP 53000 BETA 0.85000002
54000     [4.50e-06, 6.01e-06, 7.87e-06, 3.86e-06, 6.33e-07, 2.82e-07, 5.99e-07, 9.68e-07, 6.83e-07, 2.57e-05]    [4.50e-06, 6.01e-06, 7.87e-06, 3.86e-06, 6.33e-07, 2.82e-07, 5.99e-07, 9.68e-07, 6.83e-07, 2.57e-05]    []  
STEP 54000 BETA 0.85000002
55000     [3.85e-06, 3.10e-06, 6.62e-06, 1.96e-06, 9.15e-07, 1.27e-07, 2.85e-07, 8.00e-07, 1.58e-06, 2.33e-05]    [3.85e-06, 3.10e-06, 6.62e-06, 1.96e-06, 9.15e-07, 1.27e-07, 2.85e-07, 8.00e-07, 1.58e-06, 2.33e-05]    []  
STEP 55000 BETA 0.85000002
56000     [2.95e-06, 5.19e-06, 6.89e-06, 2.63e-06, 8.80e-07, 1.07e-07, 1.91e-07, 4.16e-07, 1.19e-06, 2.36e-05]    [2.95e-06, 5.19e-06, 6.89e-06, 2.63e-06, 8.80e-07, 1.07e-07, 1.91e-07, 4.16e-07, 1.19e-06, 2.36e-05]    []  
STEP 56000 BETA 0.85000002
57000     [2.83e-06, 2.41e-06, 6.54e-06, 1.63e-06, 5.97e-07, 1.25e-07, 1.16e-07, 4.70e-07, 2.72e-06, 2.18e-05]    [2.83e-06, 2.41e-06, 6.54e-06, 1.63e-06, 5.97e-07, 1.25e-07, 1.16e-07, 4.70e-07, 2.72e-06, 2.18e-05]    []  
STEP 57000 BETA 0.85000002
58000     [4.60e-06, 6.15e-06, 6.92e-06, 2.67e-06, 1.30e-06, 9.56e-08, 4.07e-07, 1.02e-06, 5.82e-06, 2.04e-05]    [4.60e-06, 6.15e-06, 6.92e-06, 2.67e-06, 1.30e-06, 9.56e-08, 4.07e-07, 1.02e-06, 5.82e-06, 2.04e-05]    []  
STEP 58000 BETA 0.85000002
59000     [1.88e-06, 2.02e-06, 5.58e-06, 8.99e-07, 4.14e-07, 1.35e-07, 1.23e-07, 1.80e-07, 2.35e-06, 2.18e-05]    [1.88e-06, 2.02e-06, 5.58e-06, 8.99e-07, 4.14e-07, 1.35e-07, 1.23e-07, 1.80e-07, 2.35e-06, 2.18e-05]    []  
STEP 59000 BETA 0.85000002
60000     [4.15e-06, 3.83e-06, 6.62e-06, 2.48e-06, 9.50e-07, 1.22e-07, 1.51e-07, 1.32e-07, 2.61e-06, 2.15e-05]    [4.15e-06, 3.83e-06, 6.62e-06, 2.48e-06, 9.50e-07, 1.22e-07, 1.51e-07, 1.32e-07, 2.61e-06, 2.15e-05]    []  
STEP 60000 BETA 0.85000002
61000     [3.85e-06, 5.63e-06, 6.87e-06, 2.65e-06, 1.08e-06, 1.99e-07, 5.66e-07, 1.13e-06, 6.30e-07, 2.42e-05]    [3.85e-06, 5.63e-06, 6.87e-06, 2.65e-06, 1.08e-06, 1.99e-07, 5.66e-07, 1.13e-06, 6.30e-07, 2.42e-05]    []  
STEP 61000 BETA 0.85000002
62000     [8.01e-06, 1.30e-05, 8.48e-06, 5.87e-06, 2.56e-06, 1.97e-07, 1.64e-06, 3.23e-06, 6.54e-07, 2.69e-05]    [8.01e-06, 1.30e-05, 8.48e-06, 5.87e-06, 2.56e-06, 1.97e-07, 1.64e-06, 3.23e-06, 6.54e-07, 2.69e-05]    []  
STEP 62000 BETA 0.85000002
63000     [3.16e-06, 3.04e-06, 6.24e-06, 1.51e-06, 6.47e-07, 1.10e-07, 1.11e-07, 2.55e-07, 2.05e-06, 2.14e-05]    [3.16e-06, 3.04e-06, 6.24e-06, 1.51e-06, 6.47e-07, 1.10e-07, 1.11e-07, 2.55e-07, 2.05e-06, 2.14e-05]    []  
STEP 63000 BETA 0.85000002
64000     [3.89e-06, 5.28e-06, 6.56e-06, 2.21e-06, 1.40e-06, 3.07e-07, 3.12e-07, 7.34e-07, 7.97e-07, 2.33e-05]    [3.89e-06, 5.28e-06, 6.56e-06, 2.21e-06, 1.40e-06, 3.07e-07, 3.12e-07, 7.34e-07, 7.97e-07, 2.33e-05]    []  
STEP 64000 BETA 0.85000002
65000     [1.62e-06, 1.54e-06, 5.30e-06, 7.21e-07, 3.75e-07, 7.80e-08, 1.52e-07, 1.80e-07, 1.60e-06, 2.15e-05]    [1.62e-06, 1.54e-06, 5.30e-06, 7.21e-07, 3.75e-07, 7.80e-08, 1.52e-07, 1.80e-07, 1.60e-06, 2.15e-05]    []  
STEP 65000 BETA 0.85000002
66000     [1.61e-06, 1.75e-06, 5.31e-06, 7.85e-07, 3.96e-07, 9.44e-08, 1.32e-07, 1.75e-07, 1.94e-06, 2.11e-05]    [1.61e-06, 1.75e-06, 5.31e-06, 7.85e-07, 3.96e-07, 9.44e-08, 1.32e-07, 1.75e-07, 1.94e-06, 2.11e-05]    []  
STEP 66000 BETA 0.85000002
67000     [6.66e-06, 2.02e-06, 6.24e-06, 1.41e-06, 2.16e-06, 3.32e-07, 2.97e-07, 1.69e-07, 2.96e-06, 2.04e-05]    [6.66e-06, 2.02e-06, 6.24e-06, 1.41e-06, 2.16e-06, 3.32e-07, 2.97e-07, 1.69e-07, 2.96e-06, 2.04e-05]    []  
STEP 67000 BETA 0.85000002
68000     [3.43e-06, 8.13e-06, 8.36e-06, 4.96e-06, 8.56e-07, 1.79e-07, 1.73e-07, 7.58e-07, 5.53e-07, 2.32e-05]    [3.43e-06, 8.13e-06, 8.36e-06, 4.96e-06, 8.56e-07, 1.79e-07, 1.73e-07, 7.58e-07, 5.53e-07, 2.32e-05]    []  
STEP 68000 BETA 0.85000002
69000     [2.94e-06, 2.60e-06, 5.46e-06, 1.34e-06, 6.42e-07, 1.07e-07, 2.34e-07, 3.08e-07, 3.65e-06, 1.95e-05]    [2.94e-06, 2.60e-06, 5.46e-06, 1.34e-06, 6.42e-07, 1.07e-07, 2.34e-07, 3.08e-07, 3.65e-06, 1.95e-05]    []  
STEP 69000 BETA 0.85000002
70000     [1.78e-06, 1.64e-06, 5.19e-06, 7.98e-07, 4.57e-07, 7.77e-08, 1.45e-07, 3.50e-07, 1.46e-06, 2.11e-05]    [1.78e-06, 1.64e-06, 5.19e-06, 7.98e-07, 4.57e-07, 7.77e-08, 1.45e-07, 3.50e-07, 1.46e-06, 2.11e-05]    []  
STEP 70000 BETA 0.85000002
71000     [1.46e-05, 2.20e-05, 1.79e-05, 1.78e-05, 5.99e-06, 2.74e-07, 1.19e-06, 2.43e-06, 6.77e-07, 2.34e-05]    [1.46e-05, 2.20e-05, 1.79e-05, 1.78e-05, 5.99e-06, 2.74e-07, 1.19e-06, 2.43e-06, 6.77e-07, 2.34e-05]    []  
STEP 71000 BETA 0.85000002
72000     [1.83e-06, 1.69e-06, 5.12e-06, 7.72e-07, 5.52e-07, 1.18e-07, 1.26e-07, 1.36e-07, 1.46e-06, 2.08e-05]    [1.83e-06, 1.69e-06, 5.12e-06, 7.72e-07, 5.52e-07, 1.18e-07, 1.26e-07, 1.36e-07, 1.46e-06, 2.08e-05]    []  
STEP 72000 BETA 0.85000002
73000     [2.07e-06, 1.65e-06, 5.13e-06, 6.59e-07, 7.46e-07, 1.06e-07, 1.68e-07, 1.50e-07, 1.44e-06, 2.07e-05]    [2.07e-06, 1.65e-06, 5.13e-06, 6.59e-07, 7.46e-07, 1.06e-07, 1.68e-07, 1.50e-07, 1.44e-06, 2.07e-05]    []  
STEP 73000 BETA 0.85000002
74000     [3.17e-06, 3.41e-06, 5.00e-06, 7.26e-07, 1.52e-06, 1.92e-07, 1.67e-07, 6.48e-07, 2.22e-06, 1.99e-05]    [3.17e-06, 3.41e-06, 5.00e-06, 7.26e-07, 1.52e-06, 1.92e-07, 1.67e-07, 6.48e-07, 2.22e-06, 1.99e-05]    []  
STEP 74000 BETA 0.85000002
75000     [2.23e-06, 3.06e-06, 5.27e-06, 1.41e-06, 6.57e-07, 8.29e-08, 1.14e-07, 4.34e-07, 1.19e-06, 2.08e-05]    [2.23e-06, 3.06e-06, 5.27e-06, 1.41e-06, 6.57e-07, 8.29e-08, 1.14e-07, 4.34e-07, 1.19e-06, 2.08e-05]    []  
STEP 75000 BETA 0.85000002
76000     [4.07e-06, 1.58e-06, 5.08e-06, 1.17e-06, 8.01e-07, 8.66e-08, 1.48e-07, 1.35e-07, 1.39e-06, 2.03e-05]    [4.07e-06, 1.58e-06, 5.08e-06, 1.17e-06, 8.01e-07, 8.66e-08, 1.48e-07, 1.35e-07, 1.39e-06, 2.03e-05]    []  
STEP 76000 BETA 0.85000002
77000     [1.29e-06, 1.25e-06, 4.69e-06, 5.79e-07, 3.12e-07, 7.04e-08, 1.29e-07, 1.06e-07, 1.57e-06, 2.00e-05]    [1.29e-06, 1.25e-06, 4.69e-06, 5.79e-07, 3.12e-07, 7.04e-08, 1.29e-07, 1.06e-07, 1.57e-06, 2.00e-05]    []  
STEP 77000 BETA 0.85000002
78000     [1.56e-05, 1.08e-05, 8.75e-06, 3.88e-06, 8.23e-06, 6.21e-07, 1.81e-06, 7.24e-06, 5.68e-06, 1.95e-05]    [1.56e-05, 1.08e-05, 8.75e-06, 3.88e-06, 8.23e-06, 6.21e-07, 1.81e-06, 7.24e-06, 5.68e-06, 1.95e-05]    []  
STEP 78000 BETA 0.85000002
79000     [1.37e-06, 1.77e-06, 4.68e-06, 7.72e-07, 3.73e-07, 6.22e-08, 1.10e-07, 1.45e-07, 2.03e-06, 1.92e-05]    [1.37e-06, 1.77e-06, 4.68e-06, 7.72e-07, 3.73e-07, 6.22e-08, 1.10e-07, 1.45e-07, 2.03e-06, 1.92e-05]    []  
STEP 79000 BETA 0.85000002
80000     [1.76e-06, 1.55e-06, 4.70e-06, 7.76e-07, 3.46e-07, 9.92e-08, 1.24e-07, 1.64e-07, 1.30e-06, 1.99e-05]    [1.76e-06, 1.55e-06, 4.70e-06, 7.76e-07, 3.46e-07, 9.92e-08, 1.24e-07, 1.64e-07, 1.30e-06, 1.99e-05]    []  
STEP 80000 BETA 0.85000002
81000     [2.47e-06, 3.51e-06, 4.83e-06, 1.38e-06, 3.64e-07, 1.49e-07, 3.72e-07, 2.14e-07, 5.27e-07, 2.13e-05]    [2.47e-06, 3.51e-06, 4.83e-06, 1.38e-06, 3.64e-07, 1.49e-07, 3.72e-07, 2.14e-07, 5.27e-07, 2.13e-05]    []  
STEP 81000 BETA 0.85000002
82000     [1.28e-06, 1.87e-06, 4.83e-06, 9.21e-07, 2.88e-07, 6.93e-08, 1.10e-07, 1.04e-07, 1.82e-06, 1.91e-05]    [1.28e-06, 1.87e-06, 4.83e-06, 9.21e-07, 2.88e-07, 6.93e-08, 1.10e-07, 1.04e-07, 1.82e-06, 1.91e-05]    []  
STEP 82000 BETA 0.85000002
83000     [2.37e-06, 1.66e-06, 4.17e-06, 5.40e-07, 8.88e-07, 1.05e-07, 2.05e-07, 3.22e-07, 2.20e-06, 1.88e-05]    [2.37e-06, 1.66e-06, 4.17e-06, 5.40e-07, 8.88e-07, 1.05e-07, 2.05e-07, 3.22e-07, 2.20e-06, 1.88e-05]    []  
STEP 83000 BETA 0.85000002
84000     [4.71e-06, 2.68e-06, 5.12e-06, 1.27e-06, 1.11e-06, 7.18e-08, 4.63e-07, 3.38e-07, 3.56e-06, 1.79e-05]    [4.71e-06, 2.68e-06, 5.12e-06, 1.27e-06, 1.11e-06, 7.18e-08, 4.63e-07, 3.38e-07, 3.56e-06, 1.79e-05]    []  
STEP 84000 BETA 0.85000002
85000     [7.19e-06, 1.10e-05, 1.10e-05, 7.26e-06, 2.43e-06, 4.98e-07, 5.36e-07, 1.55e-07, 1.78e-06, 1.92e-05]    [7.19e-06, 1.10e-05, 1.10e-05, 7.26e-06, 2.43e-06, 4.98e-07, 5.36e-07, 1.55e-07, 1.78e-06, 1.92e-05]    []  
STEP 85000 BETA 0.85000002
86000     [1.58e-06, 2.14e-06, 4.14e-06, 1.17e-06, 3.87e-07, 5.26e-08, 1.42e-07, 2.70e-07, 7.34e-07, 2.01e-05]    [1.58e-06, 2.14e-06, 4.14e-06, 1.17e-06, 3.87e-07, 5.26e-08, 1.42e-07, 2.70e-07, 7.34e-07, 2.01e-05]    []  
STEP 86000 BETA 0.85000002
87000     [4.50e-06, 5.78e-06, 4.47e-06, 2.14e-06, 1.62e-06, 8.18e-08, 1.26e-07, 7.49e-07, 1.92e-06, 1.86e-05]    [4.50e-06, 5.78e-06, 4.47e-06, 2.14e-06, 1.62e-06, 8.18e-08, 1.26e-07, 7.49e-07, 1.92e-06, 1.86e-05]    []  
STEP 87000 BETA 0.85000002
88000     [4.63e-06, 7.78e-06, 5.59e-06, 3.88e-06, 1.86e-06, 4.52e-08, 5.57e-07, 1.17e-06, 5.49e-06, 1.69e-05]    [4.63e-06, 7.78e-06, 5.59e-06, 3.88e-06, 1.86e-06, 4.52e-08, 5.57e-07, 1.17e-06, 5.49e-06, 1.69e-05]    []  
STEP 88000 BETA 0.85000002
89000     [2.53e-06, 2.15e-06, 3.65e-06, 1.27e-06, 8.40e-07, 5.77e-08, 2.40e-07, 9.13e-07, 5.54e-07, 2.04e-05]    [2.53e-06, 2.15e-06, 3.65e-06, 1.27e-06, 8.40e-07, 5.77e-08, 2.40e-07, 9.13e-07, 5.54e-07, 2.04e-05]    []  
STEP 89000 BETA 0.85000002
90000     [1.30e-05, 2.69e-05, 1.66e-05, 1.30e-05, 1.95e-06, 4.87e-08, 1.86e-06, 1.67e-06, 4.99e-06, 1.74e-05]    [1.30e-05, 2.69e-05, 1.66e-05, 1.30e-05, 1.95e-06, 4.87e-08, 1.86e-06, 1.67e-06, 4.99e-06, 1.74e-05]    []  
STEP 90000 BETA 0.85000002
91000     [1.13e-06, 2.01e-06, 2.79e-06, 7.04e-07, 3.93e-07, 4.07e-08, 1.07e-07, 1.04e-07, 1.11e-06, 1.89e-05]    [1.13e-06, 2.01e-06, 2.79e-06, 7.04e-07, 3.93e-07, 4.07e-08, 1.07e-07, 1.04e-07, 1.11e-06, 1.89e-05]    []  
STEP 91000 BETA 0.85000002
92000     [4.07e-06, 7.43e-06, 4.81e-06, 3.86e-06, 1.89e-06, 1.59e-07, 1.13e-07, 7.02e-07, 3.78e-07, 2.05e-05]    [4.07e-06, 7.43e-06, 4.81e-06, 3.86e-06, 1.89e-06, 1.59e-07, 1.13e-07, 7.02e-07, 3.78e-07, 2.05e-05]    []  
STEP 92000 BETA 0.85000002
93000     [4.95e-06, 4.11e-06, 3.01e-06, 2.59e-06, 1.55e-06, 2.85e-07, 1.32e-07, 1.43e-06, 1.12e-06, 1.87e-05]    [4.95e-06, 4.11e-06, 3.01e-06, 2.59e-06, 1.55e-06, 2.85e-07, 1.32e-07, 1.43e-06, 1.12e-06, 1.87e-05]    []  
STEP 93000 BETA 0.85000002
94000     [2.31e-06, 1.89e-06, 2.36e-06, 1.14e-06, 8.14e-07, 1.04e-07, 8.37e-08, 5.31e-07, 1.70e-06, 1.82e-05]    [2.31e-06, 1.89e-06, 2.36e-06, 1.14e-06, 8.14e-07, 1.04e-07, 8.37e-08, 5.31e-07, 1.70e-06, 1.82e-05]    []  
STEP 94000 BETA 0.85000002
95000     [5.06e-06, 5.81e-06, 2.10e-06, 1.30e-06, 1.98e-06, 5.19e-08, 2.25e-07, 1.33e-07, 2.25e-06, 1.76e-05]    [5.06e-06, 5.81e-06, 2.10e-06, 1.30e-06, 1.98e-06, 5.19e-08, 2.25e-07, 1.33e-07, 2.25e-06, 1.76e-05]    []  
STEP 95000 BETA 0.85000002
96000     [1.14e-06, 2.00e-06, 2.16e-06, 8.62e-07, 4.53e-07, 4.15e-08, 8.47e-08, 4.56e-07, 1.85e-06, 1.77e-05]    [1.14e-06, 2.00e-06, 2.16e-06, 8.62e-07, 4.53e-07, 4.15e-08, 8.47e-08, 4.56e-07, 1.85e-06, 1.77e-05]    []  
STEP 96000 BETA 0.85000002
97000     [2.14e-06, 1.54e-06, 1.99e-06, 5.60e-07, 1.34e-06, 8.29e-08, 2.62e-07, 1.09e-06, 2.38e-06, 1.74e-05]    [2.14e-06, 1.54e-06, 1.99e-06, 5.60e-07, 1.34e-06, 8.29e-08, 2.62e-07, 1.09e-06, 2.38e-06, 1.74e-05]    []  
STEP 97000 BETA 0.85000002
98000     [1.26e-06, 1.84e-06, 1.81e-06, 7.22e-07, 6.59e-07, 8.90e-08, 7.22e-08, 5.09e-08, 1.75e-06, 1.76e-05]    [1.26e-06, 1.84e-06, 1.81e-06, 7.22e-07, 6.59e-07, 8.90e-08, 7.22e-08, 5.09e-08, 1.75e-06, 1.76e-05]    []  
STEP 98000 BETA 0.85000002
99000     [7.88e-06, 1.95e-05, 9.33e-06, 9.07e-06, 1.29e-06, 6.02e-07, 8.05e-07, 6.99e-07, 2.32e-07, 2.02e-05]    [7.88e-06, 1.95e-05, 9.33e-06, 9.07e-06, 1.29e-06, 6.02e-07, 8.05e-07, 6.99e-07, 2.32e-07, 2.02e-05]    []  
STEP 99000 BETA 0.85000002
100000    [2.13e-06, 2.89e-06, 2.34e-06, 9.99e-07, 8.65e-07, 2.88e-08, 8.27e-08, 8.16e-07, 1.93e-06, 1.73e-05]    [2.13e-06, 2.89e-06, 2.34e-06, 9.99e-07, 8.65e-07, 2.88e-08, 8.27e-08, 8.16e-07, 1.93e-06, 1.73e-05]    []  
STEP 100000 BETA 0.85000002
101000    [6.22e-06, 4.46e-06, 3.70e-06, 3.19e-06, 6.43e-07, 6.05e-07, 9.69e-08, 1.13e-07, 2.16e-06, 1.72e-05]    [6.22e-06, 4.46e-06, 3.70e-06, 3.19e-06, 6.43e-07, 6.05e-07, 9.69e-08, 1.13e-07, 2.16e-06, 1.72e-05]    []  
STEP 101000 BETA 0.85000002
102000    [4.22e-06, 3.28e-06, 3.68e-06, 1.99e-06, 1.27e-06, 2.74e-08, 2.41e-07, 1.59e-06, 5.51e-07, 1.93e-05]    [4.22e-06, 3.28e-06, 3.68e-06, 1.99e-06, 1.27e-06, 2.74e-08, 2.41e-07, 1.59e-06, 5.51e-07, 1.93e-05]    []  
STEP 102000 BETA 0.85000002
103000    [1.11e-06, 1.01e-06, 1.51e-06, 5.33e-07, 2.63e-07, 3.21e-08, 1.01e-07, 1.83e-07, 1.79e-06, 1.71e-05]    [1.11e-06, 1.01e-06, 1.51e-06, 5.33e-07, 2.63e-07, 3.21e-08, 1.01e-07, 1.83e-07, 1.79e-06, 1.71e-05]    []  
STEP 103000 BETA 0.85000002
104000    [7.85e-06, 7.68e-06, 7.23e-06, 5.69e-06, 3.31e-06, 2.33e-07, 2.28e-06, 3.78e-06, 1.04e-05, 1.57e-05]    [7.85e-06, 7.68e-06, 7.23e-06, 5.69e-06, 3.31e-06, 2.33e-07, 2.28e-06, 3.78e-06, 1.04e-05, 1.57e-05]    []  
STEP 104000 BETA 0.85000002
105000    [3.66e-06, 7.51e-06, 4.14e-06, 3.30e-06, 1.78e-06, 4.87e-08, 2.91e-07, 1.59e-06, 3.88e-06, 1.61e-05]    [3.66e-06, 7.51e-06, 4.14e-06, 3.30e-06, 1.78e-06, 4.87e-08, 2.91e-07, 1.59e-06, 3.88e-06, 1.61e-05]    []  
STEP 105000 BETA 0.85000002
106000    [8.69e-07, 1.02e-06, 1.41e-06, 5.03e-07, 2.74e-07, 2.54e-08, 7.48e-08, 2.98e-08, 1.55e-06, 1.71e-05]    [8.69e-07, 1.02e-06, 1.41e-06, 5.03e-07, 2.74e-07, 2.54e-08, 7.48e-08, 2.98e-08, 1.55e-06, 1.71e-05]    []  
STEP 106000 BETA 0.85000002
107000    [1.76e-06, 5.12e-06, 2.21e-06, 8.34e-07, 5.74e-07, 5.54e-08, 2.01e-07, 2.10e-08, 5.18e-07, 1.85e-05]    [1.76e-06, 5.12e-06, 2.21e-06, 8.34e-07, 5.74e-07, 5.54e-08, 2.01e-07, 2.10e-08, 5.18e-07, 1.85e-05]    []  
STEP 107000 BETA 0.85000002
108000    [4.85e-06, 5.76e-06, 4.04e-06, 2.59e-06, 5.55e-07, 3.86e-07, 1.57e-07, 3.52e-07, 2.70e-06, 1.63e-05]    [4.85e-06, 5.76e-06, 4.04e-06, 2.59e-06, 5.55e-07, 3.86e-07, 1.57e-07, 3.52e-07, 2.70e-06, 1.63e-05]    []  
STEP 108000 BETA 0.85000002
109000    [1.29e-06, 2.16e-06, 1.72e-06, 9.32e-07, 9.16e-07, 1.48e-07, 8.96e-08, 9.54e-08, 2.20e-06, 1.65e-05]    [1.29e-06, 2.16e-06, 1.72e-06, 9.32e-07, 9.16e-07, 1.48e-07, 8.96e-08, 9.54e-08, 2.20e-06, 1.65e-05]    []  
STEP 109000 BETA 0.85000002
110000    [2.64e-06, 4.09e-06, 2.25e-06, 8.51e-07, 1.47e-06, 2.97e-08, 5.40e-08, 5.88e-07, 1.29e-06, 1.72e-05]    [2.64e-06, 4.09e-06, 2.25e-06, 8.51e-07, 1.47e-06, 2.97e-08, 5.40e-08, 5.88e-07, 1.29e-06, 1.72e-05]    []  
STEP 110000 BETA 0.85000002
111000    [2.65e-06, 2.47e-06, 2.48e-06, 1.46e-06, 4.94e-07, 7.30e-08, 4.75e-08, 3.68e-07, 9.37e-07, 1.74e-05]    [2.65e-06, 2.47e-06, 2.48e-06, 1.46e-06, 4.94e-07, 7.30e-08, 4.75e-08, 3.68e-07, 9.37e-07, 1.74e-05]    []  
STEP 111000 BETA 0.85000002
112000    [1.17e-06, 1.33e-06, 1.44e-06, 6.03e-07, 2.95e-07, 4.24e-08, 7.04e-08, 1.83e-07, 1.44e-06, 1.68e-05]    [1.17e-06, 1.33e-06, 1.44e-06, 6.03e-07, 2.95e-07, 4.24e-08, 7.04e-08, 1.83e-07, 1.44e-06, 1.68e-05]    []  
STEP 112000 BETA 0.85000002
113000    [1.33e-05, 7.99e-06, 9.34e-06, 7.61e-06, 9.66e-07, 1.13e-06, 8.42e-07, 2.06e-06, 7.01e-06, 1.55e-05]    [1.33e-05, 7.99e-06, 9.34e-06, 7.61e-06, 9.66e-07, 1.13e-06, 8.42e-07, 2.06e-06, 7.01e-06, 1.55e-05]    []  
STEP 113000 BETA 0.85000002
114000    [1.84e-06, 2.36e-06, 1.54e-06, 9.94e-07, 4.02e-07, 2.97e-07, 6.49e-08, 6.28e-08, 1.80e-06, 1.65e-05]    [1.84e-06, 2.36e-06, 1.54e-06, 9.94e-07, 4.02e-07, 2.97e-07, 6.49e-08, 6.28e-08, 1.80e-06, 1.65e-05]    []  
STEP 114000 BETA 0.85000002
115000    [1.13e-05, 3.45e-06, 5.21e-06, 3.90e-06, 2.33e-06, 6.35e-08, 5.40e-08, 2.78e-06, 9.15e-07, 1.84e-05]    [1.13e-05, 3.45e-06, 5.21e-06, 3.90e-06, 2.33e-06, 6.35e-08, 5.40e-08, 2.78e-06, 9.15e-07, 1.84e-05]    []  
STEP 115000 BETA 0.85000002
116000    [2.40e-06, 1.47e-05, 9.02e-06, 7.72e-06, 6.80e-07, 5.29e-08, 1.68e-07, 7.95e-07, 1.64e-06, 1.67e-05]    [2.40e-06, 1.47e-05, 9.02e-06, 7.72e-06, 6.80e-07, 5.29e-08, 1.68e-07, 7.95e-07, 1.64e-06, 1.67e-05]    []  
STEP 116000 BETA 0.85000002
117000    [3.62e-06, 2.38e-06, 2.91e-06, 1.21e-06, 5.52e-07, 1.12e-07, 1.02e-07, 4.91e-08, 1.77e-06, 1.64e-05]    [3.62e-06, 2.38e-06, 2.91e-06, 1.21e-06, 5.52e-07, 1.12e-07, 1.02e-07, 4.91e-08, 1.77e-06, 1.64e-05]    []  
STEP 117000 BETA 0.85000002
118000    [1.33e-06, 1.43e-06, 1.48e-06, 7.04e-07, 5.76e-07, 3.12e-08, 6.53e-08, 5.99e-07, 6.62e-07, 1.76e-05]    [1.33e-06, 1.43e-06, 1.48e-06, 7.04e-07, 5.76e-07, 3.12e-08, 6.53e-08, 5.99e-07, 6.62e-07, 1.76e-05]    []  
STEP 118000 BETA 0.85000002
119000    [1.01e-06, 7.65e-07, 1.16e-06, 3.95e-07, 2.97e-07, 3.26e-08, 4.80e-08, 5.20e-08, 1.12e-06, 1.67e-05]    [1.01e-06, 7.65e-07, 1.16e-06, 3.95e-07, 2.97e-07, 3.26e-08, 4.80e-08, 5.20e-08, 1.12e-06, 1.67e-05]    []  
STEP 119000 BETA 0.85000002
120000    [9.71e-06, 7.09e-06, 9.40e-06, 7.83e-06, 2.20e-06, 5.21e-07, 1.03e-06, 5.26e-06, 7.60e-06, 1.57e-05]    [9.71e-06, 7.09e-06, 9.40e-06, 7.83e-06, 2.20e-06, 5.21e-07, 1.03e-06, 5.26e-06, 7.60e-06, 1.57e-05]    []  
STEP 120000 BETA 0.85000002
121000    [9.08e-07, 3.42e-06, 2.46e-06, 1.47e-06, 2.13e-07, 3.17e-08, 1.30e-07, 3.12e-08, 1.43e-06, 1.63e-05]    [9.08e-07, 3.42e-06, 2.46e-06, 1.47e-06, 2.13e-07, 3.17e-08, 1.30e-07, 3.12e-08, 1.43e-06, 1.63e-05]    []  
STEP 121000 BETA 0.85000002
122000    [2.73e-06, 2.78e-06, 3.07e-06, 2.28e-06, 8.02e-07, 4.95e-07, 4.13e-08, 1.30e-07, 2.00e-06, 1.61e-05]    [2.73e-06, 2.78e-06, 3.07e-06, 2.28e-06, 8.02e-07, 4.95e-07, 4.13e-08, 1.30e-07, 2.00e-06, 1.61e-05]    []  
STEP 122000 BETA 0.85000002
123000    [6.86e-06, 9.48e-06, 5.65e-06, 5.17e-06, 2.76e-06, 8.83e-08, 1.46e-07, 3.84e-06, 2.41e-07, 2.00e-05]    [6.86e-06, 9.48e-06, 5.65e-06, 5.17e-06, 2.76e-06, 8.83e-08, 1.46e-07, 3.84e-06, 2.41e-07, 2.00e-05]    []  
STEP 123000 BETA 0.85000002
124000    [7.05e-06, 1.42e-05, 9.96e-06, 7.76e-06, 6.99e-07, 1.43e-06, 4.05e-08, 4.49e-07, 2.20e-07, 1.87e-05]    [7.05e-06, 1.42e-05, 9.96e-06, 7.76e-06, 6.99e-07, 1.43e-06, 4.05e-08, 4.49e-07, 2.20e-07, 1.87e-05]    []  
STEP 124000 BETA 0.85000002
125000    [2.80e-06, 5.61e-06, 4.15e-06, 3.03e-06, 2.67e-07, 2.91e-08, 8.48e-08, 6.59e-08, 1.11e-06, 1.65e-05]    [2.80e-06, 5.61e-06, 4.15e-06, 3.03e-06, 2.67e-07, 2.91e-08, 8.48e-08, 6.59e-08, 1.11e-06, 1.65e-05]    []  
STEP 125000 BETA 0.85000002
126000    [4.53e-06, 7.46e-06, 1.22e-06, 7.98e-07, 1.52e-06, 3.57e-07, 7.35e-08, 1.87e-06, 6.67e-07, 1.72e-05]    [4.53e-06, 7.46e-06, 1.22e-06, 7.98e-07, 1.52e-06, 3.57e-07, 7.35e-08, 1.87e-06, 6.67e-07, 1.72e-05]    []  
STEP 126000 BETA 0.85000002
127000    [5.39e-06, 3.18e-06, 2.82e-06, 2.57e-06, 7.88e-07, 1.64e-07, 2.46e-07, 4.23e-07, 3.49e-07, 1.78e-05]    [5.39e-06, 3.18e-06, 2.82e-06, 2.57e-06, 7.88e-07, 1.64e-07, 2.46e-07, 4.23e-07, 3.49e-07, 1.78e-05]    []  
STEP 127000 BETA 0.85000002
128000    [6.51e-06, 5.72e-06, 5.53e-06, 4.11e-06, 8.81e-07, 6.22e-07, 4.67e-07, 9.59e-07, 3.59e-06, 1.53e-05]    [6.51e-06, 5.72e-06, 5.53e-06, 4.11e-06, 8.81e-07, 6.22e-07, 4.67e-07, 9.59e-07, 3.59e-06, 1.53e-05]    []  
STEP 128000 BETA 0.85000002
129000    [1.57e-06, 2.72e-06, 1.05e-06, 4.81e-07, 5.93e-07, 2.15e-08, 9.24e-08, 1.48e-07, 7.45e-07, 1.67e-05]    [1.57e-06, 2.72e-06, 1.05e-06, 4.81e-07, 5.93e-07, 2.15e-08, 9.24e-08, 1.48e-07, 7.45e-07, 1.67e-05]    []  
STEP 129000 BETA 0.85000002
130000    [8.26e-07, 1.45e-06, 1.51e-06, 7.51e-07, 2.29e-07, 3.05e-08, 4.57e-08, 1.30e-07, 6.65e-07, 1.68e-05]    [8.26e-07, 1.45e-06, 1.51e-06, 7.51e-07, 2.29e-07, 3.05e-08, 4.57e-08, 1.30e-07, 6.65e-07, 1.68e-05]    []  
STEP 130000 BETA 0.85000002
131000    [9.50e-06, 1.00e-05, 3.48e-06, 4.17e-06, 2.27e-06, 6.27e-08, 4.75e-07, 2.32e-06, 2.13e-06, 1.64e-05]    [9.50e-06, 1.00e-05, 3.48e-06, 4.17e-06, 2.27e-06, 6.27e-08, 4.75e-07, 2.32e-06, 2.13e-06, 1.64e-05]    []  
STEP 131000 BETA 0.85000002
132000    [1.10e-06, 8.39e-07, 1.22e-06, 4.69e-07, 2.49e-07, 2.73e-08, 5.05e-08, 3.51e-08, 7.68e-07, 1.67e-05]    [1.10e-06, 8.39e-07, 1.22e-06, 4.69e-07, 2.49e-07, 2.73e-08, 5.05e-08, 3.51e-08, 7.68e-07, 1.67e-05]    []  
STEP 132000 BETA 0.85000002
133000    [2.97e-06, 4.00e-06, 2.67e-06, 2.23e-06, 8.00e-07, 4.83e-08, 5.26e-08, 1.22e-06, 6.51e-07, 1.73e-05]    [2.97e-06, 4.00e-06, 2.67e-06, 2.23e-06, 8.00e-07, 4.83e-08, 5.26e-08, 1.22e-06, 6.51e-07, 1.73e-05]    []  
STEP 133000 BETA 0.85000002
134000    [4.70e-06, 9.83e-06, 4.37e-06, 3.46e-06, 8.67e-07, 4.31e-07, 2.69e-07, 1.72e-07, 1.57e-06, 1.58e-05]    [4.70e-06, 9.83e-06, 4.37e-06, 3.46e-06, 8.67e-07, 4.31e-07, 2.69e-07, 1.72e-07, 1.57e-06, 1.58e-05]    []  
STEP 134000 BETA 0.85000002
135000    [9.46e-07, 1.50e-06, 1.53e-06, 7.00e-07, 2.11e-07, 3.01e-08, 5.86e-08, 5.03e-08, 7.66e-07, 1.65e-05]    [9.46e-07, 1.50e-06, 1.53e-06, 7.00e-07, 2.11e-07, 3.01e-08, 5.86e-08, 5.03e-08, 7.66e-07, 1.65e-05]    []  
STEP 135000 BETA 0.85000002
136000    [1.09e-05, 1.30e-05, 6.90e-06, 6.99e-06, 2.80e-06, 4.10e-07, 1.26e-07, 3.02e-06, 5.30e-07, 1.83e-05]    [1.09e-05, 1.30e-05, 6.90e-06, 6.99e-06, 2.80e-06, 4.10e-07, 1.26e-07, 3.02e-06, 5.30e-07, 1.83e-05]    []  
STEP 136000 BETA 0.85000002
137000    [1.72e-05, 2.75e-06, 8.87e-06, 5.94e-06, 1.99e-06, 4.24e-07, 7.64e-08, 1.98e-06, 1.18e-06, 1.68e-05]    [1.72e-05, 2.75e-06, 8.87e-06, 5.94e-06, 1.99e-06, 4.24e-07, 7.64e-08, 1.98e-06, 1.18e-06, 1.68e-05]    []  
STEP 137000 BETA 0.85000002
138000    [5.25e-07, 5.43e-07, 9.36e-07, 2.71e-07, 1.38e-07, 1.59e-08, 3.91e-08, 2.78e-08, 1.04e-06, 1.60e-05]    [5.25e-07, 5.43e-07, 9.36e-07, 2.71e-07, 1.38e-07, 1.59e-08, 3.91e-08, 2.78e-08, 1.04e-06, 1.60e-05]    []  
STEP 138000 BETA 0.85000002
139000    [3.18e-06, 4.08e-06, 2.16e-06, 1.23e-06, 4.46e-07, 1.02e-07, 5.15e-07, 3.14e-07, 2.97e-06, 1.47e-05]    [3.18e-06, 4.08e-06, 2.16e-06, 1.23e-06, 4.46e-07, 1.02e-07, 5.15e-07, 3.14e-07, 2.97e-06, 1.47e-05]    []  
STEP 139000 BETA 0.85000002
140000    [7.43e-07, 1.85e-06, 1.41e-06, 5.66e-07, 1.96e-07, 4.23e-08, 9.29e-08, 5.04e-08, 1.66e-06, 1.53e-05]    [7.43e-07, 1.85e-06, 1.41e-06, 5.66e-07, 1.96e-07, 4.23e-08, 9.29e-08, 5.04e-08, 1.66e-06, 1.53e-05]    []  
STEP 140000 BETA 0.85000002
141000    [1.31e-06, 8.95e-07, 1.35e-06, 5.56e-07, 3.33e-07, 2.38e-08, 1.15e-07, 4.94e-07, 1.41e-06, 1.57e-05]    [1.31e-06, 8.95e-07, 1.35e-06, 5.56e-07, 3.33e-07, 2.38e-08, 1.15e-07, 4.94e-07, 1.41e-06, 1.57e-05]    []  
STEP 141000 BETA 0.85000002
142000    [2.59e-06, 1.98e-06, 1.84e-06, 9.50e-07, 3.12e-07, 1.25e-07, 4.67e-08, 2.18e-08, 1.09e-06, 1.58e-05]    [2.59e-06, 1.98e-06, 1.84e-06, 9.50e-07, 3.12e-07, 1.25e-07, 4.67e-08, 2.18e-08, 1.09e-06, 1.58e-05]    []  
STEP 142000 BETA 0.85000002
143000    [6.38e-06, 5.60e-06, 3.08e-06, 1.70e-06, 1.58e-06, 4.12e-08, 4.77e-08, 1.87e-06, 1.12e-06, 1.65e-05]    [6.38e-06, 5.60e-06, 3.08e-06, 1.70e-06, 1.58e-06, 4.12e-08, 4.77e-08, 1.87e-06, 1.12e-06, 1.65e-05]    []  
STEP 143000 BETA 0.85000002
144000    [3.78e-06, 7.12e-06, 1.65e-06, 1.63e-06, 1.40e-06, 2.90e-08, 8.26e-08, 1.49e-06, 8.32e-07, 1.66e-05]    [3.78e-06, 7.12e-06, 1.65e-06, 1.63e-06, 1.40e-06, 2.90e-08, 8.26e-08, 1.49e-06, 8.32e-07, 1.66e-05]    []  
STEP 144000 BETA 0.85000002
145000    [5.62e-07, 5.55e-07, 9.27e-07, 2.83e-07, 1.42e-07, 2.32e-08, 4.29e-08, 3.07e-08, 1.08e-06, 1.58e-05]    [5.62e-07, 5.55e-07, 9.27e-07, 2.83e-07, 1.42e-07, 2.32e-08, 4.29e-08, 3.07e-08, 1.08e-06, 1.58e-05]    []  
STEP 145000 BETA 0.85000002
146000    [1.72e-05, 2.26e-05, 1.08e-05, 1.29e-05, 4.47e-06, 5.21e-08, 9.45e-08, 7.69e-06, 2.42e-07, 2.00e-05]    [1.72e-05, 2.26e-05, 1.08e-05, 1.29e-05, 4.47e-06, 5.21e-08, 9.45e-08, 7.69e-06, 2.42e-07, 2.00e-05]    []  
STEP 146000 BETA 0.85000002
147000    [2.15e-06, 1.05e-06, 1.51e-06, 6.84e-07, 3.36e-07, 2.47e-07, 4.89e-08, 1.98e-08, 8.72e-07, 1.59e-05]    [2.15e-06, 1.05e-06, 1.51e-06, 6.84e-07, 3.36e-07, 2.47e-07, 4.89e-08, 1.98e-08, 8.72e-07, 1.59e-05]    []  
STEP 147000 BETA 0.85000002
148000    [5.91e-07, 1.12e-06, 1.20e-06, 4.76e-07, 1.74e-07, 1.79e-08, 4.55e-08, 5.28e-08, 8.40e-07, 1.59e-05]    [5.91e-07, 1.12e-06, 1.20e-06, 4.76e-07, 1.74e-07, 1.79e-08, 4.55e-08, 5.28e-08, 8.40e-07, 1.59e-05]    []  
STEP 148000 BETA 0.85000002
149000    [3.95e-06, 1.83e-06, 1.80e-06, 7.58e-07, 9.02e-07, 6.29e-07, 1.43e-07, 1.61e-07, 1.24e-06, 1.54e-05]    [3.95e-06, 1.83e-06, 1.80e-06, 7.58e-07, 9.02e-07, 6.29e-07, 1.43e-07, 1.61e-07, 1.24e-06, 1.54e-05]    []  
STEP 149000 BETA 0.85000002
150000    [6.82e-07, 5.18e-07, 9.59e-07, 3.13e-07, 1.48e-07, 1.42e-08, 4.56e-08, 2.30e-08, 1.02e-06, 1.56e-05]    [6.82e-07, 5.18e-07, 9.59e-07, 3.13e-07, 1.48e-07, 1.42e-08, 4.56e-08, 2.30e-08, 1.02e-06, 1.56e-05]    []  
STEP 150000 BETA 0.85000002

Best model at step 150000:
  train loss: 1.93e-05
  test loss: 1.93e-05
  test metric: []

'train' took 22889.641175 s

/public/home/xinxi/wxtian/anaconda3/envs/pytorch2.1w2/lib/python3.10/site-packages/torch/_utils.py:831: UserWarning: TypedStorage is deprecated. It will be removed in the future and UntypedStorage will be the only storage class. This should only matter to you if you are using storages directly.  To access UntypedStorage directly, use tensor.untyped_storage() instead of tensor.storage()
  return self.fget.__get__(instance, owner)()
RUN_COMPLETE {'case': 'A7', 'iterations': 150000, 'elapsed_seconds': 22889.641212701797, 'final_beta': [0.8500000238418579], 'final_A_or_beta0': 0.8500000238418579, 'true_A': 1.0, 'relative_l2': {'ux': 0.06614632035084105, 'uy': 0.07685661155125287, 'sxx': 0.1434156965512622, 'syy': 0.26215086589302156, 'sxy': 0.3339311261562533, 'K': 0.7834897060648337, 'mu': 0.38877647819721073, 'E': 0.3777414008989564, 'nu': 0.4712264377928941}, 'split_relative_l2': {'evaluation': {'ux': 0.06614632035084105, 'uy': 0.07685661155125287, 'sxx': 0.1434156965512622, 'syy': 0.26215086589302156, 'sxy': 0.3339311261562533, 'K': 0.7834897060648337, 'mu': 0.38877647819721073, 'E': 0.3777414008989564, 'nu': 0.4712264377928941}, 'validation': {'ux': 0.06254248026967858, 'uy': 0.06640860383306765, 'sxx': 0.1331747609584639, 'syy': 0.2648524698441207, 'sxy': 0.3253192610310771, 'K': 0.6768061996045039, 'mu': 0.3982371593891733, 'E': 0.38701386129690135, 'nu': 0.47453572369826}, 'train': {'ux': 0.058785329874358715, 'uy': 0.05496642839788924, 'sxx': 0.12252386014462545, 'syy': 0.26805357922674733, 'sxy': 0.31417081313486345, 'K': 0.5674565299290576, 'mu': 0.4085602223395676, 'E': 0.3972632316141817, 'nu': 0.475199499906908}}, 'true_reaction_y': 0.27722135186195374, 'pred_reaction_y': 0.2034458965063095, 'pred_reaction_y_stress_branch': 0.2034458965063095, 'pred_reaction_y_constitutive': 0.20339202880859375, 'reaction_rel_error': 0.26612472257229175, 'reaction_rel_error_stress_branch': 0.26612472257229175, 'reaction_rel_error_constitutive': 0.26631903551880093, 'equilibrium_form': 'direct', 'reaction_form': 'stress', 'run_note': 'Split_network_wrong_fixed_boundary_formal150k', 'best_step': 150000, 'eval_checkpoint': 'best', 'eval_checkpoint_path': '/public/home/xinxi/wxtian/WXTIAN/PINN/deepxde/boundary_uncertainty_pinn/exp/01.FormalKeyAblation/A7/model/best_model-150000.pt', 'final_model_path': '/public/home/xinxi/wxtian/WXTIAN/PINN/deepxde/boundary_uncertainty_pinn/exp/01.FormalKeyAblation/A7/model/final_model-150000.pt', 'final_train_loss_sum': 1.9341801817063242e-05, 'final_test_loss_sum': 1.9341801817063242e-05, 'independent_test_loss_available': False, 'loss_history_interval': 1000, 'num_trainable_parameters': 29432}
