Using backend: pytorch
Other supported backends: tensorflow.compat.v1, tensorflow, jax, paddle.
paddle supports more examples now and is recommended.
Compiling model...
'compile' took 0.558563 s

Training model...

Step      Train loss                                                                                              Test loss                                                                                               Test metric
0         [9.91e-02, 1.34e-01, 3.66e-02, 4.19e-01, 4.38e-02, 2.25e-03, 2.77e-04, 6.68e-02, 2.16e-02, 1.25e-02]    [9.91e-02, 1.34e-01, 3.66e-02, 4.19e-01, 4.38e-02, 2.25e-03, 2.77e-04, 6.68e-02, 2.16e-02, 1.25e-02]    []  
1000      [9.22e-04, 2.67e-03, 1.59e-04, 2.62e-04, 4.97e-04, 1.23e-05, 1.80e-05, 2.09e-06, 6.61e-05, 9.65e-05]    [9.22e-04, 2.67e-03, 1.59e-04, 2.62e-04, 4.97e-04, 1.23e-05, 1.80e-05, 2.09e-06, 6.61e-05, 9.65e-05]    []  
STEP 1000 BETA 0.85000000
2000      [8.07e-04, 7.18e-04, 1.60e-04, 2.10e-04, 1.18e-04, 1.53e-05, 6.00e-06, 6.70e-06, 5.51e-05, 9.79e-05]    [8.07e-04, 7.18e-04, 1.60e-04, 2.10e-04, 1.18e-04, 1.53e-05, 6.00e-06, 6.70e-06, 5.51e-05, 9.79e-05]    []  
STEP 2000 BETA 0.85000000
3000      [6.93e-04, 5.05e-04, 6.12e-05, 1.41e-04, 3.10e-05, 1.51e-05, 7.42e-06, 3.56e-06, 4.82e-05, 4.86e-05]    [6.93e-04, 5.05e-04, 6.12e-05, 1.41e-04, 3.10e-05, 1.51e-05, 7.42e-06, 3.56e-06, 4.82e-05, 4.86e-05]    []  
STEP 3000 BETA 0.85000000
4000      [6.30e-04, 4.35e-04, 2.02e-05, 9.49e-05, 2.26e-05, 1.11e-05, 1.05e-05, 4.63e-06, 3.61e-05, 4.64e-05]    [6.30e-04, 4.35e-04, 2.02e-05, 9.49e-05, 2.26e-05, 1.11e-05, 1.05e-05, 4.63e-06, 3.61e-05, 4.64e-05]    []  
STEP 4000 BETA 0.85000000
5000      [5.33e-04, 3.87e-04, 2.25e-05, 7.81e-05, 1.62e-05, 4.44e-06, 9.32e-06, 3.66e-06, 2.21e-05, 4.23e-05]    [5.33e-04, 3.87e-04, 2.25e-05, 7.81e-05, 1.62e-05, 4.44e-06, 9.32e-06, 3.66e-06, 2.21e-05, 4.23e-05]    []  
STEP 5000 BETA 0.85000000
6000      [5.14e-04, 4.25e-04, 3.27e-05, 8.03e-05, 2.18e-05, 1.50e-06, 8.21e-06, 6.17e-06, 1.95e-05, 4.58e-05]    [5.14e-04, 4.25e-04, 3.27e-05, 8.03e-05, 2.18e-05, 1.50e-06, 8.21e-06, 6.17e-06, 1.95e-05, 4.58e-05]    []  
STEP 6000 BETA 0.85000000
7000      [3.46e-04, 3.33e-04, 8.66e-05, 1.20e-04, 3.40e-05, 8.09e-06, 8.49e-06, 4.50e-06, 7.26e-06, 4.40e-05]    [3.46e-04, 3.33e-04, 8.66e-05, 1.20e-04, 3.40e-05, 8.09e-06, 8.49e-06, 4.50e-06, 7.26e-06, 4.40e-05]    []  
STEP 7000 BETA 0.85000000
8000      [2.98e-04, 2.30e-04, 1.46e-05, 1.28e-05, 1.13e-05, 1.30e-06, 5.90e-06, 3.47e-06, 7.82e-06, 3.91e-05]    [2.98e-04, 2.30e-04, 1.46e-05, 1.28e-05, 1.13e-05, 1.30e-06, 5.90e-06, 3.47e-06, 7.82e-06, 3.91e-05]    []  
STEP 8000 BETA 0.85000000
9000      [3.58e-04, 2.14e-04, 3.00e-05, 1.35e-05, 2.34e-05, 1.18e-05, 5.82e-06, 4.38e-05, 6.57e-06, 6.57e-05]    [3.58e-04, 2.14e-04, 3.00e-05, 1.35e-05, 2.34e-05, 1.18e-05, 5.82e-06, 4.38e-05, 6.57e-06, 6.57e-05]    []  
STEP 9000 BETA 0.85000000
10000     [2.19e-04, 1.85e-04, 7.73e-06, 7.35e-06, 8.21e-06, 8.11e-07, 3.83e-06, 2.44e-06, 3.65e-06, 3.69e-05]    [2.19e-04, 1.85e-04, 7.73e-06, 7.35e-06, 8.21e-06, 8.11e-07, 3.83e-06, 2.44e-06, 3.65e-06, 3.69e-05]    []  
STEP 10000 BETA 0.85000000
11000     [1.89e-04, 1.73e-04, 6.45e-06, 6.11e-06, 7.26e-06, 6.83e-07, 2.77e-06, 1.41e-06, 3.90e-06, 3.42e-05]    [1.89e-04, 1.73e-04, 6.45e-06, 6.11e-06, 7.26e-06, 6.83e-07, 2.77e-06, 1.41e-06, 3.90e-06, 3.42e-05]    []  
STEP 11000 BETA 0.85000000
12000     [1.62e-04, 1.64e-04, 6.67e-06, 4.57e-06, 6.59e-06, 7.93e-07, 2.11e-06, 6.50e-07, 3.27e-06, 3.27e-05]    [1.62e-04, 1.64e-04, 6.67e-06, 4.57e-06, 6.59e-06, 7.93e-07, 2.11e-06, 6.50e-07, 3.27e-06, 3.27e-05]    []  
STEP 12000 BETA 0.85000000
13000     [2.20e-04, 2.07e-04, 3.91e-05, 3.45e-05, 1.06e-05, 7.93e-07, 2.77e-06, 2.02e-06, 1.80e-05, 2.71e-05]    [2.20e-04, 2.07e-04, 3.91e-05, 3.45e-05, 1.06e-05, 7.93e-07, 2.77e-06, 2.02e-06, 1.80e-05, 2.71e-05]    []  
STEP 13000 BETA 0.85000000
14000     [1.44e-04, 4.46e-04, 5.05e-05, 5.78e-05, 1.60e-05, 3.37e-06, 2.68e-06, 1.60e-05, 2.41e-05, 2.81e-05]    [1.44e-04, 4.46e-04, 5.05e-05, 5.78e-05, 1.60e-05, 3.37e-06, 2.68e-06, 1.60e-05, 2.41e-05, 2.81e-05]    []  
STEP 14000 BETA 0.85000000
15000     [1.81e-04, 1.46e-04, 1.32e-05, 5.79e-06, 6.89e-05, 7.75e-07, 2.73e-05, 2.15e-05, 1.35e-05, 5.93e-05]    [1.81e-04, 1.46e-04, 1.32e-05, 5.79e-06, 6.89e-05, 7.75e-07, 2.73e-05, 2.15e-05, 1.35e-05, 5.93e-05]    []  
STEP 15000 BETA 0.85000000
16000     [1.15e-04, 1.32e-04, 5.19e-06, 2.91e-06, 4.85e-06, 4.55e-07, 9.98e-07, 1.90e-07, 1.62e-06, 3.08e-05]    [1.15e-04, 1.32e-04, 5.19e-06, 2.91e-06, 4.85e-06, 4.55e-07, 9.98e-07, 1.90e-07, 1.62e-06, 3.08e-05]    []  
STEP 16000 BETA 0.85000000
17000     [8.82e-05, 1.73e-04, 7.65e-06, 8.01e-06, 5.99e-06, 4.42e-07, 2.19e-06, 4.36e-07, 9.27e-07, 3.12e-05]    [8.82e-05, 1.73e-04, 7.65e-06, 8.01e-06, 5.99e-06, 4.42e-07, 2.19e-06, 4.36e-07, 9.27e-07, 3.12e-05]    []  
STEP 17000 BETA 0.85000000
18000     [6.41e-05, 1.19e-04, 7.43e-06, 5.61e-06, 3.50e-06, 9.85e-07, 7.14e-07, 1.33e-06, 4.73e-06, 2.66e-05]    [6.41e-05, 1.19e-04, 7.43e-06, 5.61e-06, 3.50e-06, 9.85e-07, 7.14e-07, 1.33e-06, 4.73e-06, 2.66e-05]    []  
STEP 18000 BETA 0.85000000
19000     [5.85e-05, 1.20e-04, 4.29e-06, 3.36e-06, 3.68e-06, 7.11e-07, 6.38e-07, 7.21e-07, 2.83e-06, 2.70e-05]    [5.85e-05, 1.20e-04, 4.29e-06, 3.36e-06, 3.68e-06, 7.11e-07, 6.38e-07, 7.21e-07, 2.83e-06, 2.70e-05]    []  
STEP 19000 BETA 0.85000000
20000     [3.17e-04, 2.83e-04, 1.97e-05, 2.20e-05, 2.39e-05, 3.76e-06, 9.51e-07, 8.33e-07, 9.72e-06, 2.43e-05]    [3.17e-04, 2.83e-04, 1.97e-05, 2.20e-05, 2.39e-05, 3.76e-06, 9.51e-07, 8.33e-07, 9.72e-06, 2.43e-05]    []  
STEP 20000 BETA 0.85000000
21000     [4.97e-05, 1.03e-04, 2.63e-05, 2.80e-05, 3.49e-05, 3.01e-06, 4.30e-06, 8.64e-06, 6.78e-06, 2.62e-05]    [4.97e-05, 1.03e-04, 2.63e-05, 2.80e-05, 3.49e-05, 3.01e-06, 4.30e-06, 8.64e-06, 6.78e-06, 2.62e-05]    []  
STEP 21000 BETA 0.85000000
22000     [3.72e-05, 1.07e-04, 3.07e-06, 4.17e-06, 4.69e-06, 3.91e-07, 4.80e-07, 1.18e-07, 1.71e-06, 2.52e-05]    [3.72e-05, 1.07e-04, 3.07e-06, 4.17e-06, 4.69e-06, 3.91e-07, 4.80e-07, 1.18e-07, 1.71e-06, 2.52e-05]    []  
STEP 22000 BETA 0.85000000
23000     [3.39e-05, 8.15e-05, 2.55e-06, 2.87e-06, 5.18e-06, 3.30e-07, 5.04e-07, 1.04e-06, 3.59e-06, 2.28e-05]    [3.39e-05, 8.15e-05, 2.55e-06, 2.87e-06, 5.18e-06, 3.30e-07, 5.04e-07, 1.04e-06, 3.59e-06, 2.28e-05]    []  
STEP 23000 BETA 0.85000000
24000     [5.07e-05, 2.76e-04, 1.79e-05, 2.60e-05, 8.35e-06, 6.54e-07, 2.41e-06, 1.06e-06, 5.08e-07, 2.60e-05]    [5.07e-05, 2.76e-04, 1.79e-05, 2.60e-05, 8.35e-06, 6.54e-07, 2.41e-06, 1.06e-06, 5.08e-07, 2.60e-05]    []  
STEP 24000 BETA 0.85000000
25000     [1.34e-04, 1.73e-04, 1.54e-05, 1.57e-05, 8.41e-06, 3.60e-07, 7.11e-07, 4.17e-07, 4.19e-07, 2.54e-05]    [1.34e-04, 1.73e-04, 1.54e-05, 1.57e-05, 8.41e-06, 3.60e-07, 7.11e-07, 4.17e-07, 4.19e-07, 2.54e-05]    []  
STEP 25000 BETA 0.85000000
26000     [2.87e-05, 7.15e-05, 2.14e-06, 3.29e-06, 3.63e-06, 2.40e-07, 3.40e-07, 3.16e-07, 1.17e-06, 2.25e-05]    [2.87e-05, 7.15e-05, 2.14e-06, 3.29e-06, 3.63e-06, 2.40e-07, 3.40e-07, 3.16e-07, 1.17e-06, 2.25e-05]    []  
STEP 26000 BETA 0.85000000
27000     [2.28e-05, 1.00e-04, 2.46e-06, 7.12e-06, 1.21e-05, 2.47e-07, 2.21e-06, 2.63e-06, 7.39e-06, 1.94e-05]    [2.28e-05, 1.00e-04, 2.46e-06, 7.12e-06, 1.21e-05, 2.47e-07, 2.21e-06, 2.63e-06, 7.39e-06, 1.94e-05]    []  
STEP 27000 BETA 0.85000000
28000     [2.03e-05, 6.16e-05, 2.16e-06, 3.88e-06, 4.07e-06, 1.99e-07, 3.67e-07, 1.78e-07, 1.26e-06, 2.12e-05]    [2.03e-05, 6.16e-05, 2.16e-06, 3.88e-06, 4.07e-06, 1.99e-07, 3.67e-07, 1.78e-07, 1.26e-06, 2.12e-05]    []  
STEP 28000 BETA 0.85000000
29000     [1.91e-05, 6.73e-05, 1.71e-06, 4.12e-06, 6.09e-06, 4.14e-07, 3.25e-07, 2.30e-07, 1.96e-06, 2.02e-05]    [1.91e-05, 6.73e-05, 1.71e-06, 4.12e-06, 6.09e-06, 4.14e-07, 3.25e-07, 2.30e-07, 1.96e-06, 2.02e-05]    []  
STEP 29000 BETA 0.85000000
30000     [2.74e-05, 5.81e-05, 9.76e-06, 1.19e-05, 4.41e-06, 1.17e-06, 1.75e-07, 3.72e-07, 4.61e-06, 1.80e-05]    [2.74e-05, 5.81e-05, 9.76e-06, 1.19e-05, 4.41e-06, 1.17e-06, 1.75e-07, 3.72e-07, 4.61e-06, 1.80e-05]    []  
STEP 30000 BETA 0.85000000
31000     [1.81e-05, 5.36e-05, 1.54e-06, 3.30e-06, 3.99e-06, 3.30e-07, 2.09e-07, 1.77e-07, 1.25e-06, 1.96e-05]    [1.81e-05, 5.36e-05, 1.54e-06, 3.30e-06, 3.99e-06, 3.30e-07, 2.09e-07, 1.77e-07, 1.25e-06, 1.96e-05]    []  
STEP 31000 BETA 0.85000000
32000     [1.90e-05, 1.18e-04, 8.56e-06, 1.78e-05, 5.58e-06, 2.21e-06, 7.92e-07, 2.03e-06, 9.28e-06, 1.65e-05]    [1.90e-05, 1.18e-04, 8.56e-06, 1.78e-05, 5.58e-06, 2.21e-06, 7.92e-07, 2.03e-06, 9.28e-06, 1.65e-05]    []  
STEP 32000 BETA 0.85000000
33000     [1.32e-05, 5.11e-05, 1.87e-06, 3.85e-06, 2.91e-06, 9.60e-08, 6.38e-08, 1.44e-07, 8.14e-07, 1.92e-05]    [1.32e-05, 5.11e-05, 1.87e-06, 3.85e-06, 2.91e-06, 9.60e-08, 6.38e-08, 1.44e-07, 8.14e-07, 1.92e-05]    []  
STEP 33000 BETA 0.85000000
34000     [1.61e-05, 2.27e-04, 3.61e-06, 1.56e-05, 7.27e-06, 6.62e-07, 1.25e-06, 3.79e-07, 1.47e-07, 2.20e-05]    [1.61e-05, 2.27e-04, 3.61e-06, 1.56e-05, 7.27e-06, 6.62e-07, 1.25e-06, 3.79e-07, 1.47e-07, 2.20e-05]    []  
STEP 34000 BETA 0.85000000
35000     [8.94e-05, 5.72e-05, 6.25e-06, 4.58e-06, 1.08e-05, 1.49e-07, 1.23e-06, 3.83e-06, 5.34e-06, 1.65e-05]    [8.94e-05, 5.72e-05, 6.25e-06, 4.58e-06, 1.08e-05, 1.49e-07, 1.23e-06, 3.83e-06, 5.34e-06, 1.65e-05]    []  
STEP 35000 BETA 0.85000000
36000     [1.28e-05, 6.81e-05, 1.19e-05, 1.89e-05, 3.77e-06, 1.07e-07, 1.53e-06, 5.91e-07, 7.83e-07, 1.87e-05]    [1.28e-05, 6.81e-05, 1.19e-05, 1.89e-05, 3.77e-06, 1.07e-07, 1.53e-06, 5.91e-07, 7.83e-07, 1.87e-05]    []  
STEP 36000 BETA 0.85000000
37000     [2.24e-05, 5.11e-05, 2.87e-06, 4.15e-06, 4.37e-06, 6.13e-08, 2.43e-07, 5.88e-07, 9.63e-07, 1.77e-05]    [2.24e-05, 5.11e-05, 2.87e-06, 4.15e-06, 4.37e-06, 6.13e-08, 2.43e-07, 5.88e-07, 9.63e-07, 1.77e-05]    []  
STEP 37000 BETA 0.85000000
38000     [2.33e-05, 2.60e-04, 4.39e-06, 1.66e-05, 1.16e-05, 1.13e-06, 2.56e-07, 3.81e-07, 2.94e-07, 1.87e-05]    [2.33e-05, 2.60e-04, 4.39e-06, 1.66e-05, 1.16e-05, 1.13e-06, 2.56e-07, 3.81e-07, 2.94e-07, 1.87e-05]    []  
STEP 38000 BETA 0.85000000
39000     [9.06e-06, 4.74e-05, 1.68e-06, 3.21e-06, 2.54e-06, 7.09e-08, 1.22e-07, 1.53e-07, 2.57e-06, 1.54e-05]    [9.06e-06, 4.74e-05, 1.68e-06, 3.21e-06, 2.54e-06, 7.09e-08, 1.22e-07, 1.53e-07, 2.57e-06, 1.54e-05]    []  
STEP 39000 BETA 0.85000000
40000     [1.18e-05, 4.42e-05, 1.67e-06, 2.51e-06, 4.38e-06, 9.18e-08, 1.88e-07, 3.57e-07, 6.39e-07, 1.68e-05]    [1.18e-05, 4.42e-05, 1.67e-06, 2.51e-06, 4.38e-06, 9.18e-08, 1.88e-07, 3.57e-07, 6.39e-07, 1.68e-05]    []  
STEP 40000 BETA 0.85000000
41000     [8.39e-06, 4.11e-05, 1.49e-06, 2.32e-06, 2.73e-06, 3.04e-08, 6.03e-08, 1.95e-07, 7.52e-07, 1.61e-05]    [8.39e-06, 4.11e-05, 1.49e-06, 2.32e-06, 2.73e-06, 3.04e-08, 6.03e-08, 1.95e-07, 7.52e-07, 1.61e-05]    []  
STEP 41000 BETA 0.85000000
42000     [1.08e-05, 4.46e-05, 1.33e-05, 1.72e-05, 3.69e-06, 1.79e-07, 1.28e-07, 4.18e-07, 2.13e-07, 1.79e-05]    [1.08e-05, 4.46e-05, 1.33e-05, 1.72e-05, 3.69e-06, 1.79e-07, 1.28e-07, 4.18e-07, 2.13e-07, 1.79e-05]    []  
STEP 42000 BETA 0.85000000
43000     [7.21e-06, 3.81e-05, 2.29e-06, 2.97e-06, 2.50e-06, 1.60e-07, 6.34e-08, 1.71e-07, 2.17e-06, 1.42e-05]    [7.21e-06, 3.81e-05, 2.29e-06, 2.97e-06, 2.50e-06, 1.60e-07, 6.34e-08, 1.71e-07, 2.17e-06, 1.42e-05]    []  
STEP 43000 BETA 0.85000000
44000     [6.71e-06, 3.84e-05, 2.40e-06, 3.91e-06, 3.22e-06, 4.70e-08, 4.09e-07, 5.81e-07, 1.79e-06, 1.41e-05]    [6.71e-06, 3.84e-05, 2.40e-06, 3.91e-06, 3.22e-06, 4.70e-08, 4.09e-07, 5.81e-07, 1.79e-06, 1.41e-05]    []  
STEP 44000 BETA 0.85000000
45000     [6.32e-06, 3.38e-05, 1.41e-06, 1.66e-06, 3.23e-06, 4.53e-08, 7.26e-08, 3.12e-07, 1.46e-06, 1.39e-05]    [6.32e-06, 3.38e-05, 1.41e-06, 1.66e-06, 3.23e-06, 4.53e-08, 7.26e-08, 3.12e-07, 1.46e-06, 1.39e-05]    []  
STEP 45000 BETA 0.85000000
46000     [1.54e-05, 3.87e-05, 8.93e-06, 1.18e-05, 1.12e-05, 1.45e-07, 7.38e-07, 1.03e-06, 6.71e-06, 1.22e-05]    [1.54e-05, 3.87e-05, 8.93e-06, 1.18e-05, 1.12e-05, 1.45e-07, 7.38e-07, 1.03e-06, 6.71e-06, 1.22e-05]    []  
STEP 46000 BETA 0.85000000
47000     [6.06e-05, 4.46e-05, 5.77e-06, 4.25e-06, 6.54e-06, 3.30e-07, 9.13e-07, 2.13e-06, 1.10e-07, 1.64e-05]    [6.06e-05, 4.46e-05, 5.77e-06, 4.25e-06, 6.54e-06, 3.30e-07, 9.13e-07, 2.13e-06, 1.10e-07, 1.64e-05]    []  
STEP 47000 BETA 0.85000000
48000     [1.24e-05, 3.38e-05, 2.81e-06, 3.82e-06, 5.99e-06, 4.70e-08, 1.99e-06, 7.79e-07, 2.40e-07, 1.60e-05]    [1.24e-05, 3.38e-05, 2.81e-06, 3.82e-06, 5.99e-06, 4.70e-08, 1.99e-06, 7.79e-07, 2.40e-07, 1.60e-05]    []  
STEP 48000 BETA 0.85000000
49000     [6.13e-06, 5.38e-05, 5.40e-06, 8.37e-06, 3.33e-06, 5.38e-08, 1.56e-07, 1.37e-07, 6.12e-07, 1.34e-05]    [6.13e-06, 5.38e-05, 5.40e-06, 8.37e-06, 3.33e-06, 5.38e-08, 1.56e-07, 1.37e-07, 6.12e-07, 1.34e-05]    []  
STEP 49000 BETA 0.85000000
50000     [3.29e-05, 4.72e-05, 2.36e-05, 2.93e-05, 4.49e-05, 2.98e-07, 2.98e-06, 1.32e-05, 1.50e-05, 1.42e-05]    [3.29e-05, 4.72e-05, 2.36e-05, 2.93e-05, 4.49e-05, 2.98e-07, 2.98e-06, 1.32e-05, 1.50e-05, 1.42e-05]    []  
STEP 50000 BETA 0.85000000
51000     [4.74e-06, 2.50e-05, 1.49e-06, 1.88e-06, 2.93e-06, 5.27e-08, 2.13e-07, 1.82e-07, 6.02e-07, 1.30e-05]    [4.74e-06, 2.50e-05, 1.49e-06, 1.88e-06, 2.93e-06, 5.27e-08, 2.13e-07, 1.82e-07, 6.02e-07, 1.30e-05]    []  
STEP 51000 BETA 0.85000000
52000     [1.77e-05, 6.97e-05, 2.48e-05, 4.51e-05, 3.73e-06, 1.42e-06, 2.20e-06, 4.79e-07, 2.62e-06, 1.23e-05]    [1.77e-05, 6.97e-05, 2.48e-05, 4.51e-05, 3.73e-06, 1.42e-06, 2.20e-06, 4.79e-07, 2.62e-06, 1.23e-05]    []  
STEP 52000 BETA 0.85000000
53000     [2.59e-05, 2.69e-05, 3.77e-06, 3.56e-06, 3.25e-06, 1.52e-07, 4.59e-08, 3.44e-07, 2.82e-07, 1.34e-05]    [2.59e-05, 2.69e-05, 3.77e-06, 3.56e-06, 3.25e-06, 1.52e-07, 4.59e-08, 3.44e-07, 2.82e-07, 1.34e-05]    []  
STEP 53000 BETA 0.85000000
54000     [4.13e-06, 2.18e-05, 1.16e-06, 1.20e-06, 2.31e-06, 3.18e-08, 4.82e-08, 8.83e-08, 6.35e-07, 1.26e-05]    [4.13e-06, 2.18e-05, 1.16e-06, 1.20e-06, 2.31e-06, 3.18e-08, 4.82e-08, 8.83e-08, 6.35e-07, 1.26e-05]    []  
STEP 54000 BETA 0.85000000
55000     [6.58e-06, 9.07e-05, 4.11e-06, 6.90e-06, 1.79e-05, 1.89e-06, 6.02e-07, 8.09e-07, 1.41e-06, 1.28e-05]    [6.58e-06, 9.07e-05, 4.11e-06, 6.90e-06, 1.79e-05, 1.89e-06, 6.02e-07, 8.09e-07, 1.41e-06, 1.28e-05]    []  
STEP 55000 BETA 0.85000000
56000     [4.93e-06, 3.75e-05, 1.64e-06, 2.71e-06, 2.70e-06, 1.60e-07, 8.30e-08, 1.76e-07, 1.54e-06, 1.16e-05]    [4.93e-06, 3.75e-05, 1.64e-06, 2.71e-06, 2.70e-06, 1.60e-07, 8.30e-08, 1.76e-07, 1.54e-06, 1.16e-05]    []  
STEP 56000 BETA 0.85000000
57000     [2.97e-05, 3.41e-05, 6.50e-06, 1.20e-05, 8.38e-06, 1.01e-06, 1.44e-07, 1.59e-07, 3.42e-06, 1.13e-05]    [2.97e-05, 3.41e-05, 6.50e-06, 1.20e-05, 8.38e-06, 1.01e-06, 1.44e-07, 1.59e-07, 3.42e-06, 1.13e-05]    []  
STEP 57000 BETA 0.85000000
58000     [5.47e-06, 1.90e-05, 1.30e-06, 1.50e-06, 2.89e-06, 7.03e-08, 9.78e-08, 2.00e-07, 1.08e-06, 1.17e-05]    [5.47e-06, 1.90e-05, 1.30e-06, 1.50e-06, 2.89e-06, 7.03e-08, 9.78e-08, 2.00e-07, 1.08e-06, 1.17e-05]    []  
STEP 58000 BETA 0.85000000
59000     [1.49e-05, 1.48e-04, 1.48e-05, 2.45e-05, 5.71e-06, 4.26e-08, 4.92e-06, 1.42e-07, 4.77e-07, 1.55e-05]    [1.49e-05, 1.48e-04, 1.48e-05, 2.45e-05, 5.71e-06, 4.26e-08, 4.92e-06, 1.42e-07, 4.77e-07, 1.55e-05]    []  
STEP 59000 BETA 0.85000000
60000     [5.39e-05, 2.59e-05, 6.69e-06, 1.08e-05, 1.61e-05, 6.21e-08, 2.38e-06, 3.78e-06, 4.19e-07, 1.52e-05]    [5.39e-05, 2.59e-05, 6.69e-06, 1.08e-05, 1.61e-05, 6.21e-08, 2.38e-06, 3.78e-06, 4.19e-07, 1.52e-05]    []  
STEP 60000 BETA 0.85000000
61000     [3.73e-06, 1.80e-05, 2.17e-06, 2.88e-06, 2.15e-06, 8.83e-08, 3.45e-07, 1.05e-07, 5.66e-07, 1.18e-05]    [3.73e-06, 1.80e-05, 2.17e-06, 2.88e-06, 2.15e-06, 8.83e-08, 3.45e-07, 1.05e-07, 5.66e-07, 1.18e-05]    []  
STEP 61000 BETA 0.85000000
62000     [3.09e-06, 1.68e-05, 9.33e-07, 1.10e-06, 1.93e-06, 4.24e-08, 5.71e-08, 1.18e-07, 7.75e-07, 1.15e-05]    [3.09e-06, 1.68e-05, 9.33e-07, 1.10e-06, 1.93e-06, 4.24e-08, 5.71e-08, 1.18e-07, 7.75e-07, 1.15e-05]    []  
STEP 62000 BETA 0.85000000
63000     [6.50e-06, 2.09e-05, 3.05e-06, 3.94e-06, 4.66e-06, 1.18e-07, 7.71e-07, 4.58e-07, 1.96e-06, 1.10e-05]    [6.50e-06, 2.09e-05, 3.05e-06, 3.94e-06, 4.66e-06, 1.18e-07, 7.71e-07, 4.58e-07, 1.96e-06, 1.10e-05]    []  
STEP 63000 BETA 0.85000000
64000     [3.08e-06, 2.35e-05, 1.47e-06, 2.29e-06, 2.48e-06, 7.01e-08, 6.66e-08, 1.40e-07, 6.61e-07, 1.15e-05]    [3.08e-06, 2.35e-05, 1.47e-06, 2.29e-06, 2.48e-06, 7.01e-08, 6.66e-08, 1.40e-07, 6.61e-07, 1.15e-05]    []  
STEP 64000 BETA 0.85000000
65000     [5.59e-06, 6.15e-05, 2.90e-06, 5.09e-06, 4.42e-06, 5.01e-07, 1.64e-07, 1.24e-07, 1.93e-07, 1.24e-05]    [5.59e-06, 6.15e-05, 2.90e-06, 5.09e-06, 4.42e-06, 5.01e-07, 1.64e-07, 1.24e-07, 1.93e-07, 1.24e-05]    []  
STEP 65000 BETA 0.85000000
66000     [2.10e-05, 3.37e-05, 5.99e-06, 7.20e-06, 3.36e-06, 3.07e-06, 6.24e-08, 4.42e-06, 2.42e-06, 1.27e-05]    [2.10e-05, 3.37e-05, 5.99e-06, 7.20e-06, 3.36e-06, 3.07e-06, 6.24e-08, 4.42e-06, 2.42e-06, 1.27e-05]    []  
STEP 66000 BETA 0.85000000
67000     [3.07e-06, 1.60e-05, 9.33e-07, 1.31e-06, 1.92e-06, 1.23e-07, 6.94e-08, 1.20e-07, 9.37e-07, 1.10e-05]    [3.07e-06, 1.60e-05, 9.33e-07, 1.31e-06, 1.92e-06, 1.23e-07, 6.94e-08, 1.20e-07, 9.37e-07, 1.10e-05]    []  
STEP 67000 BETA 0.85000000
68000     [2.91e-06, 1.52e-05, 1.06e-06, 1.51e-06, 2.96e-06, 1.21e-07, 2.79e-07, 1.55e-07, 5.08e-07, 1.14e-05]    [2.91e-06, 1.52e-05, 1.06e-06, 1.51e-06, 2.96e-06, 1.21e-07, 2.79e-07, 1.55e-07, 5.08e-07, 1.14e-05]    []  
STEP 68000 BETA 0.85000000
69000     [3.49e-06, 2.11e-05, 2.73e-06, 3.87e-06, 2.38e-06, 2.12e-07, 1.21e-07, 8.20e-08, 4.44e-07, 1.15e-05]    [3.49e-06, 2.11e-05, 2.73e-06, 3.87e-06, 2.38e-06, 2.12e-07, 1.21e-07, 8.20e-08, 4.44e-07, 1.15e-05]    []  
STEP 69000 BETA 0.85000000
70000     [2.60e-06, 1.44e-05, 7.65e-07, 9.69e-07, 2.20e-06, 7.11e-08, 8.22e-08, 1.09e-07, 6.09e-07, 1.11e-05]    [2.60e-06, 1.44e-05, 7.65e-07, 9.69e-07, 2.20e-06, 7.11e-08, 8.22e-08, 1.09e-07, 6.09e-07, 1.11e-05]    []  
STEP 70000 BETA 0.85000000
71000     [3.83e-06, 6.59e-05, 5.69e-06, 9.35e-06, 2.90e-06, 4.07e-07, 9.90e-07, 7.70e-08, 1.98e-06, 1.06e-05]    [3.83e-06, 6.59e-05, 5.69e-06, 9.35e-06, 2.90e-06, 4.07e-07, 9.90e-07, 7.70e-08, 1.98e-06, 1.06e-05]    []  
STEP 71000 BETA 0.85000000
72000     [2.66e-06, 1.62e-05, 7.86e-07, 1.06e-06, 1.85e-06, 3.05e-08, 1.06e-07, 1.01e-07, 5.95e-07, 1.12e-05]    [2.66e-06, 1.62e-05, 7.86e-07, 1.06e-06, 1.85e-06, 3.05e-08, 1.06e-07, 1.01e-07, 5.95e-07, 1.12e-05]    []  
STEP 72000 BETA 0.85000000
73000     [1.99e-05, 5.90e-05, 1.65e-05, 2.67e-05, 1.83e-05, 1.91e-07, 1.26e-06, 3.91e-06, 3.17e-06, 1.73e-05]    [1.99e-05, 5.90e-05, 1.65e-05, 2.67e-05, 1.83e-05, 1.91e-07, 1.26e-06, 3.91e-06, 3.17e-06, 1.73e-05]    []  
STEP 73000 BETA 0.85000000
74000     [2.68e-06, 1.37e-05, 8.53e-07, 1.06e-06, 1.82e-06, 3.46e-08, 5.15e-08, 1.97e-07, 1.18e-06, 1.05e-05]    [2.68e-06, 1.37e-05, 8.53e-07, 1.06e-06, 1.82e-06, 3.46e-08, 5.15e-08, 1.97e-07, 1.18e-06, 1.05e-05]    []  
STEP 74000 BETA 0.85000000
75000     [3.87e-06, 1.89e-05, 1.51e-06, 2.50e-06, 1.83e-06, 7.12e-08, 8.53e-07, 1.54e-07, 2.41e-06, 1.01e-05]    [3.87e-06, 1.89e-05, 1.51e-06, 2.50e-06, 1.83e-06, 7.12e-08, 8.53e-07, 1.54e-07, 2.41e-06, 1.01e-05]    []  
STEP 75000 BETA 0.85000000
76000     [1.73e-05, 1.82e-05, 5.82e-06, 8.50e-06, 2.25e-06, 9.93e-08, 4.57e-07, 2.21e-07, 7.00e-07, 1.09e-05]    [1.73e-05, 1.82e-05, 5.82e-06, 8.50e-06, 2.25e-06, 9.93e-08, 4.57e-07, 2.21e-07, 7.00e-07, 1.09e-05]    []  
STEP 76000 BETA 0.85000000
77000     [2.69e-06, 1.48e-05, 8.77e-07, 1.00e-06, 1.58e-06, 5.48e-08, 4.18e-08, 8.44e-08, 6.95e-07, 1.06e-05]    [2.69e-06, 1.48e-05, 8.77e-07, 1.00e-06, 1.58e-06, 5.48e-08, 4.18e-08, 8.44e-08, 6.95e-07, 1.06e-05]    []  
STEP 77000 BETA 0.85000000
78000     [5.74e-06, 1.98e-05, 1.48e-06, 3.29e-06, 1.44e-05, 7.90e-07, 1.72e-06, 7.86e-07, 9.46e-07, 1.37e-05]    [5.74e-06, 1.98e-05, 1.48e-06, 3.29e-06, 1.44e-05, 7.90e-07, 1.72e-06, 7.86e-07, 9.46e-07, 1.37e-05]    []  
STEP 78000 BETA 0.85000000
79000     [4.12e-06, 3.45e-05, 1.66e-06, 2.70e-06, 2.83e-06, 1.14e-07, 8.89e-08, 1.81e-07, 1.18e-06, 1.02e-05]    [4.12e-06, 3.45e-05, 1.66e-06, 2.70e-06, 2.83e-06, 1.14e-07, 8.89e-08, 1.81e-07, 1.18e-06, 1.02e-05]    []  
STEP 79000 BETA 0.85000000
80000     [2.84e-06, 1.64e-05, 9.59e-07, 1.21e-06, 1.64e-06, 4.34e-08, 2.03e-07, 1.17e-07, 2.32e-07, 1.12e-05]    [2.84e-06, 1.64e-05, 9.59e-07, 1.21e-06, 1.64e-06, 4.34e-08, 2.03e-07, 1.17e-07, 2.32e-07, 1.12e-05]    []  
STEP 80000 BETA 0.85000000
81000     [2.49e-06, 1.25e-05, 1.44e-06, 1.57e-06, 1.97e-06, 7.14e-08, 1.13e-07, 1.29e-07, 8.15e-07, 1.04e-05]    [2.49e-06, 1.25e-05, 1.44e-06, 1.57e-06, 1.97e-06, 7.14e-08, 1.13e-07, 1.29e-07, 8.15e-07, 1.04e-05]    []  
STEP 81000 BETA 0.85000000
82000     [2.13e-06, 1.48e-05, 7.35e-07, 9.54e-07, 1.44e-06, 3.34e-08, 1.04e-07, 7.64e-08, 4.52e-07, 1.07e-05]    [2.13e-06, 1.48e-05, 7.35e-07, 9.54e-07, 1.44e-06, 3.34e-08, 1.04e-07, 7.64e-08, 4.52e-07, 1.07e-05]    []  
STEP 82000 BETA 0.85000000
83000     [3.43e-05, 1.56e-05, 3.37e-06, 3.56e-06, 1.28e-05, 2.15e-07, 1.49e-06, 1.39e-06, 3.35e-06, 1.01e-05]    [3.43e-05, 1.56e-05, 3.37e-06, 3.56e-06, 1.28e-05, 2.15e-07, 1.49e-06, 1.39e-06, 3.35e-06, 1.01e-05]    []  
STEP 83000 BETA 0.85000000
84000     [5.88e-06, 1.48e-05, 6.34e-06, 8.85e-06, 1.69e-06, 1.67e-07, 8.23e-08, 6.23e-07, 2.19e-06, 9.61e-06]    [5.88e-06, 1.48e-05, 6.34e-06, 8.85e-06, 1.69e-06, 1.67e-07, 8.23e-08, 6.23e-07, 2.19e-06, 9.61e-06]    []  
STEP 84000 BETA 0.85000000
85000     [1.99e-06, 1.20e-05, 7.10e-07, 8.11e-07, 1.59e-06, 6.38e-08, 5.69e-08, 7.94e-08, 7.29e-07, 1.03e-05]    [1.99e-06, 1.20e-05, 7.10e-07, 8.11e-07, 1.59e-06, 6.38e-08, 5.69e-08, 7.94e-08, 7.29e-07, 1.03e-05]    []  
STEP 85000 BETA 0.85000000
86000     [4.40e-06, 2.84e-05, 3.40e-06, 5.47e-06, 2.03e-06, 1.06e-07, 7.27e-08, 8.07e-08, 1.22e-07, 1.16e-05]    [4.40e-06, 2.84e-05, 3.40e-06, 5.47e-06, 2.03e-06, 1.06e-07, 7.27e-08, 8.07e-08, 1.22e-07, 1.16e-05]    []  
STEP 86000 BETA 0.85000000
87000     [3.38e-06, 1.55e-05, 8.01e-07, 1.50e-06, 2.83e-06, 4.20e-08, 9.51e-08, 3.88e-07, 9.56e-07, 1.01e-05]    [3.38e-06, 1.55e-05, 8.01e-07, 1.50e-06, 2.83e-06, 4.20e-08, 9.51e-08, 3.88e-07, 9.56e-07, 1.01e-05]    []  
STEP 87000 BETA 0.85000000
88000     [2.56e-06, 1.43e-05, 4.51e-06, 7.65e-06, 1.27e-06, 5.39e-08, 3.15e-07, 2.09e-07, 1.04e-06, 9.88e-06]    [2.56e-06, 1.43e-05, 4.51e-06, 7.65e-06, 1.27e-06, 5.39e-08, 3.15e-07, 2.09e-07, 1.04e-06, 9.88e-06]    []  
STEP 88000 BETA 0.85000000
89000     [2.90e-06, 1.27e-05, 6.94e-07, 8.88e-07, 2.00e-06, 3.74e-08, 5.64e-08, 1.99e-07, 6.96e-07, 1.01e-05]    [2.90e-06, 1.27e-05, 6.94e-07, 8.88e-07, 2.00e-06, 3.74e-08, 5.64e-08, 1.99e-07, 6.96e-07, 1.01e-05]    []  
STEP 89000 BETA 0.85000000
90000     [2.15e-06, 1.18e-05, 7.16e-07, 7.20e-07, 1.31e-06, 2.38e-08, 3.75e-08, 7.44e-08, 6.93e-07, 1.01e-05]    [2.15e-06, 1.18e-05, 7.16e-07, 7.20e-07, 1.31e-06, 2.38e-08, 3.75e-08, 7.44e-08, 6.93e-07, 1.01e-05]    []  
STEP 90000 BETA 0.85000000
91000     [5.04e-06, 1.35e-05, 1.54e-06, 2.21e-06, 3.88e-06, 7.69e-08, 4.05e-07, 4.26e-07, 4.48e-07, 1.05e-05]    [5.04e-06, 1.35e-05, 1.54e-06, 2.21e-06, 3.88e-06, 7.69e-08, 4.05e-07, 4.26e-07, 4.48e-07, 1.05e-05]    []  
STEP 91000 BETA 0.85000000
92000     [2.19e-06, 2.50e-05, 2.25e-06, 3.39e-06, 3.94e-06, 1.11e-07, 7.35e-08, 5.14e-07, 4.53e-07, 1.04e-05]    [2.19e-06, 2.50e-05, 2.25e-06, 3.39e-06, 3.94e-06, 1.11e-07, 7.35e-08, 5.14e-07, 4.53e-07, 1.04e-05]    []  
STEP 92000 BETA 0.85000000
93000     [6.74e-06, 4.46e-05, 2.71e-05, 4.24e-05, 1.61e-06, 8.52e-08, 1.14e-06, 3.77e-07, 1.89e-06, 9.31e-06]    [6.74e-06, 4.46e-05, 2.71e-05, 4.24e-05, 1.61e-06, 8.52e-08, 1.14e-06, 3.77e-07, 1.89e-06, 9.31e-06]    []  
STEP 93000 BETA 0.85000000
94000     [2.67e-06, 1.07e-05, 9.41e-07, 1.55e-06, 1.32e-06, 1.97e-08, 1.35e-07, 8.79e-08, 4.56e-07, 1.02e-05]    [2.67e-06, 1.07e-05, 9.41e-07, 1.55e-06, 1.32e-06, 1.97e-08, 1.35e-07, 8.79e-08, 4.56e-07, 1.02e-05]    []  
STEP 94000 BETA 0.85000000
95000     [1.96e-06, 1.27e-05, 1.26e-06, 1.00e-06, 1.87e-06, 4.09e-08, 8.90e-08, 1.58e-07, 2.28e-07, 1.07e-05]    [1.96e-06, 1.27e-05, 1.26e-06, 1.00e-06, 1.87e-06, 4.09e-08, 8.90e-08, 1.58e-07, 2.28e-07, 1.07e-05]    []  
STEP 95000 BETA 0.85000000
96000     [2.00e-06, 1.04e-05, 1.34e-06, 1.72e-06, 1.08e-06, 3.74e-08, 3.26e-08, 6.75e-08, 3.56e-07, 1.03e-05]    [2.00e-06, 1.04e-05, 1.34e-06, 1.72e-06, 1.08e-06, 3.74e-08, 3.26e-08, 6.75e-08, 3.56e-07, 1.03e-05]    []  
STEP 96000 BETA 0.85000000
97000     [3.59e-05, 1.64e-05, 4.88e-06, 6.54e-06, 4.52e-06, 2.67e-08, 2.31e-07, 6.43e-07, 3.37e-07, 1.07e-05]    [3.59e-05, 1.64e-05, 4.88e-06, 6.54e-06, 4.52e-06, 2.67e-08, 2.31e-07, 6.43e-07, 3.37e-07, 1.07e-05]    []  
STEP 97000 BETA 0.85000000
98000     [3.52e-06, 1.60e-05, 4.08e-06, 4.89e-06, 1.27e-06, 3.68e-08, 2.85e-07, 1.46e-07, 6.74e-07, 9.98e-06]    [3.52e-06, 1.60e-05, 4.08e-06, 4.89e-06, 1.27e-06, 3.68e-08, 2.85e-07, 1.46e-07, 6.74e-07, 9.98e-06]    []  
STEP 98000 BETA 0.85000000
99000     [2.17e-06, 1.21e-05, 2.08e-06, 3.36e-06, 1.06e-06, 3.60e-08, 3.06e-08, 6.61e-08, 1.85e-07, 1.04e-05]    [2.17e-06, 1.21e-05, 2.08e-06, 3.36e-06, 1.06e-06, 3.60e-08, 3.06e-08, 6.61e-08, 1.85e-07, 1.04e-05]    []  
STEP 99000 BETA 0.85000000
100000    [3.25e-06, 1.93e-05, 2.46e-06, 3.06e-06, 3.92e-06, 6.82e-08, 1.80e-07, 2.41e-07, 6.13e-07, 1.01e-05]    [3.25e-06, 1.93e-05, 2.46e-06, 3.06e-06, 3.92e-06, 6.82e-08, 1.80e-07, 2.41e-07, 6.13e-07, 1.01e-05]    []  
STEP 100000 BETA 0.85000000
101000    [2.89e-05, 1.65e-05, 6.87e-06, 3.77e-06, 1.84e-06, 3.35e-07, 8.65e-08, 4.54e-07, 8.28e-07, 1.00e-05]    [2.89e-05, 1.65e-05, 6.87e-06, 3.77e-06, 1.84e-06, 3.35e-07, 8.65e-08, 4.54e-07, 8.28e-07, 1.00e-05]    []  
STEP 101000 BETA 0.85000000
102000    [1.47e-06, 9.79e-06, 7.03e-07, 9.18e-07, 1.47e-06, 4.35e-08, 6.58e-08, 1.03e-07, 6.09e-07, 9.82e-06]    [1.47e-06, 9.79e-06, 7.03e-07, 9.18e-07, 1.47e-06, 4.35e-08, 6.58e-08, 1.03e-07, 6.09e-07, 9.82e-06]    []  
STEP 102000 BETA 0.85000000
103000    [2.47e-06, 1.08e-05, 1.11e-06, 1.36e-06, 2.66e-06, 2.52e-08, 5.35e-08, 4.97e-07, 2.57e-07, 1.04e-05]    [2.47e-06, 1.08e-05, 1.11e-06, 1.36e-06, 2.66e-06, 2.52e-08, 5.35e-08, 4.97e-07, 2.57e-07, 1.04e-05]    []  
STEP 103000 BETA 0.85000000
104000    [1.67e-06, 1.33e-05, 8.25e-07, 8.20e-07, 4.40e-06, 3.87e-07, 1.27e-07, 1.50e-07, 7.91e-07, 9.71e-06]    [1.67e-06, 1.33e-05, 8.25e-07, 8.20e-07, 4.40e-06, 3.87e-07, 1.27e-07, 1.50e-07, 7.91e-07, 9.71e-06]    []  
STEP 104000 BETA 0.85000000
105000    [1.88e-06, 1.08e-05, 2.08e-06, 2.80e-06, 1.16e-06, 1.45e-08, 8.70e-08, 1.90e-07, 8.41e-07, 9.51e-06]    [1.88e-06, 1.08e-05, 2.08e-06, 2.80e-06, 1.16e-06, 1.45e-08, 8.70e-08, 1.90e-07, 8.41e-07, 9.51e-06]    []  
STEP 105000 BETA 0.85000000
106000    [2.79e-06, 5.18e-05, 8.70e-06, 1.17e-05, 1.57e-05, 3.22e-07, 2.57e-07, 2.87e-06, 3.56e-07, 1.07e-05]    [2.79e-06, 5.18e-05, 8.70e-06, 1.17e-05, 1.57e-05, 3.22e-07, 2.57e-07, 2.87e-06, 3.56e-07, 1.07e-05]    []  
STEP 106000 BETA 0.85000000
107000    [3.34e-06, 1.12e-05, 4.77e-06, 7.41e-06, 3.01e-06, 4.28e-07, 4.73e-07, 5.39e-08, 8.37e-07, 9.65e-06]    [3.34e-06, 1.12e-05, 4.77e-06, 7.41e-06, 3.01e-06, 4.28e-07, 4.73e-07, 5.39e-08, 8.37e-07, 9.65e-06]    []  
STEP 107000 BETA 0.85000000
108000    [1.93e-06, 1.26e-05, 9.57e-07, 7.93e-07, 1.21e-06, 2.76e-08, 3.13e-08, 1.48e-07, 5.56e-07, 9.69e-06]    [1.93e-06, 1.26e-05, 9.57e-07, 7.93e-07, 1.21e-06, 2.76e-08, 3.13e-08, 1.48e-07, 5.56e-07, 9.69e-06]    []  
STEP 108000 BETA 0.85000000
109000    [1.30e-06, 7.82e-06, 4.37e-07, 3.61e-07, 9.65e-07, 1.45e-08, 1.95e-08, 5.64e-08, 5.51e-07, 9.77e-06]    [1.30e-06, 7.82e-06, 4.37e-07, 3.61e-07, 9.65e-07, 1.45e-08, 1.95e-08, 5.64e-08, 5.51e-07, 9.77e-06]    []  
STEP 109000 BETA 0.85000000
110000    [3.97e-06, 3.03e-05, 1.48e-05, 2.38e-05, 1.20e-06, 3.30e-07, 3.56e-07, 8.82e-07, 8.15e-08, 1.11e-05]    [3.97e-06, 3.03e-05, 1.48e-05, 2.38e-05, 1.20e-06, 3.30e-07, 3.56e-07, 8.82e-07, 8.15e-08, 1.11e-05]    []  
STEP 110000 BETA 0.85000000
111000    [1.81e-06, 8.85e-06, 6.06e-07, 1.24e-06, 1.03e-06, 3.68e-08, 6.18e-08, 4.28e-08, 5.08e-07, 9.71e-06]    [1.81e-06, 8.85e-06, 6.06e-07, 1.24e-06, 1.03e-06, 3.68e-08, 6.18e-08, 4.28e-08, 5.08e-07, 9.71e-06]    []  
STEP 111000 BETA 0.85000000
112000    [1.10e-06, 8.24e-06, 7.12e-07, 1.17e-06, 1.37e-06, 9.18e-09, 3.38e-08, 2.18e-07, 8.19e-07, 9.38e-06]    [1.10e-06, 8.24e-06, 7.12e-07, 1.17e-06, 1.37e-06, 9.18e-09, 3.38e-08, 2.18e-07, 8.19e-07, 9.38e-06]    []  
STEP 112000 BETA 0.85000000
113000    [3.35e-06, 1.26e-05, 6.20e-06, 6.78e-06, 1.24e-05, 1.59e-06, 2.16e-07, 2.26e-07, 1.81e-06, 9.31e-06]    [3.35e-06, 1.26e-05, 6.20e-06, 6.78e-06, 1.24e-05, 1.59e-06, 2.16e-07, 2.26e-07, 1.81e-06, 9.31e-06]    []  
STEP 113000 BETA 0.85000000
114000    [2.60e-05, 2.48e-05, 2.17e-05, 2.71e-05, 5.58e-06, 3.76e-07, 2.56e-07, 6.00e-08, 3.70e-07, 1.13e-05]    [2.60e-05, 2.48e-05, 2.17e-05, 2.71e-05, 5.58e-06, 3.76e-07, 2.56e-07, 6.00e-08, 3.70e-07, 1.13e-05]    []  
STEP 114000 BETA 0.85000000
115000    [1.13e-06, 8.03e-06, 5.93e-07, 5.51e-07, 8.48e-07, 1.77e-08, 2.61e-08, 5.79e-08, 9.49e-07, 9.20e-06]    [1.13e-06, 8.03e-06, 5.93e-07, 5.51e-07, 8.48e-07, 1.77e-08, 2.61e-08, 5.79e-08, 9.49e-07, 9.20e-06]    []  
STEP 115000 BETA 0.85000000
116000    [9.87e-07, 6.66e-06, 7.08e-07, 7.68e-07, 8.17e-07, 1.43e-08, 4.55e-08, 6.72e-08, 1.57e-07, 1.00e-05]    [9.87e-07, 6.66e-06, 7.08e-07, 7.68e-07, 8.17e-07, 1.43e-08, 4.55e-08, 6.72e-08, 1.57e-07, 1.00e-05]    []  
STEP 116000 BETA 0.85000000
117000    [1.16e-06, 8.44e-06, 1.65e-06, 2.20e-06, 3.15e-06, 1.26e-08, 6.27e-08, 7.05e-07, 1.23e-06, 9.07e-06]    [1.16e-06, 8.44e-06, 1.65e-06, 2.20e-06, 3.15e-06, 1.26e-08, 6.27e-08, 7.05e-07, 1.23e-06, 9.07e-06]    []  
STEP 117000 BETA 0.85000000
118000    [1.65e-05, 2.61e-05, 3.40e-06, 4.42e-06, 3.94e-06, 3.11e-08, 5.24e-08, 5.08e-07, 9.52e-08, 1.06e-05]    [1.65e-05, 2.61e-05, 3.40e-06, 4.42e-06, 3.94e-06, 3.11e-08, 5.24e-08, 5.08e-07, 9.52e-08, 1.06e-05]    []  
STEP 118000 BETA 0.85000000
119000    [3.81e-06, 2.09e-05, 5.28e-06, 7.88e-06, 1.55e-06, 3.99e-08, 3.07e-07, 7.10e-07, 6.54e-07, 9.51e-06]    [3.81e-06, 2.09e-05, 5.28e-06, 7.88e-06, 1.55e-06, 3.99e-08, 3.07e-07, 7.10e-07, 6.54e-07, 9.51e-06]    []  
STEP 119000 BETA 0.85000000
120000    [9.90e-07, 8.14e-06, 6.01e-07, 7.80e-07, 1.58e-06, 1.65e-08, 1.36e-07, 2.08e-07, 1.55e-07, 1.00e-05]    [9.90e-07, 8.14e-06, 6.01e-07, 7.80e-07, 1.58e-06, 1.65e-08, 1.36e-07, 2.08e-07, 1.55e-07, 1.00e-05]    []  
STEP 120000 BETA 0.85000000
121000    [1.09e-06, 8.04e-06, 1.20e-06, 1.72e-06, 8.97e-07, 5.44e-08, 1.79e-07, 1.26e-07, 3.29e-07, 9.75e-06]    [1.09e-06, 8.04e-06, 1.20e-06, 1.72e-06, 8.97e-07, 5.44e-08, 1.79e-07, 1.26e-07, 3.29e-07, 9.75e-06]    []  
STEP 121000 BETA 0.85000000
122000    [4.12e-06, 1.06e-05, 1.93e-06, 1.71e-06, 8.06e-06, 1.98e-07, 2.58e-07, 1.02e-06, 9.30e-07, 9.32e-06]    [4.12e-06, 1.06e-05, 1.93e-06, 1.71e-06, 8.06e-06, 1.98e-07, 2.58e-07, 1.02e-06, 9.30e-07, 9.32e-06]    []  
STEP 122000 BETA 0.85000000
123000    [9.91e-07, 5.37e-06, 5.40e-07, 5.31e-07, 7.78e-07, 2.59e-08, 1.22e-08, 6.07e-08, 6.31e-07, 9.20e-06]    [9.91e-07, 5.37e-06, 5.40e-07, 5.31e-07, 7.78e-07, 2.59e-08, 1.22e-08, 6.07e-08, 6.31e-07, 9.20e-06]    []  
STEP 123000 BETA 0.85000000
124000    [2.15e-06, 1.69e-05, 7.42e-07, 2.46e-06, 4.23e-06, 5.78e-08, 6.52e-07, 3.79e-07, 2.57e-06, 8.58e-06]    [2.15e-06, 1.69e-05, 7.42e-07, 2.46e-06, 4.23e-06, 5.78e-08, 6.52e-07, 3.79e-07, 2.57e-06, 8.58e-06]    []  
STEP 124000 BETA 0.85000000
125000    [2.01e-06, 5.18e-06, 7.59e-07, 1.46e-06, 7.48e-07, 2.73e-08, 6.38e-08, 9.38e-08, 5.70e-07, 9.24e-06]    [2.01e-06, 5.18e-06, 7.59e-07, 1.46e-06, 7.48e-07, 2.73e-08, 6.38e-08, 9.38e-08, 5.70e-07, 9.24e-06]    []  
STEP 125000 BETA 0.85000000
126000    [2.68e-06, 7.23e-06, 4.21e-06, 6.34e-06, 1.60e-06, 6.83e-08, 5.49e-07, 5.54e-08, 7.05e-07, 9.17e-06]    [2.68e-06, 7.23e-06, 4.21e-06, 6.34e-06, 1.60e-06, 6.83e-08, 5.49e-07, 5.54e-08, 7.05e-07, 9.17e-06]    []  
STEP 126000 BETA 0.85000000
127000    [7.44e-07, 3.68e-06, 3.31e-07, 2.70e-07, 6.23e-07, 1.29e-08, 1.11e-08, 5.27e-08, 5.02e-07, 9.27e-06]    [7.44e-07, 3.68e-06, 3.31e-07, 2.70e-07, 6.23e-07, 1.29e-08, 1.11e-08, 5.27e-08, 5.02e-07, 9.27e-06]    []  
STEP 127000 BETA 0.85000000
128000    [1.57e-06, 1.10e-05, 1.61e-06, 1.36e-06, 1.89e-06, 7.42e-08, 4.39e-08, 2.65e-07, 2.01e-07, 9.61e-06]    [1.57e-06, 1.10e-05, 1.61e-06, 1.36e-06, 1.89e-06, 7.42e-08, 4.39e-08, 2.65e-07, 2.01e-07, 9.61e-06]    []  
STEP 128000 BETA 0.85000000
129000    [1.63e-06, 8.06e-06, 4.45e-06, 6.99e-06, 1.33e-06, 3.05e-08, 1.26e-07, 4.49e-07, 1.27e-06, 8.72e-06]    [1.63e-06, 8.06e-06, 4.45e-06, 6.99e-06, 1.33e-06, 3.05e-08, 1.26e-07, 4.49e-07, 1.27e-06, 8.72e-06]    []  
STEP 129000 BETA 0.85000000
130000    [5.44e-06, 5.61e-06, 2.33e-06, 2.80e-06, 1.05e-06, 4.34e-08, 4.30e-08, 1.74e-07, 1.57e-06, 8.52e-06]    [5.44e-06, 5.61e-06, 2.33e-06, 2.80e-06, 1.05e-06, 4.34e-08, 4.30e-08, 1.74e-07, 1.57e-06, 8.52e-06]    []  
STEP 130000 BETA 0.85000000
131000    [1.73e-06, 5.39e-06, 3.06e-06, 4.63e-06, 1.81e-06, 4.20e-08, 1.64e-07, 1.79e-07, 7.47e-07, 8.97e-06]    [1.73e-06, 5.39e-06, 3.06e-06, 4.63e-06, 1.81e-06, 4.20e-08, 1.64e-07, 1.79e-07, 7.47e-07, 8.97e-06]    []  
STEP 131000 BETA 0.85000000
132000    [3.19e-06, 2.16e-05, 2.04e-05, 1.11e-05, 3.84e-06, 8.46e-07, 2.89e-07, 1.49e-06, 8.13e-06, 8.23e-06]    [3.19e-06, 2.16e-05, 2.04e-05, 1.11e-05, 3.84e-06, 8.46e-07, 2.89e-07, 1.49e-06, 8.13e-06, 8.23e-06]    []  
STEP 132000 BETA 0.85000000
133000    [9.06e-07, 3.29e-06, 5.29e-07, 8.54e-07, 6.33e-07, 2.20e-08, 5.48e-08, 4.69e-08, 4.44e-07, 9.12e-06]    [9.06e-07, 3.29e-06, 5.29e-07, 8.54e-07, 6.33e-07, 2.20e-08, 5.48e-08, 4.69e-08, 4.44e-07, 9.12e-06]    []  
STEP 133000 BETA 0.85000000
134000    [2.13e-06, 2.12e-05, 6.11e-06, 8.91e-06, 1.61e-06, 1.84e-08, 5.30e-07, 6.06e-07, 4.27e-07, 9.36e-06]    [2.13e-06, 2.12e-05, 6.11e-06, 8.91e-06, 1.61e-06, 1.84e-08, 5.30e-07, 6.06e-07, 4.27e-07, 9.36e-06]    []  
STEP 134000 BETA 0.85000000
135000    [8.92e-07, 2.92e-06, 4.14e-07, 4.70e-07, 6.90e-07, 2.07e-08, 1.07e-08, 6.66e-08, 5.24e-07, 8.92e-06]    [8.92e-07, 2.92e-06, 4.14e-07, 4.70e-07, 6.90e-07, 2.07e-08, 1.07e-08, 6.66e-08, 5.24e-07, 8.92e-06]    []  
STEP 135000 BETA 0.85000000
136000    [5.61e-06, 1.77e-05, 1.63e-06, 4.65e-06, 1.73e-06, 3.42e-08, 4.51e-08, 2.86e-07, 2.61e-07, 9.30e-06]    [5.61e-06, 1.77e-05, 1.63e-06, 4.65e-06, 1.73e-06, 3.42e-08, 4.51e-08, 2.86e-07, 2.61e-07, 9.30e-06]    []  
STEP 136000 BETA 0.85000000
137000    [6.20e-07, 2.35e-06, 3.03e-07, 2.68e-07, 5.70e-07, 1.46e-08, 7.82e-09, 4.76e-08, 4.89e-07, 9.05e-06]    [6.20e-07, 2.35e-06, 3.03e-07, 2.68e-07, 5.70e-07, 1.46e-08, 7.82e-09, 4.76e-08, 4.89e-07, 9.05e-06]    []  
STEP 137000 BETA 0.85000000
138000    [1.92e-06, 3.30e-06, 8.96e-07, 1.13e-06, 1.43e-06, 2.27e-08, 2.41e-07, 1.79e-07, 1.07e-07, 9.60e-06]    [1.92e-06, 3.30e-06, 8.96e-07, 1.13e-06, 1.43e-06, 2.27e-08, 2.41e-07, 1.79e-07, 1.07e-07, 9.60e-06]    []  
STEP 138000 BETA 0.85000000
139000    [1.04e-06, 4.60e-06, 1.99e-06, 3.08e-06, 2.24e-06, 2.45e-08, 5.32e-07, 3.46e-07, 1.95e-07, 9.53e-06]    [1.04e-06, 4.60e-06, 1.99e-06, 3.08e-06, 2.24e-06, 2.45e-08, 5.32e-07, 3.46e-07, 1.95e-07, 9.53e-06]    []  
STEP 139000 BETA 0.85000000
140000    [3.36e-05, 1.87e-05, 1.36e-05, 1.47e-05, 4.92e-06, 2.55e-07, 1.68e-06, 1.48e-06, 2.84e-06, 1.44e-05]    [3.36e-05, 1.87e-05, 1.36e-05, 1.47e-05, 4.92e-06, 2.55e-07, 1.68e-06, 1.48e-06, 2.84e-06, 1.44e-05]    []  
STEP 140000 BETA 0.85000000
141000    [3.18e-06, 2.34e-06, 6.50e-07, 4.85e-07, 2.52e-06, 5.68e-08, 1.21e-07, 3.48e-07, 1.78e-07, 9.39e-06]    [3.18e-06, 2.34e-06, 6.50e-07, 4.85e-07, 2.52e-06, 5.68e-08, 1.21e-07, 3.48e-07, 1.78e-07, 9.39e-06]    []  
STEP 141000 BETA 0.85000000
142000    [1.59e-06, 9.36e-06, 1.38e-06, 1.38e-06, 1.04e-06, 5.94e-08, 2.22e-08, 1.39e-07, 8.31e-07, 8.56e-06]    [1.59e-06, 9.36e-06, 1.38e-06, 1.38e-06, 1.04e-06, 5.94e-08, 2.22e-08, 1.39e-07, 8.31e-07, 8.56e-06]    []  
STEP 142000 BETA 0.85000000
143000    [8.21e-07, 7.95e-06, 1.23e-06, 1.74e-06, 8.56e-07, 1.69e-08, 4.05e-07, 4.71e-08, 1.30e-06, 8.40e-06]    [8.21e-07, 7.95e-06, 1.23e-06, 1.74e-06, 8.56e-07, 1.69e-08, 4.05e-07, 4.71e-08, 1.30e-06, 8.40e-06]    []  
STEP 143000 BETA 0.85000000
144000    [1.25e-06, 3.75e-06, 5.82e-07, 9.02e-07, 7.70e-07, 1.95e-08, 7.31e-08, 8.89e-08, 3.48e-07, 8.96e-06]    [1.25e-06, 3.75e-06, 5.82e-07, 9.02e-07, 7.70e-07, 1.95e-08, 7.31e-08, 8.89e-08, 3.48e-07, 8.96e-06]    []  
STEP 144000 BETA 0.85000000
145000    [2.97e-06, 3.30e-06, 2.31e-06, 3.49e-06, 6.29e-07, 4.29e-08, 6.41e-08, 3.76e-08, 2.11e-07, 9.04e-06]    [2.97e-06, 3.30e-06, 2.31e-06, 3.49e-06, 6.29e-07, 4.29e-08, 6.41e-08, 3.76e-08, 2.11e-07, 9.04e-06]    []  
STEP 145000 BETA 0.85000000
146000    [1.89e-06, 5.74e-06, 6.52e-07, 1.36e-06, 6.73e-07, 1.96e-08, 2.08e-08, 4.17e-08, 8.23e-07, 8.47e-06]    [1.89e-06, 5.74e-06, 6.52e-07, 1.36e-06, 6.73e-07, 1.96e-08, 2.08e-08, 4.17e-08, 8.23e-07, 8.47e-06]    []  
STEP 146000 BETA 0.85000000
147000    [5.83e-07, 2.94e-06, 4.91e-07, 5.41e-07, 5.61e-07, 1.56e-08, 2.75e-08, 4.53e-08, 3.63e-07, 8.86e-06]    [5.83e-07, 2.94e-06, 4.91e-07, 5.41e-07, 5.61e-07, 1.56e-08, 2.75e-08, 4.53e-08, 3.63e-07, 8.86e-06]    []  
STEP 147000 BETA 0.85000000
148000    [6.10e-07, 2.10e-06, 6.29e-07, 7.37e-07, 4.96e-07, 1.82e-08, 1.08e-08, 4.52e-08, 6.51e-07, 8.53e-06]    [6.10e-07, 2.10e-06, 6.29e-07, 7.37e-07, 4.96e-07, 1.82e-08, 1.08e-08, 4.52e-08, 6.51e-07, 8.53e-06]    []  
STEP 148000 BETA 0.85000000
149000    [6.35e-07, 3.42e-06, 3.16e-07, 6.72e-07, 5.96e-07, 2.26e-08, 8.17e-09, 4.62e-08, 4.06e-07, 8.81e-06]    [6.35e-07, 3.42e-06, 3.16e-07, 6.72e-07, 5.96e-07, 2.26e-08, 8.17e-09, 4.62e-08, 4.06e-07, 8.81e-06]    []  
STEP 149000 BETA 0.85000000
150000    [1.57e-06, 3.68e-06, 1.39e-06, 2.68e-06, 2.35e-06, 7.95e-08, 1.68e-08, 4.39e-07, 2.13e-07, 9.08e-06]    [1.57e-06, 3.68e-06, 1.39e-06, 2.68e-06, 2.35e-06, 7.95e-08, 1.68e-08, 4.39e-07, 2.13e-07, 9.08e-06]    []  
STEP 150000 BETA 0.85000000

Best model at step 137000:
  train loss: 1.37e-05
  test loss: 1.37e-05
  test metric: []

'train' took 15390.395564 s

RUN_COMPLETE {'case': 'A1', 'iterations': 150000, 'elapsed_seconds': 15390.395595312119, 'final_beta': [0.85], 'final_A_or_beta0': 0.85, 'true_A': 1.0, 'relative_l2': {'ux': 0.06850570344786723, 'uy': 0.07011691741636887, 'sxx': 0.3246421263385299, 'syy': 0.3607681622699568, 'sxy': 0.3628412794856442, 'K': 1.4763052075882033, 'mu': 0.38155760081152773, 'E': 0.4189596282413443, 'nu': 1.0312703238924157}, 'split_relative_l2': {'evaluation': {'ux': 0.06850570344786723, 'uy': 0.07011691741636887, 'sxx': 0.3246421263385299, 'syy': 0.3607681622699568, 'sxy': 0.3628412794856442, 'K': 1.4763052075882033, 'mu': 0.38155760081152773, 'E': 0.4189596282413443, 'nu': 1.0312703238924157}, 'validation': {'ux': 0.06255286306169006, 'uy': 0.05661698764324345, 'sxx': 0.32131669100341737, 'syy': 0.36152799472047714, 'sxy': 0.34843449555452116, 'K': 1.2238924559293638, 'mu': 0.3908631249822146, 'E': 0.4295033136705717, 'nu': 1.0394572947238874}, 'train': {'ux': 0.05846096082298952, 'uy': 0.04154398334898869, 'sxx': 0.3197808942104923, 'syy': 0.3628670109506696, 'sxy': 0.3333124164240839, 'K': 0.9469813658294824, 'mu': 0.40040577861659943, 'E': 0.44004888380267315, 'nu': 1.0358965393766488}}, 'true_reaction_y': 0.27722135186195374, 'pred_reaction_y': 0.17712458968162537, 'pred_reaction_y_stress_branch': 0.17712458968162537, 'pred_reaction_y_constitutive': 0.17525169253349304, 'reaction_rel_error': 0.3610716184293477, 'reaction_rel_error_stress_branch': 0.3610716184293477, 'reaction_rel_error_constitutive': 0.3678275812566923, 'equilibrium_form': 'mixed', 'reaction_form': 'stress', 'run_note': 'PFNN_wrong_fixed_boundary_formal150k', 'best_step': 137000, 'eval_checkpoint': 'best', 'eval_checkpoint_path': '/public/home/xinxi/wxtian/WXTIAN/PINN/deepxde/boundary_uncertainty_pinn/exp/01.FormalKeyAblation/A1/model/final_model-150000.pt', 'final_model_path': '/public/home/xinxi/wxtian/WXTIAN/PINN/deepxde/boundary_uncertainty_pinn/exp/01.FormalKeyAblation/A1/model/final_model-150000.pt', 'final_train_loss_sum': 2.149628198822029e-05, 'final_test_loss_sum': 2.149628198822029e-05, 'independent_test_loss_available': False, 'loss_history_interval': 1000, 'num_trainable_parameters': 34279}
